Copyright 1986-2022 Xilinx, Inc. All Rights Reserved. Copyright 2022-2023 Advanced Micro Devices, Inc. All Rights Reserved.
---------------------------------------------------------------------------------------------------------------------------------------------------------------------------
| Tool Version : Vivado v.2023.2 (win64) Build 4029153 Fri Oct 13 20:14:34 MDT 2023
| Date         : Tue Oct  6 14:04:10 2026
| Host         : DESKTOP-5BKHJFE running 64-bit major release  (build 9200)
| Command      : report_timing_summary -report_unconstrained -check_timing_verbose -file E:/ResearchOnWork/RISC_V_CORE/Synthesis/fpga/ecg_artix7/reports/timing_routed.rpt
| Design       : ecg_arty_top
| Device       : 7a100t-csg324
| Speed File   : -1  PRODUCTION 1.23 2018-06-13
| Design State : Routed
---------------------------------------------------------------------------------------------------------------------------------------------------------------------------

Timing Summary Report

------------------------------------------------------------------------------------------------
| Timer Settings
| --------------
------------------------------------------------------------------------------------------------

  Enable Multi Corner Analysis               :  Yes
  Enable Pessimism Removal                   :  Yes
  Pessimism Removal Resolution               :  Nearest Common Node
  Enable Input Delay Default Clock           :  No
  Enable Preset / Clear Arcs                 :  No
  Disable Flight Delays                      :  No
  Ignore I/O Paths                           :  No
  Timing Early Launch at Borrowing Latches   :  No
  Borrow Time for Max Delay Exceptions       :  Yes
  Merge Timing Exceptions                    :  Yes
  Inter-SLR Compensation                     :  Conservative

  Corner  Analyze    Analyze    
  Name    Max Paths  Min Paths  
  ------  ---------  ---------  
  Slow    Yes        Yes        
  Fast    Yes        Yes        


------------------------------------------------------------------------------------------------
| Report Methodology
| ------------------
------------------------------------------------------------------------------------------------

No report available as report_methodology has not been run prior. Run report_methodology on the current design for the summary of methodology violations.



check_timing report

Table of Contents
-----------------
1. checking no_clock (0)
2. checking constant_clock (0)
3. checking pulse_width_clock (0)
4. checking unconstrained_internal_endpoints (0)
5. checking no_input_delay (8)
6. checking no_output_delay (11)
7. checking multiple_clock (0)
8. checking generated_clocks (0)
9. checking loops (0)
10. checking partial_input_delay (0)
11. checking partial_output_delay (0)
12. checking latch_loops (1)

1. checking no_clock (0)
------------------------
 There are 0 register/latch pins with no clock.


2. checking constant_clock (0)
------------------------------
 There are 0 register/latch pins with constant_clock.


3. checking pulse_width_clock (0)
---------------------------------
 There are 0 register/latch pins which need pulse_width check


4. checking unconstrained_internal_endpoints (0)
------------------------------------------------
 There are 0 pins that are not constrained for maximum delay.

 There are 0 pins that are not constrained for maximum delay due to constant clock.


5. checking no_input_delay (8)
------------------------------
 There are 2 input ports with no input delay specified. (HIGH)

afe_miso_i
uart_rx_i

 There are 6 input ports with no input delay but user has a false path constraint. (MEDIUM)

afe_drdy_ni
gpio_in_i[0]
gpio_in_i[1]
gpio_in_i[2]
gpio_in_i[3]
rst_sys_ni


6. checking no_output_delay (11)
--------------------------------
 There are 4 ports with no output delay specified. (HIGH)

afe_cs_no
afe_mosi_o
afe_sclk_o
uart_tx_o

 There are 7 ports with no output delay but user has a false path constraint (MEDIUM)

afe_pwdn_no
afe_reset_no
afe_start_o
gpio_out_o[0]
gpio_out_o[1]
gpio_out_o[2]
gpio_out_o[3]

 There are 0 ports with no output delay but with a timing clock defined on it or propagating through it


7. checking multiple_clock (0)
------------------------------
 There are 0 register/latch pins with multiple clocks.


8. checking generated_clocks (0)
--------------------------------
 There are 0 generated clocks that are not connected to a clock source.


9. checking loops (0)
---------------------
 There are 0 combinational loops in the design.


10. checking partial_input_delay (0)
------------------------------------
 There are 0 input ports with partial input delay specified.


11. checking partial_output_delay (0)
-------------------------------------
 There are 0 ports with partial output delay specified.


12. checking latch_loops (1)
----------------------------
 There is 1 combinational latch loop in the design through latch input (HIGH)

u_soc_top/gen_cv32e40p_core.u_core/core_i/sleep_unit_i/core_clock_gate_i/clk_en_reg/D



------------------------------------------------------------------------------------------------
| Design Timing Summary
| ---------------------
------------------------------------------------------------------------------------------------

    WNS(ns)      TNS(ns)  TNS Failing Endpoints  TNS Total Endpoints      WHS(ns)      THS(ns)  THS Failing Endpoints  THS Total Endpoints     WPWS(ns)     TPWS(ns)  TPWS Failing Endpoints  TPWS Total Endpoints  
    -------      -------  ---------------------  -------------------      -------      -------  ---------------------  -------------------     --------     --------  ----------------------  --------------------  
     -1.238     -106.368                    268                17420        0.063        0.000                      0                17420        3.000        0.000                       0                  6989  


Timing constraints are not met.


------------------------------------------------------------------------------------------------
| Clock Summary
| -------------
------------------------------------------------------------------------------------------------

Clock            Waveform(ns)       Period(ns)      Frequency(MHz)
-----            ------------       ----------      --------------
sys_clk_pin      {0.000 5.000}      10.000          100.000         
  clk_50m_unbuf  {0.000 10.000}     20.000          50.000          
  clkfb_unbuf    {0.000 5.000}      10.000          100.000         


------------------------------------------------------------------------------------------------
| Intra Clock Table
| -----------------
------------------------------------------------------------------------------------------------

Clock                WNS(ns)      TNS(ns)  TNS Failing Endpoints  TNS Total Endpoints      WHS(ns)      THS(ns)  THS Failing Endpoints  THS Total Endpoints     WPWS(ns)     TPWS(ns)  TPWS Failing Endpoints  TPWS Total Endpoints  
-----                -------      -------  ---------------------  -------------------      -------      -------  ---------------------  -------------------     --------     --------  ----------------------  --------------------  
sys_clk_pin                                                                                                                                                        3.000        0.000                       0                     1  
  clk_50m_unbuf       -1.238     -106.368                    268                14346        0.063        0.000                      0                14346        9.500        0.000                       0                  6985  
  clkfb_unbuf                                                                                                                                                      7.845        0.000                       0                     3  


------------------------------------------------------------------------------------------------
| Inter Clock Table
| -----------------
------------------------------------------------------------------------------------------------

From Clock    To Clock          WNS(ns)      TNS(ns)  TNS Failing Endpoints  TNS Total Endpoints      WHS(ns)      THS(ns)  THS Failing Endpoints  THS Total Endpoints  
----------    --------          -------      -------  ---------------------  -------------------      -------      -------  ---------------------  -------------------  


------------------------------------------------------------------------------------------------
| Other Path Groups Table
| -----------------------
------------------------------------------------------------------------------------------------

Path Group         From Clock         To Clock               WNS(ns)      TNS(ns)  TNS Failing Endpoints  TNS Total Endpoints      WHS(ns)      THS(ns)  THS Failing Endpoints  THS Total Endpoints  
----------         ----------         --------               -------      -------  ---------------------  -------------------      -------      -------  ---------------------  -------------------  
**async_default**  clk_50m_unbuf      clk_50m_unbuf            6.137        0.000                      0                 3074        0.480        0.000                      0                 3074  


------------------------------------------------------------------------------------------------
| User Ignored Path Table
| -----------------------
------------------------------------------------------------------------------------------------

Path Group     From Clock     To Clock     
----------     ----------     --------     
(none)         clk_50m_unbuf                 
(none)                        clk_50m_unbuf  


------------------------------------------------------------------------------------------------
| Unconstrained Path Table
| ------------------------
------------------------------------------------------------------------------------------------

Path Group     From Clock     To Clock     
----------     ----------     --------     
(none)         clk_50m_unbuf                 
(none)         clkfb_unbuf                   
(none)                        clk_50m_unbuf  


------------------------------------------------------------------------------------------------
| Timing Details
| --------------
------------------------------------------------------------------------------------------------


---------------------------------------------------------------------------------------------------
From Clock:  sys_clk_pin
  To Clock:  sys_clk_pin

Setup :           NA  Failing Endpoints,  Worst Slack           NA  ,  Total Violation           NA
Hold  :           NA  Failing Endpoints,  Worst Slack           NA  ,  Total Violation           NA
PW    :            0  Failing Endpoints,  Worst Slack        3.000ns,  Total Violation        0.000ns
---------------------------------------------------------------------------------------------------


Pulse Width Checks
--------------------------------------------------------------------------------------
Clock Name:         sys_clk_pin
Waveform(ns):       { 0.000 5.000 }
Period(ns):         10.000
Sources:            { clk_100m_i }

Check Type        Corner  Lib Pin            Reference Pin  Required(ns)  Actual(ns)  Slack(ns)  Location         Pin
Min Period        n/a     MMCME2_ADV/CLKIN1  n/a            1.249         10.000      8.751      MMCME2_ADV_X1Y2  u_mmcm/CLKIN1
Max Period        n/a     MMCME2_ADV/CLKIN1  n/a            100.000       10.000      90.000     MMCME2_ADV_X1Y2  u_mmcm/CLKIN1
Low Pulse Width   Slow    MMCME2_ADV/CLKIN1  n/a            2.000         5.000       3.000      MMCME2_ADV_X1Y2  u_mmcm/CLKIN1
High Pulse Width  Slow    MMCME2_ADV/CLKIN1  n/a            2.000         5.000       3.000      MMCME2_ADV_X1Y2  u_mmcm/CLKIN1



---------------------------------------------------------------------------------------------------
From Clock:  clk_50m_unbuf
  To Clock:  clk_50m_unbuf

Setup :          268  Failing Endpoints,  Worst Slack       -1.238ns,  Total Violation     -106.368ns
Hold  :            0  Failing Endpoints,  Worst Slack        0.063ns,  Total Violation        0.000ns
PW    :            0  Failing Endpoints,  Worst Slack        9.500ns,  Total Violation        0.000ns
---------------------------------------------------------------------------------------------------


Max Delay Paths
--------------------------------------------------------------------------------------
Slack (VIOLATED) :        -1.238ns  (required time - arrival time)
  Source:                 u_soc_top/gen_cv32e40p_core.u_core/core_i/id_stage_i/alu_operator_ex_o_reg[5]/C
                            (rising edge-triggered cell FDCE clocked by clk_50m_unbuf  {rise@0.000ns fall@10.000ns period=20.000ns})
  Destination:            u_soc_top/gen_cv32e40p_core.u_core/core_i/id_stage_i/mult_operand_b_ex_o_reg[27]/D
                            (rising edge-triggered cell FDCE clocked by clk_50m_unbuf  {rise@0.000ns fall@10.000ns period=20.000ns})
  Path Group:             clk_50m_unbuf
  Path Type:              Setup (Max at Slow Process Corner)
  Requirement:            20.000ns  (clk_50m_unbuf rise@20.000ns - clk_50m_unbuf rise@0.000ns)
  Data Path Delay:        21.059ns  (logic 6.478ns (30.762%)  route 14.581ns (69.238%))
  Logic Levels:           32  (CARRY4=8 LUT3=2 LUT5=4 LUT6=15 MUXF7=2 MUXF8=1)
  Clock Path Skew:        -0.046ns (DCD - SCD + CPR)
    Destination Clock Delay (DCD):    1.395ns = ( 21.395 - 20.000 ) 
    Source Clock Delay      (SCD):    2.345ns
    Clock Pessimism Removal (CPR):    0.904ns
  Clock Uncertainty:      0.089ns  ((TSJ^2 + DJ^2)^1/2) / 2 + PE
    Total System Jitter     (TSJ):    0.071ns
    Discrete Jitter          (DJ):    0.163ns
    Phase Error              (PE):    0.000ns

    Location             Delay type                Incr(ns)  Path(ns)    Netlist Resource(s)
  -------------------------------------------------------------------    -------------------
                         (clock clk_50m_unbuf rise edge)
                                                      0.000     0.000 r  
    E3                                                0.000     0.000 r  clk_100m_i (IN)
                         net (fo=0)                   0.000     0.000    clk_100m_i
    E3                   IBUF (Prop_ibuf_I_O)         1.482     1.482 r  clk_100m_i_IBUF_inst/O
                         net (fo=1, routed)           1.233     2.715    clk_100m_i_IBUF
    MMCME2_ADV_X1Y2      MMCME2_ADV (Prop_mmcme2_adv_CLKIN1_CLKOUT0)
                                                     -7.070    -4.355 r  u_mmcm/CLKOUT0
                         net (fo=1, routed)           1.719    -2.636    clk_50m_unbuf
    BUFGCTRL_X0Y16       BUFG (Prop_bufg_I_O)         0.096    -2.540 r  u_bufg_clk50/O
                         net (fo=4563, routed)        2.067    -0.473    u_soc_top/gen_cv32e40p_core.u_core/core_i/sleep_unit_i/core_clock_gate_i/clk_50m
    SLICE_X52Y97         LUT2 (Prop_lut2_I0_O)        0.124    -0.349 r  u_soc_top/gen_cv32e40p_core.u_core/core_i/sleep_unit_i/core_clock_gate_i/cnt_q[1]_i_4/O
                         net (fo=1, routed)           0.794     0.445    u_soc_top_n_44
    BUFGCTRL_X0Y0        BUFG (Prop_bufg_I_O)         0.096     0.541 r  cnt_q_reg[1]_i_2/O
                         net (fo=2420, routed)        1.804     2.345    u_soc_top/gen_cv32e40p_core.u_core/core_i/id_stage_i/clk
    SLICE_X40Y162        FDCE                                         r  u_soc_top/gen_cv32e40p_core.u_core/core_i/id_stage_i/alu_operator_ex_o_reg[5]/C
  -------------------------------------------------------------------    -------------------
    SLICE_X40Y162        FDCE (Prop_fdce_C_Q)         0.419     2.764 r  u_soc_top/gen_cv32e40p_core.u_core/core_i/id_stage_i/alu_operator_ex_o_reg[5]/Q
                         net (fo=59, routed)          0.569     3.333    u_soc_top/gen_cv32e40p_core.u_core/core_i/id_stage_i/register_file_i/i___171_i_34_0[5]
    SLICE_X40Y162        LUT3 (Prop_lut3_I0_O)        0.299     3.632 r  u_soc_top/gen_cv32e40p_core.u_core/core_i/id_stage_i/register_file_i/i___183_i_5/O
                         net (fo=96, routed)          0.925     4.557    u_soc_top/gen_cv32e40p_core.u_core/core_i/id_stage_i/register_file_i/i___183_i_5_n_0
    SLICE_X44Y162        LUT6 (Prop_lut6_I0_O)        0.124     4.681 r  u_soc_top/gen_cv32e40p_core.u_core/core_i/id_stage_i/register_file_i/BReg_DP[24]_i_27/O
                         net (fo=1, routed)           0.623     5.304    u_soc_top/gen_cv32e40p_core.u_core/core_i/id_stage_i/register_file_i/BReg_DP[24]_i_27_n_0
    SLICE_X45Y158        LUT6 (Prop_lut6_I5_O)        0.124     5.428 r  u_soc_top/gen_cv32e40p_core.u_core/core_i/id_stage_i/register_file_i/BReg_DP[24]_i_19/O
                         net (fo=2, routed)           0.585     6.013    u_soc_top/gen_cv32e40p_core.u_core/core_i/id_stage_i/register_file_i/ex_stage_i/alu_i/adder_op_a[6]
    SLICE_X41Y157        LUT5 (Prop_lut5_I0_O)        0.124     6.137 r  u_soc_top/gen_cv32e40p_core.u_core/core_i/id_stage_i/register_file_i/BReg_DP[24]_i_23/O
                         net (fo=1, routed)           0.000     6.137    u_soc_top/gen_cv32e40p_core.u_core/core_i/id_stage_i/register_file_i/BReg_DP[24]_i_23_n_0
    SLICE_X41Y157        CARRY4 (Prop_carry4_S[2]_CO[3])
                                                      0.398     6.535 r  u_soc_top/gen_cv32e40p_core.u_core/core_i/id_stage_i/register_file_i/BReg_DP_reg[24]_i_12/CO[3]
                         net (fo=1, routed)           0.000     6.535    u_soc_top/gen_cv32e40p_core.u_core/core_i/id_stage_i/register_file_i/BReg_DP_reg[24]_i_12_n_0
    SLICE_X41Y158        CARRY4 (Prop_carry4_CI_O[1])
                                                      0.334     6.869 r  u_soc_top/gen_cv32e40p_core.u_core/core_i/id_stage_i/register_file_i/BReg_DP_reg[31]_i_98/O[1]
                         net (fo=3, routed)           0.702     7.571    u_soc_top/gen_cv32e40p_core.u_core/core_i/id_stage_i/register_file_i/ex_stage_i/alu_i/data0[8]
    SLICE_X42Y159        LUT5 (Prop_lut5_I3_O)        0.303     7.874 r  u_soc_top/gen_cv32e40p_core.u_core/core_i/id_stage_i/register_file_i/BReg_DP[31]_i_102/O
                         net (fo=1, routed)           0.000     7.874    u_soc_top/gen_cv32e40p_core.u_core/core_i/id_stage_i/register_file_i/BReg_DP[31]_i_102_n_0
    SLICE_X42Y159        CARRY4 (Prop_carry4_S[0]_CO[3])
                                                      0.513     8.387 r  u_soc_top/gen_cv32e40p_core.u_core/core_i/id_stage_i/register_file_i/BReg_DP_reg[31]_i_83/CO[3]
                         net (fo=1, routed)           0.000     8.387    u_soc_top/gen_cv32e40p_core.u_core/core_i/id_stage_i/register_file_i/BReg_DP_reg[31]_i_83_n_0
    SLICE_X42Y160        CARRY4 (Prop_carry4_CI_CO[3])
                                                      0.117     8.504 r  u_soc_top/gen_cv32e40p_core.u_core/core_i/id_stage_i/register_file_i/BReg_DP_reg[16]_i_11/CO[3]
                         net (fo=1, routed)           0.000     8.504    u_soc_top/gen_cv32e40p_core.u_core/core_i/id_stage_i/register_file_i/BReg_DP_reg[16]_i_11_n_0
    SLICE_X42Y161        CARRY4 (Prop_carry4_CI_CO[3])
                                                      0.117     8.621 r  u_soc_top/gen_cv32e40p_core.u_core/core_i/id_stage_i/register_file_i/BReg_DP_reg[31]_i_84/CO[3]
                         net (fo=1, routed)           0.000     8.621    u_soc_top/gen_cv32e40p_core.u_core/core_i/id_stage_i/register_file_i/BReg_DP_reg[31]_i_84_n_0
    SLICE_X42Y162        CARRY4 (Prop_carry4_CI_CO[3])
                                                      0.117     8.738 r  u_soc_top/gen_cv32e40p_core.u_core/core_i/id_stage_i/register_file_i/BReg_DP_reg[8]_i_8/CO[3]
                         net (fo=1, routed)           0.000     8.738    u_soc_top/gen_cv32e40p_core.u_core/core_i/id_stage_i/register_file_i/BReg_DP_reg[8]_i_8_n_0
    SLICE_X42Y163        CARRY4 (Prop_carry4_CI_CO[3])
                                                      0.117     8.855 r  u_soc_top/gen_cv32e40p_core.u_core/core_i/id_stage_i/register_file_i/BReg_DP_reg[31]_i_82/CO[3]
                         net (fo=1, routed)           0.000     8.855    u_soc_top/gen_cv32e40p_core.u_core/core_i/id_stage_i/register_file_i/BReg_DP_reg[31]_i_82_n_0
    SLICE_X42Y164        CARRY4 (Prop_carry4_CI_O[3])
                                                      0.315     9.170 r  u_soc_top/gen_cv32e40p_core.u_core/core_i/id_stage_i/register_file_i/BReg_DP_reg[0]_i_8/O[3]
                         net (fo=2, routed)           0.499     9.669    u_soc_top/gen_cv32e40p_core.u_core/core_i/id_stage_i/register_file_i/ex_stage_i/alu_i/adder_round_result[31]
    SLICE_X44Y164        LUT6 (Prop_lut6_I2_O)        0.307     9.976 r  u_soc_top/gen_cv32e40p_core.u_core/core_i/id_stage_i/register_file_i/BReg_DP[0]_i_6/O
                         net (fo=61, routed)          0.780    10.757    u_soc_top/gen_cv32e40p_core.u_core/core_i/id_stage_i/register_file_i/shift_right_result126_out
    SLICE_X44Y165        LUT3 (Prop_lut3_I2_O)        0.124    10.881 r  u_soc_top/gen_cv32e40p_core.u_core/core_i/id_stage_i/register_file_i/BReg_DP[18]_i_10/O
                         net (fo=3, routed)           0.738    11.619    u_soc_top/gen_cv32e40p_core.u_core/core_i/id_stage_i/register_file_i/alu_operand_a_ex_o_reg[11][1]
    SLICE_X45Y168        LUT6 (Prop_lut6_I0_O)        0.124    11.743 r  u_soc_top/gen_cv32e40p_core.u_core/core_i/id_stage_i/register_file_i/BReg_DP[18]_i_7/O
                         net (fo=4, routed)           0.841    12.583    u_soc_top/gen_cv32e40p_core.u_core/core_i/id_stage_i/register_file_i/BReg_DP[18]_i_7_n_0
    SLICE_X48Y168        LUT6 (Prop_lut6_I3_O)        0.124    12.707 r  u_soc_top/gen_cv32e40p_core.u_core/core_i/id_stage_i/register_file_i/BReg_DP[16]_i_4/O
                         net (fo=3, routed)           0.680    13.387    u_soc_top/gen_cv32e40p_core.u_core/core_i/id_stage_i/register_file_i/alu_clpx_shift_ex_o_reg[1]_12
    SLICE_X51Y167        LUT5 (Prop_lut5_I2_O)        0.124    13.511 r  u_soc_top/gen_cv32e40p_core.u_core/core_i/id_stage_i/register_file_i/BReg_DP[16]_i_2/O
                         net (fo=3, routed)           0.592    14.103    u_soc_top/gen_cv32e40p_core.u_core/core_i/id_stage_i/register_file_i/shift_left_result[2]
    SLICE_X51Y167        LUT5 (Prop_lut5_I4_O)        0.124    14.227 r  u_soc_top/gen_cv32e40p_core.u_core/core_i/id_stage_i/register_file_i/i___112__16_i_33/O
                         net (fo=5, routed)           1.015    15.243    u_soc_top/gen_cv32e40p_core.u_core/core_i/id_stage_i/register_file_i/ex_stage_i/alu_i/radix_2_rev[16]
    SLICE_X51Y163        LUT6 (Prop_lut6_I0_O)        0.124    15.367 r  u_soc_top/gen_cv32e40p_core.u_core/core_i/id_stage_i/register_file_i/i___50_i_107/O
                         net (fo=1, routed)           0.000    15.367    u_soc_top/gen_cv32e40p_core.u_core/core_i/id_stage_i/register_file_i/i___50_i_107_n_0
    SLICE_X51Y163        MUXF7 (Prop_muxf7_I1_O)      0.217    15.584 r  u_soc_top/gen_cv32e40p_core.u_core/core_i/id_stage_i/register_file_i/i___50_i_98/O
                         net (fo=1, routed)           0.000    15.584    u_soc_top/gen_cv32e40p_core.u_core/core_i/id_stage_i/register_file_i/i___50_i_98_n_0
    SLICE_X51Y163        MUXF8 (Prop_muxf8_I1_O)      0.094    15.678 r  u_soc_top/gen_cv32e40p_core.u_core/core_i/id_stage_i/register_file_i/i___50_i_92/O
                         net (fo=1, routed)           0.408    16.086    u_soc_top/gen_cv32e40p_core.u_core/core_i/id_stage_i/register_file_i/i___50_i_92_n_0
    SLICE_X51Y162        LUT6 (Prop_lut6_I0_O)        0.316    16.402 r  u_soc_top/gen_cv32e40p_core.u_core/core_i/id_stage_i/register_file_i/i___50_i_86/O
                         net (fo=64, routed)          0.627    17.029    u_soc_top/gen_cv32e40p_core.u_core/core_i/id_stage_i/register_file_i/ex_stage_i/alu_i/extract_sign
    SLICE_X47Y160        LUT6 (Prop_lut6_I5_O)        0.124    17.153 r  u_soc_top/gen_cv32e40p_core.u_core/core_i/id_stage_i/register_file_i/i___112__32_i_36/O
                         net (fo=1, routed)           0.442    17.595    u_soc_top/gen_cv32e40p_core.u_core/core_i/id_stage_i/register_file_i/i___112__32_i_36_n_0
    SLICE_X47Y156        LUT6 (Prop_lut6_I5_O)        0.124    17.719 r  u_soc_top/gen_cv32e40p_core.u_core/core_i/id_stage_i/register_file_i/i___112__32_i_32/O
                         net (fo=1, routed)           0.354    18.073    u_soc_top/gen_cv32e40p_core.u_core/core_i/id_stage_i/register_file_i/ex_stage_i/alu_i/bextins_result[3]
    SLICE_X46Y156        LUT6 (Prop_lut6_I5_O)        0.124    18.197 r  u_soc_top/gen_cv32e40p_core.u_core/core_i/id_stage_i/register_file_i/i___112__32_i_25/O
                         net (fo=1, routed)           0.000    18.197    u_soc_top/gen_cv32e40p_core.u_core/core_i/id_stage_i/register_file_i/i___112__32_i_25_n_0
    SLICE_X46Y156        MUXF7 (Prop_muxf7_I1_O)      0.214    18.411 r  u_soc_top/gen_cv32e40p_core.u_core/core_i/id_stage_i/register_file_i/i___112__32_i_12/O
                         net (fo=1, routed)           0.613    19.024    u_soc_top/gen_cv32e40p_core.u_core/core_i/id_stage_i/register_file_i/i___112__32_i_12_n_0
    SLICE_X44Y156        LUT6 (Prop_lut6_I5_O)        0.297    19.321 r  u_soc_top/gen_cv32e40p_core.u_core/core_i/id_stage_i/register_file_i/i___112__32_i_4/O
                         net (fo=1, routed)           0.407    19.728    u_soc_top/gen_cv32e40p_core.u_core/core_i/id_stage_i/gen_hwloop_regs.hwloop_regs_i/alu_result[3]
    SLICE_X45Y156        LUT6 (Prop_lut6_I3_O)        0.124    19.852 r  u_soc_top/gen_cv32e40p_core.u_core/core_i/id_stage_i/gen_hwloop_regs.hwloop_regs_i/i___112__32_i_2/O
                         net (fo=37, routed)          0.737    20.589    u_soc_top/gen_cv32e40p_core.u_core/core_i/id_stage_i/gen_hwloop_regs.hwloop_regs_i/csr_access_ex_o_reg_1
    SLICE_X43Y155        LUT6 (Prop_lut6_I2_O)        0.124    20.713 r  u_soc_top/gen_cv32e40p_core.u_core/core_i/id_stage_i/gen_hwloop_regs.hwloop_regs_i/i___81_i_1/O
                         net (fo=4, routed)           0.921    21.634    u_soc_top/gen_cv32e40p_core.u_core/core_i/if_stage_i/mult_dot_op_c_ex_o_reg[3]_0
    SLICE_X48Y156        LUT6 (Prop_lut6_I3_O)        0.124    21.758 r  u_soc_top/gen_cv32e40p_core.u_core/core_i/if_stage_i/mult_operand_b_ex_o[3]_i_1/O
                         net (fo=9, routed)           0.847    22.605    u_soc_top/gen_cv32e40p_core.u_core/core_i/if_stage_i/operand_b[3]
    SLICE_X50Y156        LUT6 (Prop_lut6_I0_O)        0.124    22.729 r  u_soc_top/gen_cv32e40p_core.u_core/core_i/if_stage_i/mult_operand_b_ex_o[27]_i_1/O
                         net (fo=2, routed)           0.675    23.404    u_soc_top/gen_cv32e40p_core.u_core/core_i/id_stage_i/mult_operand_b_ex_o_reg[31]_1[19]
    SLICE_X50Y157        FDCE                                         r  u_soc_top/gen_cv32e40p_core.u_core/core_i/id_stage_i/mult_operand_b_ex_o_reg[27]/D
  -------------------------------------------------------------------    -------------------

                         (clock clk_50m_unbuf rise edge)
                                                     20.000    20.000 r  
    E3                                                0.000    20.000 r  clk_100m_i (IN)
                         net (fo=0)                   0.000    20.000    clk_100m_i
    E3                   IBUF (Prop_ibuf_I_O)         1.411    21.411 r  clk_100m_i_IBUF_inst/O
                         net (fo=1, routed)           1.162    22.573    clk_100m_i_IBUF
    MMCME2_ADV_X1Y2      MMCME2_ADV (Prop_mmcme2_adv_CLKIN1_CLKOUT0)
                                                     -7.324    15.249 r  u_mmcm/CLKOUT0
                         net (fo=1, routed)           1.639    16.888    clk_50m_unbuf
    BUFGCTRL_X0Y16       BUFG (Prop_bufg_I_O)         0.091    16.979 r  u_bufg_clk50/O
                         net (fo=4563, routed)        1.860    18.840    u_soc_top/gen_cv32e40p_core.u_core/core_i/sleep_unit_i/core_clock_gate_i/clk_50m
    SLICE_X52Y97         LUT2 (Prop_lut2_I0_O)        0.100    18.940 r  u_soc_top/gen_cv32e40p_core.u_core/core_i/sleep_unit_i/core_clock_gate_i/cnt_q[1]_i_4/O
                         net (fo=1, routed)           0.694    19.633    u_soc_top_n_44
    BUFGCTRL_X0Y0        BUFG (Prop_bufg_I_O)         0.091    19.724 r  cnt_q_reg[1]_i_2/O
                         net (fo=2420, routed)        1.671    21.395    u_soc_top/gen_cv32e40p_core.u_core/core_i/id_stage_i/clk
    SLICE_X50Y157        FDCE                                         r  u_soc_top/gen_cv32e40p_core.u_core/core_i/id_stage_i/mult_operand_b_ex_o_reg[27]/C
                         clock pessimism              0.904    22.299    
                         clock uncertainty           -0.089    22.210    
    SLICE_X50Y157        FDCE (Setup_fdce_C_D)       -0.045    22.165    u_soc_top/gen_cv32e40p_core.u_core/core_i/id_stage_i/mult_operand_b_ex_o_reg[27]
  -------------------------------------------------------------------
                         required time                         22.165    
                         arrival time                         -23.404    
  -------------------------------------------------------------------
                         slack                                 -1.238    





Min Delay Paths
--------------------------------------------------------------------------------------
Slack (MET) :             0.063ns  (arrival time - required time)
  Source:                 u_soc_top/u_peripherals/u_spi_master/u_spi_core/rx_ch2_shreg_q_reg[8]/C
                            (rising edge-triggered cell FDCE clocked by clk_50m_unbuf  {rise@0.000ns fall@10.000ns period=20.000ns})
  Destination:            u_soc_top/u_peripherals/u_spi_master/u_spi_core/rx_ch2_shreg_q_reg[9]/D
                            (rising edge-triggered cell FDCE clocked by clk_50m_unbuf  {rise@0.000ns fall@10.000ns period=20.000ns})
  Path Group:             clk_50m_unbuf
  Path Type:              Hold (Min at Fast Process Corner)
  Requirement:            0.000ns  (clk_50m_unbuf rise@0.000ns - clk_50m_unbuf rise@0.000ns)
  Data Path Delay:        0.351ns  (logic 0.128ns (36.480%)  route 0.223ns (63.520%))
  Logic Levels:           0  
  Clock Path Skew:        0.264ns (DCD - SCD - CPR)
    Destination Clock Delay (DCD):    -0.844ns
    Source Clock Delay      (SCD):    -0.604ns
    Clock Pessimism Removal (CPR):    -0.504ns

    Location             Delay type                Incr(ns)  Path(ns)    Netlist Resource(s)
  -------------------------------------------------------------------    -------------------
                         (clock clk_50m_unbuf rise edge)
                                                      0.000     0.000 r  
    E3                                                0.000     0.000 r  clk_100m_i (IN)
                         net (fo=0)                   0.000     0.000    clk_100m_i
    E3                   IBUF (Prop_ibuf_I_O)         0.250     0.250 r  clk_100m_i_IBUF_inst/O
                         net (fo=1, routed)           0.440     0.690    clk_100m_i_IBUF
    MMCME2_ADV_X1Y2      MMCME2_ADV (Prop_mmcme2_adv_CLKIN1_CLKOUT0)
                                                     -2.379    -1.689 r  u_mmcm/CLKOUT0
                         net (fo=1, routed)           0.499    -1.190    clk_50m_unbuf
    BUFGCTRL_X0Y16       BUFG (Prop_bufg_I_O)         0.026    -1.164 r  u_bufg_clk50/O
                         net (fo=4563, routed)        0.560    -0.604    u_soc_top/u_peripherals/u_spi_master/u_spi_core/clk_50m
    SLICE_X51Y101        FDCE                                         r  u_soc_top/u_peripherals/u_spi_master/u_spi_core/rx_ch2_shreg_q_reg[8]/C
  -------------------------------------------------------------------    -------------------
    SLICE_X51Y101        FDCE (Prop_fdce_C_Q)         0.128    -0.476 r  u_soc_top/u_peripherals/u_spi_master/u_spi_core/rx_ch2_shreg_q_reg[8]/Q
                         net (fo=2, routed)           0.223    -0.253    u_soc_top/u_peripherals/u_spi_master/u_spi_core/rx_ch2_shreg_q[8]
    SLICE_X53Y101        FDCE                                         r  u_soc_top/u_peripherals/u_spi_master/u_spi_core/rx_ch2_shreg_q_reg[9]/D
  -------------------------------------------------------------------    -------------------

                         (clock clk_50m_unbuf rise edge)
                                                      0.000     0.000 r  
    E3                                                0.000     0.000 r  clk_100m_i (IN)
                         net (fo=0)                   0.000     0.000    clk_100m_i
    E3                   IBUF (Prop_ibuf_I_O)         0.438     0.438 r  clk_100m_i_IBUF_inst/O
                         net (fo=1, routed)           0.480     0.918    clk_100m_i_IBUF
    MMCME2_ADV_X1Y2      MMCME2_ADV (Prop_mmcme2_adv_CLKIN1_CLKOUT0)
                                                     -3.163    -2.245 r  u_mmcm/CLKOUT0
                         net (fo=1, routed)           0.544    -1.702    clk_50m_unbuf
    BUFGCTRL_X0Y16       BUFG (Prop_bufg_I_O)         0.029    -1.673 r  u_bufg_clk50/O
                         net (fo=4563, routed)        0.828    -0.844    u_soc_top/u_peripherals/u_spi_master/u_spi_core/clk_50m
    SLICE_X53Y101        FDCE                                         r  u_soc_top/u_peripherals/u_spi_master/u_spi_core/rx_ch2_shreg_q_reg[9]/C
                         clock pessimism              0.504    -0.340    
    SLICE_X53Y101        FDCE (Hold_fdce_C_D)         0.024    -0.316    u_soc_top/u_peripherals/u_spi_master/u_spi_core/rx_ch2_shreg_q_reg[9]
  -------------------------------------------------------------------
                         required time                          0.316    
                         arrival time                          -0.253    
  -------------------------------------------------------------------
                         slack                                  0.063    





Pulse Width Checks
--------------------------------------------------------------------------------------
Clock Name:         clk_50m_unbuf
Waveform(ns):       { 0.000 10.000 }
Period(ns):         20.000
Sources:            { u_mmcm/CLKOUT0 }

Check Type        Corner  Lib Pin             Reference Pin  Required(ns)  Actual(ns)  Slack(ns)  Location         Pin
Min Period        n/a     RAMB36E1/CLKARDCLK  n/a            2.944         20.000      17.056     RAMB36_X2Y22     u_soc_top/u_d_tcm/mem_reg_0_0/CLKARDCLK
Max Period        n/a     MMCME2_ADV/CLKOUT0  n/a            213.360       20.000      193.360    MMCME2_ADV_X1Y2  u_mmcm/CLKOUT0
Low Pulse Width   Slow    FDRE/C              n/a            0.500         10.000      9.500      SLICE_X56Y111    rdata_q_reg[0]_i_10/C
High Pulse Width  Slow    FDRE/C              n/a            0.500         10.000      9.500      SLICE_X56Y111    rdata_q_reg[0]_i_10/C



---------------------------------------------------------------------------------------------------
From Clock:  clkfb_unbuf
  To Clock:  clkfb_unbuf

Setup :           NA  Failing Endpoints,  Worst Slack           NA  ,  Total Violation           NA
Hold  :           NA  Failing Endpoints,  Worst Slack           NA  ,  Total Violation           NA
PW    :            0  Failing Endpoints,  Worst Slack        7.845ns,  Total Violation        0.000ns
---------------------------------------------------------------------------------------------------


Pulse Width Checks
--------------------------------------------------------------------------------------
Clock Name:         clkfb_unbuf
Waveform(ns):       { 0.000 5.000 }
Period(ns):         10.000
Sources:            { u_mmcm/CLKFBOUT }

Check Type  Corner  Lib Pin             Reference Pin  Required(ns)  Actual(ns)  Slack(ns)  Location         Pin
Min Period  n/a     BUFG/I              n/a            2.155         10.000      7.845      BUFGCTRL_X0Y17   u_bufg_fb/I
Max Period  n/a     MMCME2_ADV/CLKFBIN  n/a            100.000       10.000      90.000     MMCME2_ADV_X1Y2  u_mmcm/CLKFBIN



---------------------------------------------------------------------------------------------------
Path Group:  **async_default**
From Clock:  clk_50m_unbuf
  To Clock:  clk_50m_unbuf

Setup :            0  Failing Endpoints,  Worst Slack        6.137ns,  Total Violation        0.000ns
Hold  :            0  Failing Endpoints,  Worst Slack        0.480ns,  Total Violation        0.000ns
---------------------------------------------------------------------------------------------------


Max Delay Paths
--------------------------------------------------------------------------------------
Slack (MET) :             6.137ns  (required time - arrival time)
  Source:                 rst_sync_q_reg[1]/C
                            (rising edge-triggered cell FDCE clocked by clk_50m_unbuf  {rise@0.000ns fall@10.000ns period=20.000ns})
  Destination:            u_soc_top/gen_cv32e40p_core.u_core/core_i/sleep_unit_i/fetch_enable_q_reg/CLR
                            (recovery check against rising-edge clock clk_50m_unbuf  {rise@0.000ns fall@10.000ns period=20.000ns})
  Path Group:             **async_default**
  Path Type:              Recovery (Max at Slow Process Corner)
  Requirement:            20.000ns  (clk_50m_unbuf rise@20.000ns - clk_50m_unbuf rise@0.000ns)
  Data Path Delay:        13.535ns  (logic 0.580ns (4.285%)  route 12.955ns (95.715%))
  Logic Levels:           1  (LUT1=1)
  Clock Path Skew:        0.079ns (DCD - SCD + CPR)
    Destination Clock Delay (DCD):    -1.335ns = ( 18.665 - 20.000 ) 
    Source Clock Delay      (SCD):    -0.926ns
    Clock Pessimism Removal (CPR):    0.488ns
  Clock Uncertainty:      0.089ns  ((TSJ^2 + DJ^2)^1/2) / 2 + PE
    Total System Jitter     (TSJ):    0.071ns
    Discrete Jitter          (DJ):    0.163ns
    Phase Error              (PE):    0.000ns

    Location             Delay type                Incr(ns)  Path(ns)    Netlist Resource(s)
  -------------------------------------------------------------------    -------------------
                         (clock clk_50m_unbuf rise edge)
                                                      0.000     0.000 r  
    E3                                                0.000     0.000 r  clk_100m_i (IN)
                         net (fo=0)                   0.000     0.000    clk_100m_i
    E3                   IBUF (Prop_ibuf_I_O)         1.482     1.482 r  clk_100m_i_IBUF_inst/O
                         net (fo=1, routed)           1.233     2.715    clk_100m_i_IBUF
    MMCME2_ADV_X1Y2      MMCME2_ADV (Prop_mmcme2_adv_CLKIN1_CLKOUT0)
                                                     -7.070    -4.355 r  u_mmcm/CLKOUT0
                         net (fo=1, routed)           1.719    -2.636    clk_50m_unbuf
    BUFGCTRL_X0Y16       BUFG (Prop_bufg_I_O)         0.096    -2.540 r  u_bufg_clk50/O
                         net (fo=4563, routed)        1.614    -0.926    clk_50m
    SLICE_X44Y114        FDCE                                         r  rst_sync_q_reg[1]/C
  -------------------------------------------------------------------    -------------------
    SLICE_X44Y114        FDCE (Prop_fdce_C_Q)         0.456    -0.470 r  rst_sync_q_reg[1]/Q
                         net (fo=35, routed)          2.215     1.745    u_soc_top/gen_cv32e40p_core.u_core/core_i/id_stage_i/register_file_i/gen_rf[1].mem_reg[1][0]_0[0]
    SLICE_X29Y97         LUT1 (Prop_lut1_I0_O)        0.124     1.869 f  u_soc_top/gen_cv32e40p_core.u_core/core_i/id_stage_i/register_file_i/cnt_q[1]_i_3/O
                         net (fo=3074, routed)       10.740    12.609    u_soc_top/gen_cv32e40p_core.u_core/core_i/sleep_unit_i/fetch_enable_q_reg_0
    SLICE_X12Y153        FDCE                                         f  u_soc_top/gen_cv32e40p_core.u_core/core_i/sleep_unit_i/fetch_enable_q_reg/CLR
  -------------------------------------------------------------------    -------------------

                         (clock clk_50m_unbuf rise edge)
                                                     20.000    20.000 r  
    E3                                                0.000    20.000 r  clk_100m_i (IN)
                         net (fo=0)                   0.000    20.000    clk_100m_i
    E3                   IBUF (Prop_ibuf_I_O)         1.411    21.411 r  clk_100m_i_IBUF_inst/O
                         net (fo=1, routed)           1.162    22.573    clk_100m_i_IBUF
    MMCME2_ADV_X1Y2      MMCME2_ADV (Prop_mmcme2_adv_CLKIN1_CLKOUT0)
                                                     -7.324    15.249 r  u_mmcm/CLKOUT0
                         net (fo=1, routed)           1.639    16.888    clk_50m_unbuf
    BUFGCTRL_X0Y16       BUFG (Prop_bufg_I_O)         0.091    16.979 r  u_bufg_clk50/O
                         net (fo=4563, routed)        1.685    18.665    u_soc_top/gen_cv32e40p_core.u_core/core_i/sleep_unit_i/clk_50m
    SLICE_X12Y153        FDCE                                         r  u_soc_top/gen_cv32e40p_core.u_core/core_i/sleep_unit_i/fetch_enable_q_reg/C
                         clock pessimism              0.488    19.153    
                         clock uncertainty           -0.089    19.064    
    SLICE_X12Y153        FDCE (Recov_fdce_C_CLR)     -0.319    18.745    u_soc_top/gen_cv32e40p_core.u_core/core_i/sleep_unit_i/fetch_enable_q_reg
  -------------------------------------------------------------------
                         required time                         18.745    
                         arrival time                         -12.609    
  -------------------------------------------------------------------
                         slack                                  6.137    





Min Delay Paths
--------------------------------------------------------------------------------------
Slack (MET) :             0.480ns  (arrival time - required time)
  Source:                 rst_sync_q_reg[1]/C
                            (rising edge-triggered cell FDCE clocked by clk_50m_unbuf  {rise@0.000ns fall@10.000ns period=20.000ns})
  Destination:            u_soc_top/gen_cv32e40p_core.u_core/core_i/id_stage_i/register_file_i/gen_rf[16].mem_reg[16][25]/CLR
                            (removal check against rising-edge clock clk_50m_unbuf  {rise@0.000ns fall@10.000ns period=20.000ns})
  Path Group:             **async_default**
  Path Type:              Removal (Min at Fast Process Corner)
  Requirement:            0.000ns  (clk_50m_unbuf rise@0.000ns - clk_50m_unbuf rise@0.000ns)
  Data Path Delay:        2.199ns  (logic 0.186ns (8.459%)  route 2.013ns (91.541%))
  Logic Levels:           1  (LUT1=1)
  Clock Path Skew:        1.785ns (DCD - SCD - CPR)
    Destination Clock Delay (DCD):    0.670ns
    Source Clock Delay      (SCD):    -0.606ns
    Clock Pessimism Removal (CPR):    -0.509ns

    Location             Delay type                Incr(ns)  Path(ns)    Netlist Resource(s)
  -------------------------------------------------------------------    -------------------
                         (clock clk_50m_unbuf rise edge)
                                                      0.000     0.000 r  
    E3                                                0.000     0.000 r  clk_100m_i (IN)
                         net (fo=0)                   0.000     0.000    clk_100m_i
    E3                   IBUF (Prop_ibuf_I_O)         0.250     0.250 r  clk_100m_i_IBUF_inst/O
                         net (fo=1, routed)           0.440     0.690    clk_100m_i_IBUF
    MMCME2_ADV_X1Y2      MMCME2_ADV (Prop_mmcme2_adv_CLKIN1_CLKOUT0)
                                                     -2.379    -1.689 r  u_mmcm/CLKOUT0
                         net (fo=1, routed)           0.499    -1.190    clk_50m_unbuf
    BUFGCTRL_X0Y16       BUFG (Prop_bufg_I_O)         0.026    -1.164 r  u_bufg_clk50/O
                         net (fo=4563, routed)        0.558    -0.606    clk_50m
    SLICE_X44Y114        FDCE                                         r  rst_sync_q_reg[1]/C
  -------------------------------------------------------------------    -------------------
    SLICE_X44Y114        FDCE (Prop_fdce_C_Q)         0.141    -0.465 r  rst_sync_q_reg[1]/Q
                         net (fo=35, routed)          0.881     0.415    u_soc_top/gen_cv32e40p_core.u_core/core_i/id_stage_i/register_file_i/gen_rf[1].mem_reg[1][0]_0[0]
    SLICE_X29Y97         LUT1 (Prop_lut1_I0_O)        0.045     0.460 f  u_soc_top/gen_cv32e40p_core.u_core/core_i/id_stage_i/register_file_i/cnt_q[1]_i_3/O
                         net (fo=3074, routed)        1.132     1.593    u_soc_top/gen_cv32e40p_core.u_core/core_i/id_stage_i/register_file_i/rst_sync_q_reg[1]
    SLICE_X54Y154        FDCE                                         f  u_soc_top/gen_cv32e40p_core.u_core/core_i/id_stage_i/register_file_i/gen_rf[16].mem_reg[16][25]/CLR
  -------------------------------------------------------------------    -------------------

                         (clock clk_50m_unbuf rise edge)
                                                      0.000     0.000 r  
    E3                                                0.000     0.000 r  clk_100m_i (IN)
                         net (fo=0)                   0.000     0.000    clk_100m_i
    E3                   IBUF (Prop_ibuf_I_O)         0.438     0.438 r  clk_100m_i_IBUF_inst/O
                         net (fo=1, routed)           0.480     0.918    clk_100m_i_IBUF
    MMCME2_ADV_X1Y2      MMCME2_ADV (Prop_mmcme2_adv_CLKIN1_CLKOUT0)
                                                     -3.163    -2.245 r  u_mmcm/CLKOUT0
                         net (fo=1, routed)           0.544    -1.702    clk_50m_unbuf
    BUFGCTRL_X0Y16       BUFG (Prop_bufg_I_O)         0.029    -1.673 r  u_bufg_clk50/O
                         net (fo=4563, routed)        1.013    -0.659    u_soc_top/gen_cv32e40p_core.u_core/core_i/sleep_unit_i/core_clock_gate_i/clk_50m
    SLICE_X52Y97         LUT2 (Prop_lut2_I0_O)        0.056    -0.603 r  u_soc_top/gen_cv32e40p_core.u_core/core_i/sleep_unit_i/core_clock_gate_i/cnt_q[1]_i_4/O
                         net (fo=1, routed)           0.329    -0.275    u_soc_top_n_44
    BUFGCTRL_X0Y0        BUFG (Prop_bufg_I_O)         0.029    -0.246 r  cnt_q_reg[1]_i_2/O
                         net (fo=2420, routed)        0.916     0.670    u_soc_top/gen_cv32e40p_core.u_core/core_i/id_stage_i/register_file_i/clk
    SLICE_X54Y154        FDCE                                         r  u_soc_top/gen_cv32e40p_core.u_core/core_i/id_stage_i/register_file_i/gen_rf[16].mem_reg[16][25]/C
                         clock pessimism              0.509     1.179    
    SLICE_X54Y154        FDCE (Remov_fdce_C_CLR)     -0.067     1.112    u_soc_top/gen_cv32e40p_core.u_core/core_i/id_stage_i/register_file_i/gen_rf[16].mem_reg[16][25]
  -------------------------------------------------------------------
                         required time                         -1.112    
                         arrival time                           1.593    
  -------------------------------------------------------------------
                         slack                                  0.480    





--------------------------------------------------------------------------------------
Path Group:  (none)
From Clock:  clk_50m_unbuf
  To Clock:  

Max Delay             7 Endpoints
Min Delay             7 Endpoints
--------------------------------------------------------------------------------------


Max Delay Paths
--------------------------------------------------------------------------------------
Slack:                    inf
  Source:                 u_soc_top/u_peripherals/u_gpio/data_out_q_reg[3]_lopt_replica/C
                            (rising edge-triggered cell FDCE clocked by clk_50m_unbuf  {rise@0.000ns fall@10.000ns period=20.000ns})
  Destination:            gpio_out_o[3]
                            (output port)
  Path Group:             (none)
  Path Type:              Max at Slow Process Corner
  Data Path Delay:        7.904ns  (logic 4.033ns (51.026%)  route 3.871ns (48.974%))
  Logic Levels:           1  (OBUF=1)
  Clock Uncertainty:      0.199ns  ((TSJ^2 + DJ^2)^1/2) / 2 + PE
    Total System Jitter     (TSJ):    0.050ns
    Discrete Jitter          (DJ):    0.163ns
    Phase Error              (PE):    0.114ns
  Timing Exception:       False Path

    Location             Delay type                Incr(ns)  Path(ns)    Netlist Resource(s)
  -------------------------------------------------------------------    -------------------
                         (clock clk_50m_unbuf rise edge)
                                                      0.000     0.000 r  
    E3                                                0.000     0.000 r  clk_100m_i (IN)
                         net (fo=0)                   0.000     0.000    clk_100m_i
    E3                   IBUF (Prop_ibuf_I_O)         1.482     1.482 r  clk_100m_i_IBUF_inst/O
                         net (fo=1, routed)           1.233     2.715    clk_100m_i_IBUF
    MMCME2_ADV_X1Y2      MMCME2_ADV (Prop_mmcme2_adv_CLKIN1_CLKOUT0)
                                                     -7.070    -4.355 r  u_mmcm/CLKOUT0
                         net (fo=1, routed)           1.719    -2.636    clk_50m_unbuf
    BUFGCTRL_X0Y16       BUFG (Prop_bufg_I_O)         0.096    -2.540 r  u_bufg_clk50/O
                         net (fo=4563, routed)        1.626    -0.914    u_soc_top/u_peripherals/u_gpio/clk_50m
    SLICE_X28Y106        FDCE                                         r  u_soc_top/u_peripherals/u_gpio/data_out_q_reg[3]_lopt_replica/C
  -------------------------------------------------------------------    -------------------
    SLICE_X28Y106        FDCE (Prop_fdce_C_Q)         0.456    -0.458 r  u_soc_top/u_peripherals/u_gpio/data_out_q_reg[3]_lopt_replica/Q
                         net (fo=1, routed)           3.871     3.413    lopt_6
    T10                  OBUF (Prop_obuf_I_O)         3.577     6.990 r  gpio_out_o_OBUF[3]_inst/O
                         net (fo=0)                   0.000     6.990    gpio_out_o[3]
    T10                                                               r  gpio_out_o[3] (OUT)
  -------------------------------------------------------------------    -------------------





Min Delay Paths
--------------------------------------------------------------------------------------
Slack:                    inf
  Source:                 u_soc_top/u_peripherals/u_gpio/data_out_q_reg[7]_lopt_replica/C
                            (rising edge-triggered cell FDCE clocked by clk_50m_unbuf  {rise@0.000ns fall@10.000ns period=20.000ns})
  Destination:            afe_pwdn_no
                            (output port)
  Path Group:             (none)
  Path Type:              Min at Fast Process Corner
  Data Path Delay:        2.061ns  (logic 1.335ns (64.794%)  route 0.726ns (35.206%))
  Logic Levels:           1  (OBUF=1)
  Clock Uncertainty:      0.199ns  ((TSJ^2 + DJ^2)^1/2) / 2 + PE
    Total System Jitter     (TSJ):    0.050ns
    Discrete Jitter          (DJ):    0.163ns
    Phase Error              (PE):    0.114ns
  Timing Exception:       False Path

    Location             Delay type                Incr(ns)  Path(ns)    Netlist Resource(s)
  -------------------------------------------------------------------    -------------------
                         (clock clk_50m_unbuf rise edge)
                                                      0.000     0.000 r  
    E3                                                0.000     0.000 r  clk_100m_i (IN)
                         net (fo=0)                   0.000     0.000    clk_100m_i
    E3                   IBUF (Prop_ibuf_I_O)         0.250     0.250 r  clk_100m_i_IBUF_inst/O
                         net (fo=1, routed)           0.440     0.690    clk_100m_i_IBUF
    MMCME2_ADV_X1Y2      MMCME2_ADV (Prop_mmcme2_adv_CLKIN1_CLKOUT0)
                                                     -2.379    -1.689 r  u_mmcm/CLKOUT0
                         net (fo=1, routed)           0.499    -1.190    clk_50m_unbuf
    BUFGCTRL_X0Y16       BUFG (Prop_bufg_I_O)         0.026    -1.164 r  u_bufg_clk50/O
                         net (fo=4563, routed)        0.566    -0.598    u_soc_top/u_peripherals/u_gpio/clk_50m
    SLICE_X28Y106        FDCE                                         r  u_soc_top/u_peripherals/u_gpio/data_out_q_reg[7]_lopt_replica/C
  -------------------------------------------------------------------    -------------------
    SLICE_X28Y106        FDCE (Prop_fdce_C_Q)         0.141    -0.457 r  u_soc_top/u_peripherals/u_gpio/data_out_q_reg[7]_lopt_replica/Q
                         net (fo=1, routed)           0.726     0.268    lopt
    K16                  OBUF (Prop_obuf_I_O)         1.194     1.463 r  afe_pwdn_no_OBUF_inst/O
                         net (fo=0)                   0.000     1.463    afe_pwdn_no
    K16                                                               r  afe_pwdn_no (OUT)
  -------------------------------------------------------------------    -------------------





--------------------------------------------------------------------------------------
Path Group:  (none)
From Clock:  
  To Clock:  clk_50m_unbuf

Max Delay             7 Endpoints
Min Delay             7 Endpoints
--------------------------------------------------------------------------------------


Max Delay Paths
--------------------------------------------------------------------------------------
Slack:                    inf
  Source:                 gpio_in_i[0]
                            (input port)
  Destination:            u_soc_top/u_peripherals/u_gpio/sync_stage1_q_reg[0]/D
                            (rising edge-triggered cell FDCE clocked by clk_50m_unbuf  {rise@0.000ns fall@10.000ns period=20.000ns})
  Path Group:             (none)
  Path Type:              Setup (Max at Slow Process Corner)
  Data Path Delay:        5.701ns  (logic 1.487ns (26.089%)  route 4.214ns (73.911%))
  Logic Levels:           1  (IBUF=1)
  Clock Path Skew:        -1.529ns (DCD - SCD + CPR)
    Destination Clock Delay (DCD):    -1.529ns
    Source Clock Delay      (SCD):    0.000ns
    Clock Pessimism Removal (CPR):    0.000ns
  Clock Uncertainty:      0.199ns  ((TSJ^2 + DJ^2)^1/2) / 2 + PE
    Total System Jitter     (TSJ):    0.050ns
    Discrete Jitter          (DJ):    0.163ns
    Phase Error              (PE):    0.114ns
  Timing Exception:       False Path

    Location             Delay type                Incr(ns)  Path(ns)    Netlist Resource(s)
  -------------------------------------------------------------------    -------------------
    D9                                                0.000     0.000 r  gpio_in_i[0] (IN)
                         net (fo=0)                   0.000     0.000    gpio_in_i[0]
    D9                   IBUF (Prop_ibuf_I_O)         1.487     1.487 r  gpio_in_i_IBUF[0]_inst/O
                         net (fo=1, routed)           4.214     5.701    u_soc_top/u_peripherals/u_gpio/sync_stage1_q_reg[3]_0[0]
    SLICE_X41Y118        FDCE                                         r  u_soc_top/u_peripherals/u_gpio/sync_stage1_q_reg[0]/D
  -------------------------------------------------------------------    -------------------

                         (clock clk_50m_unbuf rise edge)
                                                      0.000     0.000 r  
    E3                                                0.000     0.000 r  clk_100m_i (IN)
                         net (fo=0)                   0.000     0.000    clk_100m_i
    E3                   IBUF (Prop_ibuf_I_O)         1.411     1.411 r  clk_100m_i_IBUF_inst/O
                         net (fo=1, routed)           1.162     2.573    clk_100m_i_IBUF
    MMCME2_ADV_X1Y2      MMCME2_ADV (Prop_mmcme2_adv_CLKIN1_CLKOUT0)
                                                     -7.324    -4.751 r  u_mmcm/CLKOUT0
                         net (fo=1, routed)           1.639    -3.112    clk_50m_unbuf
    BUFGCTRL_X0Y16       BUFG (Prop_bufg_I_O)         0.091    -3.021 r  u_bufg_clk50/O
                         net (fo=4563, routed)        1.492    -1.529    u_soc_top/u_peripherals/u_gpio/clk_50m
    SLICE_X41Y118        FDCE                                         r  u_soc_top/u_peripherals/u_gpio/sync_stage1_q_reg[0]/C





Min Delay Paths
--------------------------------------------------------------------------------------
Slack:                    inf
  Source:                 afe_drdy_ni
                            (input port)
  Destination:            u_soc_top/u_peripherals/u_spi_master/u_spi_core/drdy_sync_q_reg[0]/D
                            (rising edge-triggered cell FDPE clocked by clk_50m_unbuf  {rise@0.000ns fall@10.000ns period=20.000ns})
  Path Group:             (none)
  Path Type:              Hold (Min at Fast Process Corner)
  Data Path Delay:        1.344ns  (logic 0.256ns (19.063%)  route 1.087ns (80.937%))
  Logic Levels:           1  (IBUF=1)
  Clock Path Skew:        -0.849ns (DCD - SCD - CPR)
    Destination Clock Delay (DCD):    -0.849ns
    Source Clock Delay      (SCD):    0.000ns
    Clock Pessimism Removal (CPR):    -0.000ns
  Timing Exception:       False Path

    Location             Delay type                Incr(ns)  Path(ns)    Netlist Resource(s)
  -------------------------------------------------------------------    -------------------
    D13                                               0.000     0.000 r  afe_drdy_ni (IN)
                         net (fo=0)                   0.000     0.000    afe_drdy_ni
    D13                  IBUF (Prop_ibuf_I_O)         0.256     0.256 r  afe_drdy_ni_IBUF_inst/O
                         net (fo=1, routed)           1.087     1.344    u_soc_top/u_peripherals/u_spi_master/u_spi_core/drdy_sync_q_reg[0]_0[0]
    SLICE_X42Y117        FDPE                                         r  u_soc_top/u_peripherals/u_spi_master/u_spi_core/drdy_sync_q_reg[0]/D
  -------------------------------------------------------------------    -------------------

                         (clock clk_50m_unbuf rise edge)
                                                      0.000     0.000 r  
    E3                                                0.000     0.000 r  clk_100m_i (IN)
                         net (fo=0)                   0.000     0.000    clk_100m_i
    E3                   IBUF (Prop_ibuf_I_O)         0.438     0.438 r  clk_100m_i_IBUF_inst/O
                         net (fo=1, routed)           0.480     0.918    clk_100m_i_IBUF
    MMCME2_ADV_X1Y2      MMCME2_ADV (Prop_mmcme2_adv_CLKIN1_CLKOUT0)
                                                     -3.163    -2.245 r  u_mmcm/CLKOUT0
                         net (fo=1, routed)           0.544    -1.702    clk_50m_unbuf
    BUFGCTRL_X0Y16       BUFG (Prop_bufg_I_O)         0.029    -1.673 r  u_bufg_clk50/O
                         net (fo=4563, routed)        0.823    -0.849    u_soc_top/u_peripherals/u_spi_master/u_spi_core/clk_50m
    SLICE_X42Y117        FDPE                                         r  u_soc_top/u_peripherals/u_spi_master/u_spi_core/drdy_sync_q_reg[0]/C





--------------------------------------------------------------------------------------
Path Group:  (none)
From Clock:  clk_50m_unbuf
  To Clock:  

Max Delay             4 Endpoints
Min Delay             4 Endpoints
--------------------------------------------------------------------------------------


Max Delay Paths
--------------------------------------------------------------------------------------
Slack:                    inf
  Source:                 u_soc_top/u_peripherals/u_spi_master/u_spi_core/FSM_sequential_state_q_reg[1]/C
                            (rising edge-triggered cell FDCE clocked by clk_50m_unbuf  {rise@0.000ns fall@10.000ns period=20.000ns})
  Destination:            afe_cs_no
                            (output port)
  Path Group:             (none)
  Path Type:              Max at Slow Process Corner
  Data Path Delay:        9.264ns  (logic 4.110ns (44.361%)  route 5.154ns (55.639%))
  Logic Levels:           2  (LUT3=1 OBUF=1)
  Clock Uncertainty:      0.199ns  ((TSJ^2 + DJ^2)^1/2) / 2 + PE
    Total System Jitter     (TSJ):    0.050ns
    Discrete Jitter          (DJ):    0.163ns
    Phase Error              (PE):    0.114ns

    Location             Delay type                Incr(ns)  Path(ns)    Netlist Resource(s)
  -------------------------------------------------------------------    -------------------
                         (clock clk_50m_unbuf rise edge)
                                                      0.000     0.000 r  
    E3                                                0.000     0.000 r  clk_100m_i (IN)
                         net (fo=0)                   0.000     0.000    clk_100m_i
    E3                   IBUF (Prop_ibuf_I_O)         1.482     1.482 r  clk_100m_i_IBUF_inst/O
                         net (fo=1, routed)           1.233     2.715    clk_100m_i_IBUF
    MMCME2_ADV_X1Y2      MMCME2_ADV (Prop_mmcme2_adv_CLKIN1_CLKOUT0)
                                                     -7.070    -4.355 r  u_mmcm/CLKOUT0
                         net (fo=1, routed)           1.719    -2.636    clk_50m_unbuf
    BUFGCTRL_X0Y16       BUFG (Prop_bufg_I_O)         0.096    -2.540 r  u_bufg_clk50/O
                         net (fo=4563, routed)        1.623    -0.917    u_soc_top/u_peripherals/u_spi_master/u_spi_core/clk_50m
    SLICE_X39Y103        FDCE                                         r  u_soc_top/u_peripherals/u_spi_master/u_spi_core/FSM_sequential_state_q_reg[1]/C
  -------------------------------------------------------------------    -------------------
    SLICE_X39Y103        FDCE (Prop_fdce_C_Q)         0.456    -0.461 f  u_soc_top/u_peripherals/u_spi_master/u_spi_core/FSM_sequential_state_q_reg[1]/Q
                         net (fo=51, routed)          0.927     0.466    u_soc_top/u_peripherals/u_spi_master/u_spi_core/state_q[1]
    SLICE_X41Y103        LUT3 (Prop_lut3_I0_O)        0.124     0.590 r  u_soc_top/u_peripherals/u_spi_master/u_spi_core/afe_cs_no_OBUF_inst_i_1/O
                         net (fo=3, routed)           4.227     4.817    afe_cs_no_OBUF
    G13                  OBUF (Prop_obuf_I_O)         3.530     8.347 r  afe_cs_no_OBUF_inst/O
                         net (fo=0)                   0.000     8.347    afe_cs_no
    G13                                                               r  afe_cs_no (OUT)
  -------------------------------------------------------------------    -------------------





Min Delay Paths
--------------------------------------------------------------------------------------
Slack:                    inf
  Source:                 u_soc_top/u_peripherals/u_spi_master/u_spi_core/sclk_q_reg/C
                            (rising edge-triggered cell FDCE clocked by clk_50m_unbuf  {rise@0.000ns fall@10.000ns period=20.000ns})
  Destination:            afe_sclk_o
                            (output port)
  Path Group:             (none)
  Path Type:              Min at Fast Process Corner
  Data Path Delay:        2.619ns  (logic 1.392ns (53.173%)  route 1.226ns (46.827%))
  Logic Levels:           1  (OBUF=1)
  Clock Uncertainty:      0.199ns  ((TSJ^2 + DJ^2)^1/2) / 2 + PE
    Total System Jitter     (TSJ):    0.050ns
    Discrete Jitter          (DJ):    0.163ns
    Phase Error              (PE):    0.114ns

    Location             Delay type                Incr(ns)  Path(ns)    Netlist Resource(s)
  -------------------------------------------------------------------    -------------------
                         (clock clk_50m_unbuf rise edge)
                                                      0.000     0.000 r  
    E3                                                0.000     0.000 r  clk_100m_i (IN)
                         net (fo=0)                   0.000     0.000    clk_100m_i
    E3                   IBUF (Prop_ibuf_I_O)         0.250     0.250 r  clk_100m_i_IBUF_inst/O
                         net (fo=1, routed)           0.440     0.690    clk_100m_i_IBUF
    MMCME2_ADV_X1Y2      MMCME2_ADV (Prop_mmcme2_adv_CLKIN1_CLKOUT0)
                                                     -2.379    -1.689 r  u_mmcm/CLKOUT0
                         net (fo=1, routed)           0.499    -1.190    clk_50m_unbuf
    BUFGCTRL_X0Y16       BUFG (Prop_bufg_I_O)         0.026    -1.164 r  u_bufg_clk50/O
                         net (fo=4563, routed)        0.563    -0.601    u_soc_top/u_peripherals/u_spi_master/u_spi_core/clk_50m
    SLICE_X39Y102        FDCE                                         r  u_soc_top/u_peripherals/u_spi_master/u_spi_core/sclk_q_reg/C
  -------------------------------------------------------------------    -------------------
    SLICE_X39Y102        FDCE (Prop_fdce_C_Q)         0.141    -0.460 r  u_soc_top/u_peripherals/u_spi_master/u_spi_core/sclk_q_reg/Q
                         net (fo=8, routed)           1.226     0.766    afe_sclk_o_OBUF
    D12                  OBUF (Prop_obuf_I_O)         1.251     2.018 r  afe_sclk_o_OBUF_inst/O
                         net (fo=0)                   0.000     2.018    afe_sclk_o
    D12                                                               r  afe_sclk_o (OUT)
  -------------------------------------------------------------------    -------------------





--------------------------------------------------------------------------------------
Path Group:  (none)
From Clock:  clkfb_unbuf
  To Clock:  

Max Delay             1 Endpoint
Min Delay             1 Endpoint
--------------------------------------------------------------------------------------


Max Delay Paths
--------------------------------------------------------------------------------------
Slack:                    inf
  Source:                 u_mmcm/CLKFBOUT
                            (clock source 'clkfb_unbuf'  {rise@0.000ns fall@5.000ns period=10.000ns})
  Destination:            u_mmcm/CLKFBIN
  Path Group:             (none)
  Path Type:              Max at Fast Process Corner
  Data Path Delay:        1.396ns  (logic 0.029ns (2.077%)  route 1.367ns (97.923%))
  Logic Levels:           1  (BUFG=1)
  Clock Uncertainty:      0.168ns  ((TSJ^2 + DJ^2)^1/2) / 2 + PE
    Total System Jitter     (TSJ):    0.050ns
    Discrete Jitter          (DJ):    0.096ns
    Phase Error              (PE):    0.114ns

    Location             Delay type                Incr(ns)  Path(ns)    Netlist Resource(s)
  -------------------------------------------------------------------    -------------------
                         (clock clkfb_unbuf fall edge)
                                                      5.000     5.000 f  
    E3                                                0.000     5.000 f  clk_100m_i (IN)
                         net (fo=0)                   0.000     5.000    clk_100m_i
    E3                   IBUF (Prop_ibuf_I_O)         0.438     5.438 f  clk_100m_i_IBUF_inst/O
                         net (fo=1, routed)           0.480     5.918    clk_100m_i_IBUF
  -------------------------------------------------------------------    -------------------
    MMCME2_ADV_X1Y2      MMCME2_ADV (Prop_mmcme2_adv_CLKIN1_CLKFBOUT)
                                                     -3.163     2.755 f  u_mmcm/CLKFBOUT
                         net (fo=1, routed)           0.544     3.298    clkfb_unbuf
    BUFGCTRL_X0Y17       BUFG (Prop_bufg_I_O)         0.029     3.327 f  u_bufg_fb/O
                         net (fo=1, routed)           0.824     4.151    clkfb
    MMCME2_ADV_X1Y2      MMCME2_ADV                                   f  u_mmcm/CLKFBIN
  -------------------------------------------------------------------    -------------------





Min Delay Paths
--------------------------------------------------------------------------------------
Slack:                    inf
  Source:                 u_mmcm/CLKFBOUT
                            (clock source 'clkfb_unbuf'  {rise@0.000ns fall@5.000ns period=10.000ns})
  Destination:            u_mmcm/CLKFBIN
  Path Group:             (none)
  Path Type:              Min at Slow Process Corner
  Data Path Delay:        3.236ns  (logic 0.091ns (2.812%)  route 3.145ns (97.188%))
  Logic Levels:           1  (BUFG=1)
  Clock Uncertainty:      0.168ns  ((TSJ^2 + DJ^2)^1/2) / 2 + PE
    Total System Jitter     (TSJ):    0.050ns
    Discrete Jitter          (DJ):    0.096ns
    Phase Error              (PE):    0.114ns

    Location             Delay type                Incr(ns)  Path(ns)    Netlist Resource(s)
  -------------------------------------------------------------------    -------------------
                         (clock clkfb_unbuf rise edge)
                                                      0.000     0.000 r  
    E3                                                0.000     0.000 r  clk_100m_i (IN)
                         net (fo=0)                   0.000     0.000    clk_100m_i
    E3                   IBUF (Prop_ibuf_I_O)         1.411     1.411 r  clk_100m_i_IBUF_inst/O
                         net (fo=1, routed)           1.162     2.573    clk_100m_i_IBUF
  -------------------------------------------------------------------    -------------------
    MMCME2_ADV_X1Y2      MMCME2_ADV (Prop_mmcme2_adv_CLKIN1_CLKFBOUT)
                                                     -7.324    -4.751 r  u_mmcm/CLKFBOUT
                         net (fo=1, routed)           1.639    -3.112    clkfb_unbuf
    BUFGCTRL_X0Y17       BUFG (Prop_bufg_I_O)         0.091    -3.021 r  u_bufg_fb/O
                         net (fo=1, routed)           1.506    -1.515    clkfb
    MMCME2_ADV_X1Y2      MMCME2_ADV                                   r  u_mmcm/CLKFBIN
  -------------------------------------------------------------------    -------------------





--------------------------------------------------------------------------------------
Path Group:  (none)
From Clock:  
  To Clock:  clk_50m_unbuf

Max Delay             6 Endpoints
Min Delay             6 Endpoints
--------------------------------------------------------------------------------------


Max Delay Paths
--------------------------------------------------------------------------------------
Slack:                    inf
  Source:                 afe_miso_i
                            (input port)
  Destination:            u_soc_top/u_peripherals/u_spi_master/u_spi_core/rx_ch1_shreg_q_reg[0]/D
                            (rising edge-triggered cell FDCE clocked by clk_50m_unbuf  {rise@0.000ns fall@10.000ns period=20.000ns})
  Path Group:             (none)
  Path Type:              Setup (Max at Slow Process Corner)
  Data Path Delay:        5.444ns  (logic 1.511ns (27.762%)  route 3.933ns (72.238%))
  Logic Levels:           1  (IBUF=1)
  Clock Path Skew:        -1.532ns (DCD - SCD + CPR)
    Destination Clock Delay (DCD):    -1.532ns
    Source Clock Delay      (SCD):    0.000ns
    Clock Pessimism Removal (CPR):    0.000ns
  Clock Uncertainty:      0.199ns  ((TSJ^2 + DJ^2)^1/2) / 2 + PE
    Total System Jitter     (TSJ):    0.050ns
    Discrete Jitter          (DJ):    0.163ns
    Phase Error              (PE):    0.114ns

    Location             Delay type                Incr(ns)  Path(ns)    Netlist Resource(s)
  -------------------------------------------------------------------    -------------------
    A11                                               0.000     0.000 r  afe_miso_i (IN)
                         net (fo=0)                   0.000     0.000    afe_miso_i
    A11                  IBUF (Prop_ibuf_I_O)         1.511     1.511 r  afe_miso_i_IBUF_inst/O
                         net (fo=3, routed)           3.933     5.444    u_soc_top/u_peripherals/u_spi_master/u_spi_core/rx_ch1_shreg_q_reg[0]_0[0]
    SLICE_X52Y100        FDCE                                         r  u_soc_top/u_peripherals/u_spi_master/u_spi_core/rx_ch1_shreg_q_reg[0]/D
  -------------------------------------------------------------------    -------------------

                         (clock clk_50m_unbuf rise edge)
                                                      0.000     0.000 r  
    E3                                                0.000     0.000 r  clk_100m_i (IN)
                         net (fo=0)                   0.000     0.000    clk_100m_i
    E3                   IBUF (Prop_ibuf_I_O)         1.411     1.411 r  clk_100m_i_IBUF_inst/O
                         net (fo=1, routed)           1.162     2.573    clk_100m_i_IBUF
    MMCME2_ADV_X1Y2      MMCME2_ADV (Prop_mmcme2_adv_CLKIN1_CLKOUT0)
                                                     -7.324    -4.751 r  u_mmcm/CLKOUT0
                         net (fo=1, routed)           1.639    -3.112    clk_50m_unbuf
    BUFGCTRL_X0Y16       BUFG (Prop_bufg_I_O)         0.091    -3.021 r  u_bufg_clk50/O
                         net (fo=4563, routed)        1.489    -1.532    u_soc_top/u_peripherals/u_spi_master/u_spi_core/clk_50m
    SLICE_X52Y100        FDCE                                         r  u_soc_top/u_peripherals/u_spi_master/u_spi_core/rx_ch1_shreg_q_reg[0]/C





Min Delay Paths
--------------------------------------------------------------------------------------
Slack:                    inf
  Source:                 u_mmcm/LOCKED
                            (internal pin)
  Destination:            rst_sync_q_reg[0]/D
                            (rising edge-triggered cell FDCE clocked by clk_50m_unbuf  {rise@0.000ns fall@10.000ns period=20.000ns})
  Path Group:             (none)
  Path Type:              Hold (Min at Fast Process Corner)
  Data Path Delay:        1.290ns  (logic 0.000ns (0.000%)  route 1.290ns (100.000%))
  Logic Levels:           0  
  Clock Uncertainty:      0.199ns  ((TSJ^2 + DJ^2)^1/2) / 2 + PE
    Total System Jitter     (TSJ):    0.050ns
    Discrete Jitter          (DJ):    0.163ns
    Phase Error              (PE):    0.114ns

    Location             Delay type                Incr(ns)  Path(ns)    Netlist Resource(s)
  -------------------------------------------------------------------    -------------------
    MMCME2_ADV_X1Y2      MMCME2_ADV                   0.000     0.000 r  u_mmcm/LOCKED
                         net (fo=2, routed)           1.290     1.290    mmcm_locked
    SLICE_X44Y114        FDCE                                         r  rst_sync_q_reg[0]/D
  -------------------------------------------------------------------    -------------------

                         (clock clk_50m_unbuf rise edge)
                                                      0.000     0.000 r  
    E3                                                0.000     0.000 r  clk_100m_i (IN)
                         net (fo=0)                   0.000     0.000    clk_100m_i
    E3                   IBUF (Prop_ibuf_I_O)         0.438     0.438 r  clk_100m_i_IBUF_inst/O
                         net (fo=1, routed)           0.480     0.918    clk_100m_i_IBUF
    MMCME2_ADV_X1Y2      MMCME2_ADV (Prop_mmcme2_adv_CLKIN1_CLKOUT0)
                                                     -3.163    -2.245 r  u_mmcm/CLKOUT0
                         net (fo=1, routed)           0.544    -1.702    clk_50m_unbuf
    BUFGCTRL_X0Y16       BUFG (Prop_bufg_I_O)         0.029    -1.673 r  u_bufg_clk50/O
                         net (fo=4563, routed)        0.826    -0.846    clk_50m
    SLICE_X44Y114        FDCE                                         r  rst_sync_q_reg[0]/C





