Copyright 1986-2022 Xilinx, Inc. All Rights Reserved. Copyright 2022-2023 Advanced Micro Devices, Inc. All Rights Reserved.
---------------------------------------------------------------------------------------------------------------------------------------------------
| Tool Version : Vivado v.2023.2 (win64) Build 4029153 Fri Oct 13 20:14:34 MDT 2023
| Date         : Tue Oct  6 14:04:11 2026
| Host         : DESKTOP-5BKHJFE running 64-bit major release  (build 9200)
| Command      : report_timing -delay_type min -max_paths 20 -file E:/ResearchOnWork/RISC_V_CORE/Synthesis/fpga/ecg_artix7/reports/timing_hold.rpt
| Design       : ecg_arty_top
| Device       : 7a100t-csg324
| Speed File   : -1  PRODUCTION 1.23 2018-06-13
| Design State : Routed
---------------------------------------------------------------------------------------------------------------------------------------------------

Timing Report

Slack (MET) :             0.063ns  (arrival time - required time)
  Source:                 u_soc_top/u_peripherals/u_spi_master/u_spi_core/rx_ch2_shreg_q_reg[8]/C
                            (rising edge-triggered cell FDCE clocked by clk_50m_unbuf  {rise@0.000ns fall@10.000ns period=20.000ns})
  Destination:            u_soc_top/u_peripherals/u_spi_master/u_spi_core/rx_ch2_shreg_q_reg[9]/D
                            (rising edge-triggered cell FDCE clocked by clk_50m_unbuf  {rise@0.000ns fall@10.000ns period=20.000ns})
  Path Group:             clk_50m_unbuf
  Path Type:              Hold (Min at Fast Process Corner)
  Requirement:            0.000ns  (clk_50m_unbuf rise@0.000ns - clk_50m_unbuf rise@0.000ns)
  Data Path Delay:        0.351ns  (logic 0.128ns (36.480%)  route 0.223ns (63.520%))
  Logic Levels:           0  
  Clock Path Skew:        0.264ns (DCD - SCD - CPR)
    Destination Clock Delay (DCD):    -0.844ns
    Source Clock Delay      (SCD):    -0.604ns
    Clock Pessimism Removal (CPR):    -0.504ns

    Location             Delay type                Incr(ns)  Path(ns)    Netlist Resource(s)
  -------------------------------------------------------------------    -------------------
                         (clock clk_50m_unbuf rise edge)
                                                      0.000     0.000 r  
    E3                                                0.000     0.000 r  clk_100m_i (IN)
                         net (fo=0)                   0.000     0.000    clk_100m_i
    E3                   IBUF (Prop_ibuf_I_O)         0.250     0.250 r  clk_100m_i_IBUF_inst/O
                         net (fo=1, routed)           0.440     0.690    clk_100m_i_IBUF
    MMCME2_ADV_X1Y2      MMCME2_ADV (Prop_mmcme2_adv_CLKIN1_CLKOUT0)
                                                     -2.379    -1.689 r  u_mmcm/CLKOUT0
                         net (fo=1, routed)           0.499    -1.190    clk_50m_unbuf
    BUFGCTRL_X0Y16       BUFG (Prop_bufg_I_O)         0.026    -1.164 r  u_bufg_clk50/O
                         net (fo=4563, routed)        0.560    -0.604    u_soc_top/u_peripherals/u_spi_master/u_spi_core/clk_50m
    SLICE_X51Y101        FDCE                                         r  u_soc_top/u_peripherals/u_spi_master/u_spi_core/rx_ch2_shreg_q_reg[8]/C
  -------------------------------------------------------------------    -------------------
    SLICE_X51Y101        FDCE (Prop_fdce_C_Q)         0.128    -0.476 r  u_soc_top/u_peripherals/u_spi_master/u_spi_core/rx_ch2_shreg_q_reg[8]/Q
                         net (fo=2, routed)           0.223    -0.253    u_soc_top/u_peripherals/u_spi_master/u_spi_core/rx_ch2_shreg_q[8]
    SLICE_X53Y101        FDCE                                         r  u_soc_top/u_peripherals/u_spi_master/u_spi_core/rx_ch2_shreg_q_reg[9]/D
  -------------------------------------------------------------------    -------------------

                         (clock clk_50m_unbuf rise edge)
                                                      0.000     0.000 r  
    E3                                                0.000     0.000 r  clk_100m_i (IN)
                         net (fo=0)                   0.000     0.000    clk_100m_i
    E3                   IBUF (Prop_ibuf_I_O)         0.438     0.438 r  clk_100m_i_IBUF_inst/O
                         net (fo=1, routed)           0.480     0.918    clk_100m_i_IBUF
    MMCME2_ADV_X1Y2      MMCME2_ADV (Prop_mmcme2_adv_CLKIN1_CLKOUT0)
                                                     -3.163    -2.245 r  u_mmcm/CLKOUT0
                         net (fo=1, routed)           0.544    -1.702    clk_50m_unbuf
    BUFGCTRL_X0Y16       BUFG (Prop_bufg_I_O)         0.029    -1.673 r  u_bufg_clk50/O
                         net (fo=4563, routed)        0.828    -0.844    u_soc_top/u_peripherals/u_spi_master/u_spi_core/clk_50m
    SLICE_X53Y101        FDCE                                         r  u_soc_top/u_peripherals/u_spi_master/u_spi_core/rx_ch2_shreg_q_reg[9]/C
                         clock pessimism              0.504    -0.340    
    SLICE_X53Y101        FDCE (Hold_fdce_C_D)         0.024    -0.316    u_soc_top/u_peripherals/u_spi_master/u_spi_core/rx_ch2_shreg_q_reg[9]
  -------------------------------------------------------------------
                         required time                          0.316    
                         arrival time                          -0.253    
  -------------------------------------------------------------------
                         slack                                  0.063    

Slack (MET) :             0.068ns  (arrival time - required time)
  Source:                 u_soc_top/u_peripherals/u_spi_master/u_spi_core/rx_ch2_shreg_q_reg[8]/C
                            (rising edge-triggered cell FDCE clocked by clk_50m_unbuf  {rise@0.000ns fall@10.000ns period=20.000ns})
  Destination:            u_soc_top/u_peripherals/u_spi_master/u_spi_core/rx_ch2_latch_q_reg[8]/D
                            (rising edge-triggered cell FDCE clocked by clk_50m_unbuf  {rise@0.000ns fall@10.000ns period=20.000ns})
  Path Group:             clk_50m_unbuf
  Path Type:              Hold (Min at Fast Process Corner)
  Requirement:            0.000ns  (clk_50m_unbuf rise@0.000ns - clk_50m_unbuf rise@0.000ns)
  Data Path Delay:        0.349ns  (logic 0.128ns (36.719%)  route 0.221ns (63.281%))
  Logic Levels:           0  
  Clock Path Skew:        0.264ns (DCD - SCD - CPR)
    Destination Clock Delay (DCD):    -0.844ns
    Source Clock Delay      (SCD):    -0.604ns
    Clock Pessimism Removal (CPR):    -0.504ns

    Location             Delay type                Incr(ns)  Path(ns)    Netlist Resource(s)
  -------------------------------------------------------------------    -------------------
                         (clock clk_50m_unbuf rise edge)
                                                      0.000     0.000 r  
    E3                                                0.000     0.000 r  clk_100m_i (IN)
                         net (fo=0)                   0.000     0.000    clk_100m_i
    E3                   IBUF (Prop_ibuf_I_O)         0.250     0.250 r  clk_100m_i_IBUF_inst/O
                         net (fo=1, routed)           0.440     0.690    clk_100m_i_IBUF
    MMCME2_ADV_X1Y2      MMCME2_ADV (Prop_mmcme2_adv_CLKIN1_CLKOUT0)
                                                     -2.379    -1.689 r  u_mmcm/CLKOUT0
                         net (fo=1, routed)           0.499    -1.190    clk_50m_unbuf
    BUFGCTRL_X0Y16       BUFG (Prop_bufg_I_O)         0.026    -1.164 r  u_bufg_clk50/O
                         net (fo=4563, routed)        0.560    -0.604    u_soc_top/u_peripherals/u_spi_master/u_spi_core/clk_50m
    SLICE_X51Y101        FDCE                                         r  u_soc_top/u_peripherals/u_spi_master/u_spi_core/rx_ch2_shreg_q_reg[8]/C
  -------------------------------------------------------------------    -------------------
    SLICE_X51Y101        FDCE (Prop_fdce_C_Q)         0.128    -0.476 r  u_soc_top/u_peripherals/u_spi_master/u_spi_core/rx_ch2_shreg_q_reg[8]/Q
                         net (fo=2, routed)           0.221    -0.256    u_soc_top/u_peripherals/u_spi_master/u_spi_core/rx_ch2_shreg_q[8]
    SLICE_X52Y101        FDCE                                         r  u_soc_top/u_peripherals/u_spi_master/u_spi_core/rx_ch2_latch_q_reg[8]/D
  -------------------------------------------------------------------    -------------------

                         (clock clk_50m_unbuf rise edge)
                                                      0.000     0.000 r  
    E3                                                0.000     0.000 r  clk_100m_i (IN)
                         net (fo=0)                   0.000     0.000    clk_100m_i
    E3                   IBUF (Prop_ibuf_I_O)         0.438     0.438 r  clk_100m_i_IBUF_inst/O
                         net (fo=1, routed)           0.480     0.918    clk_100m_i_IBUF
    MMCME2_ADV_X1Y2      MMCME2_ADV (Prop_mmcme2_adv_CLKIN1_CLKOUT0)
                                                     -3.163    -2.245 r  u_mmcm/CLKOUT0
                         net (fo=1, routed)           0.544    -1.702    clk_50m_unbuf
    BUFGCTRL_X0Y16       BUFG (Prop_bufg_I_O)         0.029    -1.673 r  u_bufg_clk50/O
                         net (fo=4563, routed)        0.828    -0.844    u_soc_top/u_peripherals/u_spi_master/u_spi_core/clk_50m
    SLICE_X52Y101        FDCE                                         r  u_soc_top/u_peripherals/u_spi_master/u_spi_core/rx_ch2_latch_q_reg[8]/C
                         clock pessimism              0.504    -0.340    
    SLICE_X52Y101        FDCE (Hold_fdce_C_D)         0.017    -0.323    u_soc_top/u_peripherals/u_spi_master/u_spi_core/rx_ch2_latch_q_reg[8]
  -------------------------------------------------------------------
                         required time                          0.323    
                         arrival time                          -0.256    
  -------------------------------------------------------------------
                         slack                                  0.068    

Slack (MET) :             0.074ns  (arrival time - required time)
  Source:                 u_soc_top/u_peripherals/u_spi_master/u_spi_core/rx_ch1_shreg_q_reg[10]/C
                            (rising edge-triggered cell FDCE clocked by clk_50m_unbuf  {rise@0.000ns fall@10.000ns period=20.000ns})
  Destination:            u_soc_top/u_peripherals/u_spi_master/u_spi_core/rx_ch1_shreg_q_reg[11]/D
                            (rising edge-triggered cell FDCE clocked by clk_50m_unbuf  {rise@0.000ns fall@10.000ns period=20.000ns})
  Path Group:             clk_50m_unbuf
  Path Type:              Hold (Min at Fast Process Corner)
  Requirement:            0.000ns  (clk_50m_unbuf rise@0.000ns - clk_50m_unbuf rise@0.000ns)
  Data Path Delay:        0.385ns  (logic 0.164ns (42.588%)  route 0.221ns (57.412%))
  Logic Levels:           0  
  Clock Path Skew:        0.264ns (DCD - SCD - CPR)
    Destination Clock Delay (DCD):    -0.844ns
    Source Clock Delay      (SCD):    -0.604ns
    Clock Pessimism Removal (CPR):    -0.504ns

    Location             Delay type                Incr(ns)  Path(ns)    Netlist Resource(s)
  -------------------------------------------------------------------    -------------------
                         (clock clk_50m_unbuf rise edge)
                                                      0.000     0.000 r  
    E3                                                0.000     0.000 r  clk_100m_i (IN)
                         net (fo=0)                   0.000     0.000    clk_100m_i
    E3                   IBUF (Prop_ibuf_I_O)         0.250     0.250 r  clk_100m_i_IBUF_inst/O
                         net (fo=1, routed)           0.440     0.690    clk_100m_i_IBUF
    MMCME2_ADV_X1Y2      MMCME2_ADV (Prop_mmcme2_adv_CLKIN1_CLKOUT0)
                                                     -2.379    -1.689 r  u_mmcm/CLKOUT0
                         net (fo=1, routed)           0.499    -1.190    clk_50m_unbuf
    BUFGCTRL_X0Y16       BUFG (Prop_bufg_I_O)         0.026    -1.164 r  u_bufg_clk50/O
                         net (fo=4563, routed)        0.560    -0.604    u_soc_top/u_peripherals/u_spi_master/u_spi_core/clk_50m
    SLICE_X50Y100        FDCE                                         r  u_soc_top/u_peripherals/u_spi_master/u_spi_core/rx_ch1_shreg_q_reg[10]/C
  -------------------------------------------------------------------    -------------------
    SLICE_X50Y100        FDCE (Prop_fdce_C_Q)         0.164    -0.440 r  u_soc_top/u_peripherals/u_spi_master/u_spi_core/rx_ch1_shreg_q_reg[10]/Q
                         net (fo=2, routed)           0.221    -0.219    u_soc_top/u_peripherals/u_spi_master/u_spi_core/rx_ch1_shreg_q[10]
    SLICE_X52Y100        FDCE                                         r  u_soc_top/u_peripherals/u_spi_master/u_spi_core/rx_ch1_shreg_q_reg[11]/D
  -------------------------------------------------------------------    -------------------

                         (clock clk_50m_unbuf rise edge)
                                                      0.000     0.000 r  
    E3                                                0.000     0.000 r  clk_100m_i (IN)
                         net (fo=0)                   0.000     0.000    clk_100m_i
    E3                   IBUF (Prop_ibuf_I_O)         0.438     0.438 r  clk_100m_i_IBUF_inst/O
                         net (fo=1, routed)           0.480     0.918    clk_100m_i_IBUF
    MMCME2_ADV_X1Y2      MMCME2_ADV (Prop_mmcme2_adv_CLKIN1_CLKOUT0)
                                                     -3.163    -2.245 r  u_mmcm/CLKOUT0
                         net (fo=1, routed)           0.544    -1.702    clk_50m_unbuf
    BUFGCTRL_X0Y16       BUFG (Prop_bufg_I_O)         0.029    -1.673 r  u_bufg_clk50/O
                         net (fo=4563, routed)        0.828    -0.844    u_soc_top/u_peripherals/u_spi_master/u_spi_core/clk_50m
    SLICE_X52Y100        FDCE                                         r  u_soc_top/u_peripherals/u_spi_master/u_spi_core/rx_ch1_shreg_q_reg[11]/C
                         clock pessimism              0.504    -0.340    
    SLICE_X52Y100        FDCE (Hold_fdce_C_D)         0.047    -0.293    u_soc_top/u_peripherals/u_spi_master/u_spi_core/rx_ch1_shreg_q_reg[11]
  -------------------------------------------------------------------
                         required time                          0.293    
                         arrival time                          -0.219    
  -------------------------------------------------------------------
                         slack                                  0.074    

Slack (MET) :             0.089ns  (arrival time - required time)
  Source:                 u_soc_top/u_peripherals/u_spi_master/u_spi_core/rx_ch1_shreg_q_reg[16]/C
                            (rising edge-triggered cell FDCE clocked by clk_50m_unbuf  {rise@0.000ns fall@10.000ns period=20.000ns})
  Destination:            u_soc_top/u_peripherals/u_spi_master/u_spi_core/rx_ch1_shreg_q_reg[17]/D
                            (rising edge-triggered cell FDCE clocked by clk_50m_unbuf  {rise@0.000ns fall@10.000ns period=20.000ns})
  Path Group:             clk_50m_unbuf
  Path Type:              Hold (Min at Fast Process Corner)
  Requirement:            0.000ns  (clk_50m_unbuf rise@0.000ns - clk_50m_unbuf rise@0.000ns)
  Data Path Delay:        0.377ns  (logic 0.128ns (33.909%)  route 0.249ns (66.091%))
  Logic Levels:           0  
  Clock Path Skew:        0.266ns (DCD - SCD - CPR)
    Destination Clock Delay (DCD):    -0.843ns
    Source Clock Delay      (SCD):    -0.605ns
    Clock Pessimism Removal (CPR):    -0.504ns

    Location             Delay type                Incr(ns)  Path(ns)    Netlist Resource(s)
  -------------------------------------------------------------------    -------------------
                         (clock clk_50m_unbuf rise edge)
                                                      0.000     0.000 r  
    E3                                                0.000     0.000 r  clk_100m_i (IN)
                         net (fo=0)                   0.000     0.000    clk_100m_i
    E3                   IBUF (Prop_ibuf_I_O)         0.250     0.250 r  clk_100m_i_IBUF_inst/O
                         net (fo=1, routed)           0.440     0.690    clk_100m_i_IBUF
    MMCME2_ADV_X1Y2      MMCME2_ADV (Prop_mmcme2_adv_CLKIN1_CLKOUT0)
                                                     -2.379    -1.689 r  u_mmcm/CLKOUT0
                         net (fo=1, routed)           0.499    -1.190    clk_50m_unbuf
    BUFGCTRL_X0Y16       BUFG (Prop_bufg_I_O)         0.026    -1.164 r  u_bufg_clk50/O
                         net (fo=4563, routed)        0.559    -0.605    u_soc_top/u_peripherals/u_spi_master/u_spi_core/clk_50m
    SLICE_X52Y100        FDCE                                         r  u_soc_top/u_peripherals/u_spi_master/u_spi_core/rx_ch1_shreg_q_reg[16]/C
  -------------------------------------------------------------------    -------------------
    SLICE_X52Y100        FDCE (Prop_fdce_C_Q)         0.128    -0.477 r  u_soc_top/u_peripherals/u_spi_master/u_spi_core/rx_ch1_shreg_q_reg[16]/Q
                         net (fo=2, routed)           0.249    -0.228    u_soc_top/u_peripherals/u_spi_master/u_spi_core/rx_ch1_shreg_q[16]
    SLICE_X50Y100        FDCE                                         r  u_soc_top/u_peripherals/u_spi_master/u_spi_core/rx_ch1_shreg_q_reg[17]/D
  -------------------------------------------------------------------    -------------------

                         (clock clk_50m_unbuf rise edge)
                                                      0.000     0.000 r  
    E3                                                0.000     0.000 r  clk_100m_i (IN)
                         net (fo=0)                   0.000     0.000    clk_100m_i
    E3                   IBUF (Prop_ibuf_I_O)         0.438     0.438 r  clk_100m_i_IBUF_inst/O
                         net (fo=1, routed)           0.480     0.918    clk_100m_i_IBUF
    MMCME2_ADV_X1Y2      MMCME2_ADV (Prop_mmcme2_adv_CLKIN1_CLKOUT0)
                                                     -3.163    -2.245 r  u_mmcm/CLKOUT0
                         net (fo=1, routed)           0.544    -1.702    clk_50m_unbuf
    BUFGCTRL_X0Y16       BUFG (Prop_bufg_I_O)         0.029    -1.673 r  u_bufg_clk50/O
                         net (fo=4563, routed)        0.830    -0.843    u_soc_top/u_peripherals/u_spi_master/u_spi_core/clk_50m
    SLICE_X50Y100        FDCE                                         r  u_soc_top/u_peripherals/u_spi_master/u_spi_core/rx_ch1_shreg_q_reg[17]/C
                         clock pessimism              0.504    -0.339    
    SLICE_X50Y100        FDCE (Hold_fdce_C_D)         0.023    -0.316    u_soc_top/u_peripherals/u_spi_master/u_spi_core/rx_ch1_shreg_q_reg[17]
  -------------------------------------------------------------------
                         required time                          0.316    
                         arrival time                          -0.228    
  -------------------------------------------------------------------
                         slack                                  0.089    

Slack (MET) :             0.106ns  (arrival time - required time)
  Source:                 u_soc_top/u_peripherals/u_dma/total_samples_q_reg[15]/C
                            (rising edge-triggered cell FDCE clocked by clk_50m_unbuf  {rise@0.000ns fall@10.000ns period=20.000ns})
  Destination:            u_soc_top/u_peripherals/u_dma/total_samples_q_reg[16]/D
                            (rising edge-triggered cell FDCE clocked by clk_50m_unbuf  {rise@0.000ns fall@10.000ns period=20.000ns})
  Path Group:             clk_50m_unbuf
  Path Type:              Hold (Min at Fast Process Corner)
  Requirement:            0.000ns  (clk_50m_unbuf rise@0.000ns - clk_50m_unbuf rise@0.000ns)
  Data Path Delay:        0.476ns  (logic 0.355ns (74.570%)  route 0.121ns (25.430%))
  Logic Levels:           2  (CARRY4=2)
  Clock Path Skew:        0.265ns (DCD - SCD - CPR)
    Destination Clock Delay (DCD):    -0.841ns
    Source Clock Delay      (SCD):    -0.597ns
    Clock Pessimism Removal (CPR):    -0.509ns

    Location             Delay type                Incr(ns)  Path(ns)    Netlist Resource(s)
  -------------------------------------------------------------------    -------------------
                         (clock clk_50m_unbuf rise edge)
                                                      0.000     0.000 r  
    E3                                                0.000     0.000 r  clk_100m_i (IN)
                         net (fo=0)                   0.000     0.000    clk_100m_i
    E3                   IBUF (Prop_ibuf_I_O)         0.250     0.250 r  clk_100m_i_IBUF_inst/O
                         net (fo=1, routed)           0.440     0.690    clk_100m_i_IBUF
    MMCME2_ADV_X1Y2      MMCME2_ADV (Prop_mmcme2_adv_CLKIN1_CLKOUT0)
                                                     -2.379    -1.689 r  u_mmcm/CLKOUT0
                         net (fo=1, routed)           0.499    -1.190    clk_50m_unbuf
    BUFGCTRL_X0Y16       BUFG (Prop_bufg_I_O)         0.026    -1.164 r  u_bufg_clk50/O
                         net (fo=4563, routed)        0.567    -0.597    u_soc_top/u_peripherals/u_dma/clk_50m
    SLICE_X49Y99         FDCE                                         r  u_soc_top/u_peripherals/u_dma/total_samples_q_reg[15]/C
  -------------------------------------------------------------------    -------------------
    SLICE_X49Y99         FDCE (Prop_fdce_C_Q)         0.141    -0.456 r  u_soc_top/u_peripherals/u_dma/total_samples_q_reg[15]/Q
                         net (fo=2, routed)           0.120    -0.336    u_soc_top/u_peripherals/u_dma/total_samples_q_reg[15]
    SLICE_X49Y99         CARRY4 (Prop_carry4_S[3]_CO[3])
                                                      0.160    -0.176 r  u_soc_top/u_peripherals/u_dma/total_samples_q_reg[12]_i_1/CO[3]
                         net (fo=1, routed)           0.001    -0.175    u_soc_top/u_peripherals/u_dma/total_samples_q_reg[12]_i_1_n_0
    SLICE_X49Y100        CARRY4 (Prop_carry4_CI_O[0])
                                                      0.054    -0.121 r  u_soc_top/u_peripherals/u_dma/total_samples_q_reg[16]_i_1/O[0]
                         net (fo=1, routed)           0.000    -0.121    u_soc_top/u_peripherals/u_dma/total_samples_q_reg[16]_i_1_n_7
    SLICE_X49Y100        FDCE                                         r  u_soc_top/u_peripherals/u_dma/total_samples_q_reg[16]/D
  -------------------------------------------------------------------    -------------------

                         (clock clk_50m_unbuf rise edge)
                                                      0.000     0.000 r  
    E3                                                0.000     0.000 r  clk_100m_i (IN)
                         net (fo=0)                   0.000     0.000    clk_100m_i
    E3                   IBUF (Prop_ibuf_I_O)         0.438     0.438 r  clk_100m_i_IBUF_inst/O
                         net (fo=1, routed)           0.480     0.918    clk_100m_i_IBUF
    MMCME2_ADV_X1Y2      MMCME2_ADV (Prop_mmcme2_adv_CLKIN1_CLKOUT0)
                                                     -3.163    -2.245 r  u_mmcm/CLKOUT0
                         net (fo=1, routed)           0.544    -1.702    clk_50m_unbuf
    BUFGCTRL_X0Y16       BUFG (Prop_bufg_I_O)         0.029    -1.673 r  u_bufg_clk50/O
                         net (fo=4563, routed)        0.832    -0.841    u_soc_top/u_peripherals/u_dma/clk_50m
    SLICE_X49Y100        FDCE                                         r  u_soc_top/u_peripherals/u_dma/total_samples_q_reg[16]/C
                         clock pessimism              0.509    -0.332    
    SLICE_X49Y100        FDCE (Hold_fdce_C_D)         0.105    -0.227    u_soc_top/u_peripherals/u_dma/total_samples_q_reg[16]
  -------------------------------------------------------------------
                         required time                          0.227    
                         arrival time                          -0.121    
  -------------------------------------------------------------------
                         slack                                  0.106    

Slack (MET) :             0.115ns  (arrival time - required time)
  Source:                 u_soc_top/u_peripherals/u_spi_master/u_spi_core/rx_ch1_latch_q_reg[20]/C
                            (rising edge-triggered cell FDCE clocked by clk_50m_unbuf  {rise@0.000ns fall@10.000ns period=20.000ns})
  Destination:            u_soc_top/u_peripherals/u_dma/bank0_mem_reg[1][20]/D
                            (rising edge-triggered cell FDRE clocked by clk_50m_unbuf  {rise@0.000ns fall@10.000ns period=20.000ns})
  Path Group:             clk_50m_unbuf
  Path Type:              Hold (Min at Fast Process Corner)
  Requirement:            0.000ns  (clk_50m_unbuf rise@0.000ns - clk_50m_unbuf rise@0.000ns)
  Data Path Delay:        0.459ns  (logic 0.141ns (30.714%)  route 0.318ns (69.286%))
  Logic Levels:           0  
  Clock Path Skew:        0.278ns (DCD - SCD - CPR)
    Destination Clock Delay (DCD):    -0.832ns
    Source Clock Delay      (SCD):    -0.601ns
    Clock Pessimism Removal (CPR):    -0.509ns

    Location             Delay type                Incr(ns)  Path(ns)    Netlist Resource(s)
  -------------------------------------------------------------------    -------------------
                         (clock clk_50m_unbuf rise edge)
                                                      0.000     0.000 r  
    E3                                                0.000     0.000 r  clk_100m_i (IN)
                         net (fo=0)                   0.000     0.000    clk_100m_i
    E3                   IBUF (Prop_ibuf_I_O)         0.250     0.250 r  clk_100m_i_IBUF_inst/O
                         net (fo=1, routed)           0.440     0.690    clk_100m_i_IBUF
    MMCME2_ADV_X1Y2      MMCME2_ADV (Prop_mmcme2_adv_CLKIN1_CLKOUT0)
                                                     -2.379    -1.689 r  u_mmcm/CLKOUT0
                         net (fo=1, routed)           0.499    -1.190    clk_50m_unbuf
    BUFGCTRL_X0Y16       BUFG (Prop_bufg_I_O)         0.026    -1.164 r  u_bufg_clk50/O
                         net (fo=4563, routed)        0.563    -0.601    u_soc_top/u_peripherals/u_spi_master/u_spi_core/clk_50m
    SLICE_X45Y100        FDCE                                         r  u_soc_top/u_peripherals/u_spi_master/u_spi_core/rx_ch1_latch_q_reg[20]/C
  -------------------------------------------------------------------    -------------------
    SLICE_X45Y100        FDCE (Prop_fdce_C_Q)         0.141    -0.460 r  u_soc_top/u_peripherals/u_spi_master/u_spi_core/rx_ch1_latch_q_reg[20]/Q
                         net (fo=8, routed)           0.318    -0.142    u_soc_top/u_peripherals/u_dma/bank0_mem_reg[1][31]_0[20]
    SLICE_X32Y92         FDRE                                         r  u_soc_top/u_peripherals/u_dma/bank0_mem_reg[1][20]/D
  -------------------------------------------------------------------    -------------------

                         (clock clk_50m_unbuf rise edge)
                                                      0.000     0.000 r  
    E3                                                0.000     0.000 r  clk_100m_i (IN)
                         net (fo=0)                   0.000     0.000    clk_100m_i
    E3                   IBUF (Prop_ibuf_I_O)         0.438     0.438 r  clk_100m_i_IBUF_inst/O
                         net (fo=1, routed)           0.480     0.918    clk_100m_i_IBUF
    MMCME2_ADV_X1Y2      MMCME2_ADV (Prop_mmcme2_adv_CLKIN1_CLKOUT0)
                                                     -3.163    -2.245 r  u_mmcm/CLKOUT0
                         net (fo=1, routed)           0.544    -1.702    clk_50m_unbuf
    BUFGCTRL_X0Y16       BUFG (Prop_bufg_I_O)         0.029    -1.673 r  u_bufg_clk50/O
                         net (fo=4563, routed)        0.841    -0.832    u_soc_top/u_peripherals/u_dma/clk_50m
    SLICE_X32Y92         FDRE                                         r  u_soc_top/u_peripherals/u_dma/bank0_mem_reg[1][20]/C
                         clock pessimism              0.509    -0.323    
    SLICE_X32Y92         FDRE (Hold_fdre_C_D)         0.066    -0.257    u_soc_top/u_peripherals/u_dma/bank0_mem_reg[1][20]
  -------------------------------------------------------------------
                         required time                          0.257    
                         arrival time                          -0.142    
  -------------------------------------------------------------------
                         slack                                  0.115    

Slack (MET) :             0.117ns  (arrival time - required time)
  Source:                 u_soc_top/u_peripherals/u_dma/total_samples_q_reg[15]/C
                            (rising edge-triggered cell FDCE clocked by clk_50m_unbuf  {rise@0.000ns fall@10.000ns period=20.000ns})
  Destination:            u_soc_top/u_peripherals/u_dma/total_samples_q_reg[18]/D
                            (rising edge-triggered cell FDCE clocked by clk_50m_unbuf  {rise@0.000ns fall@10.000ns period=20.000ns})
  Path Group:             clk_50m_unbuf
  Path Type:              Hold (Min at Fast Process Corner)
  Requirement:            0.000ns  (clk_50m_unbuf rise@0.000ns - clk_50m_unbuf rise@0.000ns)
  Data Path Delay:        0.487ns  (logic 0.366ns (75.144%)  route 0.121ns (24.856%))
  Logic Levels:           2  (CARRY4=2)
  Clock Path Skew:        0.265ns (DCD - SCD - CPR)
    Destination Clock Delay (DCD):    -0.841ns
    Source Clock Delay      (SCD):    -0.597ns
    Clock Pessimism Removal (CPR):    -0.509ns

    Location             Delay type                Incr(ns)  Path(ns)    Netlist Resource(s)
  -------------------------------------------------------------------    -------------------
                         (clock clk_50m_unbuf rise edge)
                                                      0.000     0.000 r  
    E3                                                0.000     0.000 r  clk_100m_i (IN)
                         net (fo=0)                   0.000     0.000    clk_100m_i
    E3                   IBUF (Prop_ibuf_I_O)         0.250     0.250 r  clk_100m_i_IBUF_inst/O
                         net (fo=1, routed)           0.440     0.690    clk_100m_i_IBUF
    MMCME2_ADV_X1Y2      MMCME2_ADV (Prop_mmcme2_adv_CLKIN1_CLKOUT0)
                                                     -2.379    -1.689 r  u_mmcm/CLKOUT0
                         net (fo=1, routed)           0.499    -1.190    clk_50m_unbuf
    BUFGCTRL_X0Y16       BUFG (Prop_bufg_I_O)         0.026    -1.164 r  u_bufg_clk50/O
                         net (fo=4563, routed)        0.567    -0.597    u_soc_top/u_peripherals/u_dma/clk_50m
    SLICE_X49Y99         FDCE                                         r  u_soc_top/u_peripherals/u_dma/total_samples_q_reg[15]/C
  -------------------------------------------------------------------    -------------------
    SLICE_X49Y99         FDCE (Prop_fdce_C_Q)         0.141    -0.456 r  u_soc_top/u_peripherals/u_dma/total_samples_q_reg[15]/Q
                         net (fo=2, routed)           0.120    -0.336    u_soc_top/u_peripherals/u_dma/total_samples_q_reg[15]
    SLICE_X49Y99         CARRY4 (Prop_carry4_S[3]_CO[3])
                                                      0.160    -0.176 r  u_soc_top/u_peripherals/u_dma/total_samples_q_reg[12]_i_1/CO[3]
                         net (fo=1, routed)           0.001    -0.175    u_soc_top/u_peripherals/u_dma/total_samples_q_reg[12]_i_1_n_0
    SLICE_X49Y100        CARRY4 (Prop_carry4_CI_O[2])
                                                      0.065    -0.110 r  u_soc_top/u_peripherals/u_dma/total_samples_q_reg[16]_i_1/O[2]
                         net (fo=1, routed)           0.000    -0.110    u_soc_top/u_peripherals/u_dma/total_samples_q_reg[16]_i_1_n_5
    SLICE_X49Y100        FDCE                                         r  u_soc_top/u_peripherals/u_dma/total_samples_q_reg[18]/D
  -------------------------------------------------------------------    -------------------

                         (clock clk_50m_unbuf rise edge)
                                                      0.000     0.000 r  
    E3                                                0.000     0.000 r  clk_100m_i (IN)
                         net (fo=0)                   0.000     0.000    clk_100m_i
    E3                   IBUF (Prop_ibuf_I_O)         0.438     0.438 r  clk_100m_i_IBUF_inst/O
                         net (fo=1, routed)           0.480     0.918    clk_100m_i_IBUF
    MMCME2_ADV_X1Y2      MMCME2_ADV (Prop_mmcme2_adv_CLKIN1_CLKOUT0)
                                                     -3.163    -2.245 r  u_mmcm/CLKOUT0
                         net (fo=1, routed)           0.544    -1.702    clk_50m_unbuf
    BUFGCTRL_X0Y16       BUFG (Prop_bufg_I_O)         0.029    -1.673 r  u_bufg_clk50/O
                         net (fo=4563, routed)        0.832    -0.841    u_soc_top/u_peripherals/u_dma/clk_50m
    SLICE_X49Y100        FDCE                                         r  u_soc_top/u_peripherals/u_dma/total_samples_q_reg[18]/C
                         clock pessimism              0.509    -0.332    
    SLICE_X49Y100        FDCE (Hold_fdce_C_D)         0.105    -0.227    u_soc_top/u_peripherals/u_dma/total_samples_q_reg[18]
  -------------------------------------------------------------------
                         required time                          0.227    
                         arrival time                          -0.110    
  -------------------------------------------------------------------
                         slack                                  0.117    

Slack (MET) :             0.122ns  (arrival time - required time)
  Source:                 u_soc_top/u_peripherals/u_spi_master/u_spi_core/rx_ch1_latch_q_reg[15]/C
                            (rising edge-triggered cell FDCE clocked by clk_50m_unbuf  {rise@0.000ns fall@10.000ns period=20.000ns})
  Destination:            u_soc_top/u_peripherals/u_dma/bank1_mem_reg[1][15]/D
                            (rising edge-triggered cell FDRE clocked by clk_50m_unbuf  {rise@0.000ns fall@10.000ns period=20.000ns})
  Path Group:             clk_50m_unbuf
  Path Type:              Hold (Min at Fast Process Corner)
  Requirement:            0.000ns  (clk_50m_unbuf rise@0.000ns - clk_50m_unbuf rise@0.000ns)
  Data Path Delay:        0.467ns  (logic 0.141ns (30.161%)  route 0.326ns (69.839%))
  Logic Levels:           0  
  Clock Path Skew:        0.276ns (DCD - SCD - CPR)
    Destination Clock Delay (DCD):    -0.838ns
    Source Clock Delay      (SCD):    -0.605ns
    Clock Pessimism Removal (CPR):    -0.509ns

    Location             Delay type                Incr(ns)  Path(ns)    Netlist Resource(s)
  -------------------------------------------------------------------    -------------------
                         (clock clk_50m_unbuf rise edge)
                                                      0.000     0.000 r  
    E3                                                0.000     0.000 r  clk_100m_i (IN)
                         net (fo=0)                   0.000     0.000    clk_100m_i
    E3                   IBUF (Prop_ibuf_I_O)         0.250     0.250 r  clk_100m_i_IBUF_inst/O
                         net (fo=1, routed)           0.440     0.690    clk_100m_i_IBUF
    MMCME2_ADV_X1Y2      MMCME2_ADV (Prop_mmcme2_adv_CLKIN1_CLKOUT0)
                                                     -2.379    -1.689 r  u_mmcm/CLKOUT0
                         net (fo=1, routed)           0.499    -1.190    clk_50m_unbuf
    BUFGCTRL_X0Y16       BUFG (Prop_bufg_I_O)         0.026    -1.164 r  u_bufg_clk50/O
                         net (fo=4563, routed)        0.559    -0.605    u_soc_top/u_peripherals/u_spi_master/u_spi_core/clk_50m
    SLICE_X52Y101        FDCE                                         r  u_soc_top/u_peripherals/u_spi_master/u_spi_core/rx_ch1_latch_q_reg[15]/C
  -------------------------------------------------------------------    -------------------
    SLICE_X52Y101        FDCE (Prop_fdce_C_Q)         0.141    -0.464 r  u_soc_top/u_peripherals/u_spi_master/u_spi_core/rx_ch1_latch_q_reg[15]/Q
                         net (fo=8, routed)           0.326    -0.138    u_soc_top/u_peripherals/u_dma/bank0_mem_reg[1][31]_0[15]
    SLICE_X53Y97         FDRE                                         r  u_soc_top/u_peripherals/u_dma/bank1_mem_reg[1][15]/D
  -------------------------------------------------------------------    -------------------

                         (clock clk_50m_unbuf rise edge)
                                                      0.000     0.000 r  
    E3                                                0.000     0.000 r  clk_100m_i (IN)
                         net (fo=0)                   0.000     0.000    clk_100m_i
    E3                   IBUF (Prop_ibuf_I_O)         0.438     0.438 r  clk_100m_i_IBUF_inst/O
                         net (fo=1, routed)           0.480     0.918    clk_100m_i_IBUF
    MMCME2_ADV_X1Y2      MMCME2_ADV (Prop_mmcme2_adv_CLKIN1_CLKOUT0)
                                                     -3.163    -2.245 r  u_mmcm/CLKOUT0
                         net (fo=1, routed)           0.544    -1.702    clk_50m_unbuf
    BUFGCTRL_X0Y16       BUFG (Prop_bufg_I_O)         0.029    -1.673 r  u_bufg_clk50/O
                         net (fo=4563, routed)        0.835    -0.838    u_soc_top/u_peripherals/u_dma/clk_50m
    SLICE_X53Y97         FDRE                                         r  u_soc_top/u_peripherals/u_dma/bank1_mem_reg[1][15]/C
                         clock pessimism              0.509    -0.329    
    SLICE_X53Y97         FDRE (Hold_fdre_C_D)         0.070    -0.259    u_soc_top/u_peripherals/u_dma/bank1_mem_reg[1][15]
  -------------------------------------------------------------------
                         required time                          0.259    
                         arrival time                          -0.138    
  -------------------------------------------------------------------
                         slack                                  0.122    

Slack (MET) :             0.124ns  (arrival time - required time)
  Source:                 u_soc_top/u_peripherals/u_spi_master/u_spi_core/rx_ch2_latch_q_reg[17]/C
                            (rising edge-triggered cell FDCE clocked by clk_50m_unbuf  {rise@0.000ns fall@10.000ns period=20.000ns})
  Destination:            u_soc_top/u_peripherals/u_dma/bank0_mem_reg[65][17]/D
                            (rising edge-triggered cell FDRE clocked by clk_50m_unbuf  {rise@0.000ns fall@10.000ns period=20.000ns})
  Path Group:             clk_50m_unbuf
  Path Type:              Hold (Min at Fast Process Corner)
  Requirement:            0.000ns  (clk_50m_unbuf rise@0.000ns - clk_50m_unbuf rise@0.000ns)
  Data Path Delay:        0.468ns  (logic 0.141ns (30.103%)  route 0.327ns (69.897%))
  Logic Levels:           0  
  Clock Path Skew:        0.278ns (DCD - SCD - CPR)
    Destination Clock Delay (DCD):    -0.834ns
    Source Clock Delay      (SCD):    -0.603ns
    Clock Pessimism Removal (CPR):    -0.509ns

    Location             Delay type                Incr(ns)  Path(ns)    Netlist Resource(s)
  -------------------------------------------------------------------    -------------------
                         (clock clk_50m_unbuf rise edge)
                                                      0.000     0.000 r  
    E3                                                0.000     0.000 r  clk_100m_i (IN)
                         net (fo=0)                   0.000     0.000    clk_100m_i
    E3                   IBUF (Prop_ibuf_I_O)         0.250     0.250 r  clk_100m_i_IBUF_inst/O
                         net (fo=1, routed)           0.440     0.690    clk_100m_i_IBUF
    MMCME2_ADV_X1Y2      MMCME2_ADV (Prop_mmcme2_adv_CLKIN1_CLKOUT0)
                                                     -2.379    -1.689 r  u_mmcm/CLKOUT0
                         net (fo=1, routed)           0.499    -1.190    clk_50m_unbuf
    BUFGCTRL_X0Y16       BUFG (Prop_bufg_I_O)         0.026    -1.164 r  u_bufg_clk50/O
                         net (fo=4563, routed)        0.561    -0.603    u_soc_top/u_peripherals/u_spi_master/u_spi_core/clk_50m
    SLICE_X48Y101        FDCE                                         r  u_soc_top/u_peripherals/u_spi_master/u_spi_core/rx_ch2_latch_q_reg[17]/C
  -------------------------------------------------------------------    -------------------
    SLICE_X48Y101        FDCE (Prop_fdce_C_Q)         0.141    -0.462 r  u_soc_top/u_peripherals/u_spi_master/u_spi_core/rx_ch2_latch_q_reg[17]/Q
                         net (fo=8, routed)           0.327    -0.135    u_soc_top/u_peripherals/u_dma/bank0_mem_reg[65][31]_1[17]
    SLICE_X45Y99         FDRE                                         r  u_soc_top/u_peripherals/u_dma/bank0_mem_reg[65][17]/D
  -------------------------------------------------------------------    -------------------

                         (clock clk_50m_unbuf rise edge)
                                                      0.000     0.000 r  
    E3                                                0.000     0.000 r  clk_100m_i (IN)
                         net (fo=0)                   0.000     0.000    clk_100m_i
    E3                   IBUF (Prop_ibuf_I_O)         0.438     0.438 r  clk_100m_i_IBUF_inst/O
                         net (fo=1, routed)           0.480     0.918    clk_100m_i_IBUF
    MMCME2_ADV_X1Y2      MMCME2_ADV (Prop_mmcme2_adv_CLKIN1_CLKOUT0)
                                                     -3.163    -2.245 r  u_mmcm/CLKOUT0
                         net (fo=1, routed)           0.544    -1.702    clk_50m_unbuf
    BUFGCTRL_X0Y16       BUFG (Prop_bufg_I_O)         0.029    -1.673 r  u_bufg_clk50/O
                         net (fo=4563, routed)        0.839    -0.834    u_soc_top/u_peripherals/u_dma/clk_50m
    SLICE_X45Y99         FDRE                                         r  u_soc_top/u_peripherals/u_dma/bank0_mem_reg[65][17]/C
                         clock pessimism              0.509    -0.325    
    SLICE_X45Y99         FDRE (Hold_fdre_C_D)         0.066    -0.259    u_soc_top/u_peripherals/u_dma/bank0_mem_reg[65][17]
  -------------------------------------------------------------------
                         required time                          0.259    
                         arrival time                          -0.135    
  -------------------------------------------------------------------
                         slack                                  0.124    

Slack (MET) :             0.131ns  (arrival time - required time)
  Source:                 u_soc_top/u_i_tcm/mem_reg_0_0/CLKBWRCLK
                            (rising edge-triggered cell RAMB36E1 clocked by clk_50m_unbuf  {rise@0.000ns fall@10.000ns period=20.000ns})
  Destination:            u_soc_top/gen_cv32e40p_core.u_core/core_i/if_stage_i/prefetch_buffer_i/fifo_i/mem_q_reg[0][3]/D
                            (rising edge-triggered cell FDCE clocked by clk_50m_unbuf  {rise@0.000ns fall@10.000ns period=20.000ns})
  Path Group:             clk_50m_unbuf
  Path Type:              Hold (Min at Fast Process Corner)
  Requirement:            0.000ns  (clk_50m_unbuf rise@0.000ns - clk_50m_unbuf rise@0.000ns)
  Data Path Delay:        1.838ns  (logic 0.585ns (31.822%)  route 1.253ns (68.178%))
  Logic Levels:           0  
  Clock Path Skew:        1.641ns (DCD - SCD - CPR)
    Destination Clock Delay (DCD):    0.571ns
    Source Clock Delay      (SCD):    -0.562ns
    Clock Pessimism Removal (CPR):    -0.509ns

    Location             Delay type                Incr(ns)  Path(ns)    Netlist Resource(s)
  -------------------------------------------------------------------    -------------------
                         (clock clk_50m_unbuf rise edge)
                                                      0.000     0.000 r  
    E3                                                0.000     0.000 r  clk_100m_i (IN)
                         net (fo=0)                   0.000     0.000    clk_100m_i
    E3                   IBUF (Prop_ibuf_I_O)         0.250     0.250 r  clk_100m_i_IBUF_inst/O
                         net (fo=1, routed)           0.440     0.690    clk_100m_i_IBUF
    MMCME2_ADV_X1Y2      MMCME2_ADV (Prop_mmcme2_adv_CLKIN1_CLKOUT0)
                                                     -2.379    -1.689 r  u_mmcm/CLKOUT0
                         net (fo=1, routed)           0.499    -1.190    clk_50m_unbuf
    BUFGCTRL_X0Y16       BUFG (Prop_bufg_I_O)         0.026    -1.164 r  u_bufg_clk50/O
                         net (fo=4563, routed)        0.602    -0.562    u_soc_top/u_i_tcm/clk_50m
    RAMB36_X1Y22         RAMB36E1                                     r  u_soc_top/u_i_tcm/mem_reg_0_0/CLKBWRCLK
  -------------------------------------------------------------------    -------------------
    RAMB36_X1Y22         RAMB36E1 (Prop_ramb36e1_CLKBWRCLK_DOBDO[3])
                                                      0.585     0.023 r  u_soc_top/u_i_tcm/mem_reg_0_0/DOBDO[3]
                         net (fo=3, routed)           1.253     1.277    u_soc_top/gen_cv32e40p_core.u_core/core_i/if_stage_i/prefetch_buffer_i/fifo_i/mem_q_reg[1][31]_0[3]
    SLICE_X52Y122        FDCE                                         r  u_soc_top/gen_cv32e40p_core.u_core/core_i/if_stage_i/prefetch_buffer_i/fifo_i/mem_q_reg[0][3]/D
  -------------------------------------------------------------------    -------------------

                         (clock clk_50m_unbuf rise edge)
                                                      0.000     0.000 r  
    E3                                                0.000     0.000 r  clk_100m_i (IN)
                         net (fo=0)                   0.000     0.000    clk_100m_i
    E3                   IBUF (Prop_ibuf_I_O)         0.438     0.438 r  clk_100m_i_IBUF_inst/O
                         net (fo=1, routed)           0.480     0.918    clk_100m_i_IBUF
    MMCME2_ADV_X1Y2      MMCME2_ADV (Prop_mmcme2_adv_CLKIN1_CLKOUT0)
                                                     -3.163    -2.245 r  u_mmcm/CLKOUT0
                         net (fo=1, routed)           0.544    -1.702    clk_50m_unbuf
    BUFGCTRL_X0Y16       BUFG (Prop_bufg_I_O)         0.029    -1.673 r  u_bufg_clk50/O
                         net (fo=4563, routed)        1.013    -0.659    u_soc_top/gen_cv32e40p_core.u_core/core_i/sleep_unit_i/core_clock_gate_i/clk_50m
    SLICE_X52Y97         LUT2 (Prop_lut2_I0_O)        0.056    -0.603 r  u_soc_top/gen_cv32e40p_core.u_core/core_i/sleep_unit_i/core_clock_gate_i/cnt_q[1]_i_4/O
                         net (fo=1, routed)           0.329    -0.275    u_soc_top_n_44
    BUFGCTRL_X0Y0        BUFG (Prop_bufg_I_O)         0.029    -0.246 r  cnt_q_reg[1]_i_2/O
                         net (fo=2420, routed)        0.816     0.571    u_soc_top/gen_cv32e40p_core.u_core/core_i/if_stage_i/prefetch_buffer_i/fifo_i/clk
    SLICE_X52Y122        FDCE                                         r  u_soc_top/gen_cv32e40p_core.u_core/core_i/if_stage_i/prefetch_buffer_i/fifo_i/mem_q_reg[0][3]/C
                         clock pessimism              0.509     1.080    
    SLICE_X52Y122        FDCE (Hold_fdce_C_D)         0.066     1.146    u_soc_top/gen_cv32e40p_core.u_core/core_i/if_stage_i/prefetch_buffer_i/fifo_i/mem_q_reg[0][3]
  -------------------------------------------------------------------
                         required time                         -1.146    
                         arrival time                           1.277    
  -------------------------------------------------------------------
                         slack                                  0.131    

Slack (MET) :             0.132ns  (arrival time - required time)
  Source:                 u_soc_top/gen_cv32e40p_core.u_core/core_i/id_stage_i/controller_i/ctrl_fsm_cs_reg[3]/C
                            (rising edge-triggered cell FDCE clocked by clk_50m_unbuf  {rise@0.000ns fall@10.000ns period=20.000ns})
  Destination:            u_soc_top/gen_cv32e40p_core.u_core/core_i/id_stage_i/controller_i/illegal_insn_q_reg/D
                            (rising edge-triggered cell FDCE clocked by clk_50m_unbuf  {rise@0.000ns fall@10.000ns period=20.000ns})
  Path Group:             clk_50m_unbuf
  Path Type:              Hold (Min at Fast Process Corner)
  Requirement:            0.000ns  (clk_50m_unbuf rise@0.000ns - clk_50m_unbuf rise@0.000ns)
  Data Path Delay:        0.604ns  (logic 0.209ns (34.607%)  route 0.395ns (65.393%))
  Logic Levels:           1  (LUT6=1)
  Clock Path Skew:        0.352ns (DCD - SCD - CPR)
    Destination Clock Delay (DCD):    0.683ns
    Source Clock Delay      (SCD):    0.480ns
    Clock Pessimism Removal (CPR):    -0.149ns

    Location             Delay type                Incr(ns)  Path(ns)    Netlist Resource(s)
  -------------------------------------------------------------------    -------------------
                         (clock clk_50m_unbuf rise edge)
                                                      0.000     0.000 r  
    E3                                                0.000     0.000 r  clk_100m_i (IN)
                         net (fo=0)                   0.000     0.000    clk_100m_i
    E3                   IBUF (Prop_ibuf_I_O)         0.250     0.250 r  clk_100m_i_IBUF_inst/O
                         net (fo=1, routed)           0.440     0.690    clk_100m_i_IBUF
    MMCME2_ADV_X1Y2      MMCME2_ADV (Prop_mmcme2_adv_CLKIN1_CLKOUT0)
                                                     -2.379    -1.689 r  u_mmcm/CLKOUT0
                         net (fo=1, routed)           0.499    -1.190    clk_50m_unbuf
    BUFGCTRL_X0Y16       BUFG (Prop_bufg_I_O)         0.026    -1.164 r  u_bufg_clk50/O
                         net (fo=4563, routed)        0.713    -0.450    u_soc_top/gen_cv32e40p_core.u_core/core_i/sleep_unit_i/core_clock_gate_i/clk_50m
    SLICE_X52Y97         LUT2 (Prop_lut2_I0_O)        0.045    -0.405 r  u_soc_top/gen_cv32e40p_core.u_core/core_i/sleep_unit_i/core_clock_gate_i/cnt_q[1]_i_4/O
                         net (fo=1, routed)           0.288    -0.118    u_soc_top_n_44
    BUFGCTRL_X0Y0        BUFG (Prop_bufg_I_O)         0.026    -0.092 r  cnt_q_reg[1]_i_2/O
                         net (fo=2420, routed)        0.572     0.480    u_soc_top/gen_cv32e40p_core.u_core/core_i/id_stage_i/controller_i/clk
    SLICE_X12Y149        FDCE                                         r  u_soc_top/gen_cv32e40p_core.u_core/core_i/id_stage_i/controller_i/ctrl_fsm_cs_reg[3]/C
  -------------------------------------------------------------------    -------------------
    SLICE_X12Y149        FDCE (Prop_fdce_C_Q)         0.164     0.644 f  u_soc_top/gen_cv32e40p_core.u_core/core_i/id_stage_i/controller_i/ctrl_fsm_cs_reg[3]/Q
                         net (fo=61, routed)          0.395     1.039    u_soc_top/gen_cv32e40p_core.u_core/core_i/id_stage_i/controller_i/Q[3]
    SLICE_X12Y151        LUT6 (Prop_lut6_I2_O)        0.045     1.084 r  u_soc_top/gen_cv32e40p_core.u_core/core_i/id_stage_i/controller_i/illegal_insn_q_i_1/O
                         net (fo=1, routed)           0.000     1.084    u_soc_top/gen_cv32e40p_core.u_core/core_i/id_stage_i/controller_i/illegal_insn_q_i_1_n_0
    SLICE_X12Y151        FDCE                                         r  u_soc_top/gen_cv32e40p_core.u_core/core_i/id_stage_i/controller_i/illegal_insn_q_reg/D
  -------------------------------------------------------------------    -------------------

                         (clock clk_50m_unbuf rise edge)
                                                      0.000     0.000 r  
    E3                                                0.000     0.000 r  clk_100m_i (IN)
                         net (fo=0)                   0.000     0.000    clk_100m_i
    E3                   IBUF (Prop_ibuf_I_O)         0.438     0.438 r  clk_100m_i_IBUF_inst/O
                         net (fo=1, routed)           0.480     0.918    clk_100m_i_IBUF
    MMCME2_ADV_X1Y2      MMCME2_ADV (Prop_mmcme2_adv_CLKIN1_CLKOUT0)
                                                     -3.163    -2.245 r  u_mmcm/CLKOUT0
                         net (fo=1, routed)           0.544    -1.702    clk_50m_unbuf
    BUFGCTRL_X0Y16       BUFG (Prop_bufg_I_O)         0.029    -1.673 r  u_bufg_clk50/O
                         net (fo=4563, routed)        1.013    -0.659    u_soc_top/gen_cv32e40p_core.u_core/core_i/sleep_unit_i/core_clock_gate_i/clk_50m
    SLICE_X52Y97         LUT2 (Prop_lut2_I0_O)        0.056    -0.603 r  u_soc_top/gen_cv32e40p_core.u_core/core_i/sleep_unit_i/core_clock_gate_i/cnt_q[1]_i_4/O
                         net (fo=1, routed)           0.329    -0.275    u_soc_top_n_44
    BUFGCTRL_X0Y0        BUFG (Prop_bufg_I_O)         0.029    -0.246 r  cnt_q_reg[1]_i_2/O
                         net (fo=2420, routed)        0.929     0.683    u_soc_top/gen_cv32e40p_core.u_core/core_i/id_stage_i/controller_i/clk
    SLICE_X12Y151        FDCE                                         r  u_soc_top/gen_cv32e40p_core.u_core/core_i/id_stage_i/controller_i/illegal_insn_q_reg/C
                         clock pessimism              0.149     0.832    
    SLICE_X12Y151        FDCE (Hold_fdce_C_D)         0.120     0.952    u_soc_top/gen_cv32e40p_core.u_core/core_i/id_stage_i/controller_i/illegal_insn_q_reg
  -------------------------------------------------------------------
                         required time                         -0.952    
                         arrival time                           1.084    
  -------------------------------------------------------------------
                         slack                                  0.132    

Slack (MET) :             0.134ns  (arrival time - required time)
  Source:                 u_soc_top/u_peripherals/u_spi_master/u_spi_core/rx_ch1_shreg_q_reg[23]/C
                            (rising edge-triggered cell FDCE clocked by clk_50m_unbuf  {rise@0.000ns fall@10.000ns period=20.000ns})
  Destination:            u_soc_top/u_peripherals/u_spi_master/u_spi_core/rx_ch1_latch_q_reg[23]/D
                            (rising edge-triggered cell FDCE clocked by clk_50m_unbuf  {rise@0.000ns fall@10.000ns period=20.000ns})
  Path Group:             clk_50m_unbuf
  Path Type:              Hold (Min at Fast Process Corner)
  Requirement:            0.000ns  (clk_50m_unbuf rise@0.000ns - clk_50m_unbuf rise@0.000ns)
  Data Path Delay:        0.194ns  (logic 0.141ns (72.697%)  route 0.053ns (27.303%))
  Logic Levels:           0  
  Clock Path Skew:        0.013ns (DCD - SCD - CPR)
    Destination Clock Delay (DCD):    -0.840ns
    Source Clock Delay      (SCD):    -0.601ns
    Clock Pessimism Removal (CPR):    -0.252ns

    Location             Delay type                Incr(ns)  Path(ns)    Netlist Resource(s)
  -------------------------------------------------------------------    -------------------
                         (clock clk_50m_unbuf rise edge)
                                                      0.000     0.000 r  
    E3                                                0.000     0.000 r  clk_100m_i (IN)
                         net (fo=0)                   0.000     0.000    clk_100m_i
    E3                   IBUF (Prop_ibuf_I_O)         0.250     0.250 r  clk_100m_i_IBUF_inst/O
                         net (fo=1, routed)           0.440     0.690    clk_100m_i_IBUF
    MMCME2_ADV_X1Y2      MMCME2_ADV (Prop_mmcme2_adv_CLKIN1_CLKOUT0)
                                                     -2.379    -1.689 r  u_mmcm/CLKOUT0
                         net (fo=1, routed)           0.499    -1.190    clk_50m_unbuf
    BUFGCTRL_X0Y16       BUFG (Prop_bufg_I_O)         0.026    -1.164 r  u_bufg_clk50/O
                         net (fo=4563, routed)        0.563    -0.601    u_soc_top/u_peripherals/u_spi_master/u_spi_core/clk_50m
    SLICE_X44Y100        FDCE                                         r  u_soc_top/u_peripherals/u_spi_master/u_spi_core/rx_ch1_shreg_q_reg[23]/C
  -------------------------------------------------------------------    -------------------
    SLICE_X44Y100        FDCE (Prop_fdce_C_Q)         0.141    -0.460 r  u_soc_top/u_peripherals/u_spi_master/u_spi_core/rx_ch1_shreg_q_reg[23]/Q
                         net (fo=1, routed)           0.053    -0.407    u_soc_top/u_peripherals/u_spi_master/u_spi_core/rx_ch1_shreg_q[23]
    SLICE_X45Y100        FDCE                                         r  u_soc_top/u_peripherals/u_spi_master/u_spi_core/rx_ch1_latch_q_reg[23]/D
  -------------------------------------------------------------------    -------------------

                         (clock clk_50m_unbuf rise edge)
                                                      0.000     0.000 r  
    E3                                                0.000     0.000 r  clk_100m_i (IN)
                         net (fo=0)                   0.000     0.000    clk_100m_i
    E3                   IBUF (Prop_ibuf_I_O)         0.438     0.438 r  clk_100m_i_IBUF_inst/O
                         net (fo=1, routed)           0.480     0.918    clk_100m_i_IBUF
    MMCME2_ADV_X1Y2      MMCME2_ADV (Prop_mmcme2_adv_CLKIN1_CLKOUT0)
                                                     -3.163    -2.245 r  u_mmcm/CLKOUT0
                         net (fo=1, routed)           0.544    -1.702    clk_50m_unbuf
    BUFGCTRL_X0Y16       BUFG (Prop_bufg_I_O)         0.029    -1.673 r  u_bufg_clk50/O
                         net (fo=4563, routed)        0.833    -0.840    u_soc_top/u_peripherals/u_spi_master/u_spi_core/clk_50m
    SLICE_X45Y100        FDCE                                         r  u_soc_top/u_peripherals/u_spi_master/u_spi_core/rx_ch1_latch_q_reg[23]/C
                         clock pessimism              0.252    -0.588    
    SLICE_X45Y100        FDCE (Hold_fdce_C_D)         0.047    -0.541    u_soc_top/u_peripherals/u_spi_master/u_spi_core/rx_ch1_latch_q_reg[23]
  -------------------------------------------------------------------
                         required time                          0.541    
                         arrival time                          -0.407    
  -------------------------------------------------------------------
                         slack                                  0.134    

Slack (MET) :             0.135ns  (arrival time - required time)
  Source:                 u_soc_top/u_peripherals/u_spi_master/u_spi_core/rx_ch1_latch_q_reg[0]/C
                            (rising edge-triggered cell FDCE clocked by clk_50m_unbuf  {rise@0.000ns fall@10.000ns period=20.000ns})
  Destination:            u_soc_top/u_peripherals/u_dma/bank0_mem_reg[67][0]/D
                            (rising edge-triggered cell FDRE clocked by clk_50m_unbuf  {rise@0.000ns fall@10.000ns period=20.000ns})
  Path Group:             clk_50m_unbuf
  Path Type:              Hold (Min at Fast Process Corner)
  Requirement:            0.000ns  (clk_50m_unbuf rise@0.000ns - clk_50m_unbuf rise@0.000ns)
  Data Path Delay:        0.530ns  (logic 0.186ns (35.101%)  route 0.344ns (64.899%))
  Logic Levels:           1  (LUT6=1)
  Clock Path Skew:        0.274ns (DCD - SCD - CPR)
    Destination Clock Delay (DCD):    -0.840ns
    Source Clock Delay      (SCD):    -0.605ns
    Clock Pessimism Removal (CPR):    -0.509ns

    Location             Delay type                Incr(ns)  Path(ns)    Netlist Resource(s)
  -------------------------------------------------------------------    -------------------
                         (clock clk_50m_unbuf rise edge)
                                                      0.000     0.000 r  
    E3                                                0.000     0.000 r  clk_100m_i (IN)
                         net (fo=0)                   0.000     0.000    clk_100m_i
    E3                   IBUF (Prop_ibuf_I_O)         0.250     0.250 r  clk_100m_i_IBUF_inst/O
                         net (fo=1, routed)           0.440     0.690    clk_100m_i_IBUF
    MMCME2_ADV_X1Y2      MMCME2_ADV (Prop_mmcme2_adv_CLKIN1_CLKOUT0)
                                                     -2.379    -1.689 r  u_mmcm/CLKOUT0
                         net (fo=1, routed)           0.499    -1.190    clk_50m_unbuf
    BUFGCTRL_X0Y16       BUFG (Prop_bufg_I_O)         0.026    -1.164 r  u_bufg_clk50/O
                         net (fo=4563, routed)        0.559    -0.605    u_soc_top/u_peripherals/u_spi_master/u_spi_core/clk_50m
    SLICE_X53Y100        FDCE                                         r  u_soc_top/u_peripherals/u_spi_master/u_spi_core/rx_ch1_latch_q_reg[0]/C
  -------------------------------------------------------------------    -------------------
    SLICE_X53Y100        FDCE (Prop_fdce_C_Q)         0.141    -0.464 r  u_soc_top/u_peripherals/u_spi_master/u_spi_core/rx_ch1_latch_q_reg[0]/Q
                         net (fo=56, routed)          0.344    -0.120    u_soc_top/u_peripherals/u_dma/bank0_mem_reg[1][31]_0[0]
    SLICE_X56Y89         LUT6 (Prop_lut6_I5_O)        0.045    -0.075 r  u_soc_top/u_peripherals/u_dma/bank0_mem[67][0]_i_1/O
                         net (fo=2, routed)           0.000    -0.075    u_soc_top/u_peripherals/u_dma/bank0_mem[67][0]_i_1_n_0
    SLICE_X56Y89         FDRE                                         r  u_soc_top/u_peripherals/u_dma/bank0_mem_reg[67][0]/D
  -------------------------------------------------------------------    -------------------

                         (clock clk_50m_unbuf rise edge)
                                                      0.000     0.000 r  
    E3                                                0.000     0.000 r  clk_100m_i (IN)
                         net (fo=0)                   0.000     0.000    clk_100m_i
    E3                   IBUF (Prop_ibuf_I_O)         0.438     0.438 r  clk_100m_i_IBUF_inst/O
                         net (fo=1, routed)           0.480     0.918    clk_100m_i_IBUF
    MMCME2_ADV_X1Y2      MMCME2_ADV (Prop_mmcme2_adv_CLKIN1_CLKOUT0)
                                                     -3.163    -2.245 r  u_mmcm/CLKOUT0
                         net (fo=1, routed)           0.544    -1.702    clk_50m_unbuf
    BUFGCTRL_X0Y16       BUFG (Prop_bufg_I_O)         0.029    -1.673 r  u_bufg_clk50/O
                         net (fo=4563, routed)        0.833    -0.840    u_soc_top/u_peripherals/u_dma/clk_50m
    SLICE_X56Y89         FDRE                                         r  u_soc_top/u_peripherals/u_dma/bank0_mem_reg[67][0]/C
                         clock pessimism              0.509    -0.331    
    SLICE_X56Y89         FDRE (Hold_fdre_C_D)         0.121    -0.210    u_soc_top/u_peripherals/u_dma/bank0_mem_reg[67][0]
  -------------------------------------------------------------------
                         required time                          0.210    
                         arrival time                          -0.075    
  -------------------------------------------------------------------
                         slack                                  0.135    

Slack (MET) :             0.140ns  (arrival time - required time)
  Source:                 u_soc_top/u_peripherals/u_spi_master/u_spi_core/tx_shreg_q_reg[18]/C
                            (rising edge-triggered cell FDCE clocked by clk_50m_unbuf  {rise@0.000ns fall@10.000ns period=20.000ns})
  Destination:            u_soc_top/u_peripherals/u_spi_master/u_spi_core/tx_shreg_q_reg[19]/D
                            (rising edge-triggered cell FDCE clocked by clk_50m_unbuf  {rise@0.000ns fall@10.000ns period=20.000ns})
  Path Group:             clk_50m_unbuf
  Path Type:              Hold (Min at Fast Process Corner)
  Requirement:            0.000ns  (clk_50m_unbuf rise@0.000ns - clk_50m_unbuf rise@0.000ns)
  Data Path Delay:        0.244ns  (logic 0.186ns (76.078%)  route 0.058ns (23.922%))
  Logic Levels:           1  (LUT4=1)
  Clock Path Skew:        0.013ns (DCD - SCD - CPR)
    Destination Clock Delay (DCD):    -0.842ns
    Source Clock Delay      (SCD):    -0.604ns
    Clock Pessimism Removal (CPR):    -0.251ns

    Location             Delay type                Incr(ns)  Path(ns)    Netlist Resource(s)
  -------------------------------------------------------------------    -------------------
                         (clock clk_50m_unbuf rise edge)
                                                      0.000     0.000 r  
    E3                                                0.000     0.000 r  clk_100m_i (IN)
                         net (fo=0)                   0.000     0.000    clk_100m_i
    E3                   IBUF (Prop_ibuf_I_O)         0.250     0.250 r  clk_100m_i_IBUF_inst/O
                         net (fo=1, routed)           0.440     0.690    clk_100m_i_IBUF
    MMCME2_ADV_X1Y2      MMCME2_ADV (Prop_mmcme2_adv_CLKIN1_CLKOUT0)
                                                     -2.379    -1.689 r  u_mmcm/CLKOUT0
                         net (fo=1, routed)           0.499    -1.190    clk_50m_unbuf
    BUFGCTRL_X0Y16       BUFG (Prop_bufg_I_O)         0.026    -1.164 r  u_bufg_clk50/O
                         net (fo=4563, routed)        0.560    -0.604    u_soc_top/u_peripherals/u_spi_master/u_spi_core/clk_50m
    SLICE_X49Y105        FDCE                                         r  u_soc_top/u_peripherals/u_spi_master/u_spi_core/tx_shreg_q_reg[18]/C
  -------------------------------------------------------------------    -------------------
    SLICE_X49Y105        FDCE (Prop_fdce_C_Q)         0.141    -0.463 r  u_soc_top/u_peripherals/u_spi_master/u_spi_core/tx_shreg_q_reg[18]/Q
                         net (fo=1, routed)           0.058    -0.405    u_soc_top/u_peripherals/u_spi_master/u_spi_core/tx_shreg_q[18]
    SLICE_X48Y105        LUT4 (Prop_lut4_I2_O)        0.045    -0.360 r  u_soc_top/u_peripherals/u_spi_master/u_spi_core/tx_shreg_q[19]_i_1/O
                         net (fo=1, routed)           0.000    -0.360    u_soc_top/u_peripherals/u_spi_master/u_spi_core/tx_shreg_d[19]
    SLICE_X48Y105        FDCE                                         r  u_soc_top/u_peripherals/u_spi_master/u_spi_core/tx_shreg_q_reg[19]/D
  -------------------------------------------------------------------    -------------------

                         (clock clk_50m_unbuf rise edge)
                                                      0.000     0.000 r  
    E3                                                0.000     0.000 r  clk_100m_i (IN)
                         net (fo=0)                   0.000     0.000    clk_100m_i
    E3                   IBUF (Prop_ibuf_I_O)         0.438     0.438 r  clk_100m_i_IBUF_inst/O
                         net (fo=1, routed)           0.480     0.918    clk_100m_i_IBUF
    MMCME2_ADV_X1Y2      MMCME2_ADV (Prop_mmcme2_adv_CLKIN1_CLKOUT0)
                                                     -3.163    -2.245 r  u_mmcm/CLKOUT0
                         net (fo=1, routed)           0.544    -1.702    clk_50m_unbuf
    BUFGCTRL_X0Y16       BUFG (Prop_bufg_I_O)         0.029    -1.673 r  u_bufg_clk50/O
                         net (fo=4563, routed)        0.831    -0.842    u_soc_top/u_peripherals/u_spi_master/u_spi_core/clk_50m
    SLICE_X48Y105        FDCE                                         r  u_soc_top/u_peripherals/u_spi_master/u_spi_core/tx_shreg_q_reg[19]/C
                         clock pessimism              0.251    -0.591    
    SLICE_X48Y105        FDCE (Hold_fdce_C_D)         0.091    -0.500    u_soc_top/u_peripherals/u_spi_master/u_spi_core/tx_shreg_q_reg[19]
  -------------------------------------------------------------------
                         required time                          0.500    
                         arrival time                          -0.360    
  -------------------------------------------------------------------
                         slack                                  0.140    

Slack (MET) :             0.142ns  (arrival time - required time)
  Source:                 u_soc_top/u_peripherals/u_dma/total_samples_q_reg[15]/C
                            (rising edge-triggered cell FDCE clocked by clk_50m_unbuf  {rise@0.000ns fall@10.000ns period=20.000ns})
  Destination:            u_soc_top/u_peripherals/u_dma/total_samples_q_reg[17]/D
                            (rising edge-triggered cell FDCE clocked by clk_50m_unbuf  {rise@0.000ns fall@10.000ns period=20.000ns})
  Path Group:             clk_50m_unbuf
  Path Type:              Hold (Min at Fast Process Corner)
  Requirement:            0.000ns  (clk_50m_unbuf rise@0.000ns - clk_50m_unbuf rise@0.000ns)
  Data Path Delay:        0.512ns  (logic 0.391ns (76.358%)  route 0.121ns (23.642%))
  Logic Levels:           2  (CARRY4=2)
  Clock Path Skew:        0.265ns (DCD - SCD - CPR)
    Destination Clock Delay (DCD):    -0.841ns
    Source Clock Delay      (SCD):    -0.597ns
    Clock Pessimism Removal (CPR):    -0.509ns

    Location             Delay type                Incr(ns)  Path(ns)    Netlist Resource(s)
  -------------------------------------------------------------------    -------------------
                         (clock clk_50m_unbuf rise edge)
                                                      0.000     0.000 r  
    E3                                                0.000     0.000 r  clk_100m_i (IN)
                         net (fo=0)                   0.000     0.000    clk_100m_i
    E3                   IBUF (Prop_ibuf_I_O)         0.250     0.250 r  clk_100m_i_IBUF_inst/O
                         net (fo=1, routed)           0.440     0.690    clk_100m_i_IBUF
    MMCME2_ADV_X1Y2      MMCME2_ADV (Prop_mmcme2_adv_CLKIN1_CLKOUT0)
                                                     -2.379    -1.689 r  u_mmcm/CLKOUT0
                         net (fo=1, routed)           0.499    -1.190    clk_50m_unbuf
    BUFGCTRL_X0Y16       BUFG (Prop_bufg_I_O)         0.026    -1.164 r  u_bufg_clk50/O
                         net (fo=4563, routed)        0.567    -0.597    u_soc_top/u_peripherals/u_dma/clk_50m
    SLICE_X49Y99         FDCE                                         r  u_soc_top/u_peripherals/u_dma/total_samples_q_reg[15]/C
  -------------------------------------------------------------------    -------------------
    SLICE_X49Y99         FDCE (Prop_fdce_C_Q)         0.141    -0.456 r  u_soc_top/u_peripherals/u_dma/total_samples_q_reg[15]/Q
                         net (fo=2, routed)           0.120    -0.336    u_soc_top/u_peripherals/u_dma/total_samples_q_reg[15]
    SLICE_X49Y99         CARRY4 (Prop_carry4_S[3]_CO[3])
                                                      0.160    -0.176 r  u_soc_top/u_peripherals/u_dma/total_samples_q_reg[12]_i_1/CO[3]
                         net (fo=1, routed)           0.001    -0.175    u_soc_top/u_peripherals/u_dma/total_samples_q_reg[12]_i_1_n_0
    SLICE_X49Y100        CARRY4 (Prop_carry4_CI_O[1])
                                                      0.090    -0.085 r  u_soc_top/u_peripherals/u_dma/total_samples_q_reg[16]_i_1/O[1]
                         net (fo=1, routed)           0.000    -0.085    u_soc_top/u_peripherals/u_dma/total_samples_q_reg[16]_i_1_n_6
    SLICE_X49Y100        FDCE                                         r  u_soc_top/u_peripherals/u_dma/total_samples_q_reg[17]/D
  -------------------------------------------------------------------    -------------------

                         (clock clk_50m_unbuf rise edge)
                                                      0.000     0.000 r  
    E3                                                0.000     0.000 r  clk_100m_i (IN)
                         net (fo=0)                   0.000     0.000    clk_100m_i
    E3                   IBUF (Prop_ibuf_I_O)         0.438     0.438 r  clk_100m_i_IBUF_inst/O
                         net (fo=1, routed)           0.480     0.918    clk_100m_i_IBUF
    MMCME2_ADV_X1Y2      MMCME2_ADV (Prop_mmcme2_adv_CLKIN1_CLKOUT0)
                                                     -3.163    -2.245 r  u_mmcm/CLKOUT0
                         net (fo=1, routed)           0.544    -1.702    clk_50m_unbuf
    BUFGCTRL_X0Y16       BUFG (Prop_bufg_I_O)         0.029    -1.673 r  u_bufg_clk50/O
                         net (fo=4563, routed)        0.832    -0.841    u_soc_top/u_peripherals/u_dma/clk_50m
    SLICE_X49Y100        FDCE                                         r  u_soc_top/u_peripherals/u_dma/total_samples_q_reg[17]/C
                         clock pessimism              0.509    -0.332    
    SLICE_X49Y100        FDCE (Hold_fdce_C_D)         0.105    -0.227    u_soc_top/u_peripherals/u_dma/total_samples_q_reg[17]
  -------------------------------------------------------------------
                         required time                          0.227    
                         arrival time                          -0.085    
  -------------------------------------------------------------------
                         slack                                  0.142    

Slack (MET) :             0.142ns  (arrival time - required time)
  Source:                 u_soc_top/u_peripherals/u_dma/total_samples_q_reg[15]/C
                            (rising edge-triggered cell FDCE clocked by clk_50m_unbuf  {rise@0.000ns fall@10.000ns period=20.000ns})
  Destination:            u_soc_top/u_peripherals/u_dma/total_samples_q_reg[19]/D
                            (rising edge-triggered cell FDCE clocked by clk_50m_unbuf  {rise@0.000ns fall@10.000ns period=20.000ns})
  Path Group:             clk_50m_unbuf
  Path Type:              Hold (Min at Fast Process Corner)
  Requirement:            0.000ns  (clk_50m_unbuf rise@0.000ns - clk_50m_unbuf rise@0.000ns)
  Data Path Delay:        0.512ns  (logic 0.391ns (76.358%)  route 0.121ns (23.642%))
  Logic Levels:           2  (CARRY4=2)
  Clock Path Skew:        0.265ns (DCD - SCD - CPR)
    Destination Clock Delay (DCD):    -0.841ns
    Source Clock Delay      (SCD):    -0.597ns
    Clock Pessimism Removal (CPR):    -0.509ns

    Location             Delay type                Incr(ns)  Path(ns)    Netlist Resource(s)
  -------------------------------------------------------------------    -------------------
                         (clock clk_50m_unbuf rise edge)
                                                      0.000     0.000 r  
    E3                                                0.000     0.000 r  clk_100m_i (IN)
                         net (fo=0)                   0.000     0.000    clk_100m_i
    E3                   IBUF (Prop_ibuf_I_O)         0.250     0.250 r  clk_100m_i_IBUF_inst/O
                         net (fo=1, routed)           0.440     0.690    clk_100m_i_IBUF
    MMCME2_ADV_X1Y2      MMCME2_ADV (Prop_mmcme2_adv_CLKIN1_CLKOUT0)
                                                     -2.379    -1.689 r  u_mmcm/CLKOUT0
                         net (fo=1, routed)           0.499    -1.190    clk_50m_unbuf
    BUFGCTRL_X0Y16       BUFG (Prop_bufg_I_O)         0.026    -1.164 r  u_bufg_clk50/O
                         net (fo=4563, routed)        0.567    -0.597    u_soc_top/u_peripherals/u_dma/clk_50m
    SLICE_X49Y99         FDCE                                         r  u_soc_top/u_peripherals/u_dma/total_samples_q_reg[15]/C
  -------------------------------------------------------------------    -------------------
    SLICE_X49Y99         FDCE (Prop_fdce_C_Q)         0.141    -0.456 r  u_soc_top/u_peripherals/u_dma/total_samples_q_reg[15]/Q
                         net (fo=2, routed)           0.120    -0.336    u_soc_top/u_peripherals/u_dma/total_samples_q_reg[15]
    SLICE_X49Y99         CARRY4 (Prop_carry4_S[3]_CO[3])
                                                      0.160    -0.176 r  u_soc_top/u_peripherals/u_dma/total_samples_q_reg[12]_i_1/CO[3]
                         net (fo=1, routed)           0.001    -0.175    u_soc_top/u_peripherals/u_dma/total_samples_q_reg[12]_i_1_n_0
    SLICE_X49Y100        CARRY4 (Prop_carry4_CI_O[3])
                                                      0.090    -0.085 r  u_soc_top/u_peripherals/u_dma/total_samples_q_reg[16]_i_1/O[3]
                         net (fo=1, routed)           0.000    -0.085    u_soc_top/u_peripherals/u_dma/total_samples_q_reg[16]_i_1_n_4
    SLICE_X49Y100        FDCE                                         r  u_soc_top/u_peripherals/u_dma/total_samples_q_reg[19]/D
  -------------------------------------------------------------------    -------------------

                         (clock clk_50m_unbuf rise edge)
                                                      0.000     0.000 r  
    E3                                                0.000     0.000 r  clk_100m_i (IN)
                         net (fo=0)                   0.000     0.000    clk_100m_i
    E3                   IBUF (Prop_ibuf_I_O)         0.438     0.438 r  clk_100m_i_IBUF_inst/O
                         net (fo=1, routed)           0.480     0.918    clk_100m_i_IBUF
    MMCME2_ADV_X1Y2      MMCME2_ADV (Prop_mmcme2_adv_CLKIN1_CLKOUT0)
                                                     -3.163    -2.245 r  u_mmcm/CLKOUT0
                         net (fo=1, routed)           0.544    -1.702    clk_50m_unbuf
    BUFGCTRL_X0Y16       BUFG (Prop_bufg_I_O)         0.029    -1.673 r  u_bufg_clk50/O
                         net (fo=4563, routed)        0.832    -0.841    u_soc_top/u_peripherals/u_dma/clk_50m
    SLICE_X49Y100        FDCE                                         r  u_soc_top/u_peripherals/u_dma/total_samples_q_reg[19]/C
                         clock pessimism              0.509    -0.332    
    SLICE_X49Y100        FDCE (Hold_fdce_C_D)         0.105    -0.227    u_soc_top/u_peripherals/u_dma/total_samples_q_reg[19]
  -------------------------------------------------------------------
                         required time                          0.227    
                         arrival time                          -0.085    
  -------------------------------------------------------------------
                         slack                                  0.142    

Slack (MET) :             0.142ns  (arrival time - required time)
  Source:                 u_soc_top/u_peripherals/u_spi_master/u_spi_core/rx_ch1_shreg_q_reg[1]/C
                            (rising edge-triggered cell FDCE clocked by clk_50m_unbuf  {rise@0.000ns fall@10.000ns period=20.000ns})
  Destination:            u_soc_top/u_peripherals/u_spi_master/u_spi_core/rx_ch1_shreg_q_reg[2]/D
                            (rising edge-triggered cell FDCE clocked by clk_50m_unbuf  {rise@0.000ns fall@10.000ns period=20.000ns})
  Path Group:             clk_50m_unbuf
  Path Type:              Hold (Min at Fast Process Corner)
  Requirement:            0.000ns  (clk_50m_unbuf rise@0.000ns - clk_50m_unbuf rise@0.000ns)
  Data Path Delay:        0.408ns  (logic 0.128ns (31.366%)  route 0.280ns (68.634%))
  Logic Levels:           0  
  Clock Path Skew:        0.266ns (DCD - SCD - CPR)
    Destination Clock Delay (DCD):    -0.843ns
    Source Clock Delay      (SCD):    -0.605ns
    Clock Pessimism Removal (CPR):    -0.504ns

    Location             Delay type                Incr(ns)  Path(ns)    Netlist Resource(s)
  -------------------------------------------------------------------    -------------------
                         (clock clk_50m_unbuf rise edge)
                                                      0.000     0.000 r  
    E3                                                0.000     0.000 r  clk_100m_i (IN)
                         net (fo=0)                   0.000     0.000    clk_100m_i
    E3                   IBUF (Prop_ibuf_I_O)         0.250     0.250 r  clk_100m_i_IBUF_inst/O
                         net (fo=1, routed)           0.440     0.690    clk_100m_i_IBUF
    MMCME2_ADV_X1Y2      MMCME2_ADV (Prop_mmcme2_adv_CLKIN1_CLKOUT0)
                                                     -2.379    -1.689 r  u_mmcm/CLKOUT0
                         net (fo=1, routed)           0.499    -1.190    clk_50m_unbuf
    BUFGCTRL_X0Y16       BUFG (Prop_bufg_I_O)         0.026    -1.164 r  u_bufg_clk50/O
                         net (fo=4563, routed)        0.559    -0.605    u_soc_top/u_peripherals/u_spi_master/u_spi_core/clk_50m
    SLICE_X52Y100        FDCE                                         r  u_soc_top/u_peripherals/u_spi_master/u_spi_core/rx_ch1_shreg_q_reg[1]/C
  -------------------------------------------------------------------    -------------------
    SLICE_X52Y100        FDCE (Prop_fdce_C_Q)         0.128    -0.477 r  u_soc_top/u_peripherals/u_spi_master/u_spi_core/rx_ch1_shreg_q_reg[1]/Q
                         net (fo=2, routed)           0.280    -0.197    u_soc_top/u_peripherals/u_spi_master/u_spi_core/rx_ch1_shreg_q[1]
    SLICE_X50Y100        FDCE                                         r  u_soc_top/u_peripherals/u_spi_master/u_spi_core/rx_ch1_shreg_q_reg[2]/D
  -------------------------------------------------------------------    -------------------

                         (clock clk_50m_unbuf rise edge)
                                                      0.000     0.000 r  
    E3                                                0.000     0.000 r  clk_100m_i (IN)
                         net (fo=0)                   0.000     0.000    clk_100m_i
    E3                   IBUF (Prop_ibuf_I_O)         0.438     0.438 r  clk_100m_i_IBUF_inst/O
                         net (fo=1, routed)           0.480     0.918    clk_100m_i_IBUF
    MMCME2_ADV_X1Y2      MMCME2_ADV (Prop_mmcme2_adv_CLKIN1_CLKOUT0)
                                                     -3.163    -2.245 r  u_mmcm/CLKOUT0
                         net (fo=1, routed)           0.544    -1.702    clk_50m_unbuf
    BUFGCTRL_X0Y16       BUFG (Prop_bufg_I_O)         0.029    -1.673 r  u_bufg_clk50/O
                         net (fo=4563, routed)        0.830    -0.843    u_soc_top/u_peripherals/u_spi_master/u_spi_core/clk_50m
    SLICE_X50Y100        FDCE                                         r  u_soc_top/u_peripherals/u_spi_master/u_spi_core/rx_ch1_shreg_q_reg[2]/C
                         clock pessimism              0.504    -0.339    
    SLICE_X50Y100        FDCE (Hold_fdce_C_D)         0.000    -0.339    u_soc_top/u_peripherals/u_spi_master/u_spi_core/rx_ch1_shreg_q_reg[2]
  -------------------------------------------------------------------
                         required time                          0.339    
                         arrival time                          -0.197    
  -------------------------------------------------------------------
                         slack                                  0.142    

Slack (MET) :             0.144ns  (arrival time - required time)
  Source:                 u_soc_top/u_peripherals/u_spi_master/u_spi_core/rx_ch1_shreg_q_reg[11]/C
                            (rising edge-triggered cell FDCE clocked by clk_50m_unbuf  {rise@0.000ns fall@10.000ns period=20.000ns})
  Destination:            u_soc_top/u_peripherals/u_spi_master/u_spi_core/rx_ch1_latch_q_reg[11]/D
                            (rising edge-triggered cell FDCE clocked by clk_50m_unbuf  {rise@0.000ns fall@10.000ns period=20.000ns})
  Path Group:             clk_50m_unbuf
  Path Type:              Hold (Min at Fast Process Corner)
  Requirement:            0.000ns  (clk_50m_unbuf rise@0.000ns - clk_50m_unbuf rise@0.000ns)
  Data Path Delay:        0.204ns  (logic 0.141ns (69.074%)  route 0.063ns (30.926%))
  Logic Levels:           0  
  Clock Path Skew:        0.013ns (DCD - SCD - CPR)
    Destination Clock Delay (DCD):    -0.844ns
    Source Clock Delay      (SCD):    -0.605ns
    Clock Pessimism Removal (CPR):    -0.252ns

    Location             Delay type                Incr(ns)  Path(ns)    Netlist Resource(s)
  -------------------------------------------------------------------    -------------------
                         (clock clk_50m_unbuf rise edge)
                                                      0.000     0.000 r  
    E3                                                0.000     0.000 r  clk_100m_i (IN)
                         net (fo=0)                   0.000     0.000    clk_100m_i
    E3                   IBUF (Prop_ibuf_I_O)         0.250     0.250 r  clk_100m_i_IBUF_inst/O
                         net (fo=1, routed)           0.440     0.690    clk_100m_i_IBUF
    MMCME2_ADV_X1Y2      MMCME2_ADV (Prop_mmcme2_adv_CLKIN1_CLKOUT0)
                                                     -2.379    -1.689 r  u_mmcm/CLKOUT0
                         net (fo=1, routed)           0.499    -1.190    clk_50m_unbuf
    BUFGCTRL_X0Y16       BUFG (Prop_bufg_I_O)         0.026    -1.164 r  u_bufg_clk50/O
                         net (fo=4563, routed)        0.559    -0.605    u_soc_top/u_peripherals/u_spi_master/u_spi_core/clk_50m
    SLICE_X52Y100        FDCE                                         r  u_soc_top/u_peripherals/u_spi_master/u_spi_core/rx_ch1_shreg_q_reg[11]/C
  -------------------------------------------------------------------    -------------------
    SLICE_X52Y100        FDCE (Prop_fdce_C_Q)         0.141    -0.464 r  u_soc_top/u_peripherals/u_spi_master/u_spi_core/rx_ch1_shreg_q_reg[11]/Q
                         net (fo=2, routed)           0.063    -0.401    u_soc_top/u_peripherals/u_spi_master/u_spi_core/rx_ch1_shreg_q[11]
    SLICE_X53Y100        FDCE                                         r  u_soc_top/u_peripherals/u_spi_master/u_spi_core/rx_ch1_latch_q_reg[11]/D
  -------------------------------------------------------------------    -------------------

                         (clock clk_50m_unbuf rise edge)
                                                      0.000     0.000 r  
    E3                                                0.000     0.000 r  clk_100m_i (IN)
                         net (fo=0)                   0.000     0.000    clk_100m_i
    E3                   IBUF (Prop_ibuf_I_O)         0.438     0.438 r  clk_100m_i_IBUF_inst/O
                         net (fo=1, routed)           0.480     0.918    clk_100m_i_IBUF
    MMCME2_ADV_X1Y2      MMCME2_ADV (Prop_mmcme2_adv_CLKIN1_CLKOUT0)
                                                     -3.163    -2.245 r  u_mmcm/CLKOUT0
                         net (fo=1, routed)           0.544    -1.702    clk_50m_unbuf
    BUFGCTRL_X0Y16       BUFG (Prop_bufg_I_O)         0.029    -1.673 r  u_bufg_clk50/O
                         net (fo=4563, routed)        0.828    -0.844    u_soc_top/u_peripherals/u_spi_master/u_spi_core/clk_50m
    SLICE_X53Y100        FDCE                                         r  u_soc_top/u_peripherals/u_spi_master/u_spi_core/rx_ch1_latch_q_reg[11]/C
                         clock pessimism              0.252    -0.592    
    SLICE_X53Y100        FDCE (Hold_fdce_C_D)         0.047    -0.545    u_soc_top/u_peripherals/u_spi_master/u_spi_core/rx_ch1_latch_q_reg[11]
  -------------------------------------------------------------------
                         required time                          0.545    
                         arrival time                          -0.401    
  -------------------------------------------------------------------
                         slack                                  0.144    

Slack (MET) :             0.145ns  (arrival time - required time)
  Source:                 u_soc_top/u_peripherals/u_spi_master/u_spi_core/rx_ch1_latch_q_reg[17]/C
                            (rising edge-triggered cell FDCE clocked by clk_50m_unbuf  {rise@0.000ns fall@10.000ns period=20.000ns})
  Destination:            u_soc_top/u_peripherals/u_dma/bank1_mem_reg[1][17]/D
                            (rising edge-triggered cell FDRE clocked by clk_50m_unbuf  {rise@0.000ns fall@10.000ns period=20.000ns})
  Path Group:             clk_50m_unbuf
  Path Type:              Hold (Min at Fast Process Corner)
  Requirement:            0.000ns  (clk_50m_unbuf rise@0.000ns - clk_50m_unbuf rise@0.000ns)
  Data Path Delay:        0.492ns  (logic 0.141ns (28.667%)  route 0.351ns (71.333%))
  Logic Levels:           0  
  Clock Path Skew:        0.277ns (DCD - SCD - CPR)
    Destination Clock Delay (DCD):    -0.835ns
    Source Clock Delay      (SCD):    -0.603ns
    Clock Pessimism Removal (CPR):    -0.509ns

    Location             Delay type                Incr(ns)  Path(ns)    Netlist Resource(s)
  -------------------------------------------------------------------    -------------------
                         (clock clk_50m_unbuf rise edge)
                                                      0.000     0.000 r  
    E3                                                0.000     0.000 r  clk_100m_i (IN)
                         net (fo=0)                   0.000     0.000    clk_100m_i
    E3                   IBUF (Prop_ibuf_I_O)         0.250     0.250 r  clk_100m_i_IBUF_inst/O
                         net (fo=1, routed)           0.440     0.690    clk_100m_i_IBUF
    MMCME2_ADV_X1Y2      MMCME2_ADV (Prop_mmcme2_adv_CLKIN1_CLKOUT0)
                                                     -2.379    -1.689 r  u_mmcm/CLKOUT0
                         net (fo=1, routed)           0.499    -1.190    clk_50m_unbuf
    BUFGCTRL_X0Y16       BUFG (Prop_bufg_I_O)         0.026    -1.164 r  u_bufg_clk50/O
                         net (fo=4563, routed)        0.561    -0.603    u_soc_top/u_peripherals/u_spi_master/u_spi_core/clk_50m
    SLICE_X48Y100        FDCE                                         r  u_soc_top/u_peripherals/u_spi_master/u_spi_core/rx_ch1_latch_q_reg[17]/C
  -------------------------------------------------------------------    -------------------
    SLICE_X48Y100        FDCE (Prop_fdce_C_Q)         0.141    -0.462 r  u_soc_top/u_peripherals/u_spi_master/u_spi_core/rx_ch1_latch_q_reg[17]/Q
                         net (fo=8, routed)           0.351    -0.111    u_soc_top/u_peripherals/u_dma/bank0_mem_reg[1][31]_0[17]
    SLICE_X47Y97         FDRE                                         r  u_soc_top/u_peripherals/u_dma/bank1_mem_reg[1][17]/D
  -------------------------------------------------------------------    -------------------

                         (clock clk_50m_unbuf rise edge)
                                                      0.000     0.000 r  
    E3                                                0.000     0.000 r  clk_100m_i (IN)
                         net (fo=0)                   0.000     0.000    clk_100m_i
    E3                   IBUF (Prop_ibuf_I_O)         0.438     0.438 r  clk_100m_i_IBUF_inst/O
                         net (fo=1, routed)           0.480     0.918    clk_100m_i_IBUF
    MMCME2_ADV_X1Y2      MMCME2_ADV (Prop_mmcme2_adv_CLKIN1_CLKOUT0)
                                                     -3.163    -2.245 r  u_mmcm/CLKOUT0
                         net (fo=1, routed)           0.544    -1.702    clk_50m_unbuf
    BUFGCTRL_X0Y16       BUFG (Prop_bufg_I_O)         0.029    -1.673 r  u_bufg_clk50/O
                         net (fo=4563, routed)        0.838    -0.835    u_soc_top/u_peripherals/u_dma/clk_50m
    SLICE_X47Y97         FDRE                                         r  u_soc_top/u_peripherals/u_dma/bank1_mem_reg[1][17]/C
                         clock pessimism              0.509    -0.326    
    SLICE_X47Y97         FDRE (Hold_fdre_C_D)         0.070    -0.256    u_soc_top/u_peripherals/u_dma/bank1_mem_reg[1][17]
  -------------------------------------------------------------------
                         required time                          0.256    
                         arrival time                          -0.111    
  -------------------------------------------------------------------
                         slack                                  0.145    

Slack (MET) :             0.145ns  (arrival time - required time)
  Source:                 u_soc_top/u_peripherals/u_dma/total_samples_q_reg[15]/C
                            (rising edge-triggered cell FDCE clocked by clk_50m_unbuf  {rise@0.000ns fall@10.000ns period=20.000ns})
  Destination:            u_soc_top/u_peripherals/u_dma/total_samples_q_reg[20]/D
                            (rising edge-triggered cell FDCE clocked by clk_50m_unbuf  {rise@0.000ns fall@10.000ns period=20.000ns})
  Path Group:             clk_50m_unbuf
  Path Type:              Hold (Min at Fast Process Corner)
  Requirement:            0.000ns  (clk_50m_unbuf rise@0.000ns - clk_50m_unbuf rise@0.000ns)
  Data Path Delay:        0.515ns  (logic 0.394ns (76.495%)  route 0.121ns (23.505%))
  Logic Levels:           3  (CARRY4=3)
  Clock Path Skew:        0.265ns (DCD - SCD - CPR)
    Destination Clock Delay (DCD):    -0.841ns
    Source Clock Delay      (SCD):    -0.597ns
    Clock Pessimism Removal (CPR):    -0.509ns

    Location             Delay type                Incr(ns)  Path(ns)    Netlist Resource(s)
  -------------------------------------------------------------------    -------------------
                         (clock clk_50m_unbuf rise edge)
                                                      0.000     0.000 r  
    E3                                                0.000     0.000 r  clk_100m_i (IN)
                         net (fo=0)                   0.000     0.000    clk_100m_i
    E3                   IBUF (Prop_ibuf_I_O)         0.250     0.250 r  clk_100m_i_IBUF_inst/O
                         net (fo=1, routed)           0.440     0.690    clk_100m_i_IBUF
    MMCME2_ADV_X1Y2      MMCME2_ADV (Prop_mmcme2_adv_CLKIN1_CLKOUT0)
                                                     -2.379    -1.689 r  u_mmcm/CLKOUT0
                         net (fo=1, routed)           0.499    -1.190    clk_50m_unbuf
    BUFGCTRL_X0Y16       BUFG (Prop_bufg_I_O)         0.026    -1.164 r  u_bufg_clk50/O
                         net (fo=4563, routed)        0.567    -0.597    u_soc_top/u_peripherals/u_dma/clk_50m
    SLICE_X49Y99         FDCE                                         r  u_soc_top/u_peripherals/u_dma/total_samples_q_reg[15]/C
  -------------------------------------------------------------------    -------------------
    SLICE_X49Y99         FDCE (Prop_fdce_C_Q)         0.141    -0.456 r  u_soc_top/u_peripherals/u_dma/total_samples_q_reg[15]/Q
                         net (fo=2, routed)           0.120    -0.336    u_soc_top/u_peripherals/u_dma/total_samples_q_reg[15]
    SLICE_X49Y99         CARRY4 (Prop_carry4_S[3]_CO[3])
                                                      0.160    -0.176 r  u_soc_top/u_peripherals/u_dma/total_samples_q_reg[12]_i_1/CO[3]
                         net (fo=1, routed)           0.001    -0.175    u_soc_top/u_peripherals/u_dma/total_samples_q_reg[12]_i_1_n_0
    SLICE_X49Y100        CARRY4 (Prop_carry4_CI_CO[3])
                                                      0.039    -0.136 r  u_soc_top/u_peripherals/u_dma/total_samples_q_reg[16]_i_1/CO[3]
                         net (fo=1, routed)           0.000    -0.136    u_soc_top/u_peripherals/u_dma/total_samples_q_reg[16]_i_1_n_0
    SLICE_X49Y101        CARRY4 (Prop_carry4_CI_O[0])
                                                      0.054    -0.082 r  u_soc_top/u_peripherals/u_dma/total_samples_q_reg[20]_i_1/O[0]
                         net (fo=1, routed)           0.000    -0.082    u_soc_top/u_peripherals/u_dma/total_samples_q_reg[20]_i_1_n_7
    SLICE_X49Y101        FDCE                                         r  u_soc_top/u_peripherals/u_dma/total_samples_q_reg[20]/D
  -------------------------------------------------------------------    -------------------

                         (clock clk_50m_unbuf rise edge)
                                                      0.000     0.000 r  
    E3                                                0.000     0.000 r  clk_100m_i (IN)
                         net (fo=0)                   0.000     0.000    clk_100m_i
    E3                   IBUF (Prop_ibuf_I_O)         0.438     0.438 r  clk_100m_i_IBUF_inst/O
                         net (fo=1, routed)           0.480     0.918    clk_100m_i_IBUF
    MMCME2_ADV_X1Y2      MMCME2_ADV (Prop_mmcme2_adv_CLKIN1_CLKOUT0)
                                                     -3.163    -2.245 r  u_mmcm/CLKOUT0
                         net (fo=1, routed)           0.544    -1.702    clk_50m_unbuf
    BUFGCTRL_X0Y16       BUFG (Prop_bufg_I_O)         0.029    -1.673 r  u_bufg_clk50/O
                         net (fo=4563, routed)        0.832    -0.841    u_soc_top/u_peripherals/u_dma/clk_50m
    SLICE_X49Y101        FDCE                                         r  u_soc_top/u_peripherals/u_dma/total_samples_q_reg[20]/C
                         clock pessimism              0.509    -0.332    
    SLICE_X49Y101        FDCE (Hold_fdce_C_D)         0.105    -0.227    u_soc_top/u_peripherals/u_dma/total_samples_q_reg[20]
  -------------------------------------------------------------------
                         required time                          0.227    
                         arrival time                          -0.082    
  -------------------------------------------------------------------
                         slack                                  0.145    




