Copyright 1986-2022 Xilinx, Inc. All Rights Reserved. Copyright 2022-2023 Advanced Micro Devices, Inc. All Rights Reserved.
---------------------------------------------------------------------------------------------------------------------------------------------------
| Tool Version : Vivado v.2023.2 (win64) Build 4029153 Fri Oct 13 20:14:34 MDT 2023
| Date         : Tue Oct  6 14:25:30 2026
| Host         : DESKTOP-5BKHJFE running 64-bit major release  (build 9200)
| Command      : report_timing -delay_type min -max_paths 20 -file E:/ResearchOnWork/RISC_V_CORE/Synthesis/fpga/ecg_artix7/reports/timing_hold.rpt
| Design       : ecg_arty_top
| Device       : 7a100t-csg324
| Speed File   : -1  PRODUCTION 1.23 2018-06-13
| Design State : Physopt postRoute
---------------------------------------------------------------------------------------------------------------------------------------------------

Timing Report

Slack (MET) :             0.125ns  (arrival time - required time)
  Source:                 u_soc_top/u_peripherals/u_spi_master/u_spi_core/rx_ch1_latch_q_reg[12]/C
                            (rising edge-triggered cell FDCE clocked by clk_50m_unbuf  {rise@0.000ns fall@10.000ns period=20.000ns})
  Destination:            u_soc_top/u_peripherals/u_dma/bank1_mem_reg[1][12]/D
                            (rising edge-triggered cell FDRE clocked by clk_50m_unbuf  {rise@0.000ns fall@10.000ns period=20.000ns})
  Path Group:             clk_50m_unbuf
  Path Type:              Hold (Min at Fast Process Corner)
  Requirement:            0.000ns  (clk_50m_unbuf rise@0.000ns - clk_50m_unbuf rise@0.000ns)
  Data Path Delay:        0.458ns  (logic 0.164ns (35.807%)  route 0.294ns (64.193%))
  Logic Levels:           0  
  Clock Path Skew:        0.263ns (DCD - SCD - CPR)
    Destination Clock Delay (DCD):    -0.759ns
    Source Clock Delay      (SCD):    -0.522ns
    Clock Pessimism Removal (CPR):    -0.500ns

    Location             Delay type                Incr(ns)  Path(ns)    Netlist Resource(s)
  -------------------------------------------------------------------    -------------------
                         (clock clk_50m_unbuf rise edge)
                                                      0.000     0.000 r  
    E3                                                0.000     0.000 r  clk_100m_i (IN)
                         net (fo=0)                   0.000     0.000    clk_100m_i
    E3                   IBUF (Prop_ibuf_I_O)         0.250     0.250 r  clk_100m_i_IBUF_inst/O
                         net (fo=1, routed)           0.440     0.690    clk_100m_i_IBUF
    MMCME2_ADV_X1Y2      MMCME2_ADV (Prop_mmcme2_adv_CLKIN1_CLKOUT0)
                                                     -2.379    -1.689 r  u_mmcm/CLKOUT0
                         net (fo=1, routed)           0.499    -1.190    clk_50m_unbuf
    BUFGCTRL_X0Y16       BUFG (Prop_bufg_I_O)         0.026    -1.164 r  u_bufg_clk50/O
                         net (fo=6978, routed)        0.642    -0.522    u_soc_top/u_peripherals/u_spi_master/u_spi_core/clk_50m
    SLICE_X46Y153        FDCE                                         r  u_soc_top/u_peripherals/u_spi_master/u_spi_core/rx_ch1_latch_q_reg[12]/C
  -------------------------------------------------------------------    -------------------
    SLICE_X46Y153        FDCE (Prop_fdce_C_Q)         0.164    -0.358 r  u_soc_top/u_peripherals/u_spi_master/u_spi_core/rx_ch1_latch_q_reg[12]/Q
                         net (fo=8, routed)           0.294    -0.064    u_soc_top/u_peripherals/u_dma/bank0_mem_reg[1][31]_0[12]
    SLICE_X55Y153        FDRE                                         r  u_soc_top/u_peripherals/u_dma/bank1_mem_reg[1][12]/D
  -------------------------------------------------------------------    -------------------

                         (clock clk_50m_unbuf rise edge)
                                                      0.000     0.000 r  
    E3                                                0.000     0.000 r  clk_100m_i (IN)
                         net (fo=0)                   0.000     0.000    clk_100m_i
    E3                   IBUF (Prop_ibuf_I_O)         0.438     0.438 r  clk_100m_i_IBUF_inst/O
                         net (fo=1, routed)           0.480     0.918    clk_100m_i_IBUF
    MMCME2_ADV_X1Y2      MMCME2_ADV (Prop_mmcme2_adv_CLKIN1_CLKOUT0)
                                                     -3.163    -2.245 r  u_mmcm/CLKOUT0
                         net (fo=1, routed)           0.544    -1.702    clk_50m_unbuf
    BUFGCTRL_X0Y16       BUFG (Prop_bufg_I_O)         0.029    -1.673 r  u_bufg_clk50/O
                         net (fo=6978, routed)        0.914    -0.759    u_soc_top/u_peripherals/u_dma/clk_50m
    SLICE_X55Y153        FDRE                                         r  u_soc_top/u_peripherals/u_dma/bank1_mem_reg[1][12]/C
                         clock pessimism              0.500    -0.259    
    SLICE_X55Y153        FDRE (Hold_fdre_C_D)         0.070    -0.189    u_soc_top/u_peripherals/u_dma/bank1_mem_reg[1][12]
  -------------------------------------------------------------------
                         required time                          0.189    
                         arrival time                          -0.064    
  -------------------------------------------------------------------
                         slack                                  0.125    

Slack (MET) :             0.126ns  (arrival time - required time)
  Source:                 u_soc_top/u_peripherals/u_spi_master/u_spi_core/rx_ch1_latch_q_reg[22]/C
                            (rising edge-triggered cell FDCE clocked by clk_50m_unbuf  {rise@0.000ns fall@10.000ns period=20.000ns})
  Destination:            u_soc_top/u_peripherals/u_dma/bank0_mem_reg[1][22]/D
                            (rising edge-triggered cell FDRE clocked by clk_50m_unbuf  {rise@0.000ns fall@10.000ns period=20.000ns})
  Path Group:             clk_50m_unbuf
  Path Type:              Hold (Min at Fast Process Corner)
  Requirement:            0.000ns  (clk_50m_unbuf rise@0.000ns - clk_50m_unbuf rise@0.000ns)
  Data Path Delay:        0.448ns  (logic 0.141ns (31.481%)  route 0.307ns (68.519%))
  Logic Levels:           0  
  Clock Path Skew:        0.263ns (DCD - SCD - CPR)
    Destination Clock Delay (DCD):    -0.759ns
    Source Clock Delay      (SCD):    -0.522ns
    Clock Pessimism Removal (CPR):    -0.500ns

    Location             Delay type                Incr(ns)  Path(ns)    Netlist Resource(s)
  -------------------------------------------------------------------    -------------------
                         (clock clk_50m_unbuf rise edge)
                                                      0.000     0.000 r  
    E3                                                0.000     0.000 r  clk_100m_i (IN)
                         net (fo=0)                   0.000     0.000    clk_100m_i
    E3                   IBUF (Prop_ibuf_I_O)         0.250     0.250 r  clk_100m_i_IBUF_inst/O
                         net (fo=1, routed)           0.440     0.690    clk_100m_i_IBUF
    MMCME2_ADV_X1Y2      MMCME2_ADV (Prop_mmcme2_adv_CLKIN1_CLKOUT0)
                                                     -2.379    -1.689 r  u_mmcm/CLKOUT0
                         net (fo=1, routed)           0.499    -1.190    clk_50m_unbuf
    BUFGCTRL_X0Y16       BUFG (Prop_bufg_I_O)         0.026    -1.164 r  u_bufg_clk50/O
                         net (fo=6978, routed)        0.642    -0.522    u_soc_top/u_peripherals/u_spi_master/u_spi_core/clk_50m
    SLICE_X47Y153        FDCE                                         r  u_soc_top/u_peripherals/u_spi_master/u_spi_core/rx_ch1_latch_q_reg[22]/C
  -------------------------------------------------------------------    -------------------
    SLICE_X47Y153        FDCE (Prop_fdce_C_Q)         0.141    -0.381 r  u_soc_top/u_peripherals/u_spi_master/u_spi_core/rx_ch1_latch_q_reg[22]/Q
                         net (fo=8, routed)           0.307    -0.074    u_soc_top/u_peripherals/u_dma/bank0_mem_reg[1][31]_0[22]
    SLICE_X54Y155        FDRE                                         r  u_soc_top/u_peripherals/u_dma/bank0_mem_reg[1][22]/D
  -------------------------------------------------------------------    -------------------

                         (clock clk_50m_unbuf rise edge)
                                                      0.000     0.000 r  
    E3                                                0.000     0.000 r  clk_100m_i (IN)
                         net (fo=0)                   0.000     0.000    clk_100m_i
    E3                   IBUF (Prop_ibuf_I_O)         0.438     0.438 r  clk_100m_i_IBUF_inst/O
                         net (fo=1, routed)           0.480     0.918    clk_100m_i_IBUF
    MMCME2_ADV_X1Y2      MMCME2_ADV (Prop_mmcme2_adv_CLKIN1_CLKOUT0)
                                                     -3.163    -2.245 r  u_mmcm/CLKOUT0
                         net (fo=1, routed)           0.544    -1.702    clk_50m_unbuf
    BUFGCTRL_X0Y16       BUFG (Prop_bufg_I_O)         0.029    -1.673 r  u_bufg_clk50/O
                         net (fo=6978, routed)        0.914    -0.759    u_soc_top/u_peripherals/u_dma/clk_50m
    SLICE_X54Y155        FDRE                                         r  u_soc_top/u_peripherals/u_dma/bank0_mem_reg[1][22]/C
                         clock pessimism              0.500    -0.259    
    SLICE_X54Y155        FDRE (Hold_fdre_C_D)         0.059    -0.200    u_soc_top/u_peripherals/u_dma/bank0_mem_reg[1][22]
  -------------------------------------------------------------------
                         required time                          0.200    
                         arrival time                          -0.074    
  -------------------------------------------------------------------
                         slack                                  0.126    

Slack (MET) :             0.139ns  (arrival time - required time)
  Source:                 u_soc_top/u_peripherals/u_spi_master/u_spi_core/rx_ch2_latch_q_reg[22]/C
                            (rising edge-triggered cell FDCE clocked by clk_50m_unbuf  {rise@0.000ns fall@10.000ns period=20.000ns})
  Destination:            u_soc_top/u_peripherals/u_dma/bank1_mem_reg[5][22]/D
                            (rising edge-triggered cell FDRE clocked by clk_50m_unbuf  {rise@0.000ns fall@10.000ns period=20.000ns})
  Path Group:             clk_50m_unbuf
  Path Type:              Hold (Min at Fast Process Corner)
  Requirement:            0.000ns  (clk_50m_unbuf rise@0.000ns - clk_50m_unbuf rise@0.000ns)
  Data Path Delay:        0.494ns  (logic 0.186ns (37.650%)  route 0.308ns (62.350%))
  Logic Levels:           1  (LUT5=1)
  Clock Path Skew:        0.263ns (DCD - SCD - CPR)
    Destination Clock Delay (DCD):    -0.759ns
    Source Clock Delay      (SCD):    -0.522ns
    Clock Pessimism Removal (CPR):    -0.500ns

    Location             Delay type                Incr(ns)  Path(ns)    Netlist Resource(s)
  -------------------------------------------------------------------    -------------------
                         (clock clk_50m_unbuf rise edge)
                                                      0.000     0.000 r  
    E3                                                0.000     0.000 r  clk_100m_i (IN)
                         net (fo=0)                   0.000     0.000    clk_100m_i
    E3                   IBUF (Prop_ibuf_I_O)         0.250     0.250 r  clk_100m_i_IBUF_inst/O
                         net (fo=1, routed)           0.440     0.690    clk_100m_i_IBUF
    MMCME2_ADV_X1Y2      MMCME2_ADV (Prop_mmcme2_adv_CLKIN1_CLKOUT0)
                                                     -2.379    -1.689 r  u_mmcm/CLKOUT0
                         net (fo=1, routed)           0.499    -1.190    clk_50m_unbuf
    BUFGCTRL_X0Y16       BUFG (Prop_bufg_I_O)         0.026    -1.164 r  u_bufg_clk50/O
                         net (fo=6978, routed)        0.642    -0.522    u_soc_top/u_peripherals/u_spi_master/u_spi_core/clk_50m
    SLICE_X47Y153        FDCE                                         r  u_soc_top/u_peripherals/u_spi_master/u_spi_core/rx_ch2_latch_q_reg[22]/C
  -------------------------------------------------------------------    -------------------
    SLICE_X47Y153        FDCE (Prop_fdce_C_Q)         0.141    -0.381 r  u_soc_top/u_peripherals/u_spi_master/u_spi_core/rx_ch2_latch_q_reg[22]/Q
                         net (fo=8, routed)           0.308    -0.073    u_soc_top/u_peripherals/u_dma/bank0_mem_reg[65][31]_1[22]
    SLICE_X55Y155        LUT5 (Prop_lut5_I4_O)        0.045    -0.028 r  u_soc_top/u_peripherals/u_dma/bank0_mem[5][22]_i_1/O
                         net (fo=16, routed)          0.000    -0.028    u_soc_top/u_peripherals/u_dma/bank0_mem[5][22]_i_1_n_0
    SLICE_X55Y155        FDRE                                         r  u_soc_top/u_peripherals/u_dma/bank1_mem_reg[5][22]/D
  -------------------------------------------------------------------    -------------------

                         (clock clk_50m_unbuf rise edge)
                                                      0.000     0.000 r  
    E3                                                0.000     0.000 r  clk_100m_i (IN)
                         net (fo=0)                   0.000     0.000    clk_100m_i
    E3                   IBUF (Prop_ibuf_I_O)         0.438     0.438 r  clk_100m_i_IBUF_inst/O
                         net (fo=1, routed)           0.480     0.918    clk_100m_i_IBUF
    MMCME2_ADV_X1Y2      MMCME2_ADV (Prop_mmcme2_adv_CLKIN1_CLKOUT0)
                                                     -3.163    -2.245 r  u_mmcm/CLKOUT0
                         net (fo=1, routed)           0.544    -1.702    clk_50m_unbuf
    BUFGCTRL_X0Y16       BUFG (Prop_bufg_I_O)         0.029    -1.673 r  u_bufg_clk50/O
                         net (fo=6978, routed)        0.914    -0.759    u_soc_top/u_peripherals/u_dma/clk_50m
    SLICE_X55Y155        FDRE                                         r  u_soc_top/u_peripherals/u_dma/bank1_mem_reg[5][22]/C
                         clock pessimism              0.500    -0.259    
    SLICE_X55Y155        FDRE (Hold_fdre_C_D)         0.092    -0.167    u_soc_top/u_peripherals/u_dma/bank1_mem_reg[5][22]
  -------------------------------------------------------------------
                         required time                          0.167    
                         arrival time                          -0.028    
  -------------------------------------------------------------------
                         slack                                  0.139    

Slack (MET) :             0.151ns  (arrival time - required time)
  Source:                 u_soc_top/u_peripherals/u_timer/reload_q_reg[9]/C
                            (rising edge-triggered cell FDCE clocked by clk_50m_unbuf  {rise@0.000ns fall@10.000ns period=20.000ns})
  Destination:            u_soc_top/u_peripherals/u_timer/counter_q_reg[9]/D
                            (rising edge-triggered cell FDCE clocked by clk_50m_unbuf  {rise@0.000ns fall@10.000ns period=20.000ns})
  Path Group:             clk_50m_unbuf
  Path Type:              Hold (Min at Fast Process Corner)
  Requirement:            0.000ns  (clk_50m_unbuf rise@0.000ns - clk_50m_unbuf rise@0.000ns)
  Data Path Delay:        0.256ns  (logic 0.186ns (72.764%)  route 0.070ns (27.236%))
  Logic Levels:           1  (LUT5=1)
  Clock Path Skew:        0.013ns (DCD - SCD - CPR)
    Destination Clock Delay (DCD):    -0.753ns
    Source Clock Delay      (SCD):    -0.520ns
    Clock Pessimism Removal (CPR):    -0.246ns

    Location             Delay type                Incr(ns)  Path(ns)    Netlist Resource(s)
  -------------------------------------------------------------------    -------------------
                         (clock clk_50m_unbuf rise edge)
                                                      0.000     0.000 r  
    E3                                                0.000     0.000 r  clk_100m_i (IN)
                         net (fo=0)                   0.000     0.000    clk_100m_i
    E3                   IBUF (Prop_ibuf_I_O)         0.250     0.250 r  clk_100m_i_IBUF_inst/O
                         net (fo=1, routed)           0.440     0.690    clk_100m_i_IBUF
    MMCME2_ADV_X1Y2      MMCME2_ADV (Prop_mmcme2_adv_CLKIN1_CLKOUT0)
                                                     -2.379    -1.689 r  u_mmcm/CLKOUT0
                         net (fo=1, routed)           0.499    -1.190    clk_50m_unbuf
    BUFGCTRL_X0Y16       BUFG (Prop_bufg_I_O)         0.026    -1.164 r  u_bufg_clk50/O
                         net (fo=6978, routed)        0.644    -0.520    u_soc_top/u_peripherals/u_timer/clk_50m
    SLICE_X41Y155        FDCE                                         r  u_soc_top/u_peripherals/u_timer/reload_q_reg[9]/C
  -------------------------------------------------------------------    -------------------
    SLICE_X41Y155        FDCE (Prop_fdce_C_Q)         0.141    -0.379 r  u_soc_top/u_peripherals/u_timer/reload_q_reg[9]/Q
                         net (fo=2, routed)           0.070    -0.309    u_soc_top/u_peripherals/u_timer/reload_q_reg[31]_0[6]
    SLICE_X40Y155        LUT5 (Prop_lut5_I2_O)        0.045    -0.264 r  u_soc_top/u_peripherals/u_timer/counter_q[9]_i_1/O
                         net (fo=1, routed)           0.000    -0.264    u_soc_top/u_peripherals/u_timer/counter_q[9]_i_1_n_0
    SLICE_X40Y155        FDCE                                         r  u_soc_top/u_peripherals/u_timer/counter_q_reg[9]/D
  -------------------------------------------------------------------    -------------------

                         (clock clk_50m_unbuf rise edge)
                                                      0.000     0.000 r  
    E3                                                0.000     0.000 r  clk_100m_i (IN)
                         net (fo=0)                   0.000     0.000    clk_100m_i
    E3                   IBUF (Prop_ibuf_I_O)         0.438     0.438 r  clk_100m_i_IBUF_inst/O
                         net (fo=1, routed)           0.480     0.918    clk_100m_i_IBUF
    MMCME2_ADV_X1Y2      MMCME2_ADV (Prop_mmcme2_adv_CLKIN1_CLKOUT0)
                                                     -3.163    -2.245 r  u_mmcm/CLKOUT0
                         net (fo=1, routed)           0.544    -1.702    clk_50m_unbuf
    BUFGCTRL_X0Y16       BUFG (Prop_bufg_I_O)         0.029    -1.673 r  u_bufg_clk50/O
                         net (fo=6978, routed)        0.920    -0.753    u_soc_top/u_peripherals/u_timer/clk_50m
    SLICE_X40Y155        FDCE                                         r  u_soc_top/u_peripherals/u_timer/counter_q_reg[9]/C
                         clock pessimism              0.246    -0.507    
    SLICE_X40Y155        FDCE (Hold_fdce_C_D)         0.092    -0.415    u_soc_top/u_peripherals/u_timer/counter_q_reg[9]
  -------------------------------------------------------------------
                         required time                          0.415    
                         arrival time                          -0.264    
  -------------------------------------------------------------------
                         slack                                  0.151    

Slack (MET) :             0.152ns  (arrival time - required time)
  Source:                 u_soc_top/u_peripherals/u_timer/reload_q_reg[21]/C
                            (rising edge-triggered cell FDCE clocked by clk_50m_unbuf  {rise@0.000ns fall@10.000ns period=20.000ns})
  Destination:            u_soc_top/u_peripherals/u_timer/counter_q_reg[21]/D
                            (rising edge-triggered cell FDCE clocked by clk_50m_unbuf  {rise@0.000ns fall@10.000ns period=20.000ns})
  Path Group:             clk_50m_unbuf
  Path Type:              Hold (Min at Fast Process Corner)
  Requirement:            0.000ns  (clk_50m_unbuf rise@0.000ns - clk_50m_unbuf rise@0.000ns)
  Data Path Delay:        0.285ns  (logic 0.186ns (65.209%)  route 0.099ns (34.791%))
  Logic Levels:           1  (LUT5=1)
  Clock Path Skew:        0.013ns (DCD - SCD - CPR)
    Destination Clock Delay (DCD):    -0.756ns
    Source Clock Delay      (SCD):    -0.522ns
    Clock Pessimism Removal (CPR):    -0.247ns

    Location             Delay type                Incr(ns)  Path(ns)    Netlist Resource(s)
  -------------------------------------------------------------------    -------------------
                         (clock clk_50m_unbuf rise edge)
                                                      0.000     0.000 r  
    E3                                                0.000     0.000 r  clk_100m_i (IN)
                         net (fo=0)                   0.000     0.000    clk_100m_i
    E3                   IBUF (Prop_ibuf_I_O)         0.250     0.250 r  clk_100m_i_IBUF_inst/O
                         net (fo=1, routed)           0.440     0.690    clk_100m_i_IBUF
    MMCME2_ADV_X1Y2      MMCME2_ADV (Prop_mmcme2_adv_CLKIN1_CLKOUT0)
                                                     -2.379    -1.689 r  u_mmcm/CLKOUT0
                         net (fo=1, routed)           0.499    -1.190    clk_50m_unbuf
    BUFGCTRL_X0Y16       BUFG (Prop_bufg_I_O)         0.026    -1.164 r  u_bufg_clk50/O
                         net (fo=6978, routed)        0.642    -0.522    u_soc_top/u_peripherals/u_timer/clk_50m
    SLICE_X43Y161        FDCE                                         r  u_soc_top/u_peripherals/u_timer/reload_q_reg[21]/C
  -------------------------------------------------------------------    -------------------
    SLICE_X43Y161        FDCE (Prop_fdce_C_Q)         0.141    -0.381 r  u_soc_top/u_peripherals/u_timer/reload_q_reg[21]/Q
                         net (fo=2, routed)           0.099    -0.282    u_soc_top/u_peripherals/u_timer/reload_q_reg[31]_0[18]
    SLICE_X42Y161        LUT5 (Prop_lut5_I2_O)        0.045    -0.237 r  u_soc_top/u_peripherals/u_timer/counter_q[21]_i_1/O
                         net (fo=1, routed)           0.000    -0.237    u_soc_top/u_peripherals/u_timer/counter_q[21]_i_1_n_0
    SLICE_X42Y161        FDCE                                         r  u_soc_top/u_peripherals/u_timer/counter_q_reg[21]/D
  -------------------------------------------------------------------    -------------------

                         (clock clk_50m_unbuf rise edge)
                                                      0.000     0.000 r  
    E3                                                0.000     0.000 r  clk_100m_i (IN)
                         net (fo=0)                   0.000     0.000    clk_100m_i
    E3                   IBUF (Prop_ibuf_I_O)         0.438     0.438 r  clk_100m_i_IBUF_inst/O
                         net (fo=1, routed)           0.480     0.918    clk_100m_i_IBUF
    MMCME2_ADV_X1Y2      MMCME2_ADV (Prop_mmcme2_adv_CLKIN1_CLKOUT0)
                                                     -3.163    -2.245 r  u_mmcm/CLKOUT0
                         net (fo=1, routed)           0.544    -1.702    clk_50m_unbuf
    BUFGCTRL_X0Y16       BUFG (Prop_bufg_I_O)         0.029    -1.673 r  u_bufg_clk50/O
                         net (fo=6978, routed)        0.917    -0.756    u_soc_top/u_peripherals/u_timer/clk_50m
    SLICE_X42Y161        FDCE                                         r  u_soc_top/u_peripherals/u_timer/counter_q_reg[21]/C
                         clock pessimism              0.247    -0.509    
    SLICE_X42Y161        FDCE (Hold_fdce_C_D)         0.120    -0.389    u_soc_top/u_peripherals/u_timer/counter_q_reg[21]
  -------------------------------------------------------------------
                         required time                          0.389    
                         arrival time                          -0.237    
  -------------------------------------------------------------------
                         slack                                  0.152    

Slack (MET) :             0.156ns  (arrival time - required time)
  Source:                 u_soc_top/u_peripherals/u_spi_master/u_spi_core/tx_shreg_q_reg[13]/C
                            (rising edge-triggered cell FDCE clocked by clk_50m_unbuf  {rise@0.000ns fall@10.000ns period=20.000ns})
  Destination:            u_soc_top/u_peripherals/u_spi_master/u_spi_core/tx_shreg_q_reg[14]/D
                            (rising edge-triggered cell FDCE clocked by clk_50m_unbuf  {rise@0.000ns fall@10.000ns period=20.000ns})
  Path Group:             clk_50m_unbuf
  Path Type:              Hold (Min at Fast Process Corner)
  Requirement:            0.000ns  (clk_50m_unbuf rise@0.000ns - clk_50m_unbuf rise@0.000ns)
  Data Path Delay:        0.260ns  (logic 0.209ns (80.352%)  route 0.051ns (19.648%))
  Logic Levels:           1  (LUT4=1)
  Clock Path Skew:        0.013ns (DCD - SCD - CPR)
    Destination Clock Delay (DCD):    -0.753ns
    Source Clock Delay      (SCD):    -0.520ns
    Clock Pessimism Removal (CPR):    -0.246ns

    Location             Delay type                Incr(ns)  Path(ns)    Netlist Resource(s)
  -------------------------------------------------------------------    -------------------
                         (clock clk_50m_unbuf rise edge)
                                                      0.000     0.000 r  
    E3                                                0.000     0.000 r  clk_100m_i (IN)
                         net (fo=0)                   0.000     0.000    clk_100m_i
    E3                   IBUF (Prop_ibuf_I_O)         0.250     0.250 r  clk_100m_i_IBUF_inst/O
                         net (fo=1, routed)           0.440     0.690    clk_100m_i_IBUF
    MMCME2_ADV_X1Y2      MMCME2_ADV (Prop_mmcme2_adv_CLKIN1_CLKOUT0)
                                                     -2.379    -1.689 r  u_mmcm/CLKOUT0
                         net (fo=1, routed)           0.499    -1.190    clk_50m_unbuf
    BUFGCTRL_X0Y16       BUFG (Prop_bufg_I_O)         0.026    -1.164 r  u_bufg_clk50/O
                         net (fo=6978, routed)        0.644    -0.520    u_soc_top/u_peripherals/u_spi_master/u_spi_core/clk_50m
    SLICE_X38Y156        FDCE                                         r  u_soc_top/u_peripherals/u_spi_master/u_spi_core/tx_shreg_q_reg[13]/C
  -------------------------------------------------------------------    -------------------
    SLICE_X38Y156        FDCE (Prop_fdce_C_Q)         0.164    -0.356 r  u_soc_top/u_peripherals/u_spi_master/u_spi_core/tx_shreg_q_reg[13]/Q
                         net (fo=1, routed)           0.051    -0.305    u_soc_top/u_peripherals/u_spi_master/u_spi_core/tx_shreg_q[13]
    SLICE_X39Y156        LUT4 (Prop_lut4_I2_O)        0.045    -0.260 r  u_soc_top/u_peripherals/u_spi_master/u_spi_core/tx_shreg_q[14]_i_1/O
                         net (fo=1, routed)           0.000    -0.260    u_soc_top/u_peripherals/u_spi_master/u_spi_core/tx_shreg_d[14]
    SLICE_X39Y156        FDCE                                         r  u_soc_top/u_peripherals/u_spi_master/u_spi_core/tx_shreg_q_reg[14]/D
  -------------------------------------------------------------------    -------------------

                         (clock clk_50m_unbuf rise edge)
                                                      0.000     0.000 r  
    E3                                                0.000     0.000 r  clk_100m_i (IN)
                         net (fo=0)                   0.000     0.000    clk_100m_i
    E3                   IBUF (Prop_ibuf_I_O)         0.438     0.438 r  clk_100m_i_IBUF_inst/O
                         net (fo=1, routed)           0.480     0.918    clk_100m_i_IBUF
    MMCME2_ADV_X1Y2      MMCME2_ADV (Prop_mmcme2_adv_CLKIN1_CLKOUT0)
                                                     -3.163    -2.245 r  u_mmcm/CLKOUT0
                         net (fo=1, routed)           0.544    -1.702    clk_50m_unbuf
    BUFGCTRL_X0Y16       BUFG (Prop_bufg_I_O)         0.029    -1.673 r  u_bufg_clk50/O
                         net (fo=6978, routed)        0.920    -0.753    u_soc_top/u_peripherals/u_spi_master/u_spi_core/clk_50m
    SLICE_X39Y156        FDCE                                         r  u_soc_top/u_peripherals/u_spi_master/u_spi_core/tx_shreg_q_reg[14]/C
                         clock pessimism              0.246    -0.507    
    SLICE_X39Y156        FDCE (Hold_fdce_C_D)         0.091    -0.416    u_soc_top/u_peripherals/u_spi_master/u_spi_core/tx_shreg_q_reg[14]
  -------------------------------------------------------------------
                         required time                          0.416    
                         arrival time                          -0.260    
  -------------------------------------------------------------------
                         slack                                  0.156    

Slack (MET) :             0.157ns  (arrival time - required time)
  Source:                 u_soc_top/u_peripherals/u_spi_master/u_spi_core/rx_ch2_latch_q_reg[12]/C
                            (rising edge-triggered cell FDCE clocked by clk_50m_unbuf  {rise@0.000ns fall@10.000ns period=20.000ns})
  Destination:            u_soc_top/u_peripherals/u_dma/bank0_mem_reg[65][12]/D
                            (rising edge-triggered cell FDRE clocked by clk_50m_unbuf  {rise@0.000ns fall@10.000ns period=20.000ns})
  Path Group:             clk_50m_unbuf
  Path Type:              Hold (Min at Fast Process Corner)
  Requirement:            0.000ns  (clk_50m_unbuf rise@0.000ns - clk_50m_unbuf rise@0.000ns)
  Data Path Delay:        0.486ns  (logic 0.141ns (28.991%)  route 0.345ns (71.009%))
  Logic Levels:           0  
  Clock Path Skew:        0.264ns (DCD - SCD - CPR)
    Destination Clock Delay (DCD):    -0.758ns
    Source Clock Delay      (SCD):    -0.522ns
    Clock Pessimism Removal (CPR):    -0.500ns

    Location             Delay type                Incr(ns)  Path(ns)    Netlist Resource(s)
  -------------------------------------------------------------------    -------------------
                         (clock clk_50m_unbuf rise edge)
                                                      0.000     0.000 r  
    E3                                                0.000     0.000 r  clk_100m_i (IN)
                         net (fo=0)                   0.000     0.000    clk_100m_i
    E3                   IBUF (Prop_ibuf_I_O)         0.250     0.250 r  clk_100m_i_IBUF_inst/O
                         net (fo=1, routed)           0.440     0.690    clk_100m_i_IBUF
    MMCME2_ADV_X1Y2      MMCME2_ADV (Prop_mmcme2_adv_CLKIN1_CLKOUT0)
                                                     -2.379    -1.689 r  u_mmcm/CLKOUT0
                         net (fo=1, routed)           0.499    -1.190    clk_50m_unbuf
    BUFGCTRL_X0Y16       BUFG (Prop_bufg_I_O)         0.026    -1.164 r  u_bufg_clk50/O
                         net (fo=6978, routed)        0.642    -0.522    u_soc_top/u_peripherals/u_spi_master/u_spi_core/clk_50m
    SLICE_X47Y153        FDCE                                         r  u_soc_top/u_peripherals/u_spi_master/u_spi_core/rx_ch2_latch_q_reg[12]/C
  -------------------------------------------------------------------    -------------------
    SLICE_X47Y153        FDCE (Prop_fdce_C_Q)         0.141    -0.381 r  u_soc_top/u_peripherals/u_spi_master/u_spi_core/rx_ch2_latch_q_reg[12]/Q
                         net (fo=8, routed)           0.345    -0.035    u_soc_top/u_peripherals/u_dma/bank0_mem_reg[65][31]_1[12]
    SLICE_X55Y151        FDRE                                         r  u_soc_top/u_peripherals/u_dma/bank0_mem_reg[65][12]/D
  -------------------------------------------------------------------    -------------------

                         (clock clk_50m_unbuf rise edge)
                                                      0.000     0.000 r  
    E3                                                0.000     0.000 r  clk_100m_i (IN)
                         net (fo=0)                   0.000     0.000    clk_100m_i
    E3                   IBUF (Prop_ibuf_I_O)         0.438     0.438 r  clk_100m_i_IBUF_inst/O
                         net (fo=1, routed)           0.480     0.918    clk_100m_i_IBUF
    MMCME2_ADV_X1Y2      MMCME2_ADV (Prop_mmcme2_adv_CLKIN1_CLKOUT0)
                                                     -3.163    -2.245 r  u_mmcm/CLKOUT0
                         net (fo=1, routed)           0.544    -1.702    clk_50m_unbuf
    BUFGCTRL_X0Y16       BUFG (Prop_bufg_I_O)         0.029    -1.673 r  u_bufg_clk50/O
                         net (fo=6978, routed)        0.915    -0.758    u_soc_top/u_peripherals/u_dma/clk_50m
    SLICE_X55Y151        FDRE                                         r  u_soc_top/u_peripherals/u_dma/bank0_mem_reg[65][12]/C
                         clock pessimism              0.500    -0.258    
    SLICE_X55Y151        FDRE (Hold_fdre_C_D)         0.066    -0.192    u_soc_top/u_peripherals/u_dma/bank0_mem_reg[65][12]
  -------------------------------------------------------------------
                         required time                          0.192    
                         arrival time                          -0.035    
  -------------------------------------------------------------------
                         slack                                  0.157    

Slack (MET) :             0.161ns  (arrival time - required time)
  Source:                 u_soc_top/u_peripherals/u_spi_master/u_spi_core/rx_status_shreg_q_reg[18]/C
                            (rising edge-triggered cell FDCE clocked by clk_50m_unbuf  {rise@0.000ns fall@10.000ns period=20.000ns})
  Destination:            u_soc_top/u_peripherals/u_spi_master/u_spi_core/rx_data_latch_q_reg[18]/D
                            (rising edge-triggered cell FDCE clocked by clk_50m_unbuf  {rise@0.000ns fall@10.000ns period=20.000ns})
  Path Group:             clk_50m_unbuf
  Path Type:              Hold (Min at Fast Process Corner)
  Requirement:            0.000ns  (clk_50m_unbuf rise@0.000ns - clk_50m_unbuf rise@0.000ns)
  Data Path Delay:        0.253ns  (logic 0.141ns (55.749%)  route 0.112ns (44.251%))
  Logic Levels:           0  
  Clock Path Skew:        0.016ns (DCD - SCD - CPR)
    Destination Clock Delay (DCD):    -0.752ns
    Source Clock Delay      (SCD):    -0.517ns
    Clock Pessimism Removal (CPR):    -0.251ns

    Location             Delay type                Incr(ns)  Path(ns)    Netlist Resource(s)
  -------------------------------------------------------------------    -------------------
                         (clock clk_50m_unbuf rise edge)
                                                      0.000     0.000 r  
    E3                                                0.000     0.000 r  clk_100m_i (IN)
                         net (fo=0)                   0.000     0.000    clk_100m_i
    E3                   IBUF (Prop_ibuf_I_O)         0.250     0.250 r  clk_100m_i_IBUF_inst/O
                         net (fo=1, routed)           0.440     0.690    clk_100m_i_IBUF
    MMCME2_ADV_X1Y2      MMCME2_ADV (Prop_mmcme2_adv_CLKIN1_CLKOUT0)
                                                     -2.379    -1.689 r  u_mmcm/CLKOUT0
                         net (fo=1, routed)           0.499    -1.190    clk_50m_unbuf
    BUFGCTRL_X0Y16       BUFG (Prop_bufg_I_O)         0.026    -1.164 r  u_bufg_clk50/O
                         net (fo=6978, routed)        0.647    -0.517    u_soc_top/u_peripherals/u_spi_master/u_spi_core/clk_50m
    SLICE_X36Y156        FDCE                                         r  u_soc_top/u_peripherals/u_spi_master/u_spi_core/rx_status_shreg_q_reg[18]/C
  -------------------------------------------------------------------    -------------------
    SLICE_X36Y156        FDCE (Prop_fdce_C_Q)         0.141    -0.376 r  u_soc_top/u_peripherals/u_spi_master/u_spi_core/rx_status_shreg_q_reg[18]/Q
                         net (fo=2, routed)           0.112    -0.264    u_soc_top/u_peripherals/u_spi_master/u_spi_core/rx_status_shreg_q[18]
    SLICE_X34Y156        FDCE                                         r  u_soc_top/u_peripherals/u_spi_master/u_spi_core/rx_data_latch_q_reg[18]/D
  -------------------------------------------------------------------    -------------------

                         (clock clk_50m_unbuf rise edge)
                                                      0.000     0.000 r  
    E3                                                0.000     0.000 r  clk_100m_i (IN)
                         net (fo=0)                   0.000     0.000    clk_100m_i
    E3                   IBUF (Prop_ibuf_I_O)         0.438     0.438 r  clk_100m_i_IBUF_inst/O
                         net (fo=1, routed)           0.480     0.918    clk_100m_i_IBUF
    MMCME2_ADV_X1Y2      MMCME2_ADV (Prop_mmcme2_adv_CLKIN1_CLKOUT0)
                                                     -3.163    -2.245 r  u_mmcm/CLKOUT0
                         net (fo=1, routed)           0.544    -1.702    clk_50m_unbuf
    BUFGCTRL_X0Y16       BUFG (Prop_bufg_I_O)         0.029    -1.673 r  u_bufg_clk50/O
                         net (fo=6978, routed)        0.921    -0.752    u_soc_top/u_peripherals/u_spi_master/u_spi_core/clk_50m
    SLICE_X34Y156        FDCE                                         r  u_soc_top/u_peripherals/u_spi_master/u_spi_core/rx_data_latch_q_reg[18]/C
                         clock pessimism              0.251    -0.501    
    SLICE_X34Y156        FDCE (Hold_fdce_C_D)         0.076    -0.425    u_soc_top/u_peripherals/u_spi_master/u_spi_core/rx_data_latch_q_reg[18]
  -------------------------------------------------------------------
                         required time                          0.425    
                         arrival time                          -0.264    
  -------------------------------------------------------------------
                         slack                                  0.161    

Slack (MET) :             0.162ns  (arrival time - required time)
  Source:                 u_soc_top/u_peripherals/u_spi_master/u_spi_core/rx_status_shreg_q_reg[17]/C
                            (rising edge-triggered cell FDCE clocked by clk_50m_unbuf  {rise@0.000ns fall@10.000ns period=20.000ns})
  Destination:            u_soc_top/u_peripherals/u_spi_master/u_spi_core/rx_data_latch_q_reg[17]/D
                            (rising edge-triggered cell FDCE clocked by clk_50m_unbuf  {rise@0.000ns fall@10.000ns period=20.000ns})
  Path Group:             clk_50m_unbuf
  Path Type:              Hold (Min at Fast Process Corner)
  Requirement:            0.000ns  (clk_50m_unbuf rise@0.000ns - clk_50m_unbuf rise@0.000ns)
  Data Path Delay:        0.254ns  (logic 0.141ns (55.483%)  route 0.113ns (44.517%))
  Logic Levels:           0  
  Clock Path Skew:        0.016ns (DCD - SCD - CPR)
    Destination Clock Delay (DCD):    -0.752ns
    Source Clock Delay      (SCD):    -0.517ns
    Clock Pessimism Removal (CPR):    -0.251ns

    Location             Delay type                Incr(ns)  Path(ns)    Netlist Resource(s)
  -------------------------------------------------------------------    -------------------
                         (clock clk_50m_unbuf rise edge)
                                                      0.000     0.000 r  
    E3                                                0.000     0.000 r  clk_100m_i (IN)
                         net (fo=0)                   0.000     0.000    clk_100m_i
    E3                   IBUF (Prop_ibuf_I_O)         0.250     0.250 r  clk_100m_i_IBUF_inst/O
                         net (fo=1, routed)           0.440     0.690    clk_100m_i_IBUF
    MMCME2_ADV_X1Y2      MMCME2_ADV (Prop_mmcme2_adv_CLKIN1_CLKOUT0)
                                                     -2.379    -1.689 r  u_mmcm/CLKOUT0
                         net (fo=1, routed)           0.499    -1.190    clk_50m_unbuf
    BUFGCTRL_X0Y16       BUFG (Prop_bufg_I_O)         0.026    -1.164 r  u_bufg_clk50/O
                         net (fo=6978, routed)        0.647    -0.517    u_soc_top/u_peripherals/u_spi_master/u_spi_core/clk_50m
    SLICE_X36Y156        FDCE                                         r  u_soc_top/u_peripherals/u_spi_master/u_spi_core/rx_status_shreg_q_reg[17]/C
  -------------------------------------------------------------------    -------------------
    SLICE_X36Y156        FDCE (Prop_fdce_C_Q)         0.141    -0.376 r  u_soc_top/u_peripherals/u_spi_master/u_spi_core/rx_status_shreg_q_reg[17]/Q
                         net (fo=2, routed)           0.113    -0.263    u_soc_top/u_peripherals/u_spi_master/u_spi_core/rx_status_shreg_q[17]
    SLICE_X34Y156        FDCE                                         r  u_soc_top/u_peripherals/u_spi_master/u_spi_core/rx_data_latch_q_reg[17]/D
  -------------------------------------------------------------------    -------------------

                         (clock clk_50m_unbuf rise edge)
                                                      0.000     0.000 r  
    E3                                                0.000     0.000 r  clk_100m_i (IN)
                         net (fo=0)                   0.000     0.000    clk_100m_i
    E3                   IBUF (Prop_ibuf_I_O)         0.438     0.438 r  clk_100m_i_IBUF_inst/O
                         net (fo=1, routed)           0.480     0.918    clk_100m_i_IBUF
    MMCME2_ADV_X1Y2      MMCME2_ADV (Prop_mmcme2_adv_CLKIN1_CLKOUT0)
                                                     -3.163    -2.245 r  u_mmcm/CLKOUT0
                         net (fo=1, routed)           0.544    -1.702    clk_50m_unbuf
    BUFGCTRL_X0Y16       BUFG (Prop_bufg_I_O)         0.029    -1.673 r  u_bufg_clk50/O
                         net (fo=6978, routed)        0.921    -0.752    u_soc_top/u_peripherals/u_spi_master/u_spi_core/clk_50m
    SLICE_X34Y156        FDCE                                         r  u_soc_top/u_peripherals/u_spi_master/u_spi_core/rx_data_latch_q_reg[17]/C
                         clock pessimism              0.251    -0.501    
    SLICE_X34Y156        FDCE (Hold_fdce_C_D)         0.076    -0.425    u_soc_top/u_peripherals/u_spi_master/u_spi_core/rx_data_latch_q_reg[17]
  -------------------------------------------------------------------
                         required time                          0.425    
                         arrival time                          -0.263    
  -------------------------------------------------------------------
                         slack                                  0.162    

Slack (MET) :             0.165ns  (arrival time - required time)
  Source:                 u_soc_top/u_peripherals/u_spi_master/u_spi_core/rx_ch1_latch_q_reg[22]/C
                            (rising edge-triggered cell FDCE clocked by clk_50m_unbuf  {rise@0.000ns fall@10.000ns period=20.000ns})
  Destination:            u_soc_top/u_peripherals/u_dma/bank1_mem_reg[1][22]/D
                            (rising edge-triggered cell FDRE clocked by clk_50m_unbuf  {rise@0.000ns fall@10.000ns period=20.000ns})
  Path Group:             clk_50m_unbuf
  Path Type:              Hold (Min at Fast Process Corner)
  Requirement:            0.000ns  (clk_50m_unbuf rise@0.000ns - clk_50m_unbuf rise@0.000ns)
  Data Path Delay:        0.493ns  (logic 0.141ns (28.575%)  route 0.352ns (71.425%))
  Logic Levels:           0  
  Clock Path Skew:        0.263ns (DCD - SCD - CPR)
    Destination Clock Delay (DCD):    -0.759ns
    Source Clock Delay      (SCD):    -0.522ns
    Clock Pessimism Removal (CPR):    -0.500ns

    Location             Delay type                Incr(ns)  Path(ns)    Netlist Resource(s)
  -------------------------------------------------------------------    -------------------
                         (clock clk_50m_unbuf rise edge)
                                                      0.000     0.000 r  
    E3                                                0.000     0.000 r  clk_100m_i (IN)
                         net (fo=0)                   0.000     0.000    clk_100m_i
    E3                   IBUF (Prop_ibuf_I_O)         0.250     0.250 r  clk_100m_i_IBUF_inst/O
                         net (fo=1, routed)           0.440     0.690    clk_100m_i_IBUF
    MMCME2_ADV_X1Y2      MMCME2_ADV (Prop_mmcme2_adv_CLKIN1_CLKOUT0)
                                                     -2.379    -1.689 r  u_mmcm/CLKOUT0
                         net (fo=1, routed)           0.499    -1.190    clk_50m_unbuf
    BUFGCTRL_X0Y16       BUFG (Prop_bufg_I_O)         0.026    -1.164 r  u_bufg_clk50/O
                         net (fo=6978, routed)        0.642    -0.522    u_soc_top/u_peripherals/u_spi_master/u_spi_core/clk_50m
    SLICE_X47Y153        FDCE                                         r  u_soc_top/u_peripherals/u_spi_master/u_spi_core/rx_ch1_latch_q_reg[22]/C
  -------------------------------------------------------------------    -------------------
    SLICE_X47Y153        FDCE (Prop_fdce_C_Q)         0.141    -0.381 r  u_soc_top/u_peripherals/u_spi_master/u_spi_core/rx_ch1_latch_q_reg[22]/Q
                         net (fo=8, routed)           0.352    -0.028    u_soc_top/u_peripherals/u_dma/bank0_mem_reg[1][31]_0[22]
    SLICE_X55Y153        FDRE                                         r  u_soc_top/u_peripherals/u_dma/bank1_mem_reg[1][22]/D
  -------------------------------------------------------------------    -------------------

                         (clock clk_50m_unbuf rise edge)
                                                      0.000     0.000 r  
    E3                                                0.000     0.000 r  clk_100m_i (IN)
                         net (fo=0)                   0.000     0.000    clk_100m_i
    E3                   IBUF (Prop_ibuf_I_O)         0.438     0.438 r  clk_100m_i_IBUF_inst/O
                         net (fo=1, routed)           0.480     0.918    clk_100m_i_IBUF
    MMCME2_ADV_X1Y2      MMCME2_ADV (Prop_mmcme2_adv_CLKIN1_CLKOUT0)
                                                     -3.163    -2.245 r  u_mmcm/CLKOUT0
                         net (fo=1, routed)           0.544    -1.702    clk_50m_unbuf
    BUFGCTRL_X0Y16       BUFG (Prop_bufg_I_O)         0.029    -1.673 r  u_bufg_clk50/O
                         net (fo=6978, routed)        0.914    -0.759    u_soc_top/u_peripherals/u_dma/clk_50m
    SLICE_X55Y153        FDRE                                         r  u_soc_top/u_peripherals/u_dma/bank1_mem_reg[1][22]/C
                         clock pessimism              0.500    -0.259    
    SLICE_X55Y153        FDRE (Hold_fdre_C_D)         0.066    -0.193    u_soc_top/u_peripherals/u_dma/bank1_mem_reg[1][22]
  -------------------------------------------------------------------
                         required time                          0.193    
                         arrival time                          -0.028    
  -------------------------------------------------------------------
                         slack                                  0.165    

Slack (MET) :             0.165ns  (arrival time - required time)
  Source:                 u_soc_top/u_peripherals/u_spi_master/tx_data_q_reg[7]/C
                            (rising edge-triggered cell FDCE clocked by clk_50m_unbuf  {rise@0.000ns fall@10.000ns period=20.000ns})
  Destination:            u_soc_top/u_peripherals/u_spi_master/u_spi_core/tx_shreg_q_reg[7]/D
                            (rising edge-triggered cell FDCE clocked by clk_50m_unbuf  {rise@0.000ns fall@10.000ns period=20.000ns})
  Path Group:             clk_50m_unbuf
  Path Type:              Hold (Min at Fast Process Corner)
  Requirement:            0.000ns  (clk_50m_unbuf rise@0.000ns - clk_50m_unbuf rise@0.000ns)
  Data Path Delay:        0.270ns  (logic 0.209ns (77.407%)  route 0.061ns (22.593%))
  Logic Levels:           1  (LUT4=1)
  Clock Path Skew:        0.013ns (DCD - SCD - CPR)
    Destination Clock Delay (DCD):    -0.753ns
    Source Clock Delay      (SCD):    -0.518ns
    Clock Pessimism Removal (CPR):    -0.248ns

    Location             Delay type                Incr(ns)  Path(ns)    Netlist Resource(s)
  -------------------------------------------------------------------    -------------------
                         (clock clk_50m_unbuf rise edge)
                                                      0.000     0.000 r  
    E3                                                0.000     0.000 r  clk_100m_i (IN)
                         net (fo=0)                   0.000     0.000    clk_100m_i
    E3                   IBUF (Prop_ibuf_I_O)         0.250     0.250 r  clk_100m_i_IBUF_inst/O
                         net (fo=1, routed)           0.440     0.690    clk_100m_i_IBUF
    MMCME2_ADV_X1Y2      MMCME2_ADV (Prop_mmcme2_adv_CLKIN1_CLKOUT0)
                                                     -2.379    -1.689 r  u_mmcm/CLKOUT0
                         net (fo=1, routed)           0.499    -1.190    clk_50m_unbuf
    BUFGCTRL_X0Y16       BUFG (Prop_bufg_I_O)         0.026    -1.164 r  u_bufg_clk50/O
                         net (fo=6978, routed)        0.646    -0.518    u_soc_top/u_peripherals/u_spi_master/clk_50m
    SLICE_X34Y157        FDCE                                         r  u_soc_top/u_peripherals/u_spi_master/tx_data_q_reg[7]/C
  -------------------------------------------------------------------    -------------------
    SLICE_X34Y157        FDCE (Prop_fdce_C_Q)         0.164    -0.354 r  u_soc_top/u_peripherals/u_spi_master/tx_data_q_reg[7]/Q
                         net (fo=2, routed)           0.061    -0.293    u_soc_top/u_peripherals/u_spi_master/u_spi_core/tx_shreg_q_reg[23]_1[7]
    SLICE_X35Y157        LUT4 (Prop_lut4_I0_O)        0.045    -0.248 r  u_soc_top/u_peripherals/u_spi_master/u_spi_core/tx_shreg_q[7]_i_1__0/O
                         net (fo=1, routed)           0.000    -0.248    u_soc_top/u_peripherals/u_spi_master/u_spi_core/tx_shreg_d[7]
    SLICE_X35Y157        FDCE                                         r  u_soc_top/u_peripherals/u_spi_master/u_spi_core/tx_shreg_q_reg[7]/D
  -------------------------------------------------------------------    -------------------

                         (clock clk_50m_unbuf rise edge)
                                                      0.000     0.000 r  
    E3                                                0.000     0.000 r  clk_100m_i (IN)
                         net (fo=0)                   0.000     0.000    clk_100m_i
    E3                   IBUF (Prop_ibuf_I_O)         0.438     0.438 r  clk_100m_i_IBUF_inst/O
                         net (fo=1, routed)           0.480     0.918    clk_100m_i_IBUF
    MMCME2_ADV_X1Y2      MMCME2_ADV (Prop_mmcme2_adv_CLKIN1_CLKOUT0)
                                                     -3.163    -2.245 r  u_mmcm/CLKOUT0
                         net (fo=1, routed)           0.544    -1.702    clk_50m_unbuf
    BUFGCTRL_X0Y16       BUFG (Prop_bufg_I_O)         0.029    -1.673 r  u_bufg_clk50/O
                         net (fo=6978, routed)        0.920    -0.753    u_soc_top/u_peripherals/u_spi_master/u_spi_core/clk_50m
    SLICE_X35Y157        FDCE                                         r  u_soc_top/u_peripherals/u_spi_master/u_spi_core/tx_shreg_q_reg[7]/C
                         clock pessimism              0.248    -0.505    
    SLICE_X35Y157        FDCE (Hold_fdce_C_D)         0.092    -0.413    u_soc_top/u_peripherals/u_spi_master/u_spi_core/tx_shreg_q_reg[7]
  -------------------------------------------------------------------
                         required time                          0.413    
                         arrival time                          -0.248    
  -------------------------------------------------------------------
                         slack                                  0.165    

Slack (MET) :             0.171ns  (arrival time - required time)
  Source:                 u_soc_top/u_peripherals/u_spi_master/u_spi_core/rx_ch2_shreg_q_reg[14]/C
                            (rising edge-triggered cell FDCE clocked by clk_50m_unbuf  {rise@0.000ns fall@10.000ns period=20.000ns})
  Destination:            u_soc_top/u_peripherals/u_spi_master/u_spi_core/rx_ch2_latch_q_reg[14]/D
                            (rising edge-triggered cell FDCE clocked by clk_50m_unbuf  {rise@0.000ns fall@10.000ns period=20.000ns})
  Path Group:             clk_50m_unbuf
  Path Type:              Hold (Min at Fast Process Corner)
  Requirement:            0.000ns  (clk_50m_unbuf rise@0.000ns - clk_50m_unbuf rise@0.000ns)
  Data Path Delay:        0.253ns  (logic 0.141ns (55.746%)  route 0.112ns (44.254%))
  Logic Levels:           0  
  Clock Path Skew:        0.016ns (DCD - SCD - CPR)
    Destination Clock Delay (DCD):    -0.757ns
    Source Clock Delay      (SCD):    -0.523ns
    Clock Pessimism Removal (CPR):    -0.250ns

    Location             Delay type                Incr(ns)  Path(ns)    Netlist Resource(s)
  -------------------------------------------------------------------    -------------------
                         (clock clk_50m_unbuf rise edge)
                                                      0.000     0.000 r  
    E3                                                0.000     0.000 r  clk_100m_i (IN)
                         net (fo=0)                   0.000     0.000    clk_100m_i
    E3                   IBUF (Prop_ibuf_I_O)         0.250     0.250 r  clk_100m_i_IBUF_inst/O
                         net (fo=1, routed)           0.440     0.690    clk_100m_i_IBUF
    MMCME2_ADV_X1Y2      MMCME2_ADV (Prop_mmcme2_adv_CLKIN1_CLKOUT0)
                                                     -2.379    -1.689 r  u_mmcm/CLKOUT0
                         net (fo=1, routed)           0.499    -1.190    clk_50m_unbuf
    BUFGCTRL_X0Y16       BUFG (Prop_bufg_I_O)         0.026    -1.164 r  u_bufg_clk50/O
                         net (fo=6978, routed)        0.641    -0.523    u_soc_top/u_peripherals/u_spi_master/u_spi_core/clk_50m
    SLICE_X47Y157        FDCE                                         r  u_soc_top/u_peripherals/u_spi_master/u_spi_core/rx_ch2_shreg_q_reg[14]/C
  -------------------------------------------------------------------    -------------------
    SLICE_X47Y157        FDCE (Prop_fdce_C_Q)         0.141    -0.382 r  u_soc_top/u_peripherals/u_spi_master/u_spi_core/rx_ch2_shreg_q_reg[14]/Q
                         net (fo=2, routed)           0.112    -0.270    u_soc_top/u_peripherals/u_spi_master/u_spi_core/rx_ch2_shreg_q[14]
    SLICE_X48Y157        FDCE                                         r  u_soc_top/u_peripherals/u_spi_master/u_spi_core/rx_ch2_latch_q_reg[14]/D
  -------------------------------------------------------------------    -------------------

                         (clock clk_50m_unbuf rise edge)
                                                      0.000     0.000 r  
    E3                                                0.000     0.000 r  clk_100m_i (IN)
                         net (fo=0)                   0.000     0.000    clk_100m_i
    E3                   IBUF (Prop_ibuf_I_O)         0.438     0.438 r  clk_100m_i_IBUF_inst/O
                         net (fo=1, routed)           0.480     0.918    clk_100m_i_IBUF
    MMCME2_ADV_X1Y2      MMCME2_ADV (Prop_mmcme2_adv_CLKIN1_CLKOUT0)
                                                     -3.163    -2.245 r  u_mmcm/CLKOUT0
                         net (fo=1, routed)           0.544    -1.702    clk_50m_unbuf
    BUFGCTRL_X0Y16       BUFG (Prop_bufg_I_O)         0.029    -1.673 r  u_bufg_clk50/O
                         net (fo=6978, routed)        0.916    -0.757    u_soc_top/u_peripherals/u_spi_master/u_spi_core/clk_50m
    SLICE_X48Y157        FDCE                                         r  u_soc_top/u_peripherals/u_spi_master/u_spi_core/rx_ch2_latch_q_reg[14]/C
                         clock pessimism              0.250    -0.507    
    SLICE_X48Y157        FDCE (Hold_fdce_C_D)         0.066    -0.441    u_soc_top/u_peripherals/u_spi_master/u_spi_core/rx_ch2_latch_q_reg[14]
  -------------------------------------------------------------------
                         required time                          0.441    
                         arrival time                          -0.270    
  -------------------------------------------------------------------
                         slack                                  0.171    

Slack (MET) :             0.171ns  (arrival time - required time)
  Source:                 u_soc_top/u_peripherals/u_spi_master/u_spi_core/drdy_sync_q_reg[1]/C
                            (rising edge-triggered cell FDPE clocked by clk_50m_unbuf  {rise@0.000ns fall@10.000ns period=20.000ns})
  Destination:            u_soc_top/u_peripherals/u_spi_master/u_spi_core/drdy_sync_q_reg[2]/D
                            (rising edge-triggered cell FDPE clocked by clk_50m_unbuf  {rise@0.000ns fall@10.000ns period=20.000ns})
  Path Group:             clk_50m_unbuf
  Path Type:              Hold (Min at Fast Process Corner)
  Requirement:            0.000ns  (clk_50m_unbuf rise@0.000ns - clk_50m_unbuf rise@0.000ns)
  Data Path Delay:        0.277ns  (logic 0.141ns (50.828%)  route 0.136ns (49.172%))
  Logic Levels:           0  
  Clock Path Skew:        0.036ns (DCD - SCD - CPR)
    Destination Clock Delay (DCD):    -0.752ns
    Source Clock Delay      (SCD):    -0.517ns
    Clock Pessimism Removal (CPR):    -0.271ns

    Location             Delay type                Incr(ns)  Path(ns)    Netlist Resource(s)
  -------------------------------------------------------------------    -------------------
                         (clock clk_50m_unbuf rise edge)
                                                      0.000     0.000 r  
    E3                                                0.000     0.000 r  clk_100m_i (IN)
                         net (fo=0)                   0.000     0.000    clk_100m_i
    E3                   IBUF (Prop_ibuf_I_O)         0.250     0.250 r  clk_100m_i_IBUF_inst/O
                         net (fo=1, routed)           0.440     0.690    clk_100m_i_IBUF
    MMCME2_ADV_X1Y2      MMCME2_ADV (Prop_mmcme2_adv_CLKIN1_CLKOUT0)
                                                     -2.379    -1.689 r  u_mmcm/CLKOUT0
                         net (fo=1, routed)           0.499    -1.190    clk_50m_unbuf
    BUFGCTRL_X0Y16       BUFG (Prop_bufg_I_O)         0.026    -1.164 r  u_bufg_clk50/O
                         net (fo=6978, routed)        0.647    -0.517    u_soc_top/u_peripherals/u_spi_master/u_spi_core/clk_50m
    SLICE_X28Y159        FDPE                                         r  u_soc_top/u_peripherals/u_spi_master/u_spi_core/drdy_sync_q_reg[1]/C
  -------------------------------------------------------------------    -------------------
    SLICE_X28Y159        FDPE (Prop_fdpe_C_Q)         0.141    -0.376 r  u_soc_top/u_peripherals/u_spi_master/u_spi_core/drdy_sync_q_reg[1]/Q
                         net (fo=3, routed)           0.136    -0.239    u_soc_top/u_peripherals/u_spi_master/u_spi_core/drdy_sync_q[1]
    SLICE_X31Y159        FDPE                                         r  u_soc_top/u_peripherals/u_spi_master/u_spi_core/drdy_sync_q_reg[2]/D
  -------------------------------------------------------------------    -------------------

                         (clock clk_50m_unbuf rise edge)
                                                      0.000     0.000 r  
    E3                                                0.000     0.000 r  clk_100m_i (IN)
                         net (fo=0)                   0.000     0.000    clk_100m_i
    E3                   IBUF (Prop_ibuf_I_O)         0.438     0.438 r  clk_100m_i_IBUF_inst/O
                         net (fo=1, routed)           0.480     0.918    clk_100m_i_IBUF
    MMCME2_ADV_X1Y2      MMCME2_ADV (Prop_mmcme2_adv_CLKIN1_CLKOUT0)
                                                     -3.163    -2.245 r  u_mmcm/CLKOUT0
                         net (fo=1, routed)           0.544    -1.702    clk_50m_unbuf
    BUFGCTRL_X0Y16       BUFG (Prop_bufg_I_O)         0.029    -1.673 r  u_bufg_clk50/O
                         net (fo=6978, routed)        0.921    -0.752    u_soc_top/u_peripherals/u_spi_master/u_spi_core/clk_50m
    SLICE_X31Y159        FDPE                                         r  u_soc_top/u_peripherals/u_spi_master/u_spi_core/drdy_sync_q_reg[2]/C
                         clock pessimism              0.271    -0.481    
    SLICE_X31Y159        FDPE (Hold_fdpe_C_D)         0.070    -0.411    u_soc_top/u_peripherals/u_spi_master/u_spi_core/drdy_sync_q_reg[2]
  -------------------------------------------------------------------
                         required time                          0.411    
                         arrival time                          -0.239    
  -------------------------------------------------------------------
                         slack                                  0.171    

Slack (MET) :             0.173ns  (arrival time - required time)
  Source:                 u_soc_top/u_peripherals/u_spi_master/u_spi_core/rx_ch2_shreg_q_reg[18]/C
                            (rising edge-triggered cell FDCE clocked by clk_50m_unbuf  {rise@0.000ns fall@10.000ns period=20.000ns})
  Destination:            u_soc_top/u_peripherals/u_spi_master/u_spi_core/rx_ch2_latch_q_reg[18]/D
                            (rising edge-triggered cell FDCE clocked by clk_50m_unbuf  {rise@0.000ns fall@10.000ns period=20.000ns})
  Path Group:             clk_50m_unbuf
  Path Type:              Hold (Min at Fast Process Corner)
  Requirement:            0.000ns  (clk_50m_unbuf rise@0.000ns - clk_50m_unbuf rise@0.000ns)
  Data Path Delay:        0.255ns  (logic 0.141ns (55.264%)  route 0.114ns (44.736%))
  Logic Levels:           0  
  Clock Path Skew:        0.016ns (DCD - SCD - CPR)
    Destination Clock Delay (DCD):    -0.756ns
    Source Clock Delay      (SCD):    -0.522ns
    Clock Pessimism Removal (CPR):    -0.250ns

    Location             Delay type                Incr(ns)  Path(ns)    Netlist Resource(s)
  -------------------------------------------------------------------    -------------------
                         (clock clk_50m_unbuf rise edge)
                                                      0.000     0.000 r  
    E3                                                0.000     0.000 r  clk_100m_i (IN)
                         net (fo=0)                   0.000     0.000    clk_100m_i
    E3                   IBUF (Prop_ibuf_I_O)         0.250     0.250 r  clk_100m_i_IBUF_inst/O
                         net (fo=1, routed)           0.440     0.690    clk_100m_i_IBUF
    MMCME2_ADV_X1Y2      MMCME2_ADV (Prop_mmcme2_adv_CLKIN1_CLKOUT0)
                                                     -2.379    -1.689 r  u_mmcm/CLKOUT0
                         net (fo=1, routed)           0.499    -1.190    clk_50m_unbuf
    BUFGCTRL_X0Y16       BUFG (Prop_bufg_I_O)         0.026    -1.164 r  u_bufg_clk50/O
                         net (fo=6978, routed)        0.642    -0.522    u_soc_top/u_peripherals/u_spi_master/u_spi_core/clk_50m
    SLICE_X47Y156        FDCE                                         r  u_soc_top/u_peripherals/u_spi_master/u_spi_core/rx_ch2_shreg_q_reg[18]/C
  -------------------------------------------------------------------    -------------------
    SLICE_X47Y156        FDCE (Prop_fdce_C_Q)         0.141    -0.381 r  u_soc_top/u_peripherals/u_spi_master/u_spi_core/rx_ch2_shreg_q_reg[18]/Q
                         net (fo=2, routed)           0.114    -0.267    u_soc_top/u_peripherals/u_spi_master/u_spi_core/rx_ch2_shreg_q[18]
    SLICE_X48Y156        FDCE                                         r  u_soc_top/u_peripherals/u_spi_master/u_spi_core/rx_ch2_latch_q_reg[18]/D
  -------------------------------------------------------------------    -------------------

                         (clock clk_50m_unbuf rise edge)
                                                      0.000     0.000 r  
    E3                                                0.000     0.000 r  clk_100m_i (IN)
                         net (fo=0)                   0.000     0.000    clk_100m_i
    E3                   IBUF (Prop_ibuf_I_O)         0.438     0.438 r  clk_100m_i_IBUF_inst/O
                         net (fo=1, routed)           0.480     0.918    clk_100m_i_IBUF
    MMCME2_ADV_X1Y2      MMCME2_ADV (Prop_mmcme2_adv_CLKIN1_CLKOUT0)
                                                     -3.163    -2.245 r  u_mmcm/CLKOUT0
                         net (fo=1, routed)           0.544    -1.702    clk_50m_unbuf
    BUFGCTRL_X0Y16       BUFG (Prop_bufg_I_O)         0.029    -1.673 r  u_bufg_clk50/O
                         net (fo=6978, routed)        0.917    -0.756    u_soc_top/u_peripherals/u_spi_master/u_spi_core/clk_50m
    SLICE_X48Y156        FDCE                                         r  u_soc_top/u_peripherals/u_spi_master/u_spi_core/rx_ch2_latch_q_reg[18]/C
                         clock pessimism              0.250    -0.506    
    SLICE_X48Y156        FDCE (Hold_fdce_C_D)         0.066    -0.440    u_soc_top/u_peripherals/u_spi_master/u_spi_core/rx_ch2_latch_q_reg[18]
  -------------------------------------------------------------------
                         required time                          0.440    
                         arrival time                          -0.267    
  -------------------------------------------------------------------
                         slack                                  0.173    

Slack (MET) :             0.173ns  (arrival time - required time)
  Source:                 u_soc_top/u_peripherals/u_uart/u_uart_core/tx_shreg_q_reg[1]/C
                            (rising edge-triggered cell FDCE clocked by clk_50m_unbuf  {rise@0.000ns fall@10.000ns period=20.000ns})
  Destination:            u_soc_top/u_peripherals/u_uart/u_uart_core/tx_shreg_q_reg[0]/D
                            (rising edge-triggered cell FDCE clocked by clk_50m_unbuf  {rise@0.000ns fall@10.000ns period=20.000ns})
  Path Group:             clk_50m_unbuf
  Path Type:              Hold (Min at Fast Process Corner)
  Requirement:            0.000ns  (clk_50m_unbuf rise@0.000ns - clk_50m_unbuf rise@0.000ns)
  Data Path Delay:        0.281ns  (logic 0.186ns (66.152%)  route 0.095ns (33.848%))
  Logic Levels:           1  (LUT5=1)
  Clock Path Skew:        0.016ns (DCD - SCD - CPR)
    Destination Clock Delay (DCD):    -0.747ns
    Source Clock Delay      (SCD):    -0.513ns
    Clock Pessimism Removal (CPR):    -0.250ns

    Location             Delay type                Incr(ns)  Path(ns)    Netlist Resource(s)
  -------------------------------------------------------------------    -------------------
                         (clock clk_50m_unbuf rise edge)
                                                      0.000     0.000 r  
    E3                                                0.000     0.000 r  clk_100m_i (IN)
                         net (fo=0)                   0.000     0.000    clk_100m_i
    E3                   IBUF (Prop_ibuf_I_O)         0.250     0.250 r  clk_100m_i_IBUF_inst/O
                         net (fo=1, routed)           0.440     0.690    clk_100m_i_IBUF
    MMCME2_ADV_X1Y2      MMCME2_ADV (Prop_mmcme2_adv_CLKIN1_CLKOUT0)
                                                     -2.379    -1.689 r  u_mmcm/CLKOUT0
                         net (fo=1, routed)           0.499    -1.190    clk_50m_unbuf
    BUFGCTRL_X0Y16       BUFG (Prop_bufg_I_O)         0.026    -1.164 r  u_bufg_clk50/O
                         net (fo=6978, routed)        0.651    -0.513    u_soc_top/u_peripherals/u_uart/u_uart_core/clk_50m
    SLICE_X13Y156        FDCE                                         r  u_soc_top/u_peripherals/u_uart/u_uart_core/tx_shreg_q_reg[1]/C
  -------------------------------------------------------------------    -------------------
    SLICE_X13Y156        FDCE (Prop_fdce_C_Q)         0.141    -0.372 r  u_soc_top/u_peripherals/u_uart/u_uart_core/tx_shreg_q_reg[1]/Q
                         net (fo=1, routed)           0.095    -0.277    u_soc_top/u_peripherals/u_uart/u_uart_core/u_tx_fifo/tx_shreg_q_reg[6][0]
    SLICE_X15Y156        LUT5 (Prop_lut5_I0_O)        0.045    -0.232 r  u_soc_top/u_peripherals/u_uart/u_uart_core/u_tx_fifo/tx_shreg_q[0]_i_1/O
                         net (fo=1, routed)           0.000    -0.232    u_soc_top/u_peripherals/u_uart/u_uart_core/tx_shreg_d[0]
    SLICE_X15Y156        FDCE                                         r  u_soc_top/u_peripherals/u_uart/u_uart_core/tx_shreg_q_reg[0]/D
  -------------------------------------------------------------------    -------------------

                         (clock clk_50m_unbuf rise edge)
                                                      0.000     0.000 r  
    E3                                                0.000     0.000 r  clk_100m_i (IN)
                         net (fo=0)                   0.000     0.000    clk_100m_i
    E3                   IBUF (Prop_ibuf_I_O)         0.438     0.438 r  clk_100m_i_IBUF_inst/O
                         net (fo=1, routed)           0.480     0.918    clk_100m_i_IBUF
    MMCME2_ADV_X1Y2      MMCME2_ADV (Prop_mmcme2_adv_CLKIN1_CLKOUT0)
                                                     -3.163    -2.245 r  u_mmcm/CLKOUT0
                         net (fo=1, routed)           0.544    -1.702    clk_50m_unbuf
    BUFGCTRL_X0Y16       BUFG (Prop_bufg_I_O)         0.029    -1.673 r  u_bufg_clk50/O
                         net (fo=6978, routed)        0.926    -0.747    u_soc_top/u_peripherals/u_uart/u_uart_core/clk_50m
    SLICE_X15Y156        FDCE                                         r  u_soc_top/u_peripherals/u_uart/u_uart_core/tx_shreg_q_reg[0]/C
                         clock pessimism              0.250    -0.497    
    SLICE_X15Y156        FDCE (Hold_fdce_C_D)         0.092    -0.405    u_soc_top/u_peripherals/u_uart/u_uart_core/tx_shreg_q_reg[0]
  -------------------------------------------------------------------
                         required time                          0.405    
                         arrival time                          -0.232    
  -------------------------------------------------------------------
                         slack                                  0.173    

Slack (MET) :             0.173ns  (arrival time - required time)
  Source:                 u_soc_top/u_obi_to_apb/wdata_q_reg[28]/C
                            (rising edge-triggered cell FDCE clocked by clk_50m_unbuf  {rise@0.000ns fall@10.000ns period=20.000ns})
  Destination:            u_soc_top/u_peripherals/u_timer/reload_q_reg[28]/D
                            (rising edge-triggered cell FDCE clocked by clk_50m_unbuf  {rise@0.000ns fall@10.000ns period=20.000ns})
  Path Group:             clk_50m_unbuf
  Path Type:              Hold (Min at Fast Process Corner)
  Requirement:            0.000ns  (clk_50m_unbuf rise@0.000ns - clk_50m_unbuf rise@0.000ns)
  Data Path Delay:        0.267ns  (logic 0.141ns (52.743%)  route 0.126ns (47.257%))
  Logic Levels:           0  
  Clock Path Skew:        0.035ns (DCD - SCD - CPR)
    Destination Clock Delay (DCD):    -0.759ns
    Source Clock Delay      (SCD):    -0.523ns
    Clock Pessimism Removal (CPR):    -0.271ns

    Location             Delay type                Incr(ns)  Path(ns)    Netlist Resource(s)
  -------------------------------------------------------------------    -------------------
                         (clock clk_50m_unbuf rise edge)
                                                      0.000     0.000 r  
    E3                                                0.000     0.000 r  clk_100m_i (IN)
                         net (fo=0)                   0.000     0.000    clk_100m_i
    E3                   IBUF (Prop_ibuf_I_O)         0.250     0.250 r  clk_100m_i_IBUF_inst/O
                         net (fo=1, routed)           0.440     0.690    clk_100m_i_IBUF
    MMCME2_ADV_X1Y2      MMCME2_ADV (Prop_mmcme2_adv_CLKIN1_CLKOUT0)
                                                     -2.379    -1.689 r  u_mmcm/CLKOUT0
                         net (fo=1, routed)           0.499    -1.190    clk_50m_unbuf
    BUFGCTRL_X0Y16       BUFG (Prop_bufg_I_O)         0.026    -1.164 r  u_bufg_clk50/O
                         net (fo=6978, routed)        0.641    -0.523    u_soc_top/u_obi_to_apb/clk_50m
    SLICE_X41Y162        FDCE                                         r  u_soc_top/u_obi_to_apb/wdata_q_reg[28]/C
  -------------------------------------------------------------------    -------------------
    SLICE_X41Y162        FDCE (Prop_fdce_C_Q)         0.141    -0.382 r  u_soc_top/u_obi_to_apb/wdata_q_reg[28]/Q
                         net (fo=3, routed)           0.126    -0.255    u_soc_top/u_peripherals/u_timer/reload_q_reg[31]_1[28]
    SLICE_X42Y163        FDCE                                         r  u_soc_top/u_peripherals/u_timer/reload_q_reg[28]/D
  -------------------------------------------------------------------    -------------------

                         (clock clk_50m_unbuf rise edge)
                                                      0.000     0.000 r  
    E3                                                0.000     0.000 r  clk_100m_i (IN)
                         net (fo=0)                   0.000     0.000    clk_100m_i
    E3                   IBUF (Prop_ibuf_I_O)         0.438     0.438 r  clk_100m_i_IBUF_inst/O
                         net (fo=1, routed)           0.480     0.918    clk_100m_i_IBUF
    MMCME2_ADV_X1Y2      MMCME2_ADV (Prop_mmcme2_adv_CLKIN1_CLKOUT0)
                                                     -3.163    -2.245 r  u_mmcm/CLKOUT0
                         net (fo=1, routed)           0.544    -1.702    clk_50m_unbuf
    BUFGCTRL_X0Y16       BUFG (Prop_bufg_I_O)         0.029    -1.673 r  u_bufg_clk50/O
                         net (fo=6978, routed)        0.914    -0.759    u_soc_top/u_peripherals/u_timer/clk_50m
    SLICE_X42Y163        FDCE                                         r  u_soc_top/u_peripherals/u_timer/reload_q_reg[28]/C
                         clock pessimism              0.271    -0.488    
    SLICE_X42Y163        FDCE (Hold_fdce_C_D)         0.059    -0.429    u_soc_top/u_peripherals/u_timer/reload_q_reg[28]
  -------------------------------------------------------------------
                         required time                          0.429    
                         arrival time                          -0.255    
  -------------------------------------------------------------------
                         slack                                  0.173    

Slack (MET) :             0.176ns  (arrival time - required time)
  Source:                 u_soc_top/u_peripherals/u_spi_master/u_spi_core/rx_ch1_latch_q_reg[8]/C
                            (rising edge-triggered cell FDCE clocked by clk_50m_unbuf  {rise@0.000ns fall@10.000ns period=20.000ns})
  Destination:            u_soc_top/u_peripherals/u_dma/bank1_mem_reg[1][8]/D
                            (rising edge-triggered cell FDRE clocked by clk_50m_unbuf  {rise@0.000ns fall@10.000ns period=20.000ns})
  Path Group:             clk_50m_unbuf
  Path Type:              Hold (Min at Fast Process Corner)
  Requirement:            0.000ns  (clk_50m_unbuf rise@0.000ns - clk_50m_unbuf rise@0.000ns)
  Data Path Delay:        0.416ns  (logic 0.141ns (33.923%)  route 0.275ns (66.077%))
  Logic Levels:           0  
  Clock Path Skew:        0.180ns (DCD - SCD - CPR)
    Destination Clock Delay (DCD):    -0.843ns
    Source Clock Delay      (SCD):    -0.520ns
    Clock Pessimism Removal (CPR):    -0.504ns

    Location             Delay type                Incr(ns)  Path(ns)    Netlist Resource(s)
  -------------------------------------------------------------------    -------------------
                         (clock clk_50m_unbuf rise edge)
                                                      0.000     0.000 r  
    E3                                                0.000     0.000 r  clk_100m_i (IN)
                         net (fo=0)                   0.000     0.000    clk_100m_i
    E3                   IBUF (Prop_ibuf_I_O)         0.250     0.250 r  clk_100m_i_IBUF_inst/O
                         net (fo=1, routed)           0.440     0.690    clk_100m_i_IBUF
    MMCME2_ADV_X1Y2      MMCME2_ADV (Prop_mmcme2_adv_CLKIN1_CLKOUT0)
                                                     -2.379    -1.689 r  u_mmcm/CLKOUT0
                         net (fo=1, routed)           0.499    -1.190    clk_50m_unbuf
    BUFGCTRL_X0Y16       BUFG (Prop_bufg_I_O)         0.026    -1.164 r  u_bufg_clk50/O
                         net (fo=6978, routed)        0.644    -0.520    u_soc_top/u_peripherals/u_spi_master/u_spi_core/clk_50m
    SLICE_X43Y154        FDCE                                         r  u_soc_top/u_peripherals/u_spi_master/u_spi_core/rx_ch1_latch_q_reg[8]/C
  -------------------------------------------------------------------    -------------------
    SLICE_X43Y154        FDCE (Prop_fdce_C_Q)         0.141    -0.379 r  u_soc_top/u_peripherals/u_spi_master/u_spi_core/rx_ch1_latch_q_reg[8]/Q
                         net (fo=8, routed)           0.275    -0.104    u_soc_top/u_peripherals/u_dma/bank0_mem_reg[1][31]_0[8]
    SLICE_X50Y149        FDRE                                         r  u_soc_top/u_peripherals/u_dma/bank1_mem_reg[1][8]/D
  -------------------------------------------------------------------    -------------------

                         (clock clk_50m_unbuf rise edge)
                                                      0.000     0.000 r  
    E3                                                0.000     0.000 r  clk_100m_i (IN)
                         net (fo=0)                   0.000     0.000    clk_100m_i
    E3                   IBUF (Prop_ibuf_I_O)         0.438     0.438 r  clk_100m_i_IBUF_inst/O
                         net (fo=1, routed)           0.480     0.918    clk_100m_i_IBUF
    MMCME2_ADV_X1Y2      MMCME2_ADV (Prop_mmcme2_adv_CLKIN1_CLKOUT0)
                                                     -3.163    -2.245 r  u_mmcm/CLKOUT0
                         net (fo=1, routed)           0.544    -1.702    clk_50m_unbuf
    BUFGCTRL_X0Y16       BUFG (Prop_bufg_I_O)         0.029    -1.673 r  u_bufg_clk50/O
                         net (fo=6978, routed)        0.830    -0.843    u_soc_top/u_peripherals/u_dma/clk_50m
    SLICE_X50Y149        FDRE                                         r  u_soc_top/u_peripherals/u_dma/bank1_mem_reg[1][8]/C
                         clock pessimism              0.504    -0.339    
    SLICE_X50Y149        FDRE (Hold_fdre_C_D)         0.059    -0.280    u_soc_top/u_peripherals/u_dma/bank1_mem_reg[1][8]
  -------------------------------------------------------------------
                         required time                          0.280    
                         arrival time                          -0.104    
  -------------------------------------------------------------------
                         slack                                  0.176    

Slack (MET) :             0.177ns  (arrival time - required time)
  Source:                 u_soc_top/u_peripherals/u_spi_master/u_spi_core/rx_ch2_shreg_q_reg[3]/C
                            (rising edge-triggered cell FDCE clocked by clk_50m_unbuf  {rise@0.000ns fall@10.000ns period=20.000ns})
  Destination:            u_soc_top/u_peripherals/u_spi_master/u_spi_core/rx_ch2_latch_q_reg[3]/D
                            (rising edge-triggered cell FDCE clocked by clk_50m_unbuf  {rise@0.000ns fall@10.000ns period=20.000ns})
  Path Group:             clk_50m_unbuf
  Path Type:              Hold (Min at Fast Process Corner)
  Requirement:            0.000ns  (clk_50m_unbuf rise@0.000ns - clk_50m_unbuf rise@0.000ns)
  Data Path Delay:        0.265ns  (logic 0.141ns (53.167%)  route 0.124ns (46.833%))
  Logic Levels:           0  
  Clock Path Skew:        0.016ns (DCD - SCD - CPR)
    Destination Clock Delay (DCD):    -0.752ns
    Source Clock Delay      (SCD):    -0.517ns
    Clock Pessimism Removal (CPR):    -0.251ns

    Location             Delay type                Incr(ns)  Path(ns)    Netlist Resource(s)
  -------------------------------------------------------------------    -------------------
                         (clock clk_50m_unbuf rise edge)
                                                      0.000     0.000 r  
    E3                                                0.000     0.000 r  clk_100m_i (IN)
                         net (fo=0)                   0.000     0.000    clk_100m_i
    E3                   IBUF (Prop_ibuf_I_O)         0.250     0.250 r  clk_100m_i_IBUF_inst/O
                         net (fo=1, routed)           0.440     0.690    clk_100m_i_IBUF
    MMCME2_ADV_X1Y2      MMCME2_ADV (Prop_mmcme2_adv_CLKIN1_CLKOUT0)
                                                     -2.379    -1.689 r  u_mmcm/CLKOUT0
                         net (fo=1, routed)           0.499    -1.190    clk_50m_unbuf
    BUFGCTRL_X0Y16       BUFG (Prop_bufg_I_O)         0.026    -1.164 r  u_bufg_clk50/O
                         net (fo=6978, routed)        0.647    -0.517    u_soc_top/u_peripherals/u_spi_master/u_spi_core/clk_50m
    SLICE_X35Y153        FDCE                                         r  u_soc_top/u_peripherals/u_spi_master/u_spi_core/rx_ch2_shreg_q_reg[3]/C
  -------------------------------------------------------------------    -------------------
    SLICE_X35Y153        FDCE (Prop_fdce_C_Q)         0.141    -0.376 r  u_soc_top/u_peripherals/u_spi_master/u_spi_core/rx_ch2_shreg_q_reg[3]/Q
                         net (fo=2, routed)           0.124    -0.252    u_soc_top/u_peripherals/u_spi_master/u_spi_core/rx_ch2_shreg_q[3]
    SLICE_X35Y154        FDCE                                         r  u_soc_top/u_peripherals/u_spi_master/u_spi_core/rx_ch2_latch_q_reg[3]/D
  -------------------------------------------------------------------    -------------------

                         (clock clk_50m_unbuf rise edge)
                                                      0.000     0.000 r  
    E3                                                0.000     0.000 r  clk_100m_i (IN)
                         net (fo=0)                   0.000     0.000    clk_100m_i
    E3                   IBUF (Prop_ibuf_I_O)         0.438     0.438 r  clk_100m_i_IBUF_inst/O
                         net (fo=1, routed)           0.480     0.918    clk_100m_i_IBUF
    MMCME2_ADV_X1Y2      MMCME2_ADV (Prop_mmcme2_adv_CLKIN1_CLKOUT0)
                                                     -3.163    -2.245 r  u_mmcm/CLKOUT0
                         net (fo=1, routed)           0.544    -1.702    clk_50m_unbuf
    BUFGCTRL_X0Y16       BUFG (Prop_bufg_I_O)         0.029    -1.673 r  u_bufg_clk50/O
                         net (fo=6978, routed)        0.921    -0.752    u_soc_top/u_peripherals/u_spi_master/u_spi_core/clk_50m
    SLICE_X35Y154        FDCE                                         r  u_soc_top/u_peripherals/u_spi_master/u_spi_core/rx_ch2_latch_q_reg[3]/C
                         clock pessimism              0.251    -0.501    
    SLICE_X35Y154        FDCE (Hold_fdce_C_D)         0.072    -0.429    u_soc_top/u_peripherals/u_spi_master/u_spi_core/rx_ch2_latch_q_reg[3]
  -------------------------------------------------------------------
                         required time                          0.429    
                         arrival time                          -0.252    
  -------------------------------------------------------------------
                         slack                                  0.177    

Slack (MET) :             0.179ns  (arrival time - required time)
  Source:                 u_soc_top/u_peripherals/u_spi_master/tx_data_q_reg[5]/C
                            (rising edge-triggered cell FDCE clocked by clk_50m_unbuf  {rise@0.000ns fall@10.000ns period=20.000ns})
  Destination:            u_soc_top/u_peripherals/u_spi_master/u_spi_core/tx_shreg_q_reg[5]/D
                            (rising edge-triggered cell FDCE clocked by clk_50m_unbuf  {rise@0.000ns fall@10.000ns period=20.000ns})
  Path Group:             clk_50m_unbuf
  Path Type:              Hold (Min at Fast Process Corner)
  Requirement:            0.000ns  (clk_50m_unbuf rise@0.000ns - clk_50m_unbuf rise@0.000ns)
  Data Path Delay:        0.283ns  (logic 0.186ns (65.775%)  route 0.097ns (34.225%))
  Logic Levels:           1  (LUT4=1)
  Clock Path Skew:        0.013ns (DCD - SCD - CPR)
    Destination Clock Delay (DCD):    -0.751ns
    Source Clock Delay      (SCD):    -0.516ns
    Clock Pessimism Removal (CPR):    -0.248ns

    Location             Delay type                Incr(ns)  Path(ns)    Netlist Resource(s)
  -------------------------------------------------------------------    -------------------
                         (clock clk_50m_unbuf rise edge)
                                                      0.000     0.000 r  
    E3                                                0.000     0.000 r  clk_100m_i (IN)
                         net (fo=0)                   0.000     0.000    clk_100m_i
    E3                   IBUF (Prop_ibuf_I_O)         0.250     0.250 r  clk_100m_i_IBUF_inst/O
                         net (fo=1, routed)           0.440     0.690    clk_100m_i_IBUF
    MMCME2_ADV_X1Y2      MMCME2_ADV (Prop_mmcme2_adv_CLKIN1_CLKOUT0)
                                                     -2.379    -1.689 r  u_mmcm/CLKOUT0
                         net (fo=1, routed)           0.499    -1.190    clk_50m_unbuf
    BUFGCTRL_X0Y16       BUFG (Prop_bufg_I_O)         0.026    -1.164 r  u_bufg_clk50/O
                         net (fo=6978, routed)        0.648    -0.516    u_soc_top/u_peripherals/u_spi_master/clk_50m
    SLICE_X32Y155        FDCE                                         r  u_soc_top/u_peripherals/u_spi_master/tx_data_q_reg[5]/C
  -------------------------------------------------------------------    -------------------
    SLICE_X32Y155        FDCE (Prop_fdce_C_Q)         0.141    -0.375 r  u_soc_top/u_peripherals/u_spi_master/tx_data_q_reg[5]/Q
                         net (fo=2, routed)           0.097    -0.278    u_soc_top/u_peripherals/u_spi_master/u_spi_core/tx_shreg_q_reg[23]_1[5]
    SLICE_X33Y155        LUT4 (Prop_lut4_I0_O)        0.045    -0.233 r  u_soc_top/u_peripherals/u_spi_master/u_spi_core/tx_shreg_q[5]_i_1__0/O
                         net (fo=1, routed)           0.000    -0.233    u_soc_top/u_peripherals/u_spi_master/u_spi_core/tx_shreg_d[5]
    SLICE_X33Y155        FDCE                                         r  u_soc_top/u_peripherals/u_spi_master/u_spi_core/tx_shreg_q_reg[5]/D
  -------------------------------------------------------------------    -------------------

                         (clock clk_50m_unbuf rise edge)
                                                      0.000     0.000 r  
    E3                                                0.000     0.000 r  clk_100m_i (IN)
                         net (fo=0)                   0.000     0.000    clk_100m_i
    E3                   IBUF (Prop_ibuf_I_O)         0.438     0.438 r  clk_100m_i_IBUF_inst/O
                         net (fo=1, routed)           0.480     0.918    clk_100m_i_IBUF
    MMCME2_ADV_X1Y2      MMCME2_ADV (Prop_mmcme2_adv_CLKIN1_CLKOUT0)
                                                     -3.163    -2.245 r  u_mmcm/CLKOUT0
                         net (fo=1, routed)           0.544    -1.702    clk_50m_unbuf
    BUFGCTRL_X0Y16       BUFG (Prop_bufg_I_O)         0.029    -1.673 r  u_bufg_clk50/O
                         net (fo=6978, routed)        0.922    -0.751    u_soc_top/u_peripherals/u_spi_master/u_spi_core/clk_50m
    SLICE_X33Y155        FDCE                                         r  u_soc_top/u_peripherals/u_spi_master/u_spi_core/tx_shreg_q_reg[5]/C
                         clock pessimism              0.248    -0.503    
    SLICE_X33Y155        FDCE (Hold_fdce_C_D)         0.091    -0.412    u_soc_top/u_peripherals/u_spi_master/u_spi_core/tx_shreg_q_reg[5]
  -------------------------------------------------------------------
                         required time                          0.412    
                         arrival time                          -0.233    
  -------------------------------------------------------------------
                         slack                                  0.179    

Slack (MET) :             0.179ns  (arrival time - required time)
  Source:                 u_soc_top/u_peripherals/u_spi_master/u_spi_core/tx_shreg_q_reg[3]/C
                            (rising edge-triggered cell FDCE clocked by clk_50m_unbuf  {rise@0.000ns fall@10.000ns period=20.000ns})
  Destination:            u_soc_top/u_peripherals/u_spi_master/u_spi_core/tx_shreg_q_reg[4]/D
                            (rising edge-triggered cell FDCE clocked by clk_50m_unbuf  {rise@0.000ns fall@10.000ns period=20.000ns})
  Path Group:             clk_50m_unbuf
  Path Type:              Hold (Min at Fast Process Corner)
  Requirement:            0.000ns  (clk_50m_unbuf rise@0.000ns - clk_50m_unbuf rise@0.000ns)
  Data Path Delay:        0.284ns  (logic 0.186ns (65.524%)  route 0.098ns (34.476%))
  Logic Levels:           1  (LUT4=1)
  Clock Path Skew:        0.013ns (DCD - SCD - CPR)
    Destination Clock Delay (DCD):    -0.752ns
    Source Clock Delay      (SCD):    -0.517ns
    Clock Pessimism Removal (CPR):    -0.248ns

    Location             Delay type                Incr(ns)  Path(ns)    Netlist Resource(s)
  -------------------------------------------------------------------    -------------------
                         (clock clk_50m_unbuf rise edge)
                                                      0.000     0.000 r  
    E3                                                0.000     0.000 r  clk_100m_i (IN)
                         net (fo=0)                   0.000     0.000    clk_100m_i
    E3                   IBUF (Prop_ibuf_I_O)         0.250     0.250 r  clk_100m_i_IBUF_inst/O
                         net (fo=1, routed)           0.440     0.690    clk_100m_i_IBUF
    MMCME2_ADV_X1Y2      MMCME2_ADV (Prop_mmcme2_adv_CLKIN1_CLKOUT0)
                                                     -2.379    -1.689 r  u_mmcm/CLKOUT0
                         net (fo=1, routed)           0.499    -1.190    clk_50m_unbuf
    BUFGCTRL_X0Y16       BUFG (Prop_bufg_I_O)         0.026    -1.164 r  u_bufg_clk50/O
                         net (fo=6978, routed)        0.647    -0.517    u_soc_top/u_peripherals/u_spi_master/u_spi_core/clk_50m
    SLICE_X33Y157        FDCE                                         r  u_soc_top/u_peripherals/u_spi_master/u_spi_core/tx_shreg_q_reg[3]/C
  -------------------------------------------------------------------    -------------------
    SLICE_X33Y157        FDCE (Prop_fdce_C_Q)         0.141    -0.376 r  u_soc_top/u_peripherals/u_spi_master/u_spi_core/tx_shreg_q_reg[3]/Q
                         net (fo=1, routed)           0.098    -0.278    u_soc_top/u_peripherals/u_spi_master/u_spi_core/tx_shreg_q[3]
    SLICE_X32Y157        LUT4 (Prop_lut4_I2_O)        0.045    -0.233 r  u_soc_top/u_peripherals/u_spi_master/u_spi_core/tx_shreg_q[4]_i_1__0/O
                         net (fo=1, routed)           0.000    -0.233    u_soc_top/u_peripherals/u_spi_master/u_spi_core/tx_shreg_d[4]
    SLICE_X32Y157        FDCE                                         r  u_soc_top/u_peripherals/u_spi_master/u_spi_core/tx_shreg_q_reg[4]/D
  -------------------------------------------------------------------    -------------------

                         (clock clk_50m_unbuf rise edge)
                                                      0.000     0.000 r  
    E3                                                0.000     0.000 r  clk_100m_i (IN)
                         net (fo=0)                   0.000     0.000    clk_100m_i
    E3                   IBUF (Prop_ibuf_I_O)         0.438     0.438 r  clk_100m_i_IBUF_inst/O
                         net (fo=1, routed)           0.480     0.918    clk_100m_i_IBUF
    MMCME2_ADV_X1Y2      MMCME2_ADV (Prop_mmcme2_adv_CLKIN1_CLKOUT0)
                                                     -3.163    -2.245 r  u_mmcm/CLKOUT0
                         net (fo=1, routed)           0.544    -1.702    clk_50m_unbuf
    BUFGCTRL_X0Y16       BUFG (Prop_bufg_I_O)         0.029    -1.673 r  u_bufg_clk50/O
                         net (fo=6978, routed)        0.921    -0.752    u_soc_top/u_peripherals/u_spi_master/u_spi_core/clk_50m
    SLICE_X32Y157        FDCE                                         r  u_soc_top/u_peripherals/u_spi_master/u_spi_core/tx_shreg_q_reg[4]/C
                         clock pessimism              0.248    -0.504    
    SLICE_X32Y157        FDCE (Hold_fdce_C_D)         0.092    -0.412    u_soc_top/u_peripherals/u_spi_master/u_spi_core/tx_shreg_q_reg[4]
  -------------------------------------------------------------------
                         required time                          0.412    
                         arrival time                          -0.233    
  -------------------------------------------------------------------
                         slack                                  0.179    




