Copyright 1986-2022 Xilinx, Inc. All Rights Reserved. Copyright 2022-2023 Advanced Micro Devices, Inc. All Rights Reserved.
-----------------------------------------------------------------------------------------------------------------------------------------------------------------------------------------------
| Tool Version : Vivado v.2023.2 (win64) Build 4029153 Fri Oct 13 20:14:34 MDT 2023
| Date         : Tue Oct  6 18:28:44 2026
| Host         : DESKTOP-5BKHJFE running 64-bit major release  (build 9200)
| Command      : report_timing_summary -report_unconstrained -check_timing_verbose -file E:/ResearchOnWork/RISC_V_CORE/Synthesis/fpga/ecg_artix7/reports/run_20261006_110810/timing_routed.rpt
| Design       : ecg_arty_top
| Device       : 7a100t-csg324
| Speed File   : -1  PRODUCTION 1.23 2018-06-13
| Design State : Routed
-----------------------------------------------------------------------------------------------------------------------------------------------------------------------------------------------

Timing Summary Report

------------------------------------------------------------------------------------------------
| Timer Settings
| --------------
------------------------------------------------------------------------------------------------

  Enable Multi Corner Analysis               :  Yes
  Enable Pessimism Removal                   :  Yes
  Pessimism Removal Resolution               :  Nearest Common Node
  Enable Input Delay Default Clock           :  No
  Enable Preset / Clear Arcs                 :  No
  Disable Flight Delays                      :  No
  Ignore I/O Paths                           :  No
  Timing Early Launch at Borrowing Latches   :  No
  Borrow Time for Max Delay Exceptions       :  Yes
  Merge Timing Exceptions                    :  Yes
  Inter-SLR Compensation                     :  Conservative

  Corner  Analyze    Analyze    
  Name    Max Paths  Min Paths  
  ------  ---------  ---------  
  Slow    Yes        Yes        
  Fast    Yes        Yes        


------------------------------------------------------------------------------------------------
| Report Methodology
| ------------------
------------------------------------------------------------------------------------------------

No report available as report_methodology has not been run prior. Run report_methodology on the current design for the summary of methodology violations.



check_timing report

Table of Contents
-----------------
1. checking no_clock (0)
2. checking constant_clock (0)
3. checking pulse_width_clock (0)
4. checking unconstrained_internal_endpoints (0)
5. checking no_input_delay (8)
6. checking no_output_delay (11)
7. checking multiple_clock (0)
8. checking generated_clocks (0)
9. checking loops (0)
10. checking partial_input_delay (0)
11. checking partial_output_delay (0)
12. checking latch_loops (0)

1. checking no_clock (0)
------------------------
 There are 0 register/latch pins with no clock.


2. checking constant_clock (0)
------------------------------
 There are 0 register/latch pins with constant_clock.


3. checking pulse_width_clock (0)
---------------------------------
 There are 0 register/latch pins which need pulse_width check


4. checking unconstrained_internal_endpoints (0)
------------------------------------------------
 There are 0 pins that are not constrained for maximum delay.

 There are 0 pins that are not constrained for maximum delay due to constant clock.


5. checking no_input_delay (8)
------------------------------
 There are 2 input ports with no input delay specified. (HIGH)

afe_miso_i
uart_rx_i

 There are 6 input ports with no input delay but user has a false path constraint. (MEDIUM)

afe_drdy_ni
gpio_in_i[0]
gpio_in_i[1]
gpio_in_i[2]
gpio_in_i[3]
rst_sys_ni


6. checking no_output_delay (11)
--------------------------------
 There are 4 ports with no output delay specified. (HIGH)

afe_cs_no
afe_mosi_o
afe_sclk_o
uart_tx_o

 There are 7 ports with no output delay but user has a false path constraint (MEDIUM)

afe_pwdn_no
afe_reset_no
afe_start_o
gpio_out_o[0]
gpio_out_o[1]
gpio_out_o[2]
gpio_out_o[3]

 There are 0 ports with no output delay but with a timing clock defined on it or propagating through it


7. checking multiple_clock (0)
------------------------------
 There are 0 register/latch pins with multiple clocks.


8. checking generated_clocks (0)
--------------------------------
 There are 0 generated clocks that are not connected to a clock source.


9. checking loops (0)
---------------------
 There are 0 combinational loops in the design.


10. checking partial_input_delay (0)
------------------------------------
 There are 0 input ports with partial input delay specified.


11. checking partial_output_delay (0)
-------------------------------------
 There are 0 ports with partial output delay specified.


12. checking latch_loops (0)
----------------------------
 There are 0 combinational latch loops in the design through latch input



------------------------------------------------------------------------------------------------
| Design Timing Summary
| ---------------------
------------------------------------------------------------------------------------------------

    WNS(ns)      TNS(ns)  TNS Failing Endpoints  TNS Total Endpoints      WHS(ns)      THS(ns)  THS Failing Endpoints  THS Total Endpoints     WPWS(ns)     TPWS(ns)  TPWS Failing Endpoints  TPWS Total Endpoints  
    -------      -------  ---------------------  -------------------      -------      -------  ---------------------  -------------------     --------     --------  ----------------------  --------------------  
      0.001        0.000                      0                18167        0.119        0.000                      0                18167        3.000        0.000                       0                  7028  


All user specified timing constraints are met.


------------------------------------------------------------------------------------------------
| Clock Summary
| -------------
------------------------------------------------------------------------------------------------

Clock            Waveform(ns)       Period(ns)      Frequency(MHz)
-----            ------------       ----------      --------------
sys_clk_pin      {0.000 5.000}      10.000          100.000         
  clk_50m_unbuf  {0.000 10.000}     20.000          50.000          
  clkfb_unbuf    {0.000 5.000}      10.000          100.000         


------------------------------------------------------------------------------------------------
| Intra Clock Table
| -----------------
------------------------------------------------------------------------------------------------

Clock                WNS(ns)      TNS(ns)  TNS Failing Endpoints  TNS Total Endpoints      WHS(ns)      THS(ns)  THS Failing Endpoints  THS Total Endpoints     WPWS(ns)     TPWS(ns)  TPWS Failing Endpoints  TPWS Total Endpoints  
-----                -------      -------  ---------------------  -------------------      -------      -------  ---------------------  -------------------     --------     --------  ----------------------  --------------------  
sys_clk_pin                                                                                                                                                        3.000        0.000                       0                     1  
  clk_50m_unbuf        0.001        0.000                      0                15100        0.119        0.000                      0                15100        9.500        0.000                       0                  7024  
  clkfb_unbuf                                                                                                                                                      7.845        0.000                       0                     3  


------------------------------------------------------------------------------------------------
| Inter Clock Table
| -----------------
------------------------------------------------------------------------------------------------

From Clock    To Clock          WNS(ns)      TNS(ns)  TNS Failing Endpoints  TNS Total Endpoints      WHS(ns)      THS(ns)  THS Failing Endpoints  THS Total Endpoints  
----------    --------          -------      -------  ---------------------  -------------------      -------      -------  ---------------------  -------------------  


------------------------------------------------------------------------------------------------
| Other Path Groups Table
| -----------------------
------------------------------------------------------------------------------------------------

Path Group         From Clock         To Clock               WNS(ns)      TNS(ns)  TNS Failing Endpoints  TNS Total Endpoints      WHS(ns)      THS(ns)  THS Failing Endpoints  THS Total Endpoints  
----------         ----------         --------               -------      -------  ---------------------  -------------------      -------      -------  ---------------------  -------------------  
**async_default**  clk_50m_unbuf      clk_50m_unbuf            5.587        0.000                      0                 3067        1.143        0.000                      0                 3067  


------------------------------------------------------------------------------------------------
| User Ignored Path Table
| -----------------------
------------------------------------------------------------------------------------------------

Path Group     From Clock     To Clock     
----------     ----------     --------     
(none)         clk_50m_unbuf                 
(none)                        clk_50m_unbuf  


------------------------------------------------------------------------------------------------
| Unconstrained Path Table
| ------------------------
------------------------------------------------------------------------------------------------

Path Group     From Clock     To Clock     
----------     ----------     --------     
(none)         clk_50m_unbuf                 
(none)         clkfb_unbuf                   
(none)                        clk_50m_unbuf  


------------------------------------------------------------------------------------------------
| Timing Details
| --------------
------------------------------------------------------------------------------------------------


---------------------------------------------------------------------------------------------------
From Clock:  sys_clk_pin
  To Clock:  sys_clk_pin

Setup :           NA  Failing Endpoints,  Worst Slack           NA  ,  Total Violation           NA
Hold  :           NA  Failing Endpoints,  Worst Slack           NA  ,  Total Violation           NA
PW    :            0  Failing Endpoints,  Worst Slack        3.000ns,  Total Violation        0.000ns
---------------------------------------------------------------------------------------------------


Pulse Width Checks
--------------------------------------------------------------------------------------
Clock Name:         sys_clk_pin
Waveform(ns):       { 0.000 5.000 }
Period(ns):         10.000
Sources:            { clk_100m_i }

Check Type        Corner  Lib Pin            Reference Pin  Required(ns)  Actual(ns)  Slack(ns)  Location         Pin
Min Period        n/a     MMCME2_ADV/CLKIN1  n/a            1.249         10.000      8.751      MMCME2_ADV_X1Y2  u_mmcm/CLKIN1
Max Period        n/a     MMCME2_ADV/CLKIN1  n/a            100.000       10.000      90.000     MMCME2_ADV_X1Y2  u_mmcm/CLKIN1
Low Pulse Width   Slow    MMCME2_ADV/CLKIN1  n/a            2.000         5.000       3.000      MMCME2_ADV_X1Y2  u_mmcm/CLKIN1
High Pulse Width  Slow    MMCME2_ADV/CLKIN1  n/a            2.000         5.000       3.000      MMCME2_ADV_X1Y2  u_mmcm/CLKIN1



---------------------------------------------------------------------------------------------------
From Clock:  clk_50m_unbuf
  To Clock:  clk_50m_unbuf

Setup :            0  Failing Endpoints,  Worst Slack        0.001ns,  Total Violation        0.000ns
Hold  :            0  Failing Endpoints,  Worst Slack        0.119ns,  Total Violation        0.000ns
PW    :            0  Failing Endpoints,  Worst Slack        9.500ns,  Total Violation        0.000ns
---------------------------------------------------------------------------------------------------


Max Delay Paths
--------------------------------------------------------------------------------------
Slack (MET) :             0.001ns  (required time - arrival time)
  Source:                 u_soc_top/gen_cv32e40p_core.u_core/core_i/id_stage_i/alu_operator_ex_o_reg[5]/C
                            (rising edge-triggered cell FDCE clocked by clk_50m_unbuf  {rise@0.000ns fall@10.000ns period=20.000ns})
  Destination:            u_soc_top/gen_cv32e40p_core.u_core/core_i/id_stage_i/mult_dot_op_b_ex_o_reg[24]/D
                            (rising edge-triggered cell FDCE clocked by clk_50m_unbuf  {rise@0.000ns fall@10.000ns period=20.000ns})
  Path Group:             clk_50m_unbuf
  Path Type:              Setup (Max at Slow Process Corner)
  Requirement:            20.000ns  (clk_50m_unbuf rise@20.000ns - clk_50m_unbuf rise@0.000ns)
  Data Path Delay:        19.735ns  (logic 6.284ns (31.841%)  route 13.451ns (68.159%))
  Logic Levels:           30  (CARRY4=9 LUT3=3 LUT5=2 LUT6=14 MUXF7=2)
  Clock Path Skew:        -0.117ns (DCD - SCD + CPR)
    Destination Clock Delay (DCD):    -1.360ns = ( 18.640 - 20.000 ) 
    Source Clock Delay      (SCD):    -0.746ns
    Clock Pessimism Removal (CPR):    0.497ns
  Clock Uncertainty:      0.089ns  ((TSJ^2 + DJ^2)^1/2) / 2 + PE
    Total System Jitter     (TSJ):    0.071ns
    Discrete Jitter          (DJ):    0.163ns
    Phase Error              (PE):    0.000ns

    Location             Delay type                Incr(ns)  Path(ns)    Netlist Resource(s)
  -------------------------------------------------------------------    -------------------
                         (clock clk_50m_unbuf rise edge)
                                                      0.000     0.000 r  
    E3                                                0.000     0.000 r  clk_100m_i (IN)
                         net (fo=0)                   0.000     0.000    clk_100m_i
    E3                   IBUF (Prop_ibuf_I_O)         1.482     1.482 r  clk_100m_i_IBUF_inst/O
                         net (fo=1, routed)           1.233     2.715    clk_100m_i_IBUF
    MMCME2_ADV_X1Y2      MMCME2_ADV (Prop_mmcme2_adv_CLKIN1_CLKOUT0)
                                                     -7.070    -4.355 r  u_mmcm/CLKOUT0
                         net (fo=1, routed)           1.719    -2.636    clk_50m_unbuf
    BUFGCTRL_X0Y16       BUFG (Prop_bufg_I_O)         0.096    -2.540 r  u_bufg_clk50/O
                         net (fo=7022, routed)        1.794    -0.746    u_soc_top/gen_cv32e40p_core.u_core/core_i/id_stage_i/clk_50m
    SLICE_X50Y185        FDCE                                         r  u_soc_top/gen_cv32e40p_core.u_core/core_i/id_stage_i/alu_operator_ex_o_reg[5]/C
  -------------------------------------------------------------------    -------------------
    SLICE_X50Y185        FDCE (Prop_fdce_C_Q)         0.518    -0.228 r  u_soc_top/gen_cv32e40p_core.u_core/core_i/id_stage_i/alu_operator_ex_o_reg[5]/Q
                         net (fo=59, routed)          0.503     0.275    u_soc_top/gen_cv32e40p_core.u_core/core_i/id_stage_i/register_file_i/i___147_i_34_0[5]
    SLICE_X51Y185        LUT3 (Prop_lut3_I0_O)        0.124     0.399 r  u_soc_top/gen_cv32e40p_core.u_core/core_i/id_stage_i/register_file_i/i___160_i_5/O
                         net (fo=96, routed)          0.905     1.304    u_soc_top/gen_cv32e40p_core.u_core/core_i/id_stage_i/register_file_i/i___160_i_5_n_0
    SLICE_X50Y184        LUT6 (Prop_lut6_I0_O)        0.124     1.428 r  u_soc_top/gen_cv32e40p_core.u_core/core_i/id_stage_i/register_file_i/BReg_DP[31]_i_128/O
                         net (fo=1, routed)           0.819     2.247    u_soc_top/gen_cv32e40p_core.u_core/core_i/id_stage_i/register_file_i/BReg_DP[31]_i_128_n_0
    SLICE_X49Y184        LUT6 (Prop_lut6_I5_O)        0.124     2.371 r  u_soc_top/gen_cv32e40p_core.u_core/core_i/id_stage_i/register_file_i/BReg_DP[31]_i_111/O
                         net (fo=2, routed)           0.465     2.836    u_soc_top/gen_cv32e40p_core.u_core/core_i/id_stage_i/register_file_i/ex_stage_i/alu_i/adder_op_a[0]
    SLICE_X48Y184        LUT5 (Prop_lut5_I0_O)        0.124     2.960 r  u_soc_top/gen_cv32e40p_core.u_core/core_i/id_stage_i/register_file_i/BReg_DP[31]_i_115/O
                         net (fo=1, routed)           0.000     2.960    u_soc_top/gen_cv32e40p_core.u_core/core_i/id_stage_i/register_file_i/BReg_DP[31]_i_115_n_0
    SLICE_X48Y184        CARRY4 (Prop_carry4_S[0]_CO[3])
                                                      0.532     3.492 r  u_soc_top/gen_cv32e40p_core.u_core/core_i/id_stage_i/register_file_i/BReg_DP_reg[31]_i_89/CO[3]
                         net (fo=1, routed)           0.000     3.492    u_soc_top/gen_cv32e40p_core.u_core/core_i/id_stage_i/register_file_i/BReg_DP_reg[31]_i_89_n_0
    SLICE_X48Y185        CARRY4 (Prop_carry4_CI_CO[3])
                                                      0.114     3.606 r  u_soc_top/gen_cv32e40p_core.u_core/core_i/id_stage_i/register_file_i/BReg_DP_reg[24]_i_12/CO[3]
                         net (fo=1, routed)           0.000     3.606    u_soc_top/gen_cv32e40p_core.u_core/core_i/id_stage_i/register_file_i/BReg_DP_reg[24]_i_12_n_0
    SLICE_X48Y186        CARRY4 (Prop_carry4_CI_O[1])
                                                      0.334     3.940 r  u_soc_top/gen_cv32e40p_core.u_core/core_i/id_stage_i/register_file_i/BReg_DP_reg[31]_i_98/O[1]
                         net (fo=3, routed)           0.950     4.890    u_soc_top/gen_cv32e40p_core.u_core/core_i/id_stage_i/register_file_i/ex_stage_i/alu_i/data0[8]
    SLICE_X49Y187        CARRY4 (Prop_carry4_DI[0]_CO[3])
                                                      0.705     5.595 r  u_soc_top/gen_cv32e40p_core.u_core/core_i/id_stage_i/register_file_i/BReg_DP_reg[31]_i_83/CO[3]
                         net (fo=1, routed)           0.000     5.595    u_soc_top/gen_cv32e40p_core.u_core/core_i/id_stage_i/register_file_i/BReg_DP_reg[31]_i_83_n_0
    SLICE_X49Y188        CARRY4 (Prop_carry4_CI_CO[3])
                                                      0.114     5.709 r  u_soc_top/gen_cv32e40p_core.u_core/core_i/id_stage_i/register_file_i/BReg_DP_reg[16]_i_11/CO[3]
                         net (fo=1, routed)           0.000     5.709    u_soc_top/gen_cv32e40p_core.u_core/core_i/id_stage_i/register_file_i/BReg_DP_reg[16]_i_11_n_0
    SLICE_X49Y189        CARRY4 (Prop_carry4_CI_CO[3])
                                                      0.114     5.823 r  u_soc_top/gen_cv32e40p_core.u_core/core_i/id_stage_i/register_file_i/BReg_DP_reg[31]_i_84/CO[3]
                         net (fo=1, routed)           0.000     5.823    u_soc_top/gen_cv32e40p_core.u_core/core_i/id_stage_i/register_file_i/BReg_DP_reg[31]_i_84_n_0
    SLICE_X49Y190        CARRY4 (Prop_carry4_CI_CO[3])
                                                      0.114     5.937 r  u_soc_top/gen_cv32e40p_core.u_core/core_i/id_stage_i/register_file_i/BReg_DP_reg[8]_i_8/CO[3]
                         net (fo=1, routed)           0.000     5.937    u_soc_top/gen_cv32e40p_core.u_core/core_i/id_stage_i/register_file_i/BReg_DP_reg[8]_i_8_n_0
    SLICE_X49Y191        CARRY4 (Prop_carry4_CI_CO[3])
                                                      0.114     6.051 r  u_soc_top/gen_cv32e40p_core.u_core/core_i/id_stage_i/register_file_i/BReg_DP_reg[31]_i_82/CO[3]
                         net (fo=1, routed)           0.000     6.051    u_soc_top/gen_cv32e40p_core.u_core/core_i/id_stage_i/register_file_i/BReg_DP_reg[31]_i_82_n_0
    SLICE_X49Y192        CARRY4 (Prop_carry4_CI_O[3])
                                                      0.313     6.364 r  u_soc_top/gen_cv32e40p_core.u_core/core_i/id_stage_i/register_file_i/BReg_DP_reg[0]_i_8/O[3]
                         net (fo=2, routed)           0.303     6.667    u_soc_top/gen_cv32e40p_core.u_core/core_i/id_stage_i/register_file_i/ex_stage_i/alu_i/adder_round_result[31]
    SLICE_X47Y192        LUT6 (Prop_lut6_I2_O)        0.306     6.973 r  u_soc_top/gen_cv32e40p_core.u_core/core_i/id_stage_i/register_file_i/BReg_DP[0]_i_6/O
                         net (fo=61, routed)          0.620     7.593    u_soc_top/gen_cv32e40p_core.u_core/core_i/id_stage_i/register_file_i/shift_right_result126_out
    SLICE_X46Y193        LUT3 (Prop_lut3_I2_O)        0.124     7.717 r  u_soc_top/gen_cv32e40p_core.u_core/core_i/id_stage_i/register_file_i/BReg_DP[19]_i_9/O
                         net (fo=3, routed)           0.836     8.553    u_soc_top/gen_cv32e40p_core.u_core/core_i/id_stage_i/register_file_i/ex_stage_i/alu_i/shift_op_a_32[43]
    SLICE_X47Y193        LUT6 (Prop_lut6_I0_O)        0.124     8.677 r  u_soc_top/gen_cv32e40p_core.u_core/core_i/id_stage_i/register_file_i/BReg_DP[19]_i_7/O
                         net (fo=4, routed)           1.007     9.683    u_soc_top/gen_cv32e40p_core.u_core/core_i/id_stage_i/register_file_i/BReg_DP[19]_i_7_n_0
    SLICE_X48Y195        LUT6 (Prop_lut6_I1_O)        0.124     9.807 r  u_soc_top/gen_cv32e40p_core.u_core/core_i/id_stage_i/register_file_i/BReg_DP[15]_i_4/O
                         net (fo=4, routed)           0.608    10.416    u_soc_top/gen_cv32e40p_core.u_core/core_i/id_stage_i/register_file_i/alu_clpx_shift_ex_o_reg[1]_11
    SLICE_X47Y195        LUT3 (Prop_lut3_I0_O)        0.124    10.540 r  u_soc_top/gen_cv32e40p_core.u_core/core_i/id_stage_i/register_file_i/i___91__15_i_38/O
                         net (fo=2, routed)           0.588    11.127    u_soc_top/gen_cv32e40p_core.u_core/core_i/id_stage_i/register_file_i/i___91__15_i_38_n_0
    SLICE_X49Y194        LUT5 (Prop_lut5_I4_O)        0.124    11.251 r  u_soc_top/gen_cv32e40p_core.u_core/core_i/id_stage_i/register_file_i/i___91__15_i_30/O
                         net (fo=6, routed)           0.612    11.864    u_soc_top/gen_cv32e40p_core.u_core/core_i/id_stage_i/register_file_i/ex_stage_i/alu_i/radix_2_rev[15]
    SLICE_X49Y195        LUT6 (Prop_lut6_I5_O)        0.124    11.988 r  u_soc_top/gen_cv32e40p_core.u_core/core_i/id_stage_i/register_file_i/i___28_i_99/O
                         net (fo=1, routed)           0.000    11.988    u_soc_top/gen_cv32e40p_core.u_core/core_i/id_stage_i/register_file_i/i___28_i_99_n_0
    SLICE_X49Y195        MUXF7 (Prop_muxf7_I0_O)      0.212    12.200 r  u_soc_top/gen_cv32e40p_core.u_core/core_i/id_stage_i/register_file_i/i___28_i_93/O
                         net (fo=1, routed)           0.576    12.775    u_soc_top/gen_cv32e40p_core.u_core/core_i/id_stage_i/register_file_i/i___28_i_93_n_0
    SLICE_X50Y193        LUT6 (Prop_lut6_I2_O)        0.299    13.074 r  u_soc_top/gen_cv32e40p_core.u_core/core_i/id_stage_i/register_file_i/i___28_i_86/O
                         net (fo=60, routed)          1.065    14.139    u_soc_top/gen_cv32e40p_core.u_core/core_i/id_stage_i/register_file_i/ex_stage_i/alu_i/extract_sign
    SLICE_X55Y186        LUT6 (Prop_lut6_I4_O)        0.124    14.263 r  u_soc_top/gen_cv32e40p_core.u_core/core_i/id_stage_i/register_file_i/i___28_i_75_comp/O
                         net (fo=1, routed)           0.470    14.733    u_soc_top/gen_cv32e40p_core.u_core/core_i/id_stage_i/register_file_i/ex_stage_i/alu_i/bextins_result[0]
    SLICE_X59Y185        LUT6 (Prop_lut6_I5_O)        0.124    14.857 r  u_soc_top/gen_cv32e40p_core.u_core/core_i/id_stage_i/register_file_i/i___28_i_56/O
                         net (fo=1, routed)           0.442    15.299    u_soc_top/gen_cv32e40p_core.u_core/core_i/id_stage_i/register_file_i/i___28_i_56_n_0
    SLICE_X59Y183        LUT6 (Prop_lut6_I3_O)        0.124    15.423 r  u_soc_top/gen_cv32e40p_core.u_core/core_i/id_stage_i/register_file_i/i___28_i_28/O
                         net (fo=1, routed)           0.000    15.423    u_soc_top/gen_cv32e40p_core.u_core/core_i/id_stage_i/register_file_i/i___28_i_28_n_0
    SLICE_X59Y183        MUXF7 (Prop_muxf7_I0_O)      0.212    15.635 r  u_soc_top/gen_cv32e40p_core.u_core/core_i/id_stage_i/register_file_i/i___28_i_11/O
                         net (fo=1, routed)           0.296    15.931    u_soc_top/gen_cv32e40p_core.u_core/core_i/id_stage_i/gen_hwloop_regs.hwloop_regs_i/alu_result[0]
    SLICE_X59Y182        LUT6 (Prop_lut6_I3_O)        0.299    16.230 r  u_soc_top/gen_cv32e40p_core.u_core/core_i/id_stage_i/gen_hwloop_regs.hwloop_regs_i/i___28_i_3/O
                         net (fo=36, routed)          0.362    16.592    u_soc_top/gen_cv32e40p_core.u_core/core_i/id_stage_i/register_file_i/alu_operand_a_ex_o_reg[0]_4
    SLICE_X59Y183        LUT6 (Prop_lut6_I4_O)        0.124    16.716 r  u_soc_top/gen_cv32e40p_core.u_core/core_i/id_stage_i/register_file_i/alu_operand_c_ex_o[0]_i_2/O
                         net (fo=5, routed)           0.696    17.412    u_soc_top/gen_cv32e40p_core.u_core/core_i/if_stage_i/mult_dot_op_b_ex_o_reg[0]_1
    SLICE_X58Y183        LUT6 (Prop_lut6_I4_O)        0.124    17.536 r  u_soc_top/gen_cv32e40p_core.u_core/core_i/if_stage_i/mult_operand_b_ex_o[0]_i_1/O
                         net (fo=9, routed)           0.708    18.244    u_soc_top/gen_cv32e40p_core.u_core/core_i/if_stage_i/operand_b[0]
    SLICE_X58Y183        LUT6 (Prop_lut6_I2_O)        0.124    18.368 r  u_soc_top/gen_cv32e40p_core.u_core/core_i/if_stage_i/mult_operand_b_ex_o[24]_i_1/O
                         net (fo=2, routed)           0.622    18.990    u_soc_top/gen_cv32e40p_core.u_core/core_i/id_stage_i/mult_operand_b_ex_o_reg[31]_1[16]
    SLICE_X59Y183        FDCE                                         r  u_soc_top/gen_cv32e40p_core.u_core/core_i/id_stage_i/mult_dot_op_b_ex_o_reg[24]/D
  -------------------------------------------------------------------    -------------------

                         (clock clk_50m_unbuf rise edge)
                                                     20.000    20.000 r  
    E3                                                0.000    20.000 r  clk_100m_i (IN)
                         net (fo=0)                   0.000    20.000    clk_100m_i
    E3                   IBUF (Prop_ibuf_I_O)         1.411    21.411 r  clk_100m_i_IBUF_inst/O
                         net (fo=1, routed)           1.162    22.573    clk_100m_i_IBUF
    MMCME2_ADV_X1Y2      MMCME2_ADV (Prop_mmcme2_adv_CLKIN1_CLKOUT0)
                                                     -7.324    15.249 r  u_mmcm/CLKOUT0
                         net (fo=1, routed)           1.639    16.888    clk_50m_unbuf
    BUFGCTRL_X0Y16       BUFG (Prop_bufg_I_O)         0.091    16.979 r  u_bufg_clk50/O
                         net (fo=7022, routed)        1.660    18.640    u_soc_top/gen_cv32e40p_core.u_core/core_i/id_stage_i/clk_50m
    SLICE_X59Y183        FDCE                                         r  u_soc_top/gen_cv32e40p_core.u_core/core_i/id_stage_i/mult_dot_op_b_ex_o_reg[24]/C
                         clock pessimism              0.497    19.137    
                         clock uncertainty           -0.089    19.048    
    SLICE_X59Y183        FDCE (Setup_fdce_C_D)       -0.058    18.990    u_soc_top/gen_cv32e40p_core.u_core/core_i/id_stage_i/mult_dot_op_b_ex_o_reg[24]
  -------------------------------------------------------------------
                         required time                         18.990    
                         arrival time                         -18.990    
  -------------------------------------------------------------------
                         slack                                  0.001    





Min Delay Paths
--------------------------------------------------------------------------------------
Slack (MET) :             0.119ns  (arrival time - required time)
  Source:                 u_soc_top/u_peripherals/u_spi_master/u_spi_core/rx_ch1_latch_q_reg[21]/C
                            (rising edge-triggered cell FDCE clocked by clk_50m_unbuf  {rise@0.000ns fall@10.000ns period=20.000ns})
  Destination:            u_soc_top/u_peripherals/u_dma/bank0_mem_reg[1][21]/D
                            (rising edge-triggered cell FDRE clocked by clk_50m_unbuf  {rise@0.000ns fall@10.000ns period=20.000ns})
  Path Group:             clk_50m_unbuf
  Path Type:              Hold (Min at Fast Process Corner)
  Requirement:            0.000ns  (clk_50m_unbuf rise@0.000ns - clk_50m_unbuf rise@0.000ns)
  Data Path Delay:        0.446ns  (logic 0.141ns (31.640%)  route 0.305ns (68.360%))
  Logic Levels:           0  
  Clock Path Skew:        0.257ns (DCD - SCD - CPR)
    Destination Clock Delay (DCD):    -0.764ns
    Source Clock Delay      (SCD):    -0.521ns
    Clock Pessimism Removal (CPR):    -0.500ns

    Location             Delay type                Incr(ns)  Path(ns)    Netlist Resource(s)
  -------------------------------------------------------------------    -------------------
                         (clock clk_50m_unbuf rise edge)
                                                      0.000     0.000 r  
    E3                                                0.000     0.000 r  clk_100m_i (IN)
                         net (fo=0)                   0.000     0.000    clk_100m_i
    E3                   IBUF (Prop_ibuf_I_O)         0.250     0.250 r  clk_100m_i_IBUF_inst/O
                         net (fo=1, routed)           0.440     0.690    clk_100m_i_IBUF
    MMCME2_ADV_X1Y2      MMCME2_ADV (Prop_mmcme2_adv_CLKIN1_CLKOUT0)
                                                     -2.379    -1.689 r  u_mmcm/CLKOUT0
                         net (fo=1, routed)           0.499    -1.190    clk_50m_unbuf
    BUFGCTRL_X0Y16       BUFG (Prop_bufg_I_O)         0.026    -1.164 r  u_bufg_clk50/O
                         net (fo=7022, routed)        0.643    -0.521    u_soc_top/u_peripherals/u_spi_master/u_spi_core/clk_50m
    SLICE_X45Y158        FDCE                                         r  u_soc_top/u_peripherals/u_spi_master/u_spi_core/rx_ch1_latch_q_reg[21]/C
  -------------------------------------------------------------------    -------------------
    SLICE_X45Y158        FDCE (Prop_fdce_C_Q)         0.141    -0.380 r  u_soc_top/u_peripherals/u_spi_master/u_spi_core/rx_ch1_latch_q_reg[21]/Q
                         net (fo=8, routed)           0.305    -0.075    u_soc_top/u_peripherals/u_dma/bank0_mem_reg[1][31]_0[21]
    SLICE_X55Y164        FDRE                                         r  u_soc_top/u_peripherals/u_dma/bank0_mem_reg[1][21]/D
  -------------------------------------------------------------------    -------------------

                         (clock clk_50m_unbuf rise edge)
                                                      0.000     0.000 r  
    E3                                                0.000     0.000 r  clk_100m_i (IN)
                         net (fo=0)                   0.000     0.000    clk_100m_i
    E3                   IBUF (Prop_ibuf_I_O)         0.438     0.438 r  clk_100m_i_IBUF_inst/O
                         net (fo=1, routed)           0.480     0.918    clk_100m_i_IBUF
    MMCME2_ADV_X1Y2      MMCME2_ADV (Prop_mmcme2_adv_CLKIN1_CLKOUT0)
                                                     -3.163    -2.245 r  u_mmcm/CLKOUT0
                         net (fo=1, routed)           0.544    -1.702    clk_50m_unbuf
    BUFGCTRL_X0Y16       BUFG (Prop_bufg_I_O)         0.029    -1.673 r  u_bufg_clk50/O
                         net (fo=7022, routed)        0.909    -0.764    u_soc_top/u_peripherals/u_dma/clk_50m
    SLICE_X55Y164        FDRE                                         r  u_soc_top/u_peripherals/u_dma/bank0_mem_reg[1][21]/C
                         clock pessimism              0.500    -0.264    
    SLICE_X55Y164        FDRE (Hold_fdre_C_D)         0.070    -0.194    u_soc_top/u_peripherals/u_dma/bank0_mem_reg[1][21]
  -------------------------------------------------------------------
                         required time                          0.194    
                         arrival time                          -0.075    
  -------------------------------------------------------------------
                         slack                                  0.119    





Pulse Width Checks
--------------------------------------------------------------------------------------
Clock Name:         clk_50m_unbuf
Waveform(ns):       { 0.000 10.000 }
Period(ns):         20.000
Sources:            { u_mmcm/CLKOUT0 }

Check Type        Corner  Lib Pin             Reference Pin  Required(ns)  Actual(ns)  Slack(ns)  Location         Pin
Min Period        n/a     RAMB36E1/CLKARDCLK  n/a            2.944         20.000      17.056     RAMB36_X1Y37     u_soc_top/u_d_tcm/mem_reg_0_0_0/CLKARDCLK
Max Period        n/a     MMCME2_ADV/CLKOUT0  n/a            213.360       20.000      193.360    MMCME2_ADV_X1Y2  u_mmcm/CLKOUT0
Low Pulse Width   Slow    FDRE/C              n/a            0.500         10.000      9.500      SLICE_X46Y151    rdata_q_reg[0]_i_10/C
High Pulse Width  Slow    FDRE/C              n/a            0.500         10.000      9.500      SLICE_X46Y151    rdata_q_reg[0]_i_10/C



---------------------------------------------------------------------------------------------------
From Clock:  clkfb_unbuf
  To Clock:  clkfb_unbuf

Setup :           NA  Failing Endpoints,  Worst Slack           NA  ,  Total Violation           NA
Hold  :           NA  Failing Endpoints,  Worst Slack           NA  ,  Total Violation           NA
PW    :            0  Failing Endpoints,  Worst Slack        7.845ns,  Total Violation        0.000ns
---------------------------------------------------------------------------------------------------


Pulse Width Checks
--------------------------------------------------------------------------------------
Clock Name:         clkfb_unbuf
Waveform(ns):       { 0.000 5.000 }
Period(ns):         10.000
Sources:            { u_mmcm/CLKFBOUT }

Check Type  Corner  Lib Pin             Reference Pin  Required(ns)  Actual(ns)  Slack(ns)  Location         Pin
Min Period  n/a     BUFG/I              n/a            2.155         10.000      7.845      BUFGCTRL_X0Y17   u_bufg_fb/I
Max Period  n/a     MMCME2_ADV/CLKFBIN  n/a            100.000       10.000      90.000     MMCME2_ADV_X1Y2  u_mmcm/CLKFBIN



---------------------------------------------------------------------------------------------------
Path Group:  **async_default**
From Clock:  clk_50m_unbuf
  To Clock:  clk_50m_unbuf

Setup :            0  Failing Endpoints,  Worst Slack        5.587ns,  Total Violation        0.000ns
Hold  :            0  Failing Endpoints,  Worst Slack        1.143ns,  Total Violation        0.000ns
---------------------------------------------------------------------------------------------------


Max Delay Paths
--------------------------------------------------------------------------------------
Slack (MET) :             5.587ns  (required time - arrival time)
  Source:                 rst_sync_q_reg[1]/C
                            (rising edge-triggered cell FDCE clocked by clk_50m_unbuf  {rise@0.000ns fall@10.000ns period=20.000ns})
  Destination:            u_soc_top/gen_cv32e40p_core.u_core/core_i/cs_registers_i/mtvec_q_reg[0]/CLR
                            (recovery check against rising-edge clock clk_50m_unbuf  {rise@0.000ns fall@10.000ns period=20.000ns})
  Path Group:             **async_default**
  Path Type:              Recovery (Max at Slow Process Corner)
  Requirement:            20.000ns  (clk_50m_unbuf rise@20.000ns - clk_50m_unbuf rise@0.000ns)
  Data Path Delay:        13.982ns  (logic 0.580ns (4.148%)  route 13.402ns (95.852%))
  Logic Levels:           1  (LUT1=1)
  Clock Path Skew:        0.063ns (DCD - SCD + CPR)
    Destination Clock Delay (DCD):    -1.339ns = ( 18.661 - 20.000 ) 
    Source Clock Delay      (SCD):    -0.914ns
    Clock Pessimism Removal (CPR):    0.488ns
  Clock Uncertainty:      0.089ns  ((TSJ^2 + DJ^2)^1/2) / 2 + PE
    Total System Jitter     (TSJ):    0.071ns
    Discrete Jitter          (DJ):    0.163ns
    Phase Error              (PE):    0.000ns

    Location             Delay type                Incr(ns)  Path(ns)    Netlist Resource(s)
  -------------------------------------------------------------------    -------------------
                         (clock clk_50m_unbuf rise edge)
                                                      0.000     0.000 r  
    E3                                                0.000     0.000 r  clk_100m_i (IN)
                         net (fo=0)                   0.000     0.000    clk_100m_i
    E3                   IBUF (Prop_ibuf_I_O)         1.482     1.482 r  clk_100m_i_IBUF_inst/O
                         net (fo=1, routed)           1.233     2.715    clk_100m_i_IBUF
    MMCME2_ADV_X1Y2      MMCME2_ADV (Prop_mmcme2_adv_CLKIN1_CLKOUT0)
                                                     -7.070    -4.355 r  u_mmcm/CLKOUT0
                         net (fo=1, routed)           1.719    -2.636    clk_50m_unbuf
    BUFGCTRL_X0Y16       BUFG (Prop_bufg_I_O)         0.096    -2.540 r  u_bufg_clk50/O
                         net (fo=7022, routed)        1.626    -0.914    clk_50m
    SLICE_X31Y148        FDCE                                         r  rst_sync_q_reg[1]/C
  -------------------------------------------------------------------    -------------------
    SLICE_X31Y148        FDCE (Prop_fdce_C_Q)         0.456    -0.458 r  rst_sync_q_reg[1]/Q
                         net (fo=35, routed)          2.306     1.848    u_soc_top/gen_cv32e40p_core.u_core/core_i/id_stage_i/register_file_i/gen_rf[1].mem_reg[1][0]_0[0]
    SLICE_X15Y156        LUT1 (Prop_lut1_I0_O)        0.124     1.972 f  u_soc_top/gen_cv32e40p_core.u_core/core_i/id_stage_i/register_file_i/cnt_q[1]_i_2/O
                         net (fo=3067, routed)       11.096    13.068    u_soc_top/gen_cv32e40p_core.u_core/core_i/cs_registers_i/gen_mhpmcounter[0].gen_implemented.mhpmcounter_q_reg[0][63]_1
    SLICE_X16Y191        FDCE                                         f  u_soc_top/gen_cv32e40p_core.u_core/core_i/cs_registers_i/mtvec_q_reg[0]/CLR
  -------------------------------------------------------------------    -------------------

                         (clock clk_50m_unbuf rise edge)
                                                     20.000    20.000 r  
    E3                                                0.000    20.000 r  clk_100m_i (IN)
                         net (fo=0)                   0.000    20.000    clk_100m_i
    E3                   IBUF (Prop_ibuf_I_O)         1.411    21.411 r  clk_100m_i_IBUF_inst/O
                         net (fo=1, routed)           1.162    22.573    clk_100m_i_IBUF
    MMCME2_ADV_X1Y2      MMCME2_ADV (Prop_mmcme2_adv_CLKIN1_CLKOUT0)
                                                     -7.324    15.249 r  u_mmcm/CLKOUT0
                         net (fo=1, routed)           1.639    16.888    clk_50m_unbuf
    BUFGCTRL_X0Y16       BUFG (Prop_bufg_I_O)         0.091    16.979 r  u_bufg_clk50/O
                         net (fo=7022, routed)        1.681    18.661    u_soc_top/gen_cv32e40p_core.u_core/core_i/cs_registers_i/clk_50m
    SLICE_X16Y191        FDCE                                         r  u_soc_top/gen_cv32e40p_core.u_core/core_i/cs_registers_i/mtvec_q_reg[0]/C
                         clock pessimism              0.488    19.149    
                         clock uncertainty           -0.089    19.060    
    SLICE_X16Y191        FDCE (Recov_fdce_C_CLR)     -0.405    18.655    u_soc_top/gen_cv32e40p_core.u_core/core_i/cs_registers_i/mtvec_q_reg[0]
  -------------------------------------------------------------------
                         required time                         18.655    
                         arrival time                         -13.068    
  -------------------------------------------------------------------
                         slack                                  5.587    





Min Delay Paths
--------------------------------------------------------------------------------------
Slack (MET) :             1.143ns  (arrival time - required time)
  Source:                 rst_sync_q_reg[1]/C
                            (rising edge-triggered cell FDCE clocked by clk_50m_unbuf  {rise@0.000ns fall@10.000ns period=20.000ns})
  Destination:            u_soc_top/u_peripherals/u_uart/u_uart_core/rx_baud_cnt_q_reg[10]/CLR
                            (removal check against rising-edge clock clk_50m_unbuf  {rise@0.000ns fall@10.000ns period=20.000ns})
  Path Group:             **async_default**
  Path Type:              Removal (Min at Fast Process Corner)
  Requirement:            0.000ns  (clk_50m_unbuf rise@0.000ns - clk_50m_unbuf rise@0.000ns)
  Data Path Delay:        1.406ns  (logic 0.186ns (13.234%)  route 1.220ns (86.766%))
  Logic Levels:           1  (LUT1=1)
  Clock Path Skew:        0.354ns (DCD - SCD - CPR)
    Destination Clock Delay (DCD):    -0.748ns
    Source Clock Delay      (SCD):    -0.598ns
    Clock Pessimism Removal (CPR):    -0.504ns

    Location             Delay type                Incr(ns)  Path(ns)    Netlist Resource(s)
  -------------------------------------------------------------------    -------------------
                         (clock clk_50m_unbuf rise edge)
                                                      0.000     0.000 r  
    E3                                                0.000     0.000 r  clk_100m_i (IN)
                         net (fo=0)                   0.000     0.000    clk_100m_i
    E3                   IBUF (Prop_ibuf_I_O)         0.250     0.250 r  clk_100m_i_IBUF_inst/O
                         net (fo=1, routed)           0.440     0.690    clk_100m_i_IBUF
    MMCME2_ADV_X1Y2      MMCME2_ADV (Prop_mmcme2_adv_CLKIN1_CLKOUT0)
                                                     -2.379    -1.689 r  u_mmcm/CLKOUT0
                         net (fo=1, routed)           0.499    -1.190    clk_50m_unbuf
    BUFGCTRL_X0Y16       BUFG (Prop_bufg_I_O)         0.026    -1.164 r  u_bufg_clk50/O
                         net (fo=7022, routed)        0.566    -0.598    clk_50m
    SLICE_X31Y148        FDCE                                         r  rst_sync_q_reg[1]/C
  -------------------------------------------------------------------    -------------------
    SLICE_X31Y148        FDCE (Prop_fdce_C_Q)         0.141    -0.457 r  rst_sync_q_reg[1]/Q
                         net (fo=35, routed)          0.938     0.481    u_soc_top/gen_cv32e40p_core.u_core/core_i/id_stage_i/register_file_i/gen_rf[1].mem_reg[1][0]_0[0]
    SLICE_X15Y156        LUT1 (Prop_lut1_I0_O)        0.045     0.526 f  u_soc_top/gen_cv32e40p_core.u_core/core_i/id_stage_i/register_file_i/cnt_q[1]_i_2/O
                         net (fo=3067, routed)        0.281     0.807    u_soc_top/u_peripherals/u_uart/u_uart_core/rd_ptr_q_reg[3]_3
    SLICE_X19Y157        FDCE                                         f  u_soc_top/u_peripherals/u_uart/u_uart_core/rx_baud_cnt_q_reg[10]/CLR
  -------------------------------------------------------------------    -------------------

                         (clock clk_50m_unbuf rise edge)
                                                      0.000     0.000 r  
    E3                                                0.000     0.000 r  clk_100m_i (IN)
                         net (fo=0)                   0.000     0.000    clk_100m_i
    E3                   IBUF (Prop_ibuf_I_O)         0.438     0.438 r  clk_100m_i_IBUF_inst/O
                         net (fo=1, routed)           0.480     0.918    clk_100m_i_IBUF
    MMCME2_ADV_X1Y2      MMCME2_ADV (Prop_mmcme2_adv_CLKIN1_CLKOUT0)
                                                     -3.163    -2.245 r  u_mmcm/CLKOUT0
                         net (fo=1, routed)           0.544    -1.702    clk_50m_unbuf
    BUFGCTRL_X0Y16       BUFG (Prop_bufg_I_O)         0.029    -1.673 r  u_bufg_clk50/O
                         net (fo=7022, routed)        0.925    -0.748    u_soc_top/u_peripherals/u_uart/u_uart_core/clk_50m
    SLICE_X19Y157        FDCE                                         r  u_soc_top/u_peripherals/u_uart/u_uart_core/rx_baud_cnt_q_reg[10]/C
                         clock pessimism              0.504    -0.244    
    SLICE_X19Y157        FDCE (Remov_fdce_C_CLR)     -0.092    -0.336    u_soc_top/u_peripherals/u_uart/u_uart_core/rx_baud_cnt_q_reg[10]
  -------------------------------------------------------------------
                         required time                          0.336    
                         arrival time                           0.807    
  -------------------------------------------------------------------
                         slack                                  1.143    





--------------------------------------------------------------------------------------
Path Group:  (none)
From Clock:  clk_50m_unbuf
  To Clock:  

Max Delay             7 Endpoints
Min Delay             7 Endpoints
--------------------------------------------------------------------------------------


Max Delay Paths
--------------------------------------------------------------------------------------
Slack:                    inf
  Source:                 u_soc_top/u_peripherals/u_gpio/data_out_q_reg[3]_lopt_replica/C
                            (rising edge-triggered cell FDCE clocked by clk_50m_unbuf  {rise@0.000ns fall@10.000ns period=20.000ns})
  Destination:            gpio_out_o[3]
                            (output port)
  Path Group:             (none)
  Path Type:              Max at Slow Process Corner
  Data Path Delay:        10.282ns  (logic 4.033ns (39.226%)  route 6.249ns (60.774%))
  Logic Levels:           1  (OBUF=1)
  Clock Uncertainty:      0.199ns  ((TSJ^2 + DJ^2)^1/2) / 2 + PE
    Total System Jitter     (TSJ):    0.050ns
    Discrete Jitter          (DJ):    0.163ns
    Phase Error              (PE):    0.114ns
  Timing Exception:       False Path

    Location             Delay type                Incr(ns)  Path(ns)    Netlist Resource(s)
  -------------------------------------------------------------------    -------------------
                         (clock clk_50m_unbuf rise edge)
                                                      0.000     0.000 r  
    E3                                                0.000     0.000 r  clk_100m_i (IN)
                         net (fo=0)                   0.000     0.000    clk_100m_i
    E3                   IBUF (Prop_ibuf_I_O)         1.482     1.482 r  clk_100m_i_IBUF_inst/O
                         net (fo=1, routed)           1.233     2.715    clk_100m_i_IBUF
    MMCME2_ADV_X1Y2      MMCME2_ADV (Prop_mmcme2_adv_CLKIN1_CLKOUT0)
                                                     -7.070    -4.355 r  u_mmcm/CLKOUT0
                         net (fo=1, routed)           1.719    -2.636    clk_50m_unbuf
    BUFGCTRL_X0Y16       BUFG (Prop_bufg_I_O)         0.096    -2.540 r  u_bufg_clk50/O
                         net (fo=7022, routed)        1.813    -0.727    u_soc_top/u_peripherals/u_gpio/clk_50m
    SLICE_X23Y150        FDCE                                         r  u_soc_top/u_peripherals/u_gpio/data_out_q_reg[3]_lopt_replica/C
  -------------------------------------------------------------------    -------------------
    SLICE_X23Y150        FDCE (Prop_fdce_C_Q)         0.456    -0.271 r  u_soc_top/u_peripherals/u_gpio/data_out_q_reg[3]_lopt_replica/Q
                         net (fo=1, routed)           6.249     5.978    lopt_6
    T10                  OBUF (Prop_obuf_I_O)         3.577     9.555 r  gpio_out_o_OBUF[3]_inst/O
                         net (fo=0)                   0.000     9.555    gpio_out_o[3]
    T10                                                               r  gpio_out_o[3] (OUT)
  -------------------------------------------------------------------    -------------------





Min Delay Paths
--------------------------------------------------------------------------------------
Slack:                    inf
  Source:                 u_soc_top/u_peripherals/u_gpio/data_out_q_reg[5]_lopt_replica/C
                            (rising edge-triggered cell FDCE clocked by clk_50m_unbuf  {rise@0.000ns fall@10.000ns period=20.000ns})
  Destination:            afe_reset_no
                            (output port)
  Path Group:             (none)
  Path Type:              Min at Fast Process Corner
  Data Path Delay:        2.309ns  (logic 1.395ns (60.412%)  route 0.914ns (39.588%))
  Logic Levels:           1  (OBUF=1)
  Clock Uncertainty:      0.199ns  ((TSJ^2 + DJ^2)^1/2) / 2 + PE
    Total System Jitter     (TSJ):    0.050ns
    Discrete Jitter          (DJ):    0.163ns
    Phase Error              (PE):    0.114ns
  Timing Exception:       False Path

    Location             Delay type                Incr(ns)  Path(ns)    Netlist Resource(s)
  -------------------------------------------------------------------    -------------------
                         (clock clk_50m_unbuf rise edge)
                                                      0.000     0.000 r  
    E3                                                0.000     0.000 r  clk_100m_i (IN)
                         net (fo=0)                   0.000     0.000    clk_100m_i
    E3                   IBUF (Prop_ibuf_I_O)         0.250     0.250 r  clk_100m_i_IBUF_inst/O
                         net (fo=1, routed)           0.440     0.690    clk_100m_i_IBUF
    MMCME2_ADV_X1Y2      MMCME2_ADV (Prop_mmcme2_adv_CLKIN1_CLKOUT0)
                                                     -2.379    -1.689 r  u_mmcm/CLKOUT0
                         net (fo=1, routed)           0.499    -1.190    clk_50m_unbuf
    BUFGCTRL_X0Y16       BUFG (Prop_bufg_I_O)         0.026    -1.164 r  u_bufg_clk50/O
                         net (fo=7022, routed)        0.651    -0.513    u_soc_top/u_peripherals/u_gpio/clk_50m
    SLICE_X23Y150        FDCE                                         r  u_soc_top/u_peripherals/u_gpio/data_out_q_reg[5]_lopt_replica/C
  -------------------------------------------------------------------    -------------------
    SLICE_X23Y150        FDCE (Prop_fdce_C_Q)         0.141    -0.372 r  u_soc_top/u_peripherals/u_gpio/data_out_q_reg[5]_lopt_replica/Q
                         net (fo=1, routed)           0.914     0.542    lopt_1
    B18                  OBUF (Prop_obuf_I_O)         1.254     1.797 r  afe_reset_no_OBUF_inst/O
                         net (fo=0)                   0.000     1.797    afe_reset_no
    B18                                                               r  afe_reset_no (OUT)
  -------------------------------------------------------------------    -------------------





--------------------------------------------------------------------------------------
Path Group:  (none)
From Clock:  
  To Clock:  clk_50m_unbuf

Max Delay             7 Endpoints
Min Delay             7 Endpoints
--------------------------------------------------------------------------------------


Max Delay Paths
--------------------------------------------------------------------------------------
Slack:                    inf
  Source:                 rst_sys_ni
                            (input port)
  Destination:            rst_sync_q_reg[0]/CLR
                            (recovery check against rising-edge clock clk_50m_unbuf  {rise@0.000ns fall@10.000ns period=20.000ns})
  Path Group:             (none)
  Path Type:              Recovery (Max at Slow Process Corner)
  Data Path Delay:        5.998ns  (logic 1.631ns (27.196%)  route 4.367ns (72.804%))
  Logic Levels:           2  (IBUF=1 LUT1=1)
  Clock Path Skew:        -1.516ns (DCD - SCD + CPR)
    Destination Clock Delay (DCD):    -1.516ns
    Source Clock Delay      (SCD):    0.000ns
    Clock Pessimism Removal (CPR):    0.000ns
  Clock Uncertainty:      0.199ns  ((TSJ^2 + DJ^2)^1/2) / 2 + PE
    Total System Jitter     (TSJ):    0.050ns
    Discrete Jitter          (DJ):    0.163ns
    Phase Error              (PE):    0.114ns
  Timing Exception:       False Path

    Location             Delay type                Incr(ns)  Path(ns)    Netlist Resource(s)
  -------------------------------------------------------------------    -------------------
    C2                                                0.000     0.000 r  rst_sys_ni (IN)
                         net (fo=0)                   0.000     0.000    rst_sys_ni
    C2                   IBUF (Prop_ibuf_I_O)         1.507     1.507 r  rst_sys_ni_IBUF_inst/O
                         net (fo=2, routed)           3.980     5.487    rst_sys_ni_IBUF
    SLICE_X31Y148        LUT1 (Prop_lut1_I0_O)        0.124     5.611 f  u_mmcm_i_1/O
                         net (fo=2, routed)           0.387     5.998    u_mmcm_i_1_n_0
    SLICE_X31Y148        FDCE                                         f  rst_sync_q_reg[0]/CLR
  -------------------------------------------------------------------    -------------------

                         (clock clk_50m_unbuf rise edge)
                                                      0.000     0.000 r  
    E3                                                0.000     0.000 r  clk_100m_i (IN)
                         net (fo=0)                   0.000     0.000    clk_100m_i
    E3                   IBUF (Prop_ibuf_I_O)         1.411     1.411 r  clk_100m_i_IBUF_inst/O
                         net (fo=1, routed)           1.162     2.573    clk_100m_i_IBUF
    MMCME2_ADV_X1Y2      MMCME2_ADV (Prop_mmcme2_adv_CLKIN1_CLKOUT0)
                                                     -7.324    -4.751 r  u_mmcm/CLKOUT0
                         net (fo=1, routed)           1.639    -3.112    clk_50m_unbuf
    BUFGCTRL_X0Y16       BUFG (Prop_bufg_I_O)         0.091    -3.021 r  u_bufg_clk50/O
                         net (fo=7022, routed)        1.505    -1.516    clk_50m
    SLICE_X31Y148        FDCE                                         r  rst_sync_q_reg[0]/C





Min Delay Paths
--------------------------------------------------------------------------------------
Slack:                    inf
  Source:                 afe_drdy_ni
                            (input port)
  Destination:            u_soc_top/u_peripherals/u_spi_master/u_spi_core/drdy_sync_q_reg[0]/D
                            (rising edge-triggered cell FDPE clocked by clk_50m_unbuf  {rise@0.000ns fall@10.000ns period=20.000ns})
  Path Group:             (none)
  Path Type:              Hold (Min at Fast Process Corner)
  Data Path Delay:        1.208ns  (logic 0.256ns (21.199%)  route 0.952ns (78.801%))
  Logic Levels:           1  (IBUF=1)
  Clock Path Skew:        -0.754ns (DCD - SCD - CPR)
    Destination Clock Delay (DCD):    -0.754ns
    Source Clock Delay      (SCD):    0.000ns
    Clock Pessimism Removal (CPR):    -0.000ns
  Timing Exception:       False Path

    Location             Delay type                Incr(ns)  Path(ns)    Netlist Resource(s)
  -------------------------------------------------------------------    -------------------
    D13                                               0.000     0.000 r  afe_drdy_ni (IN)
                         net (fo=0)                   0.000     0.000    afe_drdy_ni
    D13                  IBUF (Prop_ibuf_I_O)         0.256     0.256 r  afe_drdy_ni_IBUF_inst/O
                         net (fo=1, routed)           0.952     1.208    u_soc_top/u_peripherals/u_spi_master/u_spi_core/drdy_sync_q_reg[0]_0[0]
    SLICE_X17Y166        FDPE                                         r  u_soc_top/u_peripherals/u_spi_master/u_spi_core/drdy_sync_q_reg[0]/D
  -------------------------------------------------------------------    -------------------

                         (clock clk_50m_unbuf rise edge)
                                                      0.000     0.000 r  
    E3                                                0.000     0.000 r  clk_100m_i (IN)
                         net (fo=0)                   0.000     0.000    clk_100m_i
    E3                   IBUF (Prop_ibuf_I_O)         0.438     0.438 r  clk_100m_i_IBUF_inst/O
                         net (fo=1, routed)           0.480     0.918    clk_100m_i_IBUF
    MMCME2_ADV_X1Y2      MMCME2_ADV (Prop_mmcme2_adv_CLKIN1_CLKOUT0)
                                                     -3.163    -2.245 r  u_mmcm/CLKOUT0
                         net (fo=1, routed)           0.544    -1.702    clk_50m_unbuf
    BUFGCTRL_X0Y16       BUFG (Prop_bufg_I_O)         0.029    -1.673 r  u_bufg_clk50/O
                         net (fo=7022, routed)        0.919    -0.754    u_soc_top/u_peripherals/u_spi_master/u_spi_core/clk_50m
    SLICE_X17Y166        FDPE                                         r  u_soc_top/u_peripherals/u_spi_master/u_spi_core/drdy_sync_q_reg[0]/C





--------------------------------------------------------------------------------------
Path Group:  (none)
From Clock:  clk_50m_unbuf
  To Clock:  

Max Delay             4 Endpoints
Min Delay             4 Endpoints
--------------------------------------------------------------------------------------


Max Delay Paths
--------------------------------------------------------------------------------------
Slack:                    inf
  Source:                 u_soc_top/u_peripherals/u_spi_master/u_spi_core/FSM_sequential_state_q_reg[0]/C
                            (rising edge-triggered cell FDCE clocked by clk_50m_unbuf  {rise@0.000ns fall@10.000ns period=20.000ns})
  Destination:            afe_cs_no
                            (output port)
  Path Group:             (none)
  Path Type:              Max at Slow Process Corner
  Data Path Delay:        7.572ns  (logic 4.402ns (58.133%)  route 3.170ns (41.867%))
  Logic Levels:           2  (LUT3=1 OBUF=1)
  Clock Uncertainty:      0.199ns  ((TSJ^2 + DJ^2)^1/2) / 2 + PE
    Total System Jitter     (TSJ):    0.050ns
    Discrete Jitter          (DJ):    0.163ns
    Phase Error              (PE):    0.114ns

    Location             Delay type                Incr(ns)  Path(ns)    Netlist Resource(s)
  -------------------------------------------------------------------    -------------------
                         (clock clk_50m_unbuf rise edge)
                                                      0.000     0.000 r  
    E3                                                0.000     0.000 r  clk_100m_i (IN)
                         net (fo=0)                   0.000     0.000    clk_100m_i
    E3                   IBUF (Prop_ibuf_I_O)         1.482     1.482 r  clk_100m_i_IBUF_inst/O
                         net (fo=1, routed)           1.233     2.715    clk_100m_i_IBUF
    MMCME2_ADV_X1Y2      MMCME2_ADV (Prop_mmcme2_adv_CLKIN1_CLKOUT0)
                                                     -7.070    -4.355 r  u_mmcm/CLKOUT0
                         net (fo=1, routed)           1.719    -2.636    clk_50m_unbuf
    BUFGCTRL_X0Y16       BUFG (Prop_bufg_I_O)         0.096    -2.540 r  u_bufg_clk50/O
                         net (fo=7022, routed)        1.626    -0.914    u_soc_top/u_peripherals/u_spi_master/u_spi_core/clk_50m
    SLICE_X30Y149        FDCE                                         r  u_soc_top/u_peripherals/u_spi_master/u_spi_core/FSM_sequential_state_q_reg[0]/C
  -------------------------------------------------------------------    -------------------
    SLICE_X30Y149        FDCE (Prop_fdce_C_Q)         0.518    -0.396 f  u_soc_top/u_peripherals/u_spi_master/u_spi_core/FSM_sequential_state_q_reg[0]/Q
                         net (fo=23, routed)          0.871     0.475    u_soc_top/u_peripherals/u_spi_master/u_spi_core/FSM_sequential_state_q_reg[0]_0
    SLICE_X29Y149        LUT3 (Prop_lut3_I1_O)        0.152     0.627 r  u_soc_top/u_peripherals/u_spi_master/u_spi_core/afe_cs_no_OBUF_inst_i_1/O
                         net (fo=3, routed)           2.299     2.926    afe_cs_no_OBUF
    G13                  OBUF (Prop_obuf_I_O)         3.732     6.657 r  afe_cs_no_OBUF_inst/O
                         net (fo=0)                   0.000     6.657    afe_cs_no
    G13                                                               r  afe_cs_no (OUT)
  -------------------------------------------------------------------    -------------------





Min Delay Paths
--------------------------------------------------------------------------------------
Slack:                    inf
  Source:                 u_soc_top/u_peripherals/u_uart/u_uart_core/tx_bit_q_reg/C
                            (rising edge-triggered cell FDPE clocked by clk_50m_unbuf  {rise@0.000ns fall@10.000ns period=20.000ns})
  Destination:            uart_tx_o
                            (output port)
  Path Group:             (none)
  Path Type:              Min at Fast Process Corner
  Data Path Delay:        1.935ns  (logic 1.364ns (70.523%)  route 0.570ns (29.477%))
  Logic Levels:           1  (OBUF=1)
  Clock Uncertainty:      0.199ns  ((TSJ^2 + DJ^2)^1/2) / 2 + PE
    Total System Jitter     (TSJ):    0.050ns
    Discrete Jitter          (DJ):    0.163ns
    Phase Error              (PE):    0.114ns

    Location             Delay type                Incr(ns)  Path(ns)    Netlist Resource(s)
  -------------------------------------------------------------------    -------------------
                         (clock clk_50m_unbuf rise edge)
                                                      0.000     0.000 r  
    E3                                                0.000     0.000 r  clk_100m_i (IN)
                         net (fo=0)                   0.000     0.000    clk_100m_i
    E3                   IBUF (Prop_ibuf_I_O)         0.250     0.250 r  clk_100m_i_IBUF_inst/O
                         net (fo=1, routed)           0.440     0.690    clk_100m_i_IBUF
    MMCME2_ADV_X1Y2      MMCME2_ADV (Prop_mmcme2_adv_CLKIN1_CLKOUT0)
                                                     -2.379    -1.689 r  u_mmcm/CLKOUT0
                         net (fo=1, routed)           0.499    -1.190    clk_50m_unbuf
    BUFGCTRL_X0Y16       BUFG (Prop_bufg_I_O)         0.026    -1.164 r  u_bufg_clk50/O
                         net (fo=7022, routed)        0.648    -0.516    u_soc_top/u_peripherals/u_uart/u_uart_core/clk_50m
    SLICE_X18Y161        FDPE                                         r  u_soc_top/u_peripherals/u_uart/u_uart_core/tx_bit_q_reg/C
  -------------------------------------------------------------------    -------------------
    SLICE_X18Y161        FDPE (Prop_fdpe_C_Q)         0.141    -0.375 r  u_soc_top/u_peripherals/u_uart/u_uart_core/tx_bit_q_reg/Q
                         net (fo=1, routed)           0.570     0.196    uart_tx_o_OBUF
    D10                  OBUF (Prop_obuf_I_O)         1.223     1.419 r  uart_tx_o_OBUF_inst/O
                         net (fo=0)                   0.000     1.419    uart_tx_o
    D10                                                               r  uart_tx_o (OUT)
  -------------------------------------------------------------------    -------------------





--------------------------------------------------------------------------------------
Path Group:  (none)
From Clock:  clkfb_unbuf
  To Clock:  

Max Delay             1 Endpoint
Min Delay             1 Endpoint
--------------------------------------------------------------------------------------


Max Delay Paths
--------------------------------------------------------------------------------------
Slack:                    inf
  Source:                 u_mmcm/CLKFBOUT
                            (clock source 'clkfb_unbuf'  {rise@0.000ns fall@5.000ns period=10.000ns})
  Destination:            u_mmcm/CLKFBIN
  Path Group:             (none)
  Path Type:              Max at Fast Process Corner
  Data Path Delay:        1.396ns  (logic 0.029ns (2.077%)  route 1.367ns (97.923%))
  Logic Levels:           1  (BUFG=1)
  Clock Uncertainty:      0.168ns  ((TSJ^2 + DJ^2)^1/2) / 2 + PE
    Total System Jitter     (TSJ):    0.050ns
    Discrete Jitter          (DJ):    0.096ns
    Phase Error              (PE):    0.114ns

    Location             Delay type                Incr(ns)  Path(ns)    Netlist Resource(s)
  -------------------------------------------------------------------    -------------------
                         (clock clkfb_unbuf fall edge)
                                                      5.000     5.000 f  
    E3                                                0.000     5.000 f  clk_100m_i (IN)
                         net (fo=0)                   0.000     5.000    clk_100m_i
    E3                   IBUF (Prop_ibuf_I_O)         0.438     5.438 f  clk_100m_i_IBUF_inst/O
                         net (fo=1, routed)           0.480     5.918    clk_100m_i_IBUF
  -------------------------------------------------------------------    -------------------
    MMCME2_ADV_X1Y2      MMCME2_ADV (Prop_mmcme2_adv_CLKIN1_CLKFBOUT)
                                                     -3.163     2.755 f  u_mmcm/CLKFBOUT
                         net (fo=1, routed)           0.544     3.298    clkfb_unbuf
    BUFGCTRL_X0Y17       BUFG (Prop_bufg_I_O)         0.029     3.327 f  u_bufg_fb/O
                         net (fo=1, routed)           0.824     4.151    clkfb
    MMCME2_ADV_X1Y2      MMCME2_ADV                                   f  u_mmcm/CLKFBIN
  -------------------------------------------------------------------    -------------------





Min Delay Paths
--------------------------------------------------------------------------------------
Slack:                    inf
  Source:                 u_mmcm/CLKFBOUT
                            (clock source 'clkfb_unbuf'  {rise@0.000ns fall@5.000ns period=10.000ns})
  Destination:            u_mmcm/CLKFBIN
  Path Group:             (none)
  Path Type:              Min at Slow Process Corner
  Data Path Delay:        3.236ns  (logic 0.091ns (2.812%)  route 3.145ns (97.188%))
  Logic Levels:           1  (BUFG=1)
  Clock Uncertainty:      0.168ns  ((TSJ^2 + DJ^2)^1/2) / 2 + PE
    Total System Jitter     (TSJ):    0.050ns
    Discrete Jitter          (DJ):    0.096ns
    Phase Error              (PE):    0.114ns

    Location             Delay type                Incr(ns)  Path(ns)    Netlist Resource(s)
  -------------------------------------------------------------------    -------------------
                         (clock clkfb_unbuf rise edge)
                                                      0.000     0.000 r  
    E3                                                0.000     0.000 r  clk_100m_i (IN)
                         net (fo=0)                   0.000     0.000    clk_100m_i
    E3                   IBUF (Prop_ibuf_I_O)         1.411     1.411 r  clk_100m_i_IBUF_inst/O
                         net (fo=1, routed)           1.162     2.573    clk_100m_i_IBUF
  -------------------------------------------------------------------    -------------------
    MMCME2_ADV_X1Y2      MMCME2_ADV (Prop_mmcme2_adv_CLKIN1_CLKFBOUT)
                                                     -7.324    -4.751 r  u_mmcm/CLKFBOUT
                         net (fo=1, routed)           1.639    -3.112    clkfb_unbuf
    BUFGCTRL_X0Y17       BUFG (Prop_bufg_I_O)         0.091    -3.021 r  u_bufg_fb/O
                         net (fo=1, routed)           1.506    -1.515    clkfb
    MMCME2_ADV_X1Y2      MMCME2_ADV                                   r  u_mmcm/CLKFBIN
  -------------------------------------------------------------------    -------------------





--------------------------------------------------------------------------------------
Path Group:  (none)
From Clock:  
  To Clock:  clk_50m_unbuf

Max Delay             6 Endpoints
Min Delay             6 Endpoints
--------------------------------------------------------------------------------------


Max Delay Paths
--------------------------------------------------------------------------------------
Slack:                    inf
  Source:                 u_mmcm/LOCKED
                            (internal pin)
  Destination:            rst_sync_q_reg[1]/D
                            (rising edge-triggered cell FDCE clocked by clk_50m_unbuf  {rise@0.000ns fall@10.000ns period=20.000ns})
  Path Group:             (none)
  Path Type:              Setup (Max at Slow Process Corner)
  Data Path Delay:        4.307ns  (logic 0.124ns (2.879%)  route 4.183ns (97.121%))
  Logic Levels:           1  (LUT2=1)
  Clock Uncertainty:      0.199ns  ((TSJ^2 + DJ^2)^1/2) / 2 + PE
    Total System Jitter     (TSJ):    0.050ns
    Discrete Jitter          (DJ):    0.163ns
    Phase Error              (PE):    0.114ns

    Location             Delay type                Incr(ns)  Path(ns)    Netlist Resource(s)
  -------------------------------------------------------------------    -------------------
    MMCME2_ADV_X1Y2      MMCME2_ADV                   0.000     0.000 r  u_mmcm/LOCKED
                         net (fo=2, routed)           4.183     4.183    mmcm_locked
    SLICE_X31Y148        LUT2 (Prop_lut2_I1_O)        0.124     4.307 r  rst_sync_q[1]_i_1/O
                         net (fo=1, routed)           0.000     4.307    rst_sync_q[1]_i_1_n_0
    SLICE_X31Y148        FDCE                                         r  rst_sync_q_reg[1]/D
  -------------------------------------------------------------------    -------------------

                         (clock clk_50m_unbuf rise edge)
                                                      0.000     0.000 r  
    E3                                                0.000     0.000 r  clk_100m_i (IN)
                         net (fo=0)                   0.000     0.000    clk_100m_i
    E3                   IBUF (Prop_ibuf_I_O)         1.411     1.411 r  clk_100m_i_IBUF_inst/O
                         net (fo=1, routed)           1.162     2.573    clk_100m_i_IBUF
    MMCME2_ADV_X1Y2      MMCME2_ADV (Prop_mmcme2_adv_CLKIN1_CLKOUT0)
                                                     -7.324    -4.751 r  u_mmcm/CLKOUT0
                         net (fo=1, routed)           1.639    -3.112    clk_50m_unbuf
    BUFGCTRL_X0Y16       BUFG (Prop_bufg_I_O)         0.091    -3.021 r  u_bufg_clk50/O
                         net (fo=7022, routed)        1.505    -1.516    clk_50m
    SLICE_X31Y148        FDCE                                         r  rst_sync_q_reg[1]/C





Min Delay Paths
--------------------------------------------------------------------------------------
Slack:                    inf
  Source:                 uart_rx_i
                            (input port)
  Destination:            u_soc_top/u_peripherals/u_uart/u_uart_core/rx_sync_q_reg[0]/D
                            (rising edge-triggered cell FDPE clocked by clk_50m_unbuf  {rise@0.000ns fall@10.000ns period=20.000ns})
  Path Group:             (none)
  Path Type:              Hold (Min at Fast Process Corner)
  Data Path Delay:        1.172ns  (logic 0.294ns (25.057%)  route 0.879ns (74.943%))
  Logic Levels:           1  (IBUF=1)
  Clock Path Skew:        -0.749ns (DCD - SCD - CPR)
    Destination Clock Delay (DCD):    -0.749ns
    Source Clock Delay      (SCD):    0.000ns
    Clock Pessimism Removal (CPR):    -0.000ns

    Location             Delay type                Incr(ns)  Path(ns)    Netlist Resource(s)
  -------------------------------------------------------------------    -------------------
    A9                                                0.000     0.000 r  uart_rx_i (IN)
                         net (fo=0)                   0.000     0.000    uart_rx_i
    A9                   IBUF (Prop_ibuf_I_O)         0.294     0.294 r  uart_rx_i_IBUF_inst/O
                         net (fo=1, routed)           0.879     1.172    u_soc_top/u_peripherals/u_uart/u_uart_core/rx_sync_q_reg[0]_0[0]
    SLICE_X24Y157        FDPE                                         r  u_soc_top/u_peripherals/u_uart/u_uart_core/rx_sync_q_reg[0]/D
  -------------------------------------------------------------------    -------------------

                         (clock clk_50m_unbuf rise edge)
                                                      0.000     0.000 r  
    E3                                                0.000     0.000 r  clk_100m_i (IN)
                         net (fo=0)                   0.000     0.000    clk_100m_i
    E3                   IBUF (Prop_ibuf_I_O)         0.438     0.438 r  clk_100m_i_IBUF_inst/O
                         net (fo=1, routed)           0.480     0.918    clk_100m_i_IBUF
    MMCME2_ADV_X1Y2      MMCME2_ADV (Prop_mmcme2_adv_CLKIN1_CLKOUT0)
                                                     -3.163    -2.245 r  u_mmcm/CLKOUT0
                         net (fo=1, routed)           0.544    -1.702    clk_50m_unbuf
    BUFGCTRL_X0Y16       BUFG (Prop_bufg_I_O)         0.029    -1.673 r  u_bufg_clk50/O
                         net (fo=7022, routed)        0.924    -0.749    u_soc_top/u_peripherals/u_uart/u_uart_core/clk_50m
    SLICE_X24Y157        FDPE                                         r  u_soc_top/u_peripherals/u_uart/u_uart_core/rx_sync_q_reg[0]/C





