Copyright 1986-2022 Xilinx, Inc. All Rights Reserved. Copyright 2022-2023 Advanced Micro Devices, Inc. All Rights Reserved.
--------------------------------------------------------------------------------------------------------------------------------------------------
| Tool Version : Vivado v.2023.2 (win64) Build 4029153 Fri Oct 13 20:14:34 MDT 2023
| Date         : Tue Oct  6 18:16:42 2026
| Host         : DESKTOP-5BKHJFE running 64-bit major release  (build 9200)
| Command      : report_timing_summary -file E:/ResearchOnWork/RISC_V_CORE/Synthesis/fpga/ecg_artix7/reports/run_20261006_110810/timing_synth.rpt
| Design       : ecg_arty_top
| Device       : 7a100t-csg324
| Speed File   : -1  PRODUCTION 1.23 2018-06-13
| Design State : Synthesized
--------------------------------------------------------------------------------------------------------------------------------------------------

Timing Summary Report

------------------------------------------------------------------------------------------------
| Timer Settings
| --------------
------------------------------------------------------------------------------------------------

  Enable Multi Corner Analysis               :  Yes
  Enable Pessimism Removal                   :  Yes
  Pessimism Removal Resolution               :  Nearest Common Node
  Enable Input Delay Default Clock           :  No
  Enable Preset / Clear Arcs                 :  No
  Disable Flight Delays                      :  No
  Ignore I/O Paths                           :  No
  Timing Early Launch at Borrowing Latches   :  No
  Borrow Time for Max Delay Exceptions       :  Yes
  Merge Timing Exceptions                    :  Yes
  Inter-SLR Compensation                     :  Conservative

  Corner  Analyze    Analyze    
  Name    Max Paths  Min Paths  
  ------  ---------  ---------  
  Slow    Yes        Yes        
  Fast    Yes        Yes        


------------------------------------------------------------------------------------------------
| Report Methodology
| ------------------
------------------------------------------------------------------------------------------------

No report available as report_methodology has not been run prior. Run report_methodology on the current design for the summary of methodology violations.



check_timing report

Table of Contents
-----------------
1. checking no_clock (0)
2. checking constant_clock (0)
3. checking pulse_width_clock (0)
4. checking unconstrained_internal_endpoints (0)
5. checking no_input_delay (8)
6. checking no_output_delay (11)
7. checking multiple_clock (0)
8. checking generated_clocks (0)
9. checking loops (0)
10. checking partial_input_delay (0)
11. checking partial_output_delay (0)
12. checking latch_loops (0)

1. checking no_clock (0)
------------------------
 There are 0 register/latch pins with no clock.


2. checking constant_clock (0)
------------------------------
 There are 0 register/latch pins with constant_clock.


3. checking pulse_width_clock (0)
---------------------------------
 There are 0 register/latch pins which need pulse_width check


4. checking unconstrained_internal_endpoints (0)
------------------------------------------------
 There are 0 pins that are not constrained for maximum delay.

 There are 0 pins that are not constrained for maximum delay due to constant clock.


5. checking no_input_delay (8)
------------------------------
 There are 2 input ports with no input delay specified. (HIGH)

 There are 6 input ports with no input delay but user has a false path constraint. (MEDIUM)


6. checking no_output_delay (11)
--------------------------------
 There are 4 ports with no output delay specified. (HIGH)

 There are 7 ports with no output delay but user has a false path constraint (MEDIUM)

 There are 0 ports with no output delay but with a timing clock defined on it or propagating through it


7. checking multiple_clock (0)
------------------------------
 There are 0 register/latch pins with multiple clocks.


8. checking generated_clocks (0)
--------------------------------
 There are 0 generated clocks that are not connected to a clock source.


9. checking loops (0)
---------------------
 There are 0 combinational loops in the design.


10. checking partial_input_delay (0)
------------------------------------
 There are 0 input ports with partial input delay specified.


11. checking partial_output_delay (0)
-------------------------------------
 There are 0 ports with partial output delay specified.


12. checking latch_loops (0)
----------------------------
 There are 0 combinational latch loops in the design through latch input



------------------------------------------------------------------------------------------------
| Design Timing Summary
| ---------------------
------------------------------------------------------------------------------------------------

    WNS(ns)      TNS(ns)  TNS Failing Endpoints  TNS Total Endpoints      WHS(ns)      THS(ns)  THS Failing Endpoints  THS Total Endpoints     WPWS(ns)     TPWS(ns)  TPWS Failing Endpoints  TPWS Total Endpoints  
    -------      -------  ---------------------  -------------------      -------      -------  ---------------------  -------------------     --------     --------  ----------------------  --------------------  
     -0.073       -1.213                     23                18173        0.132        0.000                      0                18173        3.000        0.000                       0                  7035  


Timing constraints are not met.


------------------------------------------------------------------------------------------------
| Clock Summary
| -------------
------------------------------------------------------------------------------------------------

Clock            Waveform(ns)       Period(ns)      Frequency(MHz)
-----            ------------       ----------      --------------
sys_clk_pin      {0.000 5.000}      10.000          100.000         
  clk_50m_unbuf  {0.000 10.000}     20.000          50.000          
  clkfb_unbuf    {0.000 5.000}      10.000          100.000         


------------------------------------------------------------------------------------------------
| Intra Clock Table
| -----------------
------------------------------------------------------------------------------------------------

Clock                WNS(ns)      TNS(ns)  TNS Failing Endpoints  TNS Total Endpoints      WHS(ns)      THS(ns)  THS Failing Endpoints  THS Total Endpoints     WPWS(ns)     TPWS(ns)  TPWS Failing Endpoints  TPWS Total Endpoints  
-----                -------      -------  ---------------------  -------------------      -------      -------  ---------------------  -------------------     --------     --------  ----------------------  --------------------  
sys_clk_pin                                                                                                                                                        3.000        0.000                       0                     1  
  clk_50m_unbuf       -0.073       -1.213                     23                15099        0.132        0.000                      0                15099        9.500        0.000                       0                  7031  
  clkfb_unbuf                                                                                                                                                      7.845        0.000                       0                     3  


------------------------------------------------------------------------------------------------
| Inter Clock Table
| -----------------
------------------------------------------------------------------------------------------------

From Clock    To Clock          WNS(ns)      TNS(ns)  TNS Failing Endpoints  TNS Total Endpoints      WHS(ns)      THS(ns)  THS Failing Endpoints  THS Total Endpoints  
----------    --------          -------      -------  ---------------------  -------------------      -------      -------  ---------------------  -------------------  


------------------------------------------------------------------------------------------------
| Other Path Groups Table
| -----------------------
------------------------------------------------------------------------------------------------

Path Group         From Clock         To Clock               WNS(ns)      TNS(ns)  TNS Failing Endpoints  TNS Total Endpoints      WHS(ns)      THS(ns)  THS Failing Endpoints  THS Total Endpoints  
----------         ----------         --------               -------      -------  ---------------------  -------------------      -------      -------  ---------------------  -------------------  
**async_default**  clk_50m_unbuf      clk_50m_unbuf           17.467        0.000                      0                 3074        0.665        0.000                      0                 3074  


------------------------------------------------------------------------------------------------
| Timing Details
| --------------
------------------------------------------------------------------------------------------------


---------------------------------------------------------------------------------------------------
From Clock:  sys_clk_pin
  To Clock:  sys_clk_pin

Setup :           NA  Failing Endpoints,  Worst Slack           NA  ,  Total Violation           NA
Hold  :           NA  Failing Endpoints,  Worst Slack           NA  ,  Total Violation           NA
PW    :            0  Failing Endpoints,  Worst Slack        3.000ns,  Total Violation        0.000ns
---------------------------------------------------------------------------------------------------


Pulse Width Checks
--------------------------------------------------------------------------------------
Clock Name:         sys_clk_pin
Waveform(ns):       { 0.000 5.000 }
Period(ns):         10.000
Sources:            { clk_100m_i }

Check Type        Corner  Lib Pin            Reference Pin  Required(ns)  Actual(ns)  Slack(ns)  Location  Pin
Min Period        n/a     MMCME2_ADV/CLKIN1  n/a            1.249         10.000      8.751                u_mmcm/CLKIN1
Max Period        n/a     MMCME2_ADV/CLKIN1  n/a            100.000       10.000      90.000               u_mmcm/CLKIN1
Low Pulse Width   Slow    MMCME2_ADV/CLKIN1  n/a            2.000         5.000       3.000                u_mmcm/CLKIN1
High Pulse Width  Slow    MMCME2_ADV/CLKIN1  n/a            2.000         5.000       3.000                u_mmcm/CLKIN1



---------------------------------------------------------------------------------------------------
From Clock:  clk_50m_unbuf
  To Clock:  clk_50m_unbuf

Setup :           23  Failing Endpoints,  Worst Slack       -0.073ns,  Total Violation       -1.213ns
Hold  :            0  Failing Endpoints,  Worst Slack        0.132ns,  Total Violation        0.000ns
PW    :            0  Failing Endpoints,  Worst Slack        9.500ns,  Total Violation        0.000ns
---------------------------------------------------------------------------------------------------


Max Delay Paths
--------------------------------------------------------------------------------------
Slack (VIOLATED) :        -0.073ns  (required time - arrival time)
  Source:                 u_soc_top/gen_cv32e40p_core.u_core/core_i/id_stage_i/alu_operator_ex_o_reg[5]/C
                            (rising edge-triggered cell FDCE clocked by clk_50m_unbuf  {rise@0.000ns fall@10.000ns period=20.000ns})
  Destination:            u_soc_top/gen_cv32e40p_core.u_core/core_i/id_stage_i/mult_dot_op_b_ex_o_reg[27]/D
                            (rising edge-triggered cell FDCE clocked by clk_50m_unbuf  {rise@0.000ns fall@10.000ns period=20.000ns})
  Path Group:             clk_50m_unbuf
  Path Type:              Setup (Max at Slow Process Corner)
  Requirement:            20.000ns  (clk_50m_unbuf rise@20.000ns - clk_50m_unbuf rise@0.000ns)
  Data Path Delay:        19.883ns  (logic 6.896ns (34.683%)  route 12.987ns (65.317%))
  Logic Levels:           32  (CARRY4=9 LUT3=3 LUT5=3 LUT6=15 MUXF7=2)
  Clock Path Skew:        -0.145ns (DCD - SCD + CPR)
    Destination Clock Delay (DCD):    -2.238ns = ( 17.762 - 20.000 ) 
    Source Clock Delay      (SCD):    -1.562ns
    Clock Pessimism Removal (CPR):    0.531ns
  Clock Uncertainty:      0.089ns  ((TSJ^2 + DJ^2)^1/2) / 2 + PE
    Total System Jitter     (TSJ):    0.071ns
    Discrete Jitter          (DJ):    0.163ns
    Phase Error              (PE):    0.000ns

    Location             Delay type                Incr(ns)  Path(ns)    Netlist Resource(s)
  -------------------------------------------------------------------    -------------------
                         (clock clk_50m_unbuf rise edge)
                                                      0.000     0.000 r  
    E3                                                0.000     0.000 r  clk_100m_i (IN)
                         net (fo=0)                   0.000     0.000    clk_100m_i
    E3                   IBUF (Prop_ibuf_I_O)         1.482     1.482 r  clk_100m_i_IBUF_inst/O
                         net (fo=1, unplaced)         0.584     2.066    clk_100m_i_IBUF
                         MMCME2_ADV (Prop_mmcme2_adv_CLKIN1_CLKOUT0)
                                                     -5.111    -3.045 r  u_mmcm/CLKOUT0
                         net (fo=1, unplaced)         0.803    -2.242    clk_50m_unbuf
                         BUFG (Prop_bufg_I_O)         0.096    -2.146 r  u_bufg_clk50/O
                         net (fo=7029, unplaced)      0.584    -1.562    u_soc_top/gen_cv32e40p_core.u_core/core_i/id_stage_i/clk_50m
                         FDCE                                         r  u_soc_top/gen_cv32e40p_core.u_core/core_i/id_stage_i/alu_operator_ex_o_reg[5]/C
  -------------------------------------------------------------------    -------------------
                         FDCE (Prop_fdce_C_Q)         0.478    -1.084 r  u_soc_top/gen_cv32e40p_core.u_core/core_i/id_stage_i/alu_operator_ex_o_reg[5]/Q
                         net (fo=59, unplaced)        0.849    -0.235    u_soc_top/gen_cv32e40p_core.u_core/core_i/id_stage_i/register_file_i/i___147_i_34_0[5]
                         LUT3 (Prop_lut3_I0_O)        0.295     0.060 r  u_soc_top/gen_cv32e40p_core.u_core/core_i/id_stage_i/register_file_i/i___160_i_5/O
                         net (fo=96, unplaced)        0.831     0.891    u_soc_top/gen_cv32e40p_core.u_core/core_i/id_stage_i/register_file_i/i___160_i_5_n_0
                         LUT6 (Prop_lut6_I0_O)        0.124     1.015 r  u_soc_top/gen_cv32e40p_core.u_core/core_i/id_stage_i/register_file_i/BReg_DP[31]_i_128/O
                         net (fo=1, unplaced)         0.449     1.464    u_soc_top/gen_cv32e40p_core.u_core/core_i/id_stage_i/register_file_i/BReg_DP[31]_i_128_n_0
                         LUT6 (Prop_lut6_I5_O)        0.124     1.588 r  u_soc_top/gen_cv32e40p_core.u_core/core_i/id_stage_i/register_file_i/BReg_DP[31]_i_111/O
                         net (fo=2, unplaced)         0.460     2.048    u_soc_top/gen_cv32e40p_core.u_core/core_i/id_stage_i/register_file_i/ex_stage_i/alu_i/adder_op_a[0]
                         LUT5 (Prop_lut5_I0_O)        0.124     2.172 r  u_soc_top/gen_cv32e40p_core.u_core/core_i/id_stage_i/register_file_i/BReg_DP[31]_i_115/O
                         net (fo=1, unplaced)         0.665     2.837    u_soc_top/gen_cv32e40p_core.u_core/core_i/id_stage_i/register_file_i/BReg_DP[31]_i_115_n_0
                         CARRY4 (Prop_carry4_S[0]_CO[3])
                                                      0.637     3.474 r  u_soc_top/gen_cv32e40p_core.u_core/core_i/id_stage_i/register_file_i/BReg_DP_reg[31]_i_89/CO[3]
                         net (fo=1, unplaced)         0.000     3.474    u_soc_top/gen_cv32e40p_core.u_core/core_i/id_stage_i/register_file_i/BReg_DP_reg[31]_i_89_n_0
                         CARRY4 (Prop_carry4_CI_CO[3])
                                                      0.117     3.591 r  u_soc_top/gen_cv32e40p_core.u_core/core_i/id_stage_i/register_file_i/BReg_DP_reg[24]_i_12/CO[3]
                         net (fo=1, unplaced)         0.000     3.591    u_soc_top/gen_cv32e40p_core.u_core/core_i/id_stage_i/register_file_i/BReg_DP_reg[24]_i_12_n_0
                         CARRY4 (Prop_carry4_CI_CO[3])
                                                      0.117     3.708 r  u_soc_top/gen_cv32e40p_core.u_core/core_i/id_stage_i/register_file_i/BReg_DP_reg[31]_i_98/CO[3]
                         net (fo=1, unplaced)         0.000     3.708    u_soc_top/gen_cv32e40p_core.u_core/core_i/id_stage_i/register_file_i/BReg_DP_reg[31]_i_98_n_0
                         CARRY4 (Prop_carry4_CI_CO[3])
                                                      0.117     3.825 r  u_soc_top/gen_cv32e40p_core.u_core/core_i/id_stage_i/register_file_i/BReg_DP_reg[16]_i_13/CO[3]
                         net (fo=1, unplaced)         0.000     3.825    u_soc_top/gen_cv32e40p_core.u_core/core_i/id_stage_i/register_file_i/BReg_DP_reg[16]_i_13_n_0
                         CARRY4 (Prop_carry4_CI_CO[3])
                                                      0.117     3.942 r  u_soc_top/gen_cv32e40p_core.u_core/core_i/id_stage_i/register_file_i/i___91__14_i_29/CO[3]
                         net (fo=1, unplaced)         0.000     3.942    u_soc_top/gen_cv32e40p_core.u_core/core_i/id_stage_i/register_file_i/i___91__14_i_29_n_0
                         CARRY4 (Prop_carry4_CI_O[3])
                                                      0.331     4.273 r  u_soc_top/gen_cv32e40p_core.u_core/core_i/id_stage_i/register_file_i/i___91__10_i_30/O[3]
                         net (fo=4, unplaced)         0.472     4.745    u_soc_top/gen_cv32e40p_core.u_core/core_i/id_stage_i/register_file_i/ex_stage_i/alu_i/data0[21]
                         LUT5 (Prop_lut5_I3_O)        0.307     5.052 r  u_soc_top/gen_cv32e40p_core.u_core/core_i/id_stage_i/register_file_i/BReg_DP[8]_i_13/O
                         net (fo=1, unplaced)         0.000     5.052    u_soc_top/gen_cv32e40p_core.u_core/core_i/id_stage_i/register_file_i/BReg_DP[8]_i_13_n_0
                         CARRY4 (Prop_carry4_S[1]_CO[3])
                                                      0.533     5.585 r  u_soc_top/gen_cv32e40p_core.u_core/core_i/id_stage_i/register_file_i/BReg_DP_reg[8]_i_8/CO[3]
                         net (fo=1, unplaced)         0.000     5.585    u_soc_top/gen_cv32e40p_core.u_core/core_i/id_stage_i/register_file_i/BReg_DP_reg[8]_i_8_n_0
                         CARRY4 (Prop_carry4_CI_CO[3])
                                                      0.117     5.702 r  u_soc_top/gen_cv32e40p_core.u_core/core_i/id_stage_i/register_file_i/BReg_DP_reg[31]_i_82/CO[3]
                         net (fo=1, unplaced)         0.000     5.702    u_soc_top/gen_cv32e40p_core.u_core/core_i/id_stage_i/register_file_i/BReg_DP_reg[31]_i_82_n_0
                         CARRY4 (Prop_carry4_CI_O[3])
                                                      0.331     6.033 r  u_soc_top/gen_cv32e40p_core.u_core/core_i/id_stage_i/register_file_i/BReg_DP_reg[0]_i_8/O[3]
                         net (fo=2, unplaced)         0.459     6.492    u_soc_top/gen_cv32e40p_core.u_core/core_i/id_stage_i/register_file_i/ex_stage_i/alu_i/adder_round_result[31]
                         LUT6 (Prop_lut6_I2_O)        0.307     6.799 r  u_soc_top/gen_cv32e40p_core.u_core/core_i/id_stage_i/register_file_i/BReg_DP[0]_i_6/O
                         net (fo=61, unplaced)        0.536     7.335    u_soc_top/gen_cv32e40p_core.u_core/core_i/id_stage_i/register_file_i/shift_right_result126_out
                         LUT3 (Prop_lut3_I2_O)        0.124     7.459 r  u_soc_top/gen_cv32e40p_core.u_core/core_i/id_stage_i/register_file_i/BReg_DP[13]_i_9/O
                         net (fo=2, unplaced)         0.743     8.202    u_soc_top/gen_cv32e40p_core.u_core/core_i/id_stage_i/register_file_i/ex_stage_i/alu_i/shift_op_a_32[49]
                         LUT6 (Prop_lut6_I0_O)        0.124     8.326 r  u_soc_top/gen_cv32e40p_core.u_core/core_i/id_stage_i/register_file_i/BReg_DP[13]_i_7/O
                         net (fo=4, unplaced)         0.756     9.082    u_soc_top/gen_cv32e40p_core.u_core/core_i/id_stage_i/register_file_i/BReg_DP[13]_i_7_n_0
                         LUT6 (Prop_lut6_I1_O)        0.124     9.206 r  u_soc_top/gen_cv32e40p_core.u_core/core_i/id_stage_i/register_file_i/BReg_DP[9]_i_4/O
                         net (fo=4, unplaced)         0.443     9.649    u_soc_top/gen_cv32e40p_core.u_core/core_i/id_stage_i/register_file_i/alu_clpx_shift_ex_o_reg[1]_5
                         LUT3 (Prop_lut3_I0_O)        0.150     9.799 r  u_soc_top/gen_cv32e40p_core.u_core/core_i/id_stage_i/register_file_i/i___91__9_i_39/O
                         net (fo=2, unplaced)         0.460    10.259    u_soc_top/gen_cv32e40p_core.u_core/core_i/id_stage_i/register_file_i/i___91__9_i_39_n_0
                         LUT5 (Prop_lut5_I4_O)        0.116    10.375 r  u_soc_top/gen_cv32e40p_core.u_core/core_i/id_stage_i/register_file_i/i___91__9_i_31/O
                         net (fo=6, unplaced)         0.764    11.139    u_soc_top/gen_cv32e40p_core.u_core/core_i/id_stage_i/register_file_i/ex_stage_i/alu_i/radix_2_rev[9]
                         LUT6 (Prop_lut6_I1_O)        0.124    11.263 r  u_soc_top/gen_cv32e40p_core.u_core/core_i/id_stage_i/register_file_i/i___28_i_100/O
                         net (fo=1, unplaced)         0.000    11.263    u_soc_top/gen_cv32e40p_core.u_core/core_i/id_stage_i/register_file_i/i___28_i_100_n_0
                         MUXF7 (Prop_muxf7_I1_O)      0.247    11.510 r  u_soc_top/gen_cv32e40p_core.u_core/core_i/id_stage_i/register_file_i/i___28_i_93/O
                         net (fo=1, unplaced)         0.735    12.245    u_soc_top/gen_cv32e40p_core.u_core/core_i/id_stage_i/register_file_i/i___28_i_93_n_0
                         LUT6 (Prop_lut6_I2_O)        0.298    12.543 r  u_soc_top/gen_cv32e40p_core.u_core/core_i/id_stage_i/register_file_i/i___28_i_86/O
                         net (fo=64, unplaced)        0.537    13.080    u_soc_top/gen_cv32e40p_core.u_core/core_i/id_stage_i/register_file_i/ex_stage_i/alu_i/extract_sign
                         LUT6 (Prop_lut6_I5_O)        0.124    13.204 r  u_soc_top/gen_cv32e40p_core.u_core/core_i/id_stage_i/register_file_i/i___91__32_i_36/O
                         net (fo=1, unplaced)         0.449    13.653    u_soc_top/gen_cv32e40p_core.u_core/core_i/id_stage_i/register_file_i/i___91__32_i_36_n_0
                         LUT6 (Prop_lut6_I5_O)        0.124    13.777 r  u_soc_top/gen_cv32e40p_core.u_core/core_i/id_stage_i/register_file_i/i___91__32_i_32/O
                         net (fo=1, unplaced)         0.449    14.226    u_soc_top/gen_cv32e40p_core.u_core/core_i/id_stage_i/register_file_i/ex_stage_i/alu_i/bextins_result[3]
                         LUT6 (Prop_lut6_I5_O)        0.124    14.350 r  u_soc_top/gen_cv32e40p_core.u_core/core_i/id_stage_i/register_file_i/i___91__32_i_25/O
                         net (fo=1, unplaced)         0.000    14.350    u_soc_top/gen_cv32e40p_core.u_core/core_i/id_stage_i/register_file_i/i___91__32_i_25_n_0
                         MUXF7 (Prop_muxf7_I1_O)      0.247    14.597 r  u_soc_top/gen_cv32e40p_core.u_core/core_i/id_stage_i/register_file_i/i___91__32_i_12/O
                         net (fo=1, unplaced)         0.452    15.049    u_soc_top/gen_cv32e40p_core.u_core/core_i/id_stage_i/register_file_i/i___91__32_i_12_n_0
                         LUT6 (Prop_lut6_I5_O)        0.298    15.347 r  u_soc_top/gen_cv32e40p_core.u_core/core_i/id_stage_i/register_file_i/i___91__32_i_4/O
                         net (fo=1, unplaced)         0.449    15.796    u_soc_top/gen_cv32e40p_core.u_core/core_i/id_stage_i/gen_hwloop_regs.hwloop_regs_i/alu_result[3]
                         LUT6 (Prop_lut6_I3_O)        0.124    15.920 r  u_soc_top/gen_cv32e40p_core.u_core/core_i/id_stage_i/gen_hwloop_regs.hwloop_regs_i/i___91__32_i_2/O
                         net (fo=37, unplaced)        0.524    16.444    u_soc_top/gen_cv32e40p_core.u_core/regfile_alu_wdata_fw[3]
                         LUT6 (Prop_lut6_I2_O)        0.124    16.568 r  u_soc_top/gen_cv32e40p_core.u_core/i___91__33/O
                         net (fo=1, unplaced)         0.732    17.300    u_soc_top/gen_cv32e40p_core.u_core/core_i/if_stage_i/mult_dot_op_b_ex_o_reg[3]
                         LUT6 (Prop_lut6_I0_O)        0.124    17.424 r  u_soc_top/gen_cv32e40p_core.u_core/core_i/if_stage_i/mult_operand_b_ex_o[3]_i_1/O
                         net (fo=9, unplaced)         0.773    18.197    u_soc_top/gen_cv32e40p_core.u_core/core_i/if_stage_i/operand_b[3]
                         LUT6 (Prop_lut6_I0_O)        0.124    18.321 r  u_soc_top/gen_cv32e40p_core.u_core/core_i/if_stage_i/mult_operand_b_ex_o[27]_i_1/O
                         net (fo=2, unplaced)         0.000    18.321    u_soc_top/gen_cv32e40p_core.u_core/core_i/id_stage_i/mult_operand_b_ex_o_reg[31]_1[19]
                         FDCE                                         r  u_soc_top/gen_cv32e40p_core.u_core/core_i/id_stage_i/mult_dot_op_b_ex_o_reg[27]/D
  -------------------------------------------------------------------    -------------------

                         (clock clk_50m_unbuf rise edge)
                                                     20.000    20.000 r  
    E3                                                0.000    20.000 r  clk_100m_i (IN)
                         net (fo=0)                   0.000    20.000    clk_100m_i
    E3                   IBUF (Prop_ibuf_I_O)         1.411    21.411 r  clk_100m_i_IBUF_inst/O
                         net (fo=1, unplaced)         0.439    21.850    clk_100m_i_IBUF
                         MMCME2_ADV (Prop_mmcme2_adv_CLKIN1_CLKOUT0)
                                                     -5.381    16.470 r  u_mmcm/CLKOUT0
                         net (fo=1, unplaced)         0.763    17.232    clk_50m_unbuf
                         BUFG (Prop_bufg_I_O)         0.091    17.323 r  u_bufg_clk50/O
                         net (fo=7029, unplaced)      0.439    17.762    u_soc_top/gen_cv32e40p_core.u_core/core_i/id_stage_i/clk_50m
                         FDCE                                         r  u_soc_top/gen_cv32e40p_core.u_core/core_i/id_stage_i/mult_dot_op_b_ex_o_reg[27]/C
                         clock pessimism              0.531    18.293    
                         clock uncertainty           -0.089    18.204    
                         FDCE (Setup_fdce_C_D)        0.044    18.248    u_soc_top/gen_cv32e40p_core.u_core/core_i/id_stage_i/mult_dot_op_b_ex_o_reg[27]
  -------------------------------------------------------------------
                         required time                         18.248    
                         arrival time                         -18.321    
  -------------------------------------------------------------------
                         slack                                 -0.073    





Min Delay Paths
--------------------------------------------------------------------------------------
Slack (MET) :             0.132ns  (arrival time - required time)
  Source:                 u_soc_top/gen_cv32e40p_core.u_core/core_i/if_stage_i/prefetch_buffer_i/fifo_i/mem_q_reg[0][26]/C
                            (rising edge-triggered cell FDCE clocked by clk_50m_unbuf  {rise@0.000ns fall@10.000ns period=20.000ns})
  Destination:            u_soc_top/gen_cv32e40p_core.u_core/core_i/if_stage_i/aligner_i/r_instr_h_reg[10]/D
                            (rising edge-triggered cell FDCE clocked by clk_50m_unbuf  {rise@0.000ns fall@10.000ns period=20.000ns})
  Path Group:             clk_50m_unbuf
  Path Type:              Hold (Min at Fast Process Corner)
  Requirement:            0.000ns  (clk_50m_unbuf rise@0.000ns - clk_50m_unbuf rise@0.000ns)
  Data Path Delay:        0.376ns  (logic 0.245ns (65.144%)  route 0.131ns (34.856%))
  Logic Levels:           1  (LUT6=1)
  Clock Path Skew:        0.145ns (DCD - SCD - CPR)
    Destination Clock Delay (DCD):    -1.070ns
    Source Clock Delay      (SCD):    -0.935ns
    Clock Pessimism Removal (CPR):    -0.280ns

    Location             Delay type                Incr(ns)  Path(ns)    Netlist Resource(s)
  -------------------------------------------------------------------    -------------------
                         (clock clk_50m_unbuf rise edge)
                                                      0.000     0.000 r  
    E3                                                0.000     0.000 r  clk_100m_i (IN)
                         net (fo=0)                   0.000     0.000    clk_100m_i
    E3                   IBUF (Prop_ibuf_I_O)         0.250     0.250 r  clk_100m_i_IBUF_inst/O
                         net (fo=1, unplaced)         0.114     0.364    clk_100m_i_IBUF
                         MMCME2_ADV (Prop_mmcme2_adv_CLKIN1_CLKOUT0)
                                                     -1.777    -1.414 r  u_mmcm/CLKOUT0
                         net (fo=1, unplaced)         0.338    -1.075    clk_50m_unbuf
                         BUFG (Prop_bufg_I_O)         0.026    -1.049 r  u_bufg_clk50/O
                         net (fo=7029, unplaced)      0.114    -0.935    u_soc_top/gen_cv32e40p_core.u_core/core_i/if_stage_i/prefetch_buffer_i/fifo_i/clk_50m
                         FDCE                                         r  u_soc_top/gen_cv32e40p_core.u_core/core_i/if_stage_i/prefetch_buffer_i/fifo_i/mem_q_reg[0][26]/C
  -------------------------------------------------------------------    -------------------
                         FDCE (Prop_fdce_C_Q)         0.147    -0.788 r  u_soc_top/gen_cv32e40p_core.u_core/core_i/if_stage_i/prefetch_buffer_i/fifo_i/mem_q_reg[0][26]/Q
                         net (fo=1, unplaced)         0.131    -0.657    u_soc_top/gen_cv32e40p_core.u_core/core_i/if_stage_i/prefetch_buffer_i/fifo_i/mem_q_reg[0]_209[26]
                         LUT6 (Prop_lut6_I5_O)        0.098    -0.559 r  u_soc_top/gen_cv32e40p_core.u_core/core_i/if_stage_i/prefetch_buffer_i/fifo_i/r_instr_h[10]_i_1/O
                         net (fo=3, unplaced)         0.000    -0.559    u_soc_top/gen_cv32e40p_core.u_core/core_i/if_stage_i/aligner_i/D[10]
                         FDCE                                         r  u_soc_top/gen_cv32e40p_core.u_core/core_i/if_stage_i/aligner_i/r_instr_h_reg[10]/D
  -------------------------------------------------------------------    -------------------

                         (clock clk_50m_unbuf rise edge)
                                                      0.000     0.000 r  
    E3                                                0.000     0.000 r  clk_100m_i (IN)
                         net (fo=0)                   0.000     0.000    clk_100m_i
    E3                   IBUF (Prop_ibuf_I_O)         0.438     0.438 r  clk_100m_i_IBUF_inst/O
                         net (fo=1, unplaced)         0.259     0.697    clk_100m_i_IBUF
                         MMCME2_ADV (Prop_mmcme2_adv_CLKIN1_CLKOUT0)
                                                     -2.411    -1.715 r  u_mmcm/CLKOUT0
                         net (fo=1, unplaced)         0.356    -1.358    clk_50m_unbuf
                         BUFG (Prop_bufg_I_O)         0.029    -1.329 r  u_bufg_clk50/O
                         net (fo=7029, unplaced)      0.259    -1.070    u_soc_top/gen_cv32e40p_core.u_core/core_i/if_stage_i/aligner_i/clk_50m
                         FDCE                                         r  u_soc_top/gen_cv32e40p_core.u_core/core_i/if_stage_i/aligner_i/r_instr_h_reg[10]/C
                         clock pessimism              0.280    -0.790    
                         FDCE (Hold_fdce_C_D)         0.099    -0.691    u_soc_top/gen_cv32e40p_core.u_core/core_i/if_stage_i/aligner_i/r_instr_h_reg[10]
  -------------------------------------------------------------------
                         required time                          0.691    
                         arrival time                          -0.559    
  -------------------------------------------------------------------
                         slack                                  0.132    





Pulse Width Checks
--------------------------------------------------------------------------------------
Clock Name:         clk_50m_unbuf
Waveform(ns):       { 0.000 10.000 }
Period(ns):         20.000
Sources:            { u_mmcm/CLKOUT0 }

Check Type        Corner  Lib Pin             Reference Pin  Required(ns)  Actual(ns)  Slack(ns)  Location  Pin
Min Period        n/a     RAMB36E1/CLKARDCLK  n/a            2.944         20.000      17.056               u_soc_top/u_d_tcm/mem_reg_0_0_0/CLKARDCLK
Max Period        n/a     MMCME2_ADV/CLKOUT0  n/a            213.360       20.000      193.360              u_mmcm/CLKOUT0
Low Pulse Width   Slow    FDRE/C              n/a            0.500         10.000      9.500                rdata_q_reg[0]_i_10/C
High Pulse Width  Slow    FDRE/C              n/a            0.500         10.000      9.500                rdata_q_reg[0]_i_10/C



---------------------------------------------------------------------------------------------------
From Clock:  clkfb_unbuf
  To Clock:  clkfb_unbuf

Setup :           NA  Failing Endpoints,  Worst Slack           NA  ,  Total Violation           NA
Hold  :           NA  Failing Endpoints,  Worst Slack           NA  ,  Total Violation           NA
PW    :            0  Failing Endpoints,  Worst Slack        7.845ns,  Total Violation        0.000ns
---------------------------------------------------------------------------------------------------


Pulse Width Checks
--------------------------------------------------------------------------------------
Clock Name:         clkfb_unbuf
Waveform(ns):       { 0.000 5.000 }
Period(ns):         10.000
Sources:            { u_mmcm/CLKFBOUT }

Check Type  Corner  Lib Pin             Reference Pin  Required(ns)  Actual(ns)  Slack(ns)  Location  Pin
Min Period  n/a     BUFG/I              n/a            2.155         10.000      7.845                u_bufg_fb/I
Max Period  n/a     MMCME2_ADV/CLKFBIN  n/a            100.000       10.000      90.000               u_mmcm/CLKFBIN



---------------------------------------------------------------------------------------------------
Path Group:  **async_default**
From Clock:  clk_50m_unbuf
  To Clock:  clk_50m_unbuf

Setup :            0  Failing Endpoints,  Worst Slack       17.467ns,  Total Violation        0.000ns
Hold  :            0  Failing Endpoints,  Worst Slack        0.665ns,  Total Violation        0.000ns
---------------------------------------------------------------------------------------------------


Max Delay Paths
--------------------------------------------------------------------------------------
Slack (MET) :             17.467ns  (required time - arrival time)
  Source:                 rst_sync_q_reg[1]/C
                            (rising edge-triggered cell FDCE clocked by clk_50m_unbuf  {rise@0.000ns fall@10.000ns period=20.000ns})
  Destination:            u_soc_top/gen_cv32e40p_core.u_core/core_i/cs_registers_i/dcsr_q_reg[prv][1]/PRE
                            (recovery check against rising-edge clock clk_50m_unbuf  {rise@0.000ns fall@10.000ns period=20.000ns})
  Path Group:             **async_default**
  Path Type:              Recovery (Max at Slow Process Corner)
  Requirement:            20.000ns  (clk_50m_unbuf rise@20.000ns - clk_50m_unbuf rise@0.000ns)
  Data Path Delay:        1.905ns  (logic 0.773ns (40.577%)  route 1.132ns (59.423%))
  Logic Levels:           1  (LUT1=1)
  Clock Path Skew:        -0.145ns (DCD - SCD + CPR)
    Destination Clock Delay (DCD):    -2.238ns = ( 17.762 - 20.000 ) 
    Source Clock Delay      (SCD):    -1.562ns
    Clock Pessimism Removal (CPR):    0.531ns
  Clock Uncertainty:      0.089ns  ((TSJ^2 + DJ^2)^1/2) / 2 + PE
    Total System Jitter     (TSJ):    0.071ns
    Discrete Jitter          (DJ):    0.163ns
    Phase Error              (PE):    0.000ns

    Location             Delay type                Incr(ns)  Path(ns)    Netlist Resource(s)
  -------------------------------------------------------------------    -------------------
                         (clock clk_50m_unbuf rise edge)
                                                      0.000     0.000 r  
    E3                                                0.000     0.000 r  clk_100m_i (IN)
                         net (fo=0)                   0.000     0.000    clk_100m_i
    E3                   IBUF (Prop_ibuf_I_O)         1.482     1.482 r  clk_100m_i_IBUF_inst/O
                         net (fo=1, unplaced)         0.584     2.066    clk_100m_i_IBUF
                         MMCME2_ADV (Prop_mmcme2_adv_CLKIN1_CLKOUT0)
                                                     -5.111    -3.045 r  u_mmcm/CLKOUT0
                         net (fo=1, unplaced)         0.803    -2.242    clk_50m_unbuf
                         BUFG (Prop_bufg_I_O)         0.096    -2.146 r  u_bufg_clk50/O
                         net (fo=7029, unplaced)      0.584    -1.562    clk_50m
                         FDCE                                         r  rst_sync_q_reg[1]/C
  -------------------------------------------------------------------    -------------------
                         FDCE (Prop_fdce_C_Q)         0.478    -1.084 r  rst_sync_q_reg[1]/Q
                         net (fo=35, unplaced)        0.384    -0.700    u_soc_top/gen_cv32e40p_core.u_core/core_i/id_stage_i/register_file_i/gen_rf[1].mem_reg[1][0]_0[0]
                         LUT1 (Prop_lut1_I0_O)        0.295    -0.405 f  u_soc_top/gen_cv32e40p_core.u_core/core_i/id_stage_i/register_file_i/cnt_q[1]_i_2/O
                         net (fo=3074, unplaced)      0.748     0.343    u_soc_top/gen_cv32e40p_core.u_core/core_i/cs_registers_i/gen_mhpmcounter[0].gen_implemented.mhpmcounter_q_reg[0][63]_1
                         FDPE                                         f  u_soc_top/gen_cv32e40p_core.u_core/core_i/cs_registers_i/dcsr_q_reg[prv][1]/PRE
  -------------------------------------------------------------------    -------------------

                         (clock clk_50m_unbuf rise edge)
                                                     20.000    20.000 r  
    E3                                                0.000    20.000 r  clk_100m_i (IN)
                         net (fo=0)                   0.000    20.000    clk_100m_i
    E3                   IBUF (Prop_ibuf_I_O)         1.411    21.411 r  clk_100m_i_IBUF_inst/O
                         net (fo=1, unplaced)         0.439    21.850    clk_100m_i_IBUF
                         MMCME2_ADV (Prop_mmcme2_adv_CLKIN1_CLKOUT0)
                                                     -5.381    16.470 r  u_mmcm/CLKOUT0
                         net (fo=1, unplaced)         0.763    17.232    clk_50m_unbuf
                         BUFG (Prop_bufg_I_O)         0.091    17.323 r  u_bufg_clk50/O
                         net (fo=7029, unplaced)      0.439    17.762    u_soc_top/gen_cv32e40p_core.u_core/core_i/cs_registers_i/clk_50m
                         FDPE                                         r  u_soc_top/gen_cv32e40p_core.u_core/core_i/cs_registers_i/dcsr_q_reg[prv][1]/C
                         clock pessimism              0.531    18.293    
                         clock uncertainty           -0.089    18.204    
                         FDPE (Recov_fdpe_C_PRE)     -0.394    17.810    u_soc_top/gen_cv32e40p_core.u_core/core_i/cs_registers_i/dcsr_q_reg[prv][1]
  -------------------------------------------------------------------
                         required time                         17.810    
                         arrival time                          -0.343    
  -------------------------------------------------------------------
                         slack                                 17.467    





Min Delay Paths
--------------------------------------------------------------------------------------
Slack (MET) :             0.665ns  (arrival time - required time)
  Source:                 rst_sync_q_reg[1]/C
                            (rising edge-triggered cell FDCE clocked by clk_50m_unbuf  {rise@0.000ns fall@10.000ns period=20.000ns})
  Destination:            u_soc_top/gen_cv32e40p_core.u_core/core_i/cs_registers_i/dcsr_q_reg[cause][6]/CLR
                            (removal check against rising-edge clock clk_50m_unbuf  {rise@0.000ns fall@10.000ns period=20.000ns})
  Path Group:             **async_default**
  Path Type:              Removal (Min at Fast Process Corner)
  Requirement:            0.000ns  (clk_50m_unbuf rise@0.000ns - clk_50m_unbuf rise@0.000ns)
  Data Path Delay:        0.722ns  (logic 0.245ns (33.926%)  route 0.477ns (66.074%))
  Logic Levels:           1  (LUT1=1)
  Clock Path Skew:        0.145ns (DCD - SCD - CPR)
    Destination Clock Delay (DCD):    -1.070ns
    Source Clock Delay      (SCD):    -0.935ns
    Clock Pessimism Removal (CPR):    -0.280ns

    Location             Delay type                Incr(ns)  Path(ns)    Netlist Resource(s)
  -------------------------------------------------------------------    -------------------
                         (clock clk_50m_unbuf rise edge)
                                                      0.000     0.000 r  
    E3                                                0.000     0.000 r  clk_100m_i (IN)
                         net (fo=0)                   0.000     0.000    clk_100m_i
    E3                   IBUF (Prop_ibuf_I_O)         0.250     0.250 r  clk_100m_i_IBUF_inst/O
                         net (fo=1, unplaced)         0.114     0.364    clk_100m_i_IBUF
                         MMCME2_ADV (Prop_mmcme2_adv_CLKIN1_CLKOUT0)
                                                     -1.777    -1.414 r  u_mmcm/CLKOUT0
                         net (fo=1, unplaced)         0.338    -1.075    clk_50m_unbuf
                         BUFG (Prop_bufg_I_O)         0.026    -1.049 r  u_bufg_clk50/O
                         net (fo=7029, unplaced)      0.114    -0.935    clk_50m
                         FDCE                                         r  rst_sync_q_reg[1]/C
  -------------------------------------------------------------------    -------------------
                         FDCE (Prop_fdce_C_Q)         0.147    -0.788 r  rst_sync_q_reg[1]/Q
                         net (fo=35, unplaced)        0.162    -0.627    u_soc_top/gen_cv32e40p_core.u_core/core_i/id_stage_i/register_file_i/gen_rf[1].mem_reg[1][0]_0[0]
                         LUT1 (Prop_lut1_I0_O)        0.098    -0.529 f  u_soc_top/gen_cv32e40p_core.u_core/core_i/id_stage_i/register_file_i/cnt_q[1]_i_2/O
                         net (fo=3074, unplaced)      0.315    -0.213    u_soc_top/gen_cv32e40p_core.u_core/core_i/cs_registers_i/gen_mhpmcounter[0].gen_implemented.mhpmcounter_q_reg[0][63]_1
                         FDCE                                         f  u_soc_top/gen_cv32e40p_core.u_core/core_i/cs_registers_i/dcsr_q_reg[cause][6]/CLR
  -------------------------------------------------------------------    -------------------

                         (clock clk_50m_unbuf rise edge)
                                                      0.000     0.000 r  
    E3                                                0.000     0.000 r  clk_100m_i (IN)
                         net (fo=0)                   0.000     0.000    clk_100m_i
    E3                   IBUF (Prop_ibuf_I_O)         0.438     0.438 r  clk_100m_i_IBUF_inst/O
                         net (fo=1, unplaced)         0.259     0.697    clk_100m_i_IBUF
                         MMCME2_ADV (Prop_mmcme2_adv_CLKIN1_CLKOUT0)
                                                     -2.411    -1.715 r  u_mmcm/CLKOUT0
                         net (fo=1, unplaced)         0.356    -1.358    clk_50m_unbuf
                         BUFG (Prop_bufg_I_O)         0.029    -1.329 r  u_bufg_clk50/O
                         net (fo=7029, unplaced)      0.259    -1.070    u_soc_top/gen_cv32e40p_core.u_core/core_i/cs_registers_i/clk_50m
                         FDCE                                         r  u_soc_top/gen_cv32e40p_core.u_core/core_i/cs_registers_i/dcsr_q_reg[cause][6]/C
                         clock pessimism              0.280    -0.790    
                         FDCE (Remov_fdce_C_CLR)     -0.088    -0.878    u_soc_top/gen_cv32e40p_core.u_core/core_i/cs_registers_i/dcsr_q_reg[cause][6]
  -------------------------------------------------------------------
                         required time                          0.878    
                         arrival time                          -0.213    
  -------------------------------------------------------------------
                         slack                                  0.665    





