Copyright 1986-2022 Xilinx, Inc. All Rights Reserved. Copyright 2022-2023 Advanced Micro Devices, Inc. All Rights Reserved.
-----------------------------------------------------------------------------------------------------------------------------------------------------------------------
| Tool Version : Vivado v.2023.2 (win64) Build 4029153 Fri Oct 13 20:14:34 MDT 2023
| Date         : Tue Oct  6 18:28:44 2026
| Host         : DESKTOP-5BKHJFE running 64-bit major release  (build 9200)
| Command      : report_timing -delay_type min -max_paths 20 -file E:/ResearchOnWork/RISC_V_CORE/Synthesis/fpga/ecg_artix7/reports/run_20261006_110810/timing_hold.rpt
| Design       : ecg_arty_top
| Device       : 7a100t-csg324
| Speed File   : -1  PRODUCTION 1.23 2018-06-13
| Design State : Routed
-----------------------------------------------------------------------------------------------------------------------------------------------------------------------

Timing Report

Slack (MET) :             0.119ns  (arrival time - required time)
  Source:                 u_soc_top/u_peripherals/u_spi_master/u_spi_core/rx_ch1_latch_q_reg[21]/C
                            (rising edge-triggered cell FDCE clocked by clk_50m_unbuf  {rise@0.000ns fall@10.000ns period=20.000ns})
  Destination:            u_soc_top/u_peripherals/u_dma/bank0_mem_reg[1][21]/D
                            (rising edge-triggered cell FDRE clocked by clk_50m_unbuf  {rise@0.000ns fall@10.000ns period=20.000ns})
  Path Group:             clk_50m_unbuf
  Path Type:              Hold (Min at Fast Process Corner)
  Requirement:            0.000ns  (clk_50m_unbuf rise@0.000ns - clk_50m_unbuf rise@0.000ns)
  Data Path Delay:        0.446ns  (logic 0.141ns (31.640%)  route 0.305ns (68.360%))
  Logic Levels:           0  
  Clock Path Skew:        0.257ns (DCD - SCD - CPR)
    Destination Clock Delay (DCD):    -0.764ns
    Source Clock Delay      (SCD):    -0.521ns
    Clock Pessimism Removal (CPR):    -0.500ns

    Location             Delay type                Incr(ns)  Path(ns)    Netlist Resource(s)
  -------------------------------------------------------------------    -------------------
                         (clock clk_50m_unbuf rise edge)
                                                      0.000     0.000 r  
    E3                                                0.000     0.000 r  clk_100m_i (IN)
                         net (fo=0)                   0.000     0.000    clk_100m_i
    E3                   IBUF (Prop_ibuf_I_O)         0.250     0.250 r  clk_100m_i_IBUF_inst/O
                         net (fo=1, routed)           0.440     0.690    clk_100m_i_IBUF
    MMCME2_ADV_X1Y2      MMCME2_ADV (Prop_mmcme2_adv_CLKIN1_CLKOUT0)
                                                     -2.379    -1.689 r  u_mmcm/CLKOUT0
                         net (fo=1, routed)           0.499    -1.190    clk_50m_unbuf
    BUFGCTRL_X0Y16       BUFG (Prop_bufg_I_O)         0.026    -1.164 r  u_bufg_clk50/O
                         net (fo=7022, routed)        0.643    -0.521    u_soc_top/u_peripherals/u_spi_master/u_spi_core/clk_50m
    SLICE_X45Y158        FDCE                                         r  u_soc_top/u_peripherals/u_spi_master/u_spi_core/rx_ch1_latch_q_reg[21]/C
  -------------------------------------------------------------------    -------------------
    SLICE_X45Y158        FDCE (Prop_fdce_C_Q)         0.141    -0.380 r  u_soc_top/u_peripherals/u_spi_master/u_spi_core/rx_ch1_latch_q_reg[21]/Q
                         net (fo=8, routed)           0.305    -0.075    u_soc_top/u_peripherals/u_dma/bank0_mem_reg[1][31]_0[21]
    SLICE_X55Y164        FDRE                                         r  u_soc_top/u_peripherals/u_dma/bank0_mem_reg[1][21]/D
  -------------------------------------------------------------------    -------------------

                         (clock clk_50m_unbuf rise edge)
                                                      0.000     0.000 r  
    E3                                                0.000     0.000 r  clk_100m_i (IN)
                         net (fo=0)                   0.000     0.000    clk_100m_i
    E3                   IBUF (Prop_ibuf_I_O)         0.438     0.438 r  clk_100m_i_IBUF_inst/O
                         net (fo=1, routed)           0.480     0.918    clk_100m_i_IBUF
    MMCME2_ADV_X1Y2      MMCME2_ADV (Prop_mmcme2_adv_CLKIN1_CLKOUT0)
                                                     -3.163    -2.245 r  u_mmcm/CLKOUT0
                         net (fo=1, routed)           0.544    -1.702    clk_50m_unbuf
    BUFGCTRL_X0Y16       BUFG (Prop_bufg_I_O)         0.029    -1.673 r  u_bufg_clk50/O
                         net (fo=7022, routed)        0.909    -0.764    u_soc_top/u_peripherals/u_dma/clk_50m
    SLICE_X55Y164        FDRE                                         r  u_soc_top/u_peripherals/u_dma/bank0_mem_reg[1][21]/C
                         clock pessimism              0.500    -0.264    
    SLICE_X55Y164        FDRE (Hold_fdre_C_D)         0.070    -0.194    u_soc_top/u_peripherals/u_dma/bank0_mem_reg[1][21]
  -------------------------------------------------------------------
                         required time                          0.194    
                         arrival time                          -0.075    
  -------------------------------------------------------------------
                         slack                                  0.119    

Slack (MET) :             0.119ns  (arrival time - required time)
  Source:                 u_soc_top/u_peripherals/u_spi_master/u_spi_core/FSM_sequential_state_q_reg[2]/C
                            (rising edge-triggered cell FDCE clocked by clk_50m_unbuf  {rise@0.000ns fall@10.000ns period=20.000ns})
  Destination:            u_soc_top/u_peripherals/u_spi_master/u_spi_core/bit_cnt_q_reg[6]/D
                            (rising edge-triggered cell FDCE clocked by clk_50m_unbuf  {rise@0.000ns fall@10.000ns period=20.000ns})
  Path Group:             clk_50m_unbuf
  Path Type:              Hold (Min at Fast Process Corner)
  Requirement:            0.000ns  (clk_50m_unbuf rise@0.000ns - clk_50m_unbuf rise@0.000ns)
  Data Path Delay:        0.591ns  (logic 0.231ns (39.060%)  route 0.360ns (60.940%))
  Logic Levels:           2  (LUT3=1 LUT6=1)
  Clock Path Skew:        0.351ns (DCD - SCD - CPR)
    Destination Clock Delay (DCD):    -0.750ns
    Source Clock Delay      (SCD):    -0.597ns
    Clock Pessimism Removal (CPR):    -0.504ns

    Location             Delay type                Incr(ns)  Path(ns)    Netlist Resource(s)
  -------------------------------------------------------------------    -------------------
                         (clock clk_50m_unbuf rise edge)
                                                      0.000     0.000 r  
    E3                                                0.000     0.000 r  clk_100m_i (IN)
                         net (fo=0)                   0.000     0.000    clk_100m_i
    E3                   IBUF (Prop_ibuf_I_O)         0.250     0.250 r  clk_100m_i_IBUF_inst/O
                         net (fo=1, routed)           0.440     0.690    clk_100m_i_IBUF
    MMCME2_ADV_X1Y2      MMCME2_ADV (Prop_mmcme2_adv_CLKIN1_CLKOUT0)
                                                     -2.379    -1.689 r  u_mmcm/CLKOUT0
                         net (fo=1, routed)           0.499    -1.190    clk_50m_unbuf
    BUFGCTRL_X0Y16       BUFG (Prop_bufg_I_O)         0.026    -1.164 r  u_bufg_clk50/O
                         net (fo=7022, routed)        0.567    -0.597    u_soc_top/u_peripherals/u_spi_master/u_spi_core/clk_50m
    SLICE_X29Y149        FDCE                                         r  u_soc_top/u_peripherals/u_spi_master/u_spi_core/FSM_sequential_state_q_reg[2]/C
  -------------------------------------------------------------------    -------------------
    SLICE_X29Y149        FDCE (Prop_fdce_C_Q)         0.141    -0.456 f  u_soc_top/u_peripherals/u_spi_master/u_spi_core/FSM_sequential_state_q_reg[2]/Q
                         net (fo=46, routed)          0.208    -0.248    u_soc_top/u_peripherals/u_spi_master/u_spi_core/FSM_sequential_state_q_reg[2]_0
    SLICE_X30Y149        LUT3 (Prop_lut3_I2_O)        0.045    -0.203 r  u_soc_top/u_peripherals/u_spi_master/u_spi_core/bit_cnt_q[6]_i_3/O
                         net (fo=1, routed)           0.153    -0.051    u_soc_top/u_peripherals/u_spi_master/u_spi_core/bit_cnt_q[6]_i_3_n_0
    SLICE_X30Y150        LUT6 (Prop_lut6_I0_O)        0.045    -0.006 r  u_soc_top/u_peripherals/u_spi_master/u_spi_core/bit_cnt_q[6]_i_2/O
                         net (fo=1, routed)           0.000    -0.006    u_soc_top/u_peripherals/u_spi_master/u_spi_core/bit_cnt_d[6]
    SLICE_X30Y150        FDCE                                         r  u_soc_top/u_peripherals/u_spi_master/u_spi_core/bit_cnt_q_reg[6]/D
  -------------------------------------------------------------------    -------------------

                         (clock clk_50m_unbuf rise edge)
                                                      0.000     0.000 r  
    E3                                                0.000     0.000 r  clk_100m_i (IN)
                         net (fo=0)                   0.000     0.000    clk_100m_i
    E3                   IBUF (Prop_ibuf_I_O)         0.438     0.438 r  clk_100m_i_IBUF_inst/O
                         net (fo=1, routed)           0.480     0.918    clk_100m_i_IBUF
    MMCME2_ADV_X1Y2      MMCME2_ADV (Prop_mmcme2_adv_CLKIN1_CLKOUT0)
                                                     -3.163    -2.245 r  u_mmcm/CLKOUT0
                         net (fo=1, routed)           0.544    -1.702    clk_50m_unbuf
    BUFGCTRL_X0Y16       BUFG (Prop_bufg_I_O)         0.029    -1.673 r  u_bufg_clk50/O
                         net (fo=7022, routed)        0.923    -0.750    u_soc_top/u_peripherals/u_spi_master/u_spi_core/clk_50m
    SLICE_X30Y150        FDCE                                         r  u_soc_top/u_peripherals/u_spi_master/u_spi_core/bit_cnt_q_reg[6]/C
                         clock pessimism              0.504    -0.246    
    SLICE_X30Y150        FDCE (Hold_fdce_C_D)         0.121    -0.125    u_soc_top/u_peripherals/u_spi_master/u_spi_core/bit_cnt_q_reg[6]
  -------------------------------------------------------------------
                         required time                          0.125    
                         arrival time                          -0.006    
  -------------------------------------------------------------------
                         slack                                  0.119    

Slack (MET) :             0.132ns  (arrival time - required time)
  Source:                 u_soc_top/u_peripherals/u_dma/active_bank_q_reg/C
                            (rising edge-triggered cell FDCE clocked by clk_50m_unbuf  {rise@0.000ns fall@10.000ns period=20.000ns})
  Destination:            u_soc_top/u_peripherals/u_dma/bank1_ready_q_reg/D
                            (rising edge-triggered cell FDCE clocked by clk_50m_unbuf  {rise@0.000ns fall@10.000ns period=20.000ns})
  Path Group:             clk_50m_unbuf
  Path Type:              Hold (Min at Fast Process Corner)
  Requirement:            0.000ns  (clk_50m_unbuf rise@0.000ns - clk_50m_unbuf rise@0.000ns)
  Data Path Delay:        0.407ns  (logic 0.209ns (51.359%)  route 0.198ns (48.641%))
  Logic Levels:           1  (LUT6=1)
  Clock Path Skew:        0.184ns (DCD - SCD - CPR)
    Destination Clock Delay (DCD):    -0.838ns
    Source Clock Delay      (SCD):    -0.519ns
    Clock Pessimism Removal (CPR):    -0.504ns

    Location             Delay type                Incr(ns)  Path(ns)    Netlist Resource(s)
  -------------------------------------------------------------------    -------------------
                         (clock clk_50m_unbuf rise edge)
                                                      0.000     0.000 r  
    E3                                                0.000     0.000 r  clk_100m_i (IN)
                         net (fo=0)                   0.000     0.000    clk_100m_i
    E3                   IBUF (Prop_ibuf_I_O)         0.250     0.250 r  clk_100m_i_IBUF_inst/O
                         net (fo=1, routed)           0.440     0.690    clk_100m_i_IBUF
    MMCME2_ADV_X1Y2      MMCME2_ADV (Prop_mmcme2_adv_CLKIN1_CLKOUT0)
                                                     -2.379    -1.689 r  u_mmcm/CLKOUT0
                         net (fo=1, routed)           0.499    -1.190    clk_50m_unbuf
    BUFGCTRL_X0Y16       BUFG (Prop_bufg_I_O)         0.026    -1.164 r  u_bufg_clk50/O
                         net (fo=7022, routed)        0.645    -0.519    u_soc_top/u_peripherals/u_dma/clk_50m
    SLICE_X42Y150        FDCE                                         r  u_soc_top/u_peripherals/u_dma/active_bank_q_reg/C
  -------------------------------------------------------------------    -------------------
    SLICE_X42Y150        FDCE (Prop_fdce_C_Q)         0.164    -0.355 r  u_soc_top/u_peripherals/u_dma/active_bank_q_reg/Q
                         net (fo=7, routed)           0.198    -0.157    u_soc_top/u_peripherals/u_dma/active_bank_q_reg_0
    SLICE_X41Y149        LUT6 (Prop_lut6_I1_O)        0.045    -0.112 r  u_soc_top/u_peripherals/u_dma/bank1_ready_q_i_1/O
                         net (fo=1, routed)           0.000    -0.112    u_soc_top/u_peripherals/u_dma/bank1_ready_q_i_1_n_0
    SLICE_X41Y149        FDCE                                         r  u_soc_top/u_peripherals/u_dma/bank1_ready_q_reg/D
  -------------------------------------------------------------------    -------------------

                         (clock clk_50m_unbuf rise edge)
                                                      0.000     0.000 r  
    E3                                                0.000     0.000 r  clk_100m_i (IN)
                         net (fo=0)                   0.000     0.000    clk_100m_i
    E3                   IBUF (Prop_ibuf_I_O)         0.438     0.438 r  clk_100m_i_IBUF_inst/O
                         net (fo=1, routed)           0.480     0.918    clk_100m_i_IBUF
    MMCME2_ADV_X1Y2      MMCME2_ADV (Prop_mmcme2_adv_CLKIN1_CLKOUT0)
                                                     -3.163    -2.245 r  u_mmcm/CLKOUT0
                         net (fo=1, routed)           0.544    -1.702    clk_50m_unbuf
    BUFGCTRL_X0Y16       BUFG (Prop_bufg_I_O)         0.029    -1.673 r  u_bufg_clk50/O
                         net (fo=7022, routed)        0.835    -0.838    u_soc_top/u_peripherals/u_dma/clk_50m
    SLICE_X41Y149        FDCE                                         r  u_soc_top/u_peripherals/u_dma/bank1_ready_q_reg/C
                         clock pessimism              0.504    -0.334    
    SLICE_X41Y149        FDCE (Hold_fdce_C_D)         0.091    -0.243    u_soc_top/u_peripherals/u_dma/bank1_ready_q_reg
  -------------------------------------------------------------------
                         required time                          0.243    
                         arrival time                          -0.112    
  -------------------------------------------------------------------
                         slack                                  0.132    

Slack (MET) :             0.143ns  (arrival time - required time)
  Source:                 u_soc_top/u_peripherals/u_spi_master/u_spi_core/rx_ch1_latch_q_reg[8]/C
                            (rising edge-triggered cell FDCE clocked by clk_50m_unbuf  {rise@0.000ns fall@10.000ns period=20.000ns})
  Destination:            u_soc_top/u_peripherals/u_dma/bank0_mem_reg[94][8]/D
                            (rising edge-triggered cell FDRE clocked by clk_50m_unbuf  {rise@0.000ns fall@10.000ns period=20.000ns})
  Path Group:             clk_50m_unbuf
  Path Type:              Hold (Min at Fast Process Corner)
  Requirement:            0.000ns  (clk_50m_unbuf rise@0.000ns - clk_50m_unbuf rise@0.000ns)
  Data Path Delay:        0.444ns  (logic 0.186ns (41.873%)  route 0.258ns (58.127%))
  Logic Levels:           1  (LUT3=1)
  Clock Path Skew:        0.181ns (DCD - SCD - CPR)
    Destination Clock Delay (DCD):    -0.844ns
    Source Clock Delay      (SCD):    -0.522ns
    Clock Pessimism Removal (CPR):    -0.504ns

    Location             Delay type                Incr(ns)  Path(ns)    Netlist Resource(s)
  -------------------------------------------------------------------    -------------------
                         (clock clk_50m_unbuf rise edge)
                                                      0.000     0.000 r  
    E3                                                0.000     0.000 r  clk_100m_i (IN)
                         net (fo=0)                   0.000     0.000    clk_100m_i
    E3                   IBUF (Prop_ibuf_I_O)         0.250     0.250 r  clk_100m_i_IBUF_inst/O
                         net (fo=1, routed)           0.440     0.690    clk_100m_i_IBUF
    MMCME2_ADV_X1Y2      MMCME2_ADV (Prop_mmcme2_adv_CLKIN1_CLKOUT0)
                                                     -2.379    -1.689 r  u_mmcm/CLKOUT0
                         net (fo=1, routed)           0.499    -1.190    clk_50m_unbuf
    BUFGCTRL_X0Y16       BUFG (Prop_bufg_I_O)         0.026    -1.164 r  u_bufg_clk50/O
                         net (fo=7022, routed)        0.642    -0.522    u_soc_top/u_peripherals/u_spi_master/u_spi_core/clk_50m
    SLICE_X51Y151        FDCE                                         r  u_soc_top/u_peripherals/u_spi_master/u_spi_core/rx_ch1_latch_q_reg[8]/C
  -------------------------------------------------------------------    -------------------
    SLICE_X51Y151        FDCE (Prop_fdce_C_Q)         0.141    -0.381 r  u_soc_top/u_peripherals/u_spi_master/u_spi_core/rx_ch1_latch_q_reg[8]/Q
                         net (fo=8, routed)           0.258    -0.123    u_soc_top/u_peripherals/u_spi_master/u_spi_core/rx_ch1_latch_q_reg[23]_0[8]
    SLICE_X50Y145        LUT3 (Prop_lut3_I0_O)        0.045    -0.078 r  u_soc_top/u_peripherals/u_spi_master/u_spi_core/bank0_mem[2][8]_i_1/O
                         net (fo=64, routed)          0.000    -0.078    u_soc_top/u_peripherals/u_dma/bank0_mem_reg[2][8]_0
    SLICE_X50Y145        FDRE                                         r  u_soc_top/u_peripherals/u_dma/bank0_mem_reg[94][8]/D
  -------------------------------------------------------------------    -------------------

                         (clock clk_50m_unbuf rise edge)
                                                      0.000     0.000 r  
    E3                                                0.000     0.000 r  clk_100m_i (IN)
                         net (fo=0)                   0.000     0.000    clk_100m_i
    E3                   IBUF (Prop_ibuf_I_O)         0.438     0.438 r  clk_100m_i_IBUF_inst/O
                         net (fo=1, routed)           0.480     0.918    clk_100m_i_IBUF
    MMCME2_ADV_X1Y2      MMCME2_ADV (Prop_mmcme2_adv_CLKIN1_CLKOUT0)
                                                     -3.163    -2.245 r  u_mmcm/CLKOUT0
                         net (fo=1, routed)           0.544    -1.702    clk_50m_unbuf
    BUFGCTRL_X0Y16       BUFG (Prop_bufg_I_O)         0.029    -1.673 r  u_bufg_clk50/O
                         net (fo=7022, routed)        0.829    -0.844    u_soc_top/u_peripherals/u_dma/clk_50m
    SLICE_X50Y145        FDRE                                         r  u_soc_top/u_peripherals/u_dma/bank0_mem_reg[94][8]/C
                         clock pessimism              0.504    -0.340    
    SLICE_X50Y145        FDRE (Hold_fdre_C_D)         0.120    -0.220    u_soc_top/u_peripherals/u_dma/bank0_mem_reg[94][8]
  -------------------------------------------------------------------
                         required time                          0.220    
                         arrival time                          -0.078    
  -------------------------------------------------------------------
                         slack                                  0.143    

Slack (MET) :             0.144ns  (arrival time - required time)
  Source:                 u_soc_top/gen_cv32e40p_core.u_core/core_i/ex_stage_i/alu_i/alu_div_i/BReg_DP_reg[12]/C
                            (rising edge-triggered cell FDCE clocked by clk_50m_unbuf  {rise@0.000ns fall@10.000ns period=20.000ns})
  Destination:            u_soc_top/gen_cv32e40p_core.u_core/core_i/ex_stage_i/alu_i/alu_div_i/BReg_DP_reg[11]/D
                            (rising edge-triggered cell FDCE clocked by clk_50m_unbuf  {rise@0.000ns fall@10.000ns period=20.000ns})
  Path Group:             clk_50m_unbuf
  Path Type:              Hold (Min at Fast Process Corner)
  Requirement:            0.000ns  (clk_50m_unbuf rise@0.000ns - clk_50m_unbuf rise@0.000ns)
  Data Path Delay:        0.288ns  (logic 0.189ns (65.571%)  route 0.099ns (34.429%))
  Logic Levels:           1  (LUT3=1)
  Clock Path Skew:        0.013ns (DCD - SCD - CPR)
    Destination Clock Delay (DCD):    -0.752ns
    Source Clock Delay      (SCD):    -0.517ns
    Clock Pessimism Removal (CPR):    -0.248ns

    Location             Delay type                Incr(ns)  Path(ns)    Netlist Resource(s)
  -------------------------------------------------------------------    -------------------
                         (clock clk_50m_unbuf rise edge)
                                                      0.000     0.000 r  
    E3                                                0.000     0.000 r  clk_100m_i (IN)
                         net (fo=0)                   0.000     0.000    clk_100m_i
    E3                   IBUF (Prop_ibuf_I_O)         0.250     0.250 r  clk_100m_i_IBUF_inst/O
                         net (fo=1, routed)           0.440     0.690    clk_100m_i_IBUF
    MMCME2_ADV_X1Y2      MMCME2_ADV (Prop_mmcme2_adv_CLKIN1_CLKOUT0)
                                                     -2.379    -1.689 r  u_mmcm/CLKOUT0
                         net (fo=1, routed)           0.499    -1.190    clk_50m_unbuf
    BUFGCTRL_X0Y16       BUFG (Prop_bufg_I_O)         0.026    -1.164 r  u_bufg_clk50/O
                         net (fo=7022, routed)        0.647    -0.517    u_soc_top/gen_cv32e40p_core.u_core/core_i/ex_stage_i/alu_i/alu_div_i/clk_50m
    SLICE_X35Y194        FDCE                                         r  u_soc_top/gen_cv32e40p_core.u_core/core_i/ex_stage_i/alu_i/alu_div_i/BReg_DP_reg[12]/C
  -------------------------------------------------------------------    -------------------
    SLICE_X35Y194        FDCE (Prop_fdce_C_Q)         0.141    -0.376 r  u_soc_top/gen_cv32e40p_core.u_core/core_i/ex_stage_i/alu_i/alu_div_i/BReg_DP_reg[12]/Q
                         net (fo=5, routed)           0.099    -0.277    u_soc_top/gen_cv32e40p_core.u_core/core_i/ex_stage_i/alu_i/alu_div_i/BReg_DP[12]
    SLICE_X34Y194        LUT3 (Prop_lut3_I0_O)        0.048    -0.229 r  u_soc_top/gen_cv32e40p_core.u_core/core_i/ex_stage_i/alu_i/alu_div_i/BReg_DP[11]_i_1/O
                         net (fo=1, routed)           0.000    -0.229    u_soc_top/gen_cv32e40p_core.u_core/core_i/ex_stage_i/alu_i/alu_div_i/BMux_D[11]
    SLICE_X34Y194        FDCE                                         r  u_soc_top/gen_cv32e40p_core.u_core/core_i/ex_stage_i/alu_i/alu_div_i/BReg_DP_reg[11]/D
  -------------------------------------------------------------------    -------------------

                         (clock clk_50m_unbuf rise edge)
                                                      0.000     0.000 r  
    E3                                                0.000     0.000 r  clk_100m_i (IN)
                         net (fo=0)                   0.000     0.000    clk_100m_i
    E3                   IBUF (Prop_ibuf_I_O)         0.438     0.438 r  clk_100m_i_IBUF_inst/O
                         net (fo=1, routed)           0.480     0.918    clk_100m_i_IBUF
    MMCME2_ADV_X1Y2      MMCME2_ADV (Prop_mmcme2_adv_CLKIN1_CLKOUT0)
                                                     -3.163    -2.245 r  u_mmcm/CLKOUT0
                         net (fo=1, routed)           0.544    -1.702    clk_50m_unbuf
    BUFGCTRL_X0Y16       BUFG (Prop_bufg_I_O)         0.029    -1.673 r  u_bufg_clk50/O
                         net (fo=7022, routed)        0.921    -0.752    u_soc_top/gen_cv32e40p_core.u_core/core_i/ex_stage_i/alu_i/alu_div_i/clk_50m
    SLICE_X34Y194        FDCE                                         r  u_soc_top/gen_cv32e40p_core.u_core/core_i/ex_stage_i/alu_i/alu_div_i/BReg_DP_reg[11]/C
                         clock pessimism              0.248    -0.504    
    SLICE_X34Y194        FDCE (Hold_fdce_C_D)         0.131    -0.373    u_soc_top/gen_cv32e40p_core.u_core/core_i/ex_stage_i/alu_i/alu_div_i/BReg_DP_reg[11]
  -------------------------------------------------------------------
                         required time                          0.373    
                         arrival time                          -0.229    
  -------------------------------------------------------------------
                         slack                                  0.144    

Slack (MET) :             0.146ns  (arrival time - required time)
  Source:                 u_soc_top/u_peripherals/u_timer/reload_q_reg[19]/C
                            (rising edge-triggered cell FDCE clocked by clk_50m_unbuf  {rise@0.000ns fall@10.000ns period=20.000ns})
  Destination:            u_soc_top/u_peripherals/u_timer/counter_q_reg[19]/D
                            (rising edge-triggered cell FDCE clocked by clk_50m_unbuf  {rise@0.000ns fall@10.000ns period=20.000ns})
  Path Group:             clk_50m_unbuf
  Path Type:              Hold (Min at Fast Process Corner)
  Requirement:            0.000ns  (clk_50m_unbuf rise@0.000ns - clk_50m_unbuf rise@0.000ns)
  Data Path Delay:        0.251ns  (logic 0.186ns (74.077%)  route 0.065ns (25.923%))
  Logic Levels:           1  (LUT6=1)
  Clock Path Skew:        0.013ns (DCD - SCD - CPR)
    Destination Clock Delay (DCD):    -0.753ns
    Source Clock Delay      (SCD):    -0.518ns
    Clock Pessimism Removal (CPR):    -0.248ns

    Location             Delay type                Incr(ns)  Path(ns)    Netlist Resource(s)
  -------------------------------------------------------------------    -------------------
                         (clock clk_50m_unbuf rise edge)
                                                      0.000     0.000 r  
    E3                                                0.000     0.000 r  clk_100m_i (IN)
                         net (fo=0)                   0.000     0.000    clk_100m_i
    E3                   IBUF (Prop_ibuf_I_O)         0.250     0.250 r  clk_100m_i_IBUF_inst/O
                         net (fo=1, routed)           0.440     0.690    clk_100m_i_IBUF
    MMCME2_ADV_X1Y2      MMCME2_ADV (Prop_mmcme2_adv_CLKIN1_CLKOUT0)
                                                     -2.379    -1.689 r  u_mmcm/CLKOUT0
                         net (fo=1, routed)           0.499    -1.190    clk_50m_unbuf
    BUFGCTRL_X0Y16       BUFG (Prop_bufg_I_O)         0.026    -1.164 r  u_bufg_clk50/O
                         net (fo=7022, routed)        0.646    -0.518    u_soc_top/u_peripherals/u_timer/clk_50m
    SLICE_X36Y157        FDCE                                         r  u_soc_top/u_peripherals/u_timer/reload_q_reg[19]/C
  -------------------------------------------------------------------    -------------------
    SLICE_X36Y157        FDCE (Prop_fdce_C_Q)         0.141    -0.377 r  u_soc_top/u_peripherals/u_timer/reload_q_reg[19]/Q
                         net (fo=2, routed)           0.065    -0.312    u_soc_top/u_obi_to_apb/counter_q_reg[31][19]
    SLICE_X37Y157        LUT6 (Prop_lut6_I3_O)        0.045    -0.267 r  u_soc_top/u_obi_to_apb/counter_q[19]_i_1/O
                         net (fo=1, routed)           0.000    -0.267    u_soc_top/u_peripherals/u_timer/counter_q_reg[31]_0[19]
    SLICE_X37Y157        FDCE                                         r  u_soc_top/u_peripherals/u_timer/counter_q_reg[19]/D
  -------------------------------------------------------------------    -------------------

                         (clock clk_50m_unbuf rise edge)
                                                      0.000     0.000 r  
    E3                                                0.000     0.000 r  clk_100m_i (IN)
                         net (fo=0)                   0.000     0.000    clk_100m_i
    E3                   IBUF (Prop_ibuf_I_O)         0.438     0.438 r  clk_100m_i_IBUF_inst/O
                         net (fo=1, routed)           0.480     0.918    clk_100m_i_IBUF
    MMCME2_ADV_X1Y2      MMCME2_ADV (Prop_mmcme2_adv_CLKIN1_CLKOUT0)
                                                     -3.163    -2.245 r  u_mmcm/CLKOUT0
                         net (fo=1, routed)           0.544    -1.702    clk_50m_unbuf
    BUFGCTRL_X0Y16       BUFG (Prop_bufg_I_O)         0.029    -1.673 r  u_bufg_clk50/O
                         net (fo=7022, routed)        0.920    -0.753    u_soc_top/u_peripherals/u_timer/clk_50m
    SLICE_X37Y157        FDCE                                         r  u_soc_top/u_peripherals/u_timer/counter_q_reg[19]/C
                         clock pessimism              0.248    -0.505    
    SLICE_X37Y157        FDCE (Hold_fdce_C_D)         0.092    -0.413    u_soc_top/u_peripherals/u_timer/counter_q_reg[19]
  -------------------------------------------------------------------
                         required time                          0.413    
                         arrival time                          -0.267    
  -------------------------------------------------------------------
                         slack                                  0.146    

Slack (MET) :             0.151ns  (arrival time - required time)
  Source:                 u_soc_top/u_peripherals/u_spi_master/u_spi_core/rx_ch2_latch_q_reg[21]/C
                            (rising edge-triggered cell FDCE clocked by clk_50m_unbuf  {rise@0.000ns fall@10.000ns period=20.000ns})
  Destination:            u_soc_top/u_peripherals/u_dma/bank0_mem_reg[65][21]/D
                            (rising edge-triggered cell FDRE clocked by clk_50m_unbuf  {rise@0.000ns fall@10.000ns period=20.000ns})
  Path Group:             clk_50m_unbuf
  Path Type:              Hold (Min at Fast Process Corner)
  Requirement:            0.000ns  (clk_50m_unbuf rise@0.000ns - clk_50m_unbuf rise@0.000ns)
  Data Path Delay:        0.474ns  (logic 0.141ns (29.775%)  route 0.333ns (70.225%))
  Logic Levels:           0  
  Clock Path Skew:        0.257ns (DCD - SCD - CPR)
    Destination Clock Delay (DCD):    -0.766ns
    Source Clock Delay      (SCD):    -0.523ns
    Clock Pessimism Removal (CPR):    -0.500ns

    Location             Delay type                Incr(ns)  Path(ns)    Netlist Resource(s)
  -------------------------------------------------------------------    -------------------
                         (clock clk_50m_unbuf rise edge)
                                                      0.000     0.000 r  
    E3                                                0.000     0.000 r  clk_100m_i (IN)
                         net (fo=0)                   0.000     0.000    clk_100m_i
    E3                   IBUF (Prop_ibuf_I_O)         0.250     0.250 r  clk_100m_i_IBUF_inst/O
                         net (fo=1, routed)           0.440     0.690    clk_100m_i_IBUF
    MMCME2_ADV_X1Y2      MMCME2_ADV (Prop_mmcme2_adv_CLKIN1_CLKOUT0)
                                                     -2.379    -1.689 r  u_mmcm/CLKOUT0
                         net (fo=1, routed)           0.499    -1.190    clk_50m_unbuf
    BUFGCTRL_X0Y16       BUFG (Prop_bufg_I_O)         0.026    -1.164 r  u_bufg_clk50/O
                         net (fo=7022, routed)        0.641    -0.523    u_soc_top/u_peripherals/u_spi_master/u_spi_core/clk_50m
    SLICE_X48Y158        FDCE                                         r  u_soc_top/u_peripherals/u_spi_master/u_spi_core/rx_ch2_latch_q_reg[21]/C
  -------------------------------------------------------------------    -------------------
    SLICE_X48Y158        FDCE (Prop_fdce_C_Q)         0.141    -0.382 r  u_soc_top/u_peripherals/u_spi_master/u_spi_core/rx_ch2_latch_q_reg[21]/Q
                         net (fo=8, routed)           0.333    -0.049    u_soc_top/u_peripherals/u_dma/bank0_mem_reg[65][31]_1[21]
    SLICE_X52Y166        FDRE                                         r  u_soc_top/u_peripherals/u_dma/bank0_mem_reg[65][21]/D
  -------------------------------------------------------------------    -------------------

                         (clock clk_50m_unbuf rise edge)
                                                      0.000     0.000 r  
    E3                                                0.000     0.000 r  clk_100m_i (IN)
                         net (fo=0)                   0.000     0.000    clk_100m_i
    E3                   IBUF (Prop_ibuf_I_O)         0.438     0.438 r  clk_100m_i_IBUF_inst/O
                         net (fo=1, routed)           0.480     0.918    clk_100m_i_IBUF
    MMCME2_ADV_X1Y2      MMCME2_ADV (Prop_mmcme2_adv_CLKIN1_CLKOUT0)
                                                     -3.163    -2.245 r  u_mmcm/CLKOUT0
                         net (fo=1, routed)           0.544    -1.702    clk_50m_unbuf
    BUFGCTRL_X0Y16       BUFG (Prop_bufg_I_O)         0.029    -1.673 r  u_bufg_clk50/O
                         net (fo=7022, routed)        0.907    -0.766    u_soc_top/u_peripherals/u_dma/clk_50m
    SLICE_X52Y166        FDRE                                         r  u_soc_top/u_peripherals/u_dma/bank0_mem_reg[65][21]/C
                         clock pessimism              0.500    -0.266    
    SLICE_X52Y166        FDRE (Hold_fdre_C_D)         0.066    -0.200    u_soc_top/u_peripherals/u_dma/bank0_mem_reg[65][21]
  -------------------------------------------------------------------
                         required time                          0.200    
                         arrival time                          -0.049    
  -------------------------------------------------------------------
                         slack                                  0.151    

Slack (MET) :             0.151ns  (arrival time - required time)
  Source:                 u_soc_top/u_peripherals/u_spi_master/u_spi_core/rx_ch2_shreg_q_reg[1]/C
                            (rising edge-triggered cell FDCE clocked by clk_50m_unbuf  {rise@0.000ns fall@10.000ns period=20.000ns})
  Destination:            u_soc_top/u_peripherals/u_spi_master/u_spi_core/rx_ch2_latch_q_reg[1]/D
                            (rising edge-triggered cell FDCE clocked by clk_50m_unbuf  {rise@0.000ns fall@10.000ns period=20.000ns})
  Path Group:             clk_50m_unbuf
  Path Type:              Hold (Min at Fast Process Corner)
  Requirement:            0.000ns  (clk_50m_unbuf rise@0.000ns - clk_50m_unbuf rise@0.000ns)
  Data Path Delay:        0.211ns  (logic 0.141ns (66.677%)  route 0.070ns (33.323%))
  Logic Levels:           0  
  Clock Path Skew:        0.013ns (DCD - SCD - CPR)
    Destination Clock Delay (DCD):    -0.752ns
    Source Clock Delay      (SCD):    -0.519ns
    Clock Pessimism Removal (CPR):    -0.246ns

    Location             Delay type                Incr(ns)  Path(ns)    Netlist Resource(s)
  -------------------------------------------------------------------    -------------------
                         (clock clk_50m_unbuf rise edge)
                                                      0.000     0.000 r  
    E3                                                0.000     0.000 r  clk_100m_i (IN)
                         net (fo=0)                   0.000     0.000    clk_100m_i
    E3                   IBUF (Prop_ibuf_I_O)         0.250     0.250 r  clk_100m_i_IBUF_inst/O
                         net (fo=1, routed)           0.440     0.690    clk_100m_i_IBUF
    MMCME2_ADV_X1Y2      MMCME2_ADV (Prop_mmcme2_adv_CLKIN1_CLKOUT0)
                                                     -2.379    -1.689 r  u_mmcm/CLKOUT0
                         net (fo=1, routed)           0.499    -1.190    clk_50m_unbuf
    BUFGCTRL_X0Y16       BUFG (Prop_bufg_I_O)         0.026    -1.164 r  u_bufg_clk50/O
                         net (fo=7022, routed)        0.645    -0.519    u_soc_top/u_peripherals/u_spi_master/u_spi_core/clk_50m
    SLICE_X41Y151        FDCE                                         r  u_soc_top/u_peripherals/u_spi_master/u_spi_core/rx_ch2_shreg_q_reg[1]/C
  -------------------------------------------------------------------    -------------------
    SLICE_X41Y151        FDCE (Prop_fdce_C_Q)         0.141    -0.378 r  u_soc_top/u_peripherals/u_spi_master/u_spi_core/rx_ch2_shreg_q_reg[1]/Q
                         net (fo=2, routed)           0.070    -0.307    u_soc_top/u_peripherals/u_spi_master/u_spi_core/rx_ch2_shreg_q[1]
    SLICE_X40Y151        FDCE                                         r  u_soc_top/u_peripherals/u_spi_master/u_spi_core/rx_ch2_latch_q_reg[1]/D
  -------------------------------------------------------------------    -------------------

                         (clock clk_50m_unbuf rise edge)
                                                      0.000     0.000 r  
    E3                                                0.000     0.000 r  clk_100m_i (IN)
                         net (fo=0)                   0.000     0.000    clk_100m_i
    E3                   IBUF (Prop_ibuf_I_O)         0.438     0.438 r  clk_100m_i_IBUF_inst/O
                         net (fo=1, routed)           0.480     0.918    clk_100m_i_IBUF
    MMCME2_ADV_X1Y2      MMCME2_ADV (Prop_mmcme2_adv_CLKIN1_CLKOUT0)
                                                     -3.163    -2.245 r  u_mmcm/CLKOUT0
                         net (fo=1, routed)           0.544    -1.702    clk_50m_unbuf
    BUFGCTRL_X0Y16       BUFG (Prop_bufg_I_O)         0.029    -1.673 r  u_bufg_clk50/O
                         net (fo=7022, routed)        0.921    -0.752    u_soc_top/u_peripherals/u_spi_master/u_spi_core/clk_50m
    SLICE_X40Y151        FDCE                                         r  u_soc_top/u_peripherals/u_spi_master/u_spi_core/rx_ch2_latch_q_reg[1]/C
                         clock pessimism              0.246    -0.506    
    SLICE_X40Y151        FDCE (Hold_fdce_C_D)         0.047    -0.459    u_soc_top/u_peripherals/u_spi_master/u_spi_core/rx_ch2_latch_q_reg[1]
  -------------------------------------------------------------------
                         required time                          0.459    
                         arrival time                          -0.307    
  -------------------------------------------------------------------
                         slack                                  0.151    

Slack (MET) :             0.153ns  (arrival time - required time)
  Source:                 u_soc_top/u_peripherals/u_spi_master/u_spi_core/rx_ch2_latch_q_reg[12]/C
                            (rising edge-triggered cell FDCE clocked by clk_50m_unbuf  {rise@0.000ns fall@10.000ns period=20.000ns})
  Destination:            u_soc_top/u_peripherals/u_dma/bank0_mem_reg[65][12]/D
                            (rising edge-triggered cell FDRE clocked by clk_50m_unbuf  {rise@0.000ns fall@10.000ns period=20.000ns})
  Path Group:             clk_50m_unbuf
  Path Type:              Hold (Min at Fast Process Corner)
  Requirement:            0.000ns  (clk_50m_unbuf rise@0.000ns - clk_50m_unbuf rise@0.000ns)
  Data Path Delay:        0.483ns  (logic 0.141ns (29.217%)  route 0.342ns (70.783%))
  Logic Levels:           0  
  Clock Path Skew:        0.267ns (DCD - SCD - CPR)
    Destination Clock Delay (DCD):    -0.755ns
    Source Clock Delay      (SCD):    -0.522ns
    Clock Pessimism Removal (CPR):    -0.500ns

    Location             Delay type                Incr(ns)  Path(ns)    Netlist Resource(s)
  -------------------------------------------------------------------    -------------------
                         (clock clk_50m_unbuf rise edge)
                                                      0.000     0.000 r  
    E3                                                0.000     0.000 r  clk_100m_i (IN)
                         net (fo=0)                   0.000     0.000    clk_100m_i
    E3                   IBUF (Prop_ibuf_I_O)         0.250     0.250 r  clk_100m_i_IBUF_inst/O
                         net (fo=1, routed)           0.440     0.690    clk_100m_i_IBUF
    MMCME2_ADV_X1Y2      MMCME2_ADV (Prop_mmcme2_adv_CLKIN1_CLKOUT0)
                                                     -2.379    -1.689 r  u_mmcm/CLKOUT0
                         net (fo=1, routed)           0.499    -1.190    clk_50m_unbuf
    BUFGCTRL_X0Y16       BUFG (Prop_bufg_I_O)         0.026    -1.164 r  u_bufg_clk50/O
                         net (fo=7022, routed)        0.642    -0.522    u_soc_top/u_peripherals/u_spi_master/u_spi_core/clk_50m
    SLICE_X47Y154        FDCE                                         r  u_soc_top/u_peripherals/u_spi_master/u_spi_core/rx_ch2_latch_q_reg[12]/C
  -------------------------------------------------------------------    -------------------
    SLICE_X47Y154        FDCE (Prop_fdce_C_Q)         0.141    -0.381 r  u_soc_top/u_peripherals/u_spi_master/u_spi_core/rx_ch2_latch_q_reg[12]/Q
                         net (fo=8, routed)           0.342    -0.039    u_soc_top/u_peripherals/u_dma/bank0_mem_reg[65][31]_1[12]
    SLICE_X60Y152        FDRE                                         r  u_soc_top/u_peripherals/u_dma/bank0_mem_reg[65][12]/D
  -------------------------------------------------------------------    -------------------

                         (clock clk_50m_unbuf rise edge)
                                                      0.000     0.000 r  
    E3                                                0.000     0.000 r  clk_100m_i (IN)
                         net (fo=0)                   0.000     0.000    clk_100m_i
    E3                   IBUF (Prop_ibuf_I_O)         0.438     0.438 r  clk_100m_i_IBUF_inst/O
                         net (fo=1, routed)           0.480     0.918    clk_100m_i_IBUF
    MMCME2_ADV_X1Y2      MMCME2_ADV (Prop_mmcme2_adv_CLKIN1_CLKOUT0)
                                                     -3.163    -2.245 r  u_mmcm/CLKOUT0
                         net (fo=1, routed)           0.544    -1.702    clk_50m_unbuf
    BUFGCTRL_X0Y16       BUFG (Prop_bufg_I_O)         0.029    -1.673 r  u_bufg_clk50/O
                         net (fo=7022, routed)        0.918    -0.755    u_soc_top/u_peripherals/u_dma/clk_50m
    SLICE_X60Y152        FDRE                                         r  u_soc_top/u_peripherals/u_dma/bank0_mem_reg[65][12]/C
                         clock pessimism              0.500    -0.255    
    SLICE_X60Y152        FDRE (Hold_fdre_C_D)         0.063    -0.192    u_soc_top/u_peripherals/u_dma/bank0_mem_reg[65][12]
  -------------------------------------------------------------------
                         required time                          0.192    
                         arrival time                          -0.039    
  -------------------------------------------------------------------
                         slack                                  0.153    

Slack (MET) :             0.157ns  (arrival time - required time)
  Source:                 u_soc_top/u_peripherals/u_spi_master/tx_data_q_reg[2]/C
                            (rising edge-triggered cell FDCE clocked by clk_50m_unbuf  {rise@0.000ns fall@10.000ns period=20.000ns})
  Destination:            u_soc_top/u_peripherals/u_spi_master/u_spi_core/tx_shreg_q_reg[2]/D
                            (rising edge-triggered cell FDCE clocked by clk_50m_unbuf  {rise@0.000ns fall@10.000ns period=20.000ns})
  Path Group:             clk_50m_unbuf
  Path Type:              Hold (Min at Fast Process Corner)
  Requirement:            0.000ns  (clk_50m_unbuf rise@0.000ns - clk_50m_unbuf rise@0.000ns)
  Data Path Delay:        0.313ns  (logic 0.186ns (59.404%)  route 0.127ns (40.596%))
  Logic Levels:           1  (LUT4=1)
  Clock Path Skew:        0.035ns (DCD - SCD - CPR)
    Destination Clock Delay (DCD):    -0.752ns
    Source Clock Delay      (SCD):    -0.516ns
    Clock Pessimism Removal (CPR):    -0.271ns

    Location             Delay type                Incr(ns)  Path(ns)    Netlist Resource(s)
  -------------------------------------------------------------------    -------------------
                         (clock clk_50m_unbuf rise edge)
                                                      0.000     0.000 r  
    E3                                                0.000     0.000 r  clk_100m_i (IN)
                         net (fo=0)                   0.000     0.000    clk_100m_i
    E3                   IBUF (Prop_ibuf_I_O)         0.250     0.250 r  clk_100m_i_IBUF_inst/O
                         net (fo=1, routed)           0.440     0.690    clk_100m_i_IBUF
    MMCME2_ADV_X1Y2      MMCME2_ADV (Prop_mmcme2_adv_CLKIN1_CLKOUT0)
                                                     -2.379    -1.689 r  u_mmcm/CLKOUT0
                         net (fo=1, routed)           0.499    -1.190    clk_50m_unbuf
    BUFGCTRL_X0Y16       BUFG (Prop_bufg_I_O)         0.026    -1.164 r  u_bufg_clk50/O
                         net (fo=7022, routed)        0.648    -0.516    u_soc_top/u_peripherals/u_spi_master/clk_50m
    SLICE_X32Y154        FDCE                                         r  u_soc_top/u_peripherals/u_spi_master/tx_data_q_reg[2]/C
  -------------------------------------------------------------------    -------------------
    SLICE_X32Y154        FDCE (Prop_fdce_C_Q)         0.141    -0.375 r  u_soc_top/u_peripherals/u_spi_master/tx_data_q_reg[2]/Q
                         net (fo=2, routed)           0.127    -0.248    u_soc_top/u_peripherals/u_spi_master/u_spi_core/tx_shreg_q_reg[23]_1[2]
    SLICE_X34Y153        LUT4 (Prop_lut4_I0_O)        0.045    -0.203 r  u_soc_top/u_peripherals/u_spi_master/u_spi_core/tx_shreg_q[2]_i_1__0/O
                         net (fo=1, routed)           0.000    -0.203    u_soc_top/u_peripherals/u_spi_master/u_spi_core/tx_shreg_d[2]
    SLICE_X34Y153        FDCE                                         r  u_soc_top/u_peripherals/u_spi_master/u_spi_core/tx_shreg_q_reg[2]/D
  -------------------------------------------------------------------    -------------------

                         (clock clk_50m_unbuf rise edge)
                                                      0.000     0.000 r  
    E3                                                0.000     0.000 r  clk_100m_i (IN)
                         net (fo=0)                   0.000     0.000    clk_100m_i
    E3                   IBUF (Prop_ibuf_I_O)         0.438     0.438 r  clk_100m_i_IBUF_inst/O
                         net (fo=1, routed)           0.480     0.918    clk_100m_i_IBUF
    MMCME2_ADV_X1Y2      MMCME2_ADV (Prop_mmcme2_adv_CLKIN1_CLKOUT0)
                                                     -3.163    -2.245 r  u_mmcm/CLKOUT0
                         net (fo=1, routed)           0.544    -1.702    clk_50m_unbuf
    BUFGCTRL_X0Y16       BUFG (Prop_bufg_I_O)         0.029    -1.673 r  u_bufg_clk50/O
                         net (fo=7022, routed)        0.921    -0.752    u_soc_top/u_peripherals/u_spi_master/u_spi_core/clk_50m
    SLICE_X34Y153        FDCE                                         r  u_soc_top/u_peripherals/u_spi_master/u_spi_core/tx_shreg_q_reg[2]/C
                         clock pessimism              0.271    -0.481    
    SLICE_X34Y153        FDCE (Hold_fdce_C_D)         0.121    -0.360    u_soc_top/u_peripherals/u_spi_master/u_spi_core/tx_shreg_q_reg[2]
  -------------------------------------------------------------------
                         required time                          0.360    
                         arrival time                          -0.203    
  -------------------------------------------------------------------
                         slack                                  0.157    

Slack (MET) :             0.158ns  (arrival time - required time)
  Source:                 u_soc_top/u_peripherals/u_spi_master/u_spi_core/rx_ch2_latch_q_reg[16]/C
                            (rising edge-triggered cell FDCE clocked by clk_50m_unbuf  {rise@0.000ns fall@10.000ns period=20.000ns})
  Destination:            u_soc_top/u_peripherals/u_dma/bank0_mem_reg[65][16]/D
                            (rising edge-triggered cell FDRE clocked by clk_50m_unbuf  {rise@0.000ns fall@10.000ns period=20.000ns})
  Path Group:             clk_50m_unbuf
  Path Type:              Hold (Min at Fast Process Corner)
  Requirement:            0.000ns  (clk_50m_unbuf rise@0.000ns - clk_50m_unbuf rise@0.000ns)
  Data Path Delay:        0.439ns  (logic 0.128ns (29.161%)  route 0.311ns (70.839%))
  Logic Levels:           0  
  Clock Path Skew:        0.264ns (DCD - SCD - CPR)
    Destination Clock Delay (DCD):    -0.758ns
    Source Clock Delay      (SCD):    -0.522ns
    Clock Pessimism Removal (CPR):    -0.500ns

    Location             Delay type                Incr(ns)  Path(ns)    Netlist Resource(s)
  -------------------------------------------------------------------    -------------------
                         (clock clk_50m_unbuf rise edge)
                                                      0.000     0.000 r  
    E3                                                0.000     0.000 r  clk_100m_i (IN)
                         net (fo=0)                   0.000     0.000    clk_100m_i
    E3                   IBUF (Prop_ibuf_I_O)         0.250     0.250 r  clk_100m_i_IBUF_inst/O
                         net (fo=1, routed)           0.440     0.690    clk_100m_i_IBUF
    MMCME2_ADV_X1Y2      MMCME2_ADV (Prop_mmcme2_adv_CLKIN1_CLKOUT0)
                                                     -2.379    -1.689 r  u_mmcm/CLKOUT0
                         net (fo=1, routed)           0.499    -1.190    clk_50m_unbuf
    BUFGCTRL_X0Y16       BUFG (Prop_bufg_I_O)         0.026    -1.164 r  u_bufg_clk50/O
                         net (fo=7022, routed)        0.642    -0.522    u_soc_top/u_peripherals/u_spi_master/u_spi_core/clk_50m
    SLICE_X49Y156        FDCE                                         r  u_soc_top/u_peripherals/u_spi_master/u_spi_core/rx_ch2_latch_q_reg[16]/C
  -------------------------------------------------------------------    -------------------
    SLICE_X49Y156        FDCE (Prop_fdce_C_Q)         0.128    -0.394 r  u_soc_top/u_peripherals/u_spi_master/u_spi_core/rx_ch2_latch_q_reg[16]/Q
                         net (fo=8, routed)           0.311    -0.083    u_soc_top/u_peripherals/u_dma/bank0_mem_reg[65][31]_1[16]
    SLICE_X57Y155        FDRE                                         r  u_soc_top/u_peripherals/u_dma/bank0_mem_reg[65][16]/D
  -------------------------------------------------------------------    -------------------

                         (clock clk_50m_unbuf rise edge)
                                                      0.000     0.000 r  
    E3                                                0.000     0.000 r  clk_100m_i (IN)
                         net (fo=0)                   0.000     0.000    clk_100m_i
    E3                   IBUF (Prop_ibuf_I_O)         0.438     0.438 r  clk_100m_i_IBUF_inst/O
                         net (fo=1, routed)           0.480     0.918    clk_100m_i_IBUF
    MMCME2_ADV_X1Y2      MMCME2_ADV (Prop_mmcme2_adv_CLKIN1_CLKOUT0)
                                                     -3.163    -2.245 r  u_mmcm/CLKOUT0
                         net (fo=1, routed)           0.544    -1.702    clk_50m_unbuf
    BUFGCTRL_X0Y16       BUFG (Prop_bufg_I_O)         0.029    -1.673 r  u_bufg_clk50/O
                         net (fo=7022, routed)        0.915    -0.758    u_soc_top/u_peripherals/u_dma/clk_50m
    SLICE_X57Y155        FDRE                                         r  u_soc_top/u_peripherals/u_dma/bank0_mem_reg[65][16]/C
                         clock pessimism              0.500    -0.258    
    SLICE_X57Y155        FDRE (Hold_fdre_C_D)         0.017    -0.241    u_soc_top/u_peripherals/u_dma/bank0_mem_reg[65][16]
  -------------------------------------------------------------------
                         required time                          0.241    
                         arrival time                          -0.083    
  -------------------------------------------------------------------
                         slack                                  0.158    

Slack (MET) :             0.160ns  (arrival time - required time)
  Source:                 u_soc_top/u_peripherals/u_spi_master/u_spi_core/rx_ch1_shreg_q_reg[16]/C
                            (rising edge-triggered cell FDCE clocked by clk_50m_unbuf  {rise@0.000ns fall@10.000ns period=20.000ns})
  Destination:            u_soc_top/u_peripherals/u_spi_master/u_spi_core/rx_ch1_latch_q_reg[16]/D
                            (rising edge-triggered cell FDCE clocked by clk_50m_unbuf  {rise@0.000ns fall@10.000ns period=20.000ns})
  Path Group:             clk_50m_unbuf
  Path Type:              Hold (Min at Fast Process Corner)
  Requirement:            0.000ns  (clk_50m_unbuf rise@0.000ns - clk_50m_unbuf rise@0.000ns)
  Data Path Delay:        0.270ns  (logic 0.141ns (52.217%)  route 0.129ns (47.783%))
  Logic Levels:           0  
  Clock Path Skew:        0.035ns (DCD - SCD - CPR)
    Destination Clock Delay (DCD):    -0.757ns
    Source Clock Delay      (SCD):    -0.521ns
    Clock Pessimism Removal (CPR):    -0.271ns

    Location             Delay type                Incr(ns)  Path(ns)    Netlist Resource(s)
  -------------------------------------------------------------------    -------------------
                         (clock clk_50m_unbuf rise edge)
                                                      0.000     0.000 r  
    E3                                                0.000     0.000 r  clk_100m_i (IN)
                         net (fo=0)                   0.000     0.000    clk_100m_i
    E3                   IBUF (Prop_ibuf_I_O)         0.250     0.250 r  clk_100m_i_IBUF_inst/O
                         net (fo=1, routed)           0.440     0.690    clk_100m_i_IBUF
    MMCME2_ADV_X1Y2      MMCME2_ADV (Prop_mmcme2_adv_CLKIN1_CLKOUT0)
                                                     -2.379    -1.689 r  u_mmcm/CLKOUT0
                         net (fo=1, routed)           0.499    -1.190    clk_50m_unbuf
    BUFGCTRL_X0Y16       BUFG (Prop_bufg_I_O)         0.026    -1.164 r  u_bufg_clk50/O
                         net (fo=7022, routed)        0.643    -0.521    u_soc_top/u_peripherals/u_spi_master/u_spi_core/clk_50m
    SLICE_X45Y157        FDCE                                         r  u_soc_top/u_peripherals/u_spi_master/u_spi_core/rx_ch1_shreg_q_reg[16]/C
  -------------------------------------------------------------------    -------------------
    SLICE_X45Y157        FDCE (Prop_fdce_C_Q)         0.141    -0.380 r  u_soc_top/u_peripherals/u_spi_master/u_spi_core/rx_ch1_shreg_q_reg[16]/Q
                         net (fo=2, routed)           0.129    -0.251    u_soc_top/u_peripherals/u_spi_master/u_spi_core/rx_ch1_shreg_q[16]
    SLICE_X46Y157        FDCE                                         r  u_soc_top/u_peripherals/u_spi_master/u_spi_core/rx_ch1_latch_q_reg[16]/D
  -------------------------------------------------------------------    -------------------

                         (clock clk_50m_unbuf rise edge)
                                                      0.000     0.000 r  
    E3                                                0.000     0.000 r  clk_100m_i (IN)
                         net (fo=0)                   0.000     0.000    clk_100m_i
    E3                   IBUF (Prop_ibuf_I_O)         0.438     0.438 r  clk_100m_i_IBUF_inst/O
                         net (fo=1, routed)           0.480     0.918    clk_100m_i_IBUF
    MMCME2_ADV_X1Y2      MMCME2_ADV (Prop_mmcme2_adv_CLKIN1_CLKOUT0)
                                                     -3.163    -2.245 r  u_mmcm/CLKOUT0
                         net (fo=1, routed)           0.544    -1.702    clk_50m_unbuf
    BUFGCTRL_X0Y16       BUFG (Prop_bufg_I_O)         0.029    -1.673 r  u_bufg_clk50/O
                         net (fo=7022, routed)        0.916    -0.757    u_soc_top/u_peripherals/u_spi_master/u_spi_core/clk_50m
    SLICE_X46Y157        FDCE                                         r  u_soc_top/u_peripherals/u_spi_master/u_spi_core/rx_ch1_latch_q_reg[16]/C
                         clock pessimism              0.271    -0.486    
    SLICE_X46Y157        FDCE (Hold_fdce_C_D)         0.075    -0.411    u_soc_top/u_peripherals/u_spi_master/u_spi_core/rx_ch1_latch_q_reg[16]
  -------------------------------------------------------------------
                         required time                          0.411    
                         arrival time                          -0.251    
  -------------------------------------------------------------------
                         slack                                  0.160    

Slack (MET) :             0.160ns  (arrival time - required time)
  Source:                 u_soc_top/u_obi_to_apb/wdata_q_reg[8]/C
                            (rising edge-triggered cell FDCE clocked by clk_50m_unbuf  {rise@0.000ns fall@10.000ns period=20.000ns})
  Destination:            u_soc_top/u_peripherals/u_timer/counter_q_reg[8]/D
                            (rising edge-triggered cell FDCE clocked by clk_50m_unbuf  {rise@0.000ns fall@10.000ns period=20.000ns})
  Path Group:             clk_50m_unbuf
  Path Type:              Hold (Min at Fast Process Corner)
  Requirement:            0.000ns  (clk_50m_unbuf rise@0.000ns - clk_50m_unbuf rise@0.000ns)
  Data Path Delay:        0.264ns  (logic 0.186ns (70.378%)  route 0.078ns (29.622%))
  Logic Levels:           1  (LUT6=1)
  Clock Path Skew:        0.013ns (DCD - SCD - CPR)
    Destination Clock Delay (DCD):    -0.752ns
    Source Clock Delay      (SCD):    -0.517ns
    Clock Pessimism Removal (CPR):    -0.248ns

    Location             Delay type                Incr(ns)  Path(ns)    Netlist Resource(s)
  -------------------------------------------------------------------    -------------------
                         (clock clk_50m_unbuf rise edge)
                                                      0.000     0.000 r  
    E3                                                0.000     0.000 r  clk_100m_i (IN)
                         net (fo=0)                   0.000     0.000    clk_100m_i
    E3                   IBUF (Prop_ibuf_I_O)         0.250     0.250 r  clk_100m_i_IBUF_inst/O
                         net (fo=1, routed)           0.440     0.690    clk_100m_i_IBUF
    MMCME2_ADV_X1Y2      MMCME2_ADV (Prop_mmcme2_adv_CLKIN1_CLKOUT0)
                                                     -2.379    -1.689 r  u_mmcm/CLKOUT0
                         net (fo=1, routed)           0.499    -1.190    clk_50m_unbuf
    BUFGCTRL_X0Y16       BUFG (Prop_bufg_I_O)         0.026    -1.164 r  u_bufg_clk50/O
                         net (fo=7022, routed)        0.647    -0.517    u_soc_top/u_obi_to_apb/clk_50m
    SLICE_X36Y153        FDCE                                         r  u_soc_top/u_obi_to_apb/wdata_q_reg[8]/C
  -------------------------------------------------------------------    -------------------
    SLICE_X36Y153        FDCE (Prop_fdce_C_Q)         0.141    -0.376 r  u_soc_top/u_obi_to_apb/wdata_q_reg[8]/Q
                         net (fo=6, routed)           0.078    -0.297    u_soc_top/u_obi_to_apb/wdata_q_reg[31]_0[8]
    SLICE_X37Y153        LUT6 (Prop_lut6_I2_O)        0.045    -0.252 r  u_soc_top/u_obi_to_apb/counter_q[8]_i_1/O
                         net (fo=1, routed)           0.000    -0.252    u_soc_top/u_peripherals/u_timer/counter_q_reg[31]_0[8]
    SLICE_X37Y153        FDCE                                         r  u_soc_top/u_peripherals/u_timer/counter_q_reg[8]/D
  -------------------------------------------------------------------    -------------------

                         (clock clk_50m_unbuf rise edge)
                                                      0.000     0.000 r  
    E3                                                0.000     0.000 r  clk_100m_i (IN)
                         net (fo=0)                   0.000     0.000    clk_100m_i
    E3                   IBUF (Prop_ibuf_I_O)         0.438     0.438 r  clk_100m_i_IBUF_inst/O
                         net (fo=1, routed)           0.480     0.918    clk_100m_i_IBUF
    MMCME2_ADV_X1Y2      MMCME2_ADV (Prop_mmcme2_adv_CLKIN1_CLKOUT0)
                                                     -3.163    -2.245 r  u_mmcm/CLKOUT0
                         net (fo=1, routed)           0.544    -1.702    clk_50m_unbuf
    BUFGCTRL_X0Y16       BUFG (Prop_bufg_I_O)         0.029    -1.673 r  u_bufg_clk50/O
                         net (fo=7022, routed)        0.921    -0.752    u_soc_top/u_peripherals/u_timer/clk_50m
    SLICE_X37Y153        FDCE                                         r  u_soc_top/u_peripherals/u_timer/counter_q_reg[8]/C
                         clock pessimism              0.248    -0.504    
    SLICE_X37Y153        FDCE (Hold_fdce_C_D)         0.091    -0.413    u_soc_top/u_peripherals/u_timer/counter_q_reg[8]
  -------------------------------------------------------------------
                         required time                          0.413    
                         arrival time                          -0.252    
  -------------------------------------------------------------------
                         slack                                  0.160    

Slack (MET) :             0.174ns  (arrival time - required time)
  Source:                 u_soc_top/u_peripherals/u_spi_master/u_spi_core/rx_ch2_shreg_q_reg[20]/C
                            (rising edge-triggered cell FDCE clocked by clk_50m_unbuf  {rise@0.000ns fall@10.000ns period=20.000ns})
  Destination:            u_soc_top/u_peripherals/u_spi_master/u_spi_core/rx_ch2_latch_q_reg[20]/D
                            (rising edge-triggered cell FDCE clocked by clk_50m_unbuf  {rise@0.000ns fall@10.000ns period=20.000ns})
  Path Group:             clk_50m_unbuf
  Path Type:              Hold (Min at Fast Process Corner)
  Requirement:            0.000ns  (clk_50m_unbuf rise@0.000ns - clk_50m_unbuf rise@0.000ns)
  Data Path Delay:        0.260ns  (logic 0.141ns (54.218%)  route 0.119ns (45.782%))
  Logic Levels:           0  
  Clock Path Skew:        0.016ns (DCD - SCD - CPR)
    Destination Clock Delay (DCD):    -0.757ns
    Source Clock Delay      (SCD):    -0.523ns
    Clock Pessimism Removal (CPR):    -0.250ns

    Location             Delay type                Incr(ns)  Path(ns)    Netlist Resource(s)
  -------------------------------------------------------------------    -------------------
                         (clock clk_50m_unbuf rise edge)
                                                      0.000     0.000 r  
    E3                                                0.000     0.000 r  clk_100m_i (IN)
                         net (fo=0)                   0.000     0.000    clk_100m_i
    E3                   IBUF (Prop_ibuf_I_O)         0.250     0.250 r  clk_100m_i_IBUF_inst/O
                         net (fo=1, routed)           0.440     0.690    clk_100m_i_IBUF
    MMCME2_ADV_X1Y2      MMCME2_ADV (Prop_mmcme2_adv_CLKIN1_CLKOUT0)
                                                     -2.379    -1.689 r  u_mmcm/CLKOUT0
                         net (fo=1, routed)           0.499    -1.190    clk_50m_unbuf
    BUFGCTRL_X0Y16       BUFG (Prop_bufg_I_O)         0.026    -1.164 r  u_bufg_clk50/O
                         net (fo=7022, routed)        0.641    -0.523    u_soc_top/u_peripherals/u_spi_master/u_spi_core/clk_50m
    SLICE_X47Y158        FDCE                                         r  u_soc_top/u_peripherals/u_spi_master/u_spi_core/rx_ch2_shreg_q_reg[20]/C
  -------------------------------------------------------------------    -------------------
    SLICE_X47Y158        FDCE (Prop_fdce_C_Q)         0.141    -0.382 r  u_soc_top/u_peripherals/u_spi_master/u_spi_core/rx_ch2_shreg_q_reg[20]/Q
                         net (fo=2, routed)           0.119    -0.263    u_soc_top/u_peripherals/u_spi_master/u_spi_core/rx_ch2_shreg_q[20]
    SLICE_X48Y158        FDCE                                         r  u_soc_top/u_peripherals/u_spi_master/u_spi_core/rx_ch2_latch_q_reg[20]/D
  -------------------------------------------------------------------    -------------------

                         (clock clk_50m_unbuf rise edge)
                                                      0.000     0.000 r  
    E3                                                0.000     0.000 r  clk_100m_i (IN)
                         net (fo=0)                   0.000     0.000    clk_100m_i
    E3                   IBUF (Prop_ibuf_I_O)         0.438     0.438 r  clk_100m_i_IBUF_inst/O
                         net (fo=1, routed)           0.480     0.918    clk_100m_i_IBUF
    MMCME2_ADV_X1Y2      MMCME2_ADV (Prop_mmcme2_adv_CLKIN1_CLKOUT0)
                                                     -3.163    -2.245 r  u_mmcm/CLKOUT0
                         net (fo=1, routed)           0.544    -1.702    clk_50m_unbuf
    BUFGCTRL_X0Y16       BUFG (Prop_bufg_I_O)         0.029    -1.673 r  u_bufg_clk50/O
                         net (fo=7022, routed)        0.916    -0.757    u_soc_top/u_peripherals/u_spi_master/u_spi_core/clk_50m
    SLICE_X48Y158        FDCE                                         r  u_soc_top/u_peripherals/u_spi_master/u_spi_core/rx_ch2_latch_q_reg[20]/C
                         clock pessimism              0.250    -0.507    
    SLICE_X48Y158        FDCE (Hold_fdce_C_D)         0.070    -0.437    u_soc_top/u_peripherals/u_spi_master/u_spi_core/rx_ch2_latch_q_reg[20]
  -------------------------------------------------------------------
                         required time                          0.437    
                         arrival time                          -0.263    
  -------------------------------------------------------------------
                         slack                                  0.174    

Slack (MET) :             0.176ns  (arrival time - required time)
  Source:                 u_soc_top/u_peripherals/u_spi_master/u_spi_core/rx_ch1_shreg_q_reg[0]/C
                            (rising edge-triggered cell FDCE clocked by clk_50m_unbuf  {rise@0.000ns fall@10.000ns period=20.000ns})
  Destination:            u_soc_top/u_peripherals/u_spi_master/u_spi_core/rx_ch1_latch_q_reg[0]/D
                            (rising edge-triggered cell FDCE clocked by clk_50m_unbuf  {rise@0.000ns fall@10.000ns period=20.000ns})
  Path Group:             clk_50m_unbuf
  Path Type:              Hold (Min at Fast Process Corner)
  Requirement:            0.000ns  (clk_50m_unbuf rise@0.000ns - clk_50m_unbuf rise@0.000ns)
  Data Path Delay:        0.263ns  (logic 0.141ns (53.584%)  route 0.122ns (46.416%))
  Logic Levels:           0  
  Clock Path Skew:        0.017ns (DCD - SCD - CPR)
    Destination Clock Delay (DCD):    -0.752ns
    Source Clock Delay      (SCD):    -0.520ns
    Clock Pessimism Removal (CPR):    -0.249ns

    Location             Delay type                Incr(ns)  Path(ns)    Netlist Resource(s)
  -------------------------------------------------------------------    -------------------
                         (clock clk_50m_unbuf rise edge)
                                                      0.000     0.000 r  
    E3                                                0.000     0.000 r  clk_100m_i (IN)
                         net (fo=0)                   0.000     0.000    clk_100m_i
    E3                   IBUF (Prop_ibuf_I_O)         0.250     0.250 r  clk_100m_i_IBUF_inst/O
                         net (fo=1, routed)           0.440     0.690    clk_100m_i_IBUF
    MMCME2_ADV_X1Y2      MMCME2_ADV (Prop_mmcme2_adv_CLKIN1_CLKOUT0)
                                                     -2.379    -1.689 r  u_mmcm/CLKOUT0
                         net (fo=1, routed)           0.499    -1.190    clk_50m_unbuf
    BUFGCTRL_X0Y16       BUFG (Prop_bufg_I_O)         0.026    -1.164 r  u_bufg_clk50/O
                         net (fo=7022, routed)        0.644    -0.520    u_soc_top/u_peripherals/u_spi_master/u_spi_core/clk_50m
    SLICE_X41Y153        FDCE                                         r  u_soc_top/u_peripherals/u_spi_master/u_spi_core/rx_ch1_shreg_q_reg[0]/C
  -------------------------------------------------------------------    -------------------
    SLICE_X41Y153        FDCE (Prop_fdce_C_Q)         0.141    -0.379 r  u_soc_top/u_peripherals/u_spi_master/u_spi_core/rx_ch1_shreg_q_reg[0]/Q
                         net (fo=2, routed)           0.122    -0.257    u_soc_top/u_peripherals/u_spi_master/u_spi_core/rx_ch1_shreg_q[0]
    SLICE_X41Y152        FDCE                                         r  u_soc_top/u_peripherals/u_spi_master/u_spi_core/rx_ch1_latch_q_reg[0]/D
  -------------------------------------------------------------------    -------------------

                         (clock clk_50m_unbuf rise edge)
                                                      0.000     0.000 r  
    E3                                                0.000     0.000 r  clk_100m_i (IN)
                         net (fo=0)                   0.000     0.000    clk_100m_i
    E3                   IBUF (Prop_ibuf_I_O)         0.438     0.438 r  clk_100m_i_IBUF_inst/O
                         net (fo=1, routed)           0.480     0.918    clk_100m_i_IBUF
    MMCME2_ADV_X1Y2      MMCME2_ADV (Prop_mmcme2_adv_CLKIN1_CLKOUT0)
                                                     -3.163    -2.245 r  u_mmcm/CLKOUT0
                         net (fo=1, routed)           0.544    -1.702    clk_50m_unbuf
    BUFGCTRL_X0Y16       BUFG (Prop_bufg_I_O)         0.029    -1.673 r  u_bufg_clk50/O
                         net (fo=7022, routed)        0.921    -0.752    u_soc_top/u_peripherals/u_spi_master/u_spi_core/clk_50m
    SLICE_X41Y152        FDCE                                         r  u_soc_top/u_peripherals/u_spi_master/u_spi_core/rx_ch1_latch_q_reg[0]/C
                         clock pessimism              0.249    -0.503    
    SLICE_X41Y152        FDCE (Hold_fdce_C_D)         0.070    -0.433    u_soc_top/u_peripherals/u_spi_master/u_spi_core/rx_ch1_latch_q_reg[0]
  -------------------------------------------------------------------
                         required time                          0.433    
                         arrival time                          -0.257    
  -------------------------------------------------------------------
                         slack                                  0.176    

Slack (MET) :             0.176ns  (arrival time - required time)
  Source:                 u_soc_top/u_peripherals/u_spi_master/u_spi_core/rx_ch1_shreg_q_reg[2]/C
                            (rising edge-triggered cell FDCE clocked by clk_50m_unbuf  {rise@0.000ns fall@10.000ns period=20.000ns})
  Destination:            u_soc_top/u_peripherals/u_spi_master/u_spi_core/rx_ch1_latch_q_reg[2]/D
                            (rising edge-triggered cell FDCE clocked by clk_50m_unbuf  {rise@0.000ns fall@10.000ns period=20.000ns})
  Path Group:             clk_50m_unbuf
  Path Type:              Hold (Min at Fast Process Corner)
  Requirement:            0.000ns  (clk_50m_unbuf rise@0.000ns - clk_50m_unbuf rise@0.000ns)
  Data Path Delay:        0.263ns  (logic 0.141ns (53.584%)  route 0.122ns (46.416%))
  Logic Levels:           0  
  Clock Path Skew:        0.017ns (DCD - SCD - CPR)
    Destination Clock Delay (DCD):    -0.752ns
    Source Clock Delay      (SCD):    -0.520ns
    Clock Pessimism Removal (CPR):    -0.249ns

    Location             Delay type                Incr(ns)  Path(ns)    Netlist Resource(s)
  -------------------------------------------------------------------    -------------------
                         (clock clk_50m_unbuf rise edge)
                                                      0.000     0.000 r  
    E3                                                0.000     0.000 r  clk_100m_i (IN)
                         net (fo=0)                   0.000     0.000    clk_100m_i
    E3                   IBUF (Prop_ibuf_I_O)         0.250     0.250 r  clk_100m_i_IBUF_inst/O
                         net (fo=1, routed)           0.440     0.690    clk_100m_i_IBUF
    MMCME2_ADV_X1Y2      MMCME2_ADV (Prop_mmcme2_adv_CLKIN1_CLKOUT0)
                                                     -2.379    -1.689 r  u_mmcm/CLKOUT0
                         net (fo=1, routed)           0.499    -1.190    clk_50m_unbuf
    BUFGCTRL_X0Y16       BUFG (Prop_bufg_I_O)         0.026    -1.164 r  u_bufg_clk50/O
                         net (fo=7022, routed)        0.644    -0.520    u_soc_top/u_peripherals/u_spi_master/u_spi_core/clk_50m
    SLICE_X41Y153        FDCE                                         r  u_soc_top/u_peripherals/u_spi_master/u_spi_core/rx_ch1_shreg_q_reg[2]/C
  -------------------------------------------------------------------    -------------------
    SLICE_X41Y153        FDCE (Prop_fdce_C_Q)         0.141    -0.379 r  u_soc_top/u_peripherals/u_spi_master/u_spi_core/rx_ch1_shreg_q_reg[2]/Q
                         net (fo=2, routed)           0.122    -0.257    u_soc_top/u_peripherals/u_spi_master/u_spi_core/rx_ch1_shreg_q[2]
    SLICE_X41Y152        FDCE                                         r  u_soc_top/u_peripherals/u_spi_master/u_spi_core/rx_ch1_latch_q_reg[2]/D
  -------------------------------------------------------------------    -------------------

                         (clock clk_50m_unbuf rise edge)
                                                      0.000     0.000 r  
    E3                                                0.000     0.000 r  clk_100m_i (IN)
                         net (fo=0)                   0.000     0.000    clk_100m_i
    E3                   IBUF (Prop_ibuf_I_O)         0.438     0.438 r  clk_100m_i_IBUF_inst/O
                         net (fo=1, routed)           0.480     0.918    clk_100m_i_IBUF
    MMCME2_ADV_X1Y2      MMCME2_ADV (Prop_mmcme2_adv_CLKIN1_CLKOUT0)
                                                     -3.163    -2.245 r  u_mmcm/CLKOUT0
                         net (fo=1, routed)           0.544    -1.702    clk_50m_unbuf
    BUFGCTRL_X0Y16       BUFG (Prop_bufg_I_O)         0.029    -1.673 r  u_bufg_clk50/O
                         net (fo=7022, routed)        0.921    -0.752    u_soc_top/u_peripherals/u_spi_master/u_spi_core/clk_50m
    SLICE_X41Y152        FDCE                                         r  u_soc_top/u_peripherals/u_spi_master/u_spi_core/rx_ch1_latch_q_reg[2]/C
                         clock pessimism              0.249    -0.503    
    SLICE_X41Y152        FDCE (Hold_fdce_C_D)         0.070    -0.433    u_soc_top/u_peripherals/u_spi_master/u_spi_core/rx_ch1_latch_q_reg[2]
  -------------------------------------------------------------------
                         required time                          0.433    
                         arrival time                          -0.257    
  -------------------------------------------------------------------
                         slack                                  0.176    

Slack (MET) :             0.177ns  (arrival time - required time)
  Source:                 u_soc_top/u_peripherals/u_uart/u_uart_core/rx_shreg_q_reg[7]/C
                            (rising edge-triggered cell FDCE clocked by clk_50m_unbuf  {rise@0.000ns fall@10.000ns period=20.000ns})
  Destination:            u_soc_top/u_peripherals/u_uart/u_uart_core/u_rx_fifo/mem_reg[3][7]/D
                            (rising edge-triggered cell FDRE clocked by clk_50m_unbuf  {rise@0.000ns fall@10.000ns period=20.000ns})
  Path Group:             clk_50m_unbuf
  Path Type:              Hold (Min at Fast Process Corner)
  Requirement:            0.000ns  (clk_50m_unbuf rise@0.000ns - clk_50m_unbuf rise@0.000ns)
  Data Path Delay:        0.286ns  (logic 0.141ns (49.373%)  route 0.145ns (50.627%))
  Logic Levels:           0  
  Clock Path Skew:        0.038ns (DCD - SCD - CPR)
    Destination Clock Delay (DCD):    -0.747ns
    Source Clock Delay      (SCD):    -0.514ns
    Clock Pessimism Removal (CPR):    -0.271ns

    Location             Delay type                Incr(ns)  Path(ns)    Netlist Resource(s)
  -------------------------------------------------------------------    -------------------
                         (clock clk_50m_unbuf rise edge)
                                                      0.000     0.000 r  
    E3                                                0.000     0.000 r  clk_100m_i (IN)
                         net (fo=0)                   0.000     0.000    clk_100m_i
    E3                   IBUF (Prop_ibuf_I_O)         0.250     0.250 r  clk_100m_i_IBUF_inst/O
                         net (fo=1, routed)           0.440     0.690    clk_100m_i_IBUF
    MMCME2_ADV_X1Y2      MMCME2_ADV (Prop_mmcme2_adv_CLKIN1_CLKOUT0)
                                                     -2.379    -1.689 r  u_mmcm/CLKOUT0
                         net (fo=1, routed)           0.499    -1.190    clk_50m_unbuf
    BUFGCTRL_X0Y16       BUFG (Prop_bufg_I_O)         0.026    -1.164 r  u_bufg_clk50/O
                         net (fo=7022, routed)        0.650    -0.514    u_soc_top/u_peripherals/u_uart/u_uart_core/clk_50m
    SLICE_X19Y153        FDCE                                         r  u_soc_top/u_peripherals/u_uart/u_uart_core/rx_shreg_q_reg[7]/C
  -------------------------------------------------------------------    -------------------
    SLICE_X19Y153        FDCE (Prop_fdce_C_Q)         0.141    -0.373 r  u_soc_top/u_peripherals/u_uart/u_uart_core/rx_shreg_q_reg[7]/Q
                         net (fo=17, routed)          0.145    -0.228    u_soc_top/u_peripherals/u_uart/u_uart_core/u_rx_fifo/mem_reg[0][7]_0[7]
    SLICE_X15Y153        FDRE                                         r  u_soc_top/u_peripherals/u_uart/u_uart_core/u_rx_fifo/mem_reg[3][7]/D
  -------------------------------------------------------------------    -------------------

                         (clock clk_50m_unbuf rise edge)
                                                      0.000     0.000 r  
    E3                                                0.000     0.000 r  clk_100m_i (IN)
                         net (fo=0)                   0.000     0.000    clk_100m_i
    E3                   IBUF (Prop_ibuf_I_O)         0.438     0.438 r  clk_100m_i_IBUF_inst/O
                         net (fo=1, routed)           0.480     0.918    clk_100m_i_IBUF
    MMCME2_ADV_X1Y2      MMCME2_ADV (Prop_mmcme2_adv_CLKIN1_CLKOUT0)
                                                     -3.163    -2.245 r  u_mmcm/CLKOUT0
                         net (fo=1, routed)           0.544    -1.702    clk_50m_unbuf
    BUFGCTRL_X0Y16       BUFG (Prop_bufg_I_O)         0.029    -1.673 r  u_bufg_clk50/O
                         net (fo=7022, routed)        0.926    -0.747    u_soc_top/u_peripherals/u_uart/u_uart_core/u_rx_fifo/clk_50m
    SLICE_X15Y153        FDRE                                         r  u_soc_top/u_peripherals/u_uart/u_uart_core/u_rx_fifo/mem_reg[3][7]/C
                         clock pessimism              0.271    -0.476    
    SLICE_X15Y153        FDRE (Hold_fdre_C_D)         0.071    -0.405    u_soc_top/u_peripherals/u_uart/u_uart_core/u_rx_fifo/mem_reg[3][7]
  -------------------------------------------------------------------
                         required time                          0.405    
                         arrival time                          -0.228    
  -------------------------------------------------------------------
                         slack                                  0.177    

Slack (MET) :             0.177ns  (arrival time - required time)
  Source:                 u_soc_top/u_peripherals/u_timer/reload_q_reg[1]/C
                            (rising edge-triggered cell FDCE clocked by clk_50m_unbuf  {rise@0.000ns fall@10.000ns period=20.000ns})
  Destination:            u_soc_top/u_peripherals/u_timer/counter_q_reg[1]/D
                            (rising edge-triggered cell FDCE clocked by clk_50m_unbuf  {rise@0.000ns fall@10.000ns period=20.000ns})
  Path Group:             clk_50m_unbuf
  Path Type:              Hold (Min at Fast Process Corner)
  Requirement:            0.000ns  (clk_50m_unbuf rise@0.000ns - clk_50m_unbuf rise@0.000ns)
  Data Path Delay:        0.313ns  (logic 0.186ns (59.333%)  route 0.127ns (40.667%))
  Logic Levels:           1  (LUT6=1)
  Clock Path Skew:        0.016ns (DCD - SCD - CPR)
    Destination Clock Delay (DCD):    -0.751ns
    Source Clock Delay      (SCD):    -0.516ns
    Clock Pessimism Removal (CPR):    -0.251ns

    Location             Delay type                Incr(ns)  Path(ns)    Netlist Resource(s)
  -------------------------------------------------------------------    -------------------
                         (clock clk_50m_unbuf rise edge)
                                                      0.000     0.000 r  
    E3                                                0.000     0.000 r  clk_100m_i (IN)
                         net (fo=0)                   0.000     0.000    clk_100m_i
    E3                   IBUF (Prop_ibuf_I_O)         0.250     0.250 r  clk_100m_i_IBUF_inst/O
                         net (fo=1, routed)           0.440     0.690    clk_100m_i_IBUF
    MMCME2_ADV_X1Y2      MMCME2_ADV (Prop_mmcme2_adv_CLKIN1_CLKOUT0)
                                                     -2.379    -1.689 r  u_mmcm/CLKOUT0
                         net (fo=1, routed)           0.499    -1.190    clk_50m_unbuf
    BUFGCTRL_X0Y16       BUFG (Prop_bufg_I_O)         0.026    -1.164 r  u_bufg_clk50/O
                         net (fo=7022, routed)        0.648    -0.516    u_soc_top/u_peripherals/u_timer/clk_50m
    SLICE_X31Y155        FDCE                                         r  u_soc_top/u_peripherals/u_timer/reload_q_reg[1]/C
  -------------------------------------------------------------------    -------------------
    SLICE_X31Y155        FDCE (Prop_fdce_C_Q)         0.141    -0.375 r  u_soc_top/u_peripherals/u_timer/reload_q_reg[1]/Q
                         net (fo=2, routed)           0.127    -0.247    u_soc_top/u_obi_to_apb/counter_q_reg[31][1]
    SLICE_X30Y154        LUT6 (Prop_lut6_I3_O)        0.045    -0.202 r  u_soc_top/u_obi_to_apb/counter_q[1]_i_1/O
                         net (fo=1, routed)           0.000    -0.202    u_soc_top/u_peripherals/u_timer/counter_q_reg[31]_0[1]
    SLICE_X30Y154        FDCE                                         r  u_soc_top/u_peripherals/u_timer/counter_q_reg[1]/D
  -------------------------------------------------------------------    -------------------

                         (clock clk_50m_unbuf rise edge)
                                                      0.000     0.000 r  
    E3                                                0.000     0.000 r  clk_100m_i (IN)
                         net (fo=0)                   0.000     0.000    clk_100m_i
    E3                   IBUF (Prop_ibuf_I_O)         0.438     0.438 r  clk_100m_i_IBUF_inst/O
                         net (fo=1, routed)           0.480     0.918    clk_100m_i_IBUF
    MMCME2_ADV_X1Y2      MMCME2_ADV (Prop_mmcme2_adv_CLKIN1_CLKOUT0)
                                                     -3.163    -2.245 r  u_mmcm/CLKOUT0
                         net (fo=1, routed)           0.544    -1.702    clk_50m_unbuf
    BUFGCTRL_X0Y16       BUFG (Prop_bufg_I_O)         0.029    -1.673 r  u_bufg_clk50/O
                         net (fo=7022, routed)        0.922    -0.751    u_soc_top/u_peripherals/u_timer/clk_50m
    SLICE_X30Y154        FDCE                                         r  u_soc_top/u_peripherals/u_timer/counter_q_reg[1]/C
                         clock pessimism              0.251    -0.500    
    SLICE_X30Y154        FDCE (Hold_fdce_C_D)         0.120    -0.380    u_soc_top/u_peripherals/u_timer/counter_q_reg[1]
  -------------------------------------------------------------------
                         required time                          0.380    
                         arrival time                          -0.202    
  -------------------------------------------------------------------
                         slack                                  0.177    

Slack (MET) :             0.178ns  (arrival time - required time)
  Source:                 u_soc_top/u_peripherals/u_spi_master/u_spi_core/clk_cnt_q_reg[1]/C
                            (rising edge-triggered cell FDCE clocked by clk_50m_unbuf  {rise@0.000ns fall@10.000ns period=20.000ns})
  Destination:            u_soc_top/u_peripherals/u_spi_master/u_spi_core/clk_cnt_q_reg[3]/D
                            (rising edge-triggered cell FDCE clocked by clk_50m_unbuf  {rise@0.000ns fall@10.000ns period=20.000ns})
  Path Group:             clk_50m_unbuf
  Path Type:              Hold (Min at Fast Process Corner)
  Requirement:            0.000ns  (clk_50m_unbuf rise@0.000ns - clk_50m_unbuf rise@0.000ns)
  Data Path Delay:        0.298ns  (logic 0.189ns (63.484%)  route 0.109ns (36.516%))
  Logic Levels:           1  (LUT5=1)
  Clock Path Skew:        0.013ns (DCD - SCD - CPR)
    Destination Clock Delay (DCD):    -0.751ns
    Source Clock Delay      (SCD):    -0.516ns
    Clock Pessimism Removal (CPR):    -0.248ns

    Location             Delay type                Incr(ns)  Path(ns)    Netlist Resource(s)
  -------------------------------------------------------------------    -------------------
                         (clock clk_50m_unbuf rise edge)
                                                      0.000     0.000 r  
    E3                                                0.000     0.000 r  clk_100m_i (IN)
                         net (fo=0)                   0.000     0.000    clk_100m_i
    E3                   IBUF (Prop_ibuf_I_O)         0.250     0.250 r  clk_100m_i_IBUF_inst/O
                         net (fo=1, routed)           0.440     0.690    clk_100m_i_IBUF
    MMCME2_ADV_X1Y2      MMCME2_ADV (Prop_mmcme2_adv_CLKIN1_CLKOUT0)
                                                     -2.379    -1.689 r  u_mmcm/CLKOUT0
                         net (fo=1, routed)           0.499    -1.190    clk_50m_unbuf
    BUFGCTRL_X0Y16       BUFG (Prop_bufg_I_O)         0.026    -1.164 r  u_bufg_clk50/O
                         net (fo=7022, routed)        0.648    -0.516    u_soc_top/u_peripherals/u_spi_master/u_spi_core/clk_50m
    SLICE_X36Y150        FDCE                                         r  u_soc_top/u_peripherals/u_spi_master/u_spi_core/clk_cnt_q_reg[1]/C
  -------------------------------------------------------------------    -------------------
    SLICE_X36Y150        FDCE (Prop_fdce_C_Q)         0.141    -0.375 r  u_soc_top/u_peripherals/u_spi_master/u_spi_core/clk_cnt_q_reg[1]/Q
                         net (fo=8, routed)           0.109    -0.266    u_soc_top/u_peripherals/u_spi_master/u_spi_core/clk_cnt_q_reg[1]
    SLICE_X37Y150        LUT5 (Prop_lut5_I1_O)        0.048    -0.218 r  u_soc_top/u_peripherals/u_spi_master/u_spi_core/clk_cnt_q[3]_i_1/O
                         net (fo=1, routed)           0.000    -0.218    u_soc_top/u_peripherals/u_spi_master/u_spi_core/clk_cnt_q[3]_i_1_n_0
    SLICE_X37Y150        FDCE                                         r  u_soc_top/u_peripherals/u_spi_master/u_spi_core/clk_cnt_q_reg[3]/D
  -------------------------------------------------------------------    -------------------

                         (clock clk_50m_unbuf rise edge)
                                                      0.000     0.000 r  
    E3                                                0.000     0.000 r  clk_100m_i (IN)
                         net (fo=0)                   0.000     0.000    clk_100m_i
    E3                   IBUF (Prop_ibuf_I_O)         0.438     0.438 r  clk_100m_i_IBUF_inst/O
                         net (fo=1, routed)           0.480     0.918    clk_100m_i_IBUF
    MMCME2_ADV_X1Y2      MMCME2_ADV (Prop_mmcme2_adv_CLKIN1_CLKOUT0)
                                                     -3.163    -2.245 r  u_mmcm/CLKOUT0
                         net (fo=1, routed)           0.544    -1.702    clk_50m_unbuf
    BUFGCTRL_X0Y16       BUFG (Prop_bufg_I_O)         0.029    -1.673 r  u_bufg_clk50/O
                         net (fo=7022, routed)        0.922    -0.751    u_soc_top/u_peripherals/u_spi_master/u_spi_core/clk_50m
    SLICE_X37Y150        FDCE                                         r  u_soc_top/u_peripherals/u_spi_master/u_spi_core/clk_cnt_q_reg[3]/C
                         clock pessimism              0.248    -0.503    
    SLICE_X37Y150        FDCE (Hold_fdce_C_D)         0.107    -0.396    u_soc_top/u_peripherals/u_spi_master/u_spi_core/clk_cnt_q_reg[3]
  -------------------------------------------------------------------
                         required time                          0.396    
                         arrival time                          -0.218    
  -------------------------------------------------------------------
                         slack                                  0.178    

Slack (MET) :             0.178ns  (arrival time - required time)
  Source:                 u_soc_top/u_peripherals/u_spi_master/u_spi_core/rx_ch2_latch_q_reg[20]/C
                            (rising edge-triggered cell FDCE clocked by clk_50m_unbuf  {rise@0.000ns fall@10.000ns period=20.000ns})
  Destination:            u_soc_top/u_peripherals/u_dma/bank0_mem_reg[65][20]/D
                            (rising edge-triggered cell FDRE clocked by clk_50m_unbuf  {rise@0.000ns fall@10.000ns period=20.000ns})
  Path Group:             clk_50m_unbuf
  Path Type:              Hold (Min at Fast Process Corner)
  Requirement:            0.000ns  (clk_50m_unbuf rise@0.000ns - clk_50m_unbuf rise@0.000ns)
  Data Path Delay:        0.512ns  (logic 0.141ns (27.563%)  route 0.371ns (72.437%))
  Logic Levels:           0  
  Clock Path Skew:        0.264ns (DCD - SCD - CPR)
    Destination Clock Delay (DCD):    -0.759ns
    Source Clock Delay      (SCD):    -0.523ns
    Clock Pessimism Removal (CPR):    -0.500ns

    Location             Delay type                Incr(ns)  Path(ns)    Netlist Resource(s)
  -------------------------------------------------------------------    -------------------
                         (clock clk_50m_unbuf rise edge)
                                                      0.000     0.000 r  
    E3                                                0.000     0.000 r  clk_100m_i (IN)
                         net (fo=0)                   0.000     0.000    clk_100m_i
    E3                   IBUF (Prop_ibuf_I_O)         0.250     0.250 r  clk_100m_i_IBUF_inst/O
                         net (fo=1, routed)           0.440     0.690    clk_100m_i_IBUF
    MMCME2_ADV_X1Y2      MMCME2_ADV (Prop_mmcme2_adv_CLKIN1_CLKOUT0)
                                                     -2.379    -1.689 r  u_mmcm/CLKOUT0
                         net (fo=1, routed)           0.499    -1.190    clk_50m_unbuf
    BUFGCTRL_X0Y16       BUFG (Prop_bufg_I_O)         0.026    -1.164 r  u_bufg_clk50/O
                         net (fo=7022, routed)        0.641    -0.523    u_soc_top/u_peripherals/u_spi_master/u_spi_core/clk_50m
    SLICE_X48Y158        FDCE                                         r  u_soc_top/u_peripherals/u_spi_master/u_spi_core/rx_ch2_latch_q_reg[20]/C
  -------------------------------------------------------------------    -------------------
    SLICE_X48Y158        FDCE (Prop_fdce_C_Q)         0.141    -0.382 r  u_soc_top/u_peripherals/u_spi_master/u_spi_core/rx_ch2_latch_q_reg[20]/Q
                         net (fo=8, routed)           0.371    -0.011    u_soc_top/u_peripherals/u_dma/bank0_mem_reg[65][31]_1[20]
    SLICE_X53Y155        FDRE                                         r  u_soc_top/u_peripherals/u_dma/bank0_mem_reg[65][20]/D
  -------------------------------------------------------------------    -------------------

                         (clock clk_50m_unbuf rise edge)
                                                      0.000     0.000 r  
    E3                                                0.000     0.000 r  clk_100m_i (IN)
                         net (fo=0)                   0.000     0.000    clk_100m_i
    E3                   IBUF (Prop_ibuf_I_O)         0.438     0.438 r  clk_100m_i_IBUF_inst/O
                         net (fo=1, routed)           0.480     0.918    clk_100m_i_IBUF
    MMCME2_ADV_X1Y2      MMCME2_ADV (Prop_mmcme2_adv_CLKIN1_CLKOUT0)
                                                     -3.163    -2.245 r  u_mmcm/CLKOUT0
                         net (fo=1, routed)           0.544    -1.702    clk_50m_unbuf
    BUFGCTRL_X0Y16       BUFG (Prop_bufg_I_O)         0.029    -1.673 r  u_bufg_clk50/O
                         net (fo=7022, routed)        0.914    -0.759    u_soc_top/u_peripherals/u_dma/clk_50m
    SLICE_X53Y155        FDRE                                         r  u_soc_top/u_peripherals/u_dma/bank0_mem_reg[65][20]/C
                         clock pessimism              0.500    -0.259    
    SLICE_X53Y155        FDRE (Hold_fdre_C_D)         0.070    -0.189    u_soc_top/u_peripherals/u_dma/bank0_mem_reg[65][20]
  -------------------------------------------------------------------
                         required time                          0.189    
                         arrival time                          -0.011    
  -------------------------------------------------------------------
                         slack                                  0.178    




