Copyright 1986-2022 Xilinx, Inc. All Rights Reserved. Copyright 2022-2023 Advanced Micro Devices, Inc. All Rights Reserved.
---------------------------------------------------------------------------------------------------------------------------------------------
| Tool Version : Vivado v.2023.2 (win64) Build 4029153 Fri Oct 13 20:14:34 MDT 2023
| Date         : Tue Oct  6 16:45:47 2026
| Host         : DESKTOP-5BKHJFE running 64-bit major release  (build 9200)
| Command      : report_drc -file E:/ResearchOnWork/RISC_V_CORE/Synthesis/fpga/ecg_artix7/reports/drc_routed.rpt
| Design       : ecg_arty_top
| Device       : xc7a100tcsg324-1
| Speed File   : -1
| Design State : Fully Routed
---------------------------------------------------------------------------------------------------------------------------------------------

Report DRC

Table of Contents
-----------------
1. REPORT SUMMARY
2. REPORT DETAILS

1. REPORT SUMMARY
-----------------
            Netlist: ecg_arty_top
          Floorplan: design_1
      Design limits: <entire design considered>
           Ruledeck: default
             Max violations: <unlimited>
             Violations found: 47
+-----------+----------+----------------------------+------------+
| Rule      | Severity | Description                | Violations |
+-----------+----------+----------------------------+------------+
| CHECK-3   | Warning  | Report rule limit reached  | 1          |
| DPIP-1    | Warning  | Input pipelining           | 15         |
| DPOP-1    | Warning  | PREG Output pipelining     | 6          |
| DPOP-2    | Warning  | MREG Output pipelining     | 5          |
| REQP-1839 | Warning  | RAMB36 async control check | 20         |
+-----------+----------+----------------------------+------------+

2. REPORT DETAILS
-----------------
CHECK-3#1 Warning
Report rule limit reached  
REQP-1839 rule limit reached: 20 violations have been found.
Related violations: <none>

DPIP-1#1 Warning
Input pipelining  
DSP u_soc_top/gen_cv32e40p_core.u_core/core_i/ex_stage_i/mult_i/ input u_soc_top/gen_cv32e40p_core.u_core/core_i/ex_stage_i/mult_i//A[29:0] is not pipelined. Pipelining DSP48 input will improve performance.
Related violations: <none>

DPIP-1#2 Warning
Input pipelining  
DSP u_soc_top/gen_cv32e40p_core.u_core/core_i/ex_stage_i/mult_i/ input u_soc_top/gen_cv32e40p_core.u_core/core_i/ex_stage_i/mult_i//B[17:0] is not pipelined. Pipelining DSP48 input will improve performance.
Related violations: <none>

DPIP-1#3 Warning
Input pipelining  
DSP u_soc_top/gen_cv32e40p_core.u_core/core_i/ex_stage_i/mult_i/__0 input u_soc_top/gen_cv32e40p_core.u_core/core_i/ex_stage_i/mult_i/__0/A[29:0] is not pipelined. Pipelining DSP48 input will improve performance.
Related violations: <none>

DPIP-1#4 Warning
Input pipelining  
DSP u_soc_top/gen_cv32e40p_core.u_core/core_i/ex_stage_i/mult_i/__0 input u_soc_top/gen_cv32e40p_core.u_core/core_i/ex_stage_i/mult_i/__0/B[17:0] is not pipelined. Pipelining DSP48 input will improve performance.
Related violations: <none>

DPIP-1#5 Warning
Input pipelining  
DSP u_soc_top/gen_cv32e40p_core.u_core/core_i/ex_stage_i/mult_i/__1 input u_soc_top/gen_cv32e40p_core.u_core/core_i/ex_stage_i/mult_i/__1/B[17:0] is not pipelined. Pipelining DSP48 input will improve performance.
Related violations: <none>

DPIP-1#6 Warning
Input pipelining  
DSP u_soc_top/gen_cv32e40p_core.u_core/core_i/ex_stage_i/mult_i/dot_short_mul[1] input u_soc_top/gen_cv32e40p_core.u_core/core_i/ex_stage_i/mult_i/dot_short_mul[1]/A[29:0] is not pipelined. Pipelining DSP48 input will improve performance.
Related violations: <none>

DPIP-1#7 Warning
Input pipelining  
DSP u_soc_top/gen_cv32e40p_core.u_core/core_i/ex_stage_i/mult_i/dot_short_mul[1] input u_soc_top/gen_cv32e40p_core.u_core/core_i/ex_stage_i/mult_i/dot_short_mul[1]/B[17:0] is not pipelined. Pipelining DSP48 input will improve performance.
Related violations: <none>

DPIP-1#8 Warning
Input pipelining  
DSP u_soc_top/gen_cv32e40p_core.u_core/core_i/ex_stage_i/mult_i/dot_short_result__0 input u_soc_top/gen_cv32e40p_core.u_core/core_i/ex_stage_i/mult_i/dot_short_result__0/A[29:0] is not pipelined. Pipelining DSP48 input will improve performance.
Related violations: <none>

DPIP-1#9 Warning
Input pipelining  
DSP u_soc_top/gen_cv32e40p_core.u_core/core_i/ex_stage_i/mult_i/dot_short_result__0 input u_soc_top/gen_cv32e40p_core.u_core/core_i/ex_stage_i/mult_i/dot_short_result__0/B[17:0] is not pipelined. Pipelining DSP48 input will improve performance.
Related violations: <none>

DPIP-1#10 Warning
Input pipelining  
DSP u_soc_top/gen_cv32e40p_core.u_core/core_i/ex_stage_i/mult_i/dot_short_result__0 input u_soc_top/gen_cv32e40p_core.u_core/core_i/ex_stage_i/mult_i/dot_short_result__0/C[47:0] is not pipelined. Pipelining DSP48 input will improve performance.
Related violations: <none>

DPIP-1#11 Warning
Input pipelining  
DSP u_soc_top/gen_cv32e40p_core.u_core/core_i/ex_stage_i/mult_i/short_mac input u_soc_top/gen_cv32e40p_core.u_core/core_i/ex_stage_i/mult_i/short_mac/A[29:0] is not pipelined. Pipelining DSP48 input will improve performance.
Related violations: <none>

DPIP-1#12 Warning
Input pipelining  
DSP u_soc_top/gen_cv32e40p_core.u_core/core_i/ex_stage_i/mult_i/short_mac input u_soc_top/gen_cv32e40p_core.u_core/core_i/ex_stage_i/mult_i/short_mac/B[17:0] is not pipelined. Pipelining DSP48 input will improve performance.
Related violations: <none>

DPIP-1#13 Warning
Input pipelining  
DSP u_soc_top/gen_cv32e40p_core.u_core/core_i/ex_stage_i/mult_i/short_mac input u_soc_top/gen_cv32e40p_core.u_core/core_i/ex_stage_i/mult_i/short_mac/C[47:0] is not pipelined. Pipelining DSP48 input will improve performance.
Related violations: <none>

DPIP-1#14 Warning
Input pipelining  
DSP u_soc_top/gen_cv32e40p_core.u_core/core_i/ex_stage_i/mult_i/short_mul input u_soc_top/gen_cv32e40p_core.u_core/core_i/ex_stage_i/mult_i/short_mul/A[29:0] is not pipelined. Pipelining DSP48 input will improve performance.
Related violations: <none>

DPIP-1#15 Warning
Input pipelining  
DSP u_soc_top/gen_cv32e40p_core.u_core/core_i/ex_stage_i/mult_i/short_mul input u_soc_top/gen_cv32e40p_core.u_core/core_i/ex_stage_i/mult_i/short_mul/B[17:0] is not pipelined. Pipelining DSP48 input will improve performance.
Related violations: <none>

DPOP-1#1 Warning
PREG Output pipelining  
DSP u_soc_top/gen_cv32e40p_core.u_core/core_i/ex_stage_i/mult_i/ output u_soc_top/gen_cv32e40p_core.u_core/core_i/ex_stage_i/mult_i//P[47:0] is not pipelined (PREG=0). Pipelining the DSP48 output will improve performance and often saves power so it is suggested whenever possible to fully pipeline this function.  If this DSP48 function was inferred, it is suggested to describe an additional register stage after this function.  If the DSP48 was instantiated in the design, it is suggested to set the PREG attribute to 1.
Related violations: <none>

DPOP-1#2 Warning
PREG Output pipelining  
DSP u_soc_top/gen_cv32e40p_core.u_core/core_i/ex_stage_i/mult_i/__0 output u_soc_top/gen_cv32e40p_core.u_core/core_i/ex_stage_i/mult_i/__0/P[47:0] is not pipelined (PREG=0). Pipelining the DSP48 output will improve performance and often saves power so it is suggested whenever possible to fully pipeline this function.  If this DSP48 function was inferred, it is suggested to describe an additional register stage after this function.  If the DSP48 was instantiated in the design, it is suggested to set the PREG attribute to 1.
Related violations: <none>

DPOP-1#3 Warning
PREG Output pipelining  
DSP u_soc_top/gen_cv32e40p_core.u_core/core_i/ex_stage_i/mult_i/__1 output u_soc_top/gen_cv32e40p_core.u_core/core_i/ex_stage_i/mult_i/__1/P[47:0] is not pipelined (PREG=0). Pipelining the DSP48 output will improve performance and often saves power so it is suggested whenever possible to fully pipeline this function.  If this DSP48 function was inferred, it is suggested to describe an additional register stage after this function.  If the DSP48 was instantiated in the design, it is suggested to set the PREG attribute to 1.
Related violations: <none>

DPOP-1#4 Warning
PREG Output pipelining  
DSP u_soc_top/gen_cv32e40p_core.u_core/core_i/ex_stage_i/mult_i/dot_short_mul[1] output u_soc_top/gen_cv32e40p_core.u_core/core_i/ex_stage_i/mult_i/dot_short_mul[1]/P[47:0] is not pipelined (PREG=0). Pipelining the DSP48 output will improve performance and often saves power so it is suggested whenever possible to fully pipeline this function.  If this DSP48 function was inferred, it is suggested to describe an additional register stage after this function.  If the DSP48 was instantiated in the design, it is suggested to set the PREG attribute to 1.
Related violations: <none>

DPOP-1#5 Warning
PREG Output pipelining  
DSP u_soc_top/gen_cv32e40p_core.u_core/core_i/ex_stage_i/mult_i/dot_short_result__0 output u_soc_top/gen_cv32e40p_core.u_core/core_i/ex_stage_i/mult_i/dot_short_result__0/P[47:0] is not pipelined (PREG=0). Pipelining the DSP48 output will improve performance and often saves power so it is suggested whenever possible to fully pipeline this function.  If this DSP48 function was inferred, it is suggested to describe an additional register stage after this function.  If the DSP48 was instantiated in the design, it is suggested to set the PREG attribute to 1.
Related violations: <none>

DPOP-1#6 Warning
PREG Output pipelining  
DSP u_soc_top/gen_cv32e40p_core.u_core/core_i/ex_stage_i/mult_i/short_mac output u_soc_top/gen_cv32e40p_core.u_core/core_i/ex_stage_i/mult_i/short_mac/P[47:0] is not pipelined (PREG=0). Pipelining the DSP48 output will improve performance and often saves power so it is suggested whenever possible to fully pipeline this function.  If this DSP48 function was inferred, it is suggested to describe an additional register stage after this function.  If the DSP48 was instantiated in the design, it is suggested to set the PREG attribute to 1.
Related violations: <none>

DPOP-2#1 Warning
MREG Output pipelining  
DSP u_soc_top/gen_cv32e40p_core.u_core/core_i/ex_stage_i/mult_i/ multiplier stage u_soc_top/gen_cv32e40p_core.u_core/core_i/ex_stage_i/mult_i//P[47:0] is not pipelined (MREG=0). Pipelining the multiplier function will improve performance and will save significant power so it is suggested whenever possible to fully pipeline this function.  If this multiplier was inferred, it is suggested to describe an additional register stage after this function.  If there is no registered adder/accumulator following the multiply function, two pipeline stages are suggested to allow both the MREG and PREG registers to be used.  If the DSP48 was instantiated in the design, it is suggested to set both the MREG and PREG attributes to 1 when performing multiply functions.
Related violations: <none>

DPOP-2#2 Warning
MREG Output pipelining  
DSP u_soc_top/gen_cv32e40p_core.u_core/core_i/ex_stage_i/mult_i/__0 multiplier stage u_soc_top/gen_cv32e40p_core.u_core/core_i/ex_stage_i/mult_i/__0/P[47:0] is not pipelined (MREG=0). Pipelining the multiplier function will improve performance and will save significant power so it is suggested whenever possible to fully pipeline this function.  If this multiplier was inferred, it is suggested to describe an additional register stage after this function.  If there is no registered adder/accumulator following the multiply function, two pipeline stages are suggested to allow both the MREG and PREG registers to be used.  If the DSP48 was instantiated in the design, it is suggested to set both the MREG and PREG attributes to 1 when performing multiply functions.
Related violations: <none>

DPOP-2#3 Warning
MREG Output pipelining  
DSP u_soc_top/gen_cv32e40p_core.u_core/core_i/ex_stage_i/mult_i/__1 multiplier stage u_soc_top/gen_cv32e40p_core.u_core/core_i/ex_stage_i/mult_i/__1/P[47:0] is not pipelined (MREG=0). Pipelining the multiplier function will improve performance and will save significant power so it is suggested whenever possible to fully pipeline this function.  If this multiplier was inferred, it is suggested to describe an additional register stage after this function.  If there is no registered adder/accumulator following the multiply function, two pipeline stages are suggested to allow both the MREG and PREG registers to be used.  If the DSP48 was instantiated in the design, it is suggested to set both the MREG and PREG attributes to 1 when performing multiply functions.
Related violations: <none>

DPOP-2#4 Warning
MREG Output pipelining  
DSP u_soc_top/gen_cv32e40p_core.u_core/core_i/ex_stage_i/mult_i/dot_short_mul[1] multiplier stage u_soc_top/gen_cv32e40p_core.u_core/core_i/ex_stage_i/mult_i/dot_short_mul[1]/P[47:0] is not pipelined (MREG=0). Pipelining the multiplier function will improve performance and will save significant power so it is suggested whenever possible to fully pipeline this function.  If this multiplier was inferred, it is suggested to describe an additional register stage after this function.  If there is no registered adder/accumulator following the multiply function, two pipeline stages are suggested to allow both the MREG and PREG registers to be used.  If the DSP48 was instantiated in the design, it is suggested to set both the MREG and PREG attributes to 1 when performing multiply functions.
Related violations: <none>

DPOP-2#5 Warning
MREG Output pipelining  
DSP u_soc_top/gen_cv32e40p_core.u_core/core_i/ex_stage_i/mult_i/dot_short_result__0 multiplier stage u_soc_top/gen_cv32e40p_core.u_core/core_i/ex_stage_i/mult_i/dot_short_result__0/P[47:0] is not pipelined (MREG=0). Pipelining the multiplier function will improve performance and will save significant power so it is suggested whenever possible to fully pipeline this function.  If this multiplier was inferred, it is suggested to describe an additional register stage after this function.  If there is no registered adder/accumulator following the multiply function, two pipeline stages are suggested to allow both the MREG and PREG registers to be used.  If the DSP48 was instantiated in the design, it is suggested to set both the MREG and PREG attributes to 1 when performing multiply functions.
Related violations: <none>

REQP-1839#1 Warning
RAMB36 async control check  
The RAMB36E1 u_soc_top/u_d_tcm/mem_reg_0_0_0 has an input control pin u_soc_top/u_d_tcm/mem_reg_0_0_0/ADDRARDADDR[14] (net: u_soc_top/u_d_tcm/ADDRARDADDR[14]) which is driven by a register (u_soc_top/gen_cv32e40p_core.u_core/core_i/id_stage_i/alu_operand_a_ex_o_reg[12]) that has an active asychronous set or reset. This may cause corruption of the memory contents and/or read values when the set/reset is asserted and is not analyzed by the default static timing analysis. It is suggested to eliminate the use of a set/reset to registers driving this RAMB pin or else use a synchronous reset in which the assertion of the reset is timed by default.
Related violations: <none>

REQP-1839#2 Warning
RAMB36 async control check  
The RAMB36E1 u_soc_top/u_d_tcm/mem_reg_0_0_0 has an input control pin u_soc_top/u_d_tcm/mem_reg_0_0_0/ADDRARDADDR[14] (net: u_soc_top/u_d_tcm/ADDRARDADDR[14]) which is driven by a register (u_soc_top/gen_cv32e40p_core.u_core/core_i/id_stage_i/alu_operand_a_ex_o_reg[17]) that has an active asychronous set or reset. This may cause corruption of the memory contents and/or read values when the set/reset is asserted and is not analyzed by the default static timing analysis. It is suggested to eliminate the use of a set/reset to registers driving this RAMB pin or else use a synchronous reset in which the assertion of the reset is timed by default.
Related violations: <none>

REQP-1839#3 Warning
RAMB36 async control check  
The RAMB36E1 u_soc_top/u_d_tcm/mem_reg_0_0_0 has an input control pin u_soc_top/u_d_tcm/mem_reg_0_0_0/ADDRARDADDR[14] (net: u_soc_top/u_d_tcm/ADDRARDADDR[14]) which is driven by a register (u_soc_top/gen_cv32e40p_core.u_core/core_i/id_stage_i/alu_operand_a_ex_o_reg[18]) that has an active asychronous set or reset. This may cause corruption of the memory contents and/or read values when the set/reset is asserted and is not analyzed by the default static timing analysis. It is suggested to eliminate the use of a set/reset to registers driving this RAMB pin or else use a synchronous reset in which the assertion of the reset is timed by default.
Related violations: <none>

REQP-1839#4 Warning
RAMB36 async control check  
The RAMB36E1 u_soc_top/u_d_tcm/mem_reg_0_0_0 has an input control pin u_soc_top/u_d_tcm/mem_reg_0_0_0/ADDRARDADDR[14] (net: u_soc_top/u_d_tcm/ADDRARDADDR[14]) which is driven by a register (u_soc_top/gen_cv32e40p_core.u_core/core_i/id_stage_i/alu_operand_a_ex_o_reg[19]) that has an active asychronous set or reset. This may cause corruption of the memory contents and/or read values when the set/reset is asserted and is not analyzed by the default static timing analysis. It is suggested to eliminate the use of a set/reset to registers driving this RAMB pin or else use a synchronous reset in which the assertion of the reset is timed by default.
Related violations: <none>

REQP-1839#5 Warning
RAMB36 async control check  
The RAMB36E1 u_soc_top/u_d_tcm/mem_reg_0_0_0 has an input control pin u_soc_top/u_d_tcm/mem_reg_0_0_0/ADDRARDADDR[14] (net: u_soc_top/u_d_tcm/ADDRARDADDR[14]) which is driven by a register (u_soc_top/gen_cv32e40p_core.u_core/core_i/id_stage_i/alu_operand_a_ex_o_reg[3]) that has an active asychronous set or reset. This may cause corruption of the memory contents and/or read values when the set/reset is asserted and is not analyzed by the default static timing analysis. It is suggested to eliminate the use of a set/reset to registers driving this RAMB pin or else use a synchronous reset in which the assertion of the reset is timed by default.
Related violations: <none>

REQP-1839#6 Warning
RAMB36 async control check  
The RAMB36E1 u_soc_top/u_d_tcm/mem_reg_0_0_0 has an input control pin u_soc_top/u_d_tcm/mem_reg_0_0_0/ADDRARDADDR[14] (net: u_soc_top/u_d_tcm/ADDRARDADDR[14]) which is driven by a register (u_soc_top/gen_cv32e40p_core.u_core/core_i/id_stage_i/alu_operand_a_ex_o_reg[6]) that has an active asychronous set or reset. This may cause corruption of the memory contents and/or read values when the set/reset is asserted and is not analyzed by the default static timing analysis. It is suggested to eliminate the use of a set/reset to registers driving this RAMB pin or else use a synchronous reset in which the assertion of the reset is timed by default.
Related violations: <none>

REQP-1839#7 Warning
RAMB36 async control check  
The RAMB36E1 u_soc_top/u_d_tcm/mem_reg_0_0_0 has an input control pin u_soc_top/u_d_tcm/mem_reg_0_0_0/ADDRARDADDR[14] (net: u_soc_top/u_d_tcm/ADDRARDADDR[14]) which is driven by a register (u_soc_top/gen_cv32e40p_core.u_core/core_i/id_stage_i/alu_operand_a_ex_o_reg[7]) that has an active asychronous set or reset. This may cause corruption of the memory contents and/or read values when the set/reset is asserted and is not analyzed by the default static timing analysis. It is suggested to eliminate the use of a set/reset to registers driving this RAMB pin or else use a synchronous reset in which the assertion of the reset is timed by default.
Related violations: <none>

REQP-1839#8 Warning
RAMB36 async control check  
The RAMB36E1 u_soc_top/u_d_tcm/mem_reg_0_0_0 has an input control pin u_soc_top/u_d_tcm/mem_reg_0_0_0/ADDRARDADDR[14] (net: u_soc_top/u_d_tcm/ADDRARDADDR[14]) which is driven by a register (u_soc_top/gen_cv32e40p_core.u_core/core_i/id_stage_i/alu_operand_a_ex_o_reg[8]) that has an active asychronous set or reset. This may cause corruption of the memory contents and/or read values when the set/reset is asserted and is not analyzed by the default static timing analysis. It is suggested to eliminate the use of a set/reset to registers driving this RAMB pin or else use a synchronous reset in which the assertion of the reset is timed by default.
Related violations: <none>

REQP-1839#9 Warning
RAMB36 async control check  
The RAMB36E1 u_soc_top/u_d_tcm/mem_reg_0_0_0 has an input control pin u_soc_top/u_d_tcm/mem_reg_0_0_0/ADDRARDADDR[14] (net: u_soc_top/u_d_tcm/ADDRARDADDR[14]) which is driven by a register (u_soc_top/gen_cv32e40p_core.u_core/core_i/id_stage_i/alu_operand_b_ex_o_reg[0]) that has an active asychronous set or reset. This may cause corruption of the memory contents and/or read values when the set/reset is asserted and is not analyzed by the default static timing analysis. It is suggested to eliminate the use of a set/reset to registers driving this RAMB pin or else use a synchronous reset in which the assertion of the reset is timed by default.
Related violations: <none>

REQP-1839#10 Warning
RAMB36 async control check  
The RAMB36E1 u_soc_top/u_d_tcm/mem_reg_0_0_0 has an input control pin u_soc_top/u_d_tcm/mem_reg_0_0_0/ADDRARDADDR[14] (net: u_soc_top/u_d_tcm/ADDRARDADDR[14]) which is driven by a register (u_soc_top/gen_cv32e40p_core.u_core/core_i/id_stage_i/alu_operand_b_ex_o_reg[10]) that has an active asychronous set or reset. This may cause corruption of the memory contents and/or read values when the set/reset is asserted and is not analyzed by the default static timing analysis. It is suggested to eliminate the use of a set/reset to registers driving this RAMB pin or else use a synchronous reset in which the assertion of the reset is timed by default.
Related violations: <none>

REQP-1839#11 Warning
RAMB36 async control check  
The RAMB36E1 u_soc_top/u_d_tcm/mem_reg_0_0_0 has an input control pin u_soc_top/u_d_tcm/mem_reg_0_0_0/ADDRARDADDR[14] (net: u_soc_top/u_d_tcm/ADDRARDADDR[14]) which is driven by a register (u_soc_top/gen_cv32e40p_core.u_core/core_i/id_stage_i/alu_operand_b_ex_o_reg[11]) that has an active asychronous set or reset. This may cause corruption of the memory contents and/or read values when the set/reset is asserted and is not analyzed by the default static timing analysis. It is suggested to eliminate the use of a set/reset to registers driving this RAMB pin or else use a synchronous reset in which the assertion of the reset is timed by default.
Related violations: <none>

REQP-1839#12 Warning
RAMB36 async control check  
The RAMB36E1 u_soc_top/u_d_tcm/mem_reg_0_0_0 has an input control pin u_soc_top/u_d_tcm/mem_reg_0_0_0/ADDRARDADDR[14] (net: u_soc_top/u_d_tcm/ADDRARDADDR[14]) which is driven by a register (u_soc_top/gen_cv32e40p_core.u_core/core_i/id_stage_i/alu_operand_b_ex_o_reg[12]) that has an active asychronous set or reset. This may cause corruption of the memory contents and/or read values when the set/reset is asserted and is not analyzed by the default static timing analysis. It is suggested to eliminate the use of a set/reset to registers driving this RAMB pin or else use a synchronous reset in which the assertion of the reset is timed by default.
Related violations: <none>

REQP-1839#13 Warning
RAMB36 async control check  
The RAMB36E1 u_soc_top/u_d_tcm/mem_reg_0_0_0 has an input control pin u_soc_top/u_d_tcm/mem_reg_0_0_0/ADDRARDADDR[14] (net: u_soc_top/u_d_tcm/ADDRARDADDR[14]) which is driven by a register (u_soc_top/gen_cv32e40p_core.u_core/core_i/id_stage_i/alu_operand_b_ex_o_reg[15]) that has an active asychronous set or reset. This may cause corruption of the memory contents and/or read values when the set/reset is asserted and is not analyzed by the default static timing analysis. It is suggested to eliminate the use of a set/reset to registers driving this RAMB pin or else use a synchronous reset in which the assertion of the reset is timed by default.
Related violations: <none>

REQP-1839#14 Warning
RAMB36 async control check  
The RAMB36E1 u_soc_top/u_d_tcm/mem_reg_0_0_0 has an input control pin u_soc_top/u_d_tcm/mem_reg_0_0_0/ADDRARDADDR[14] (net: u_soc_top/u_d_tcm/ADDRARDADDR[14]) which is driven by a register (u_soc_top/gen_cv32e40p_core.u_core/core_i/id_stage_i/alu_operand_b_ex_o_reg[1]) that has an active asychronous set or reset. This may cause corruption of the memory contents and/or read values when the set/reset is asserted and is not analyzed by the default static timing analysis. It is suggested to eliminate the use of a set/reset to registers driving this RAMB pin or else use a synchronous reset in which the assertion of the reset is timed by default.
Related violations: <none>

REQP-1839#15 Warning
RAMB36 async control check  
The RAMB36E1 u_soc_top/u_d_tcm/mem_reg_0_0_0 has an input control pin u_soc_top/u_d_tcm/mem_reg_0_0_0/ADDRARDADDR[14] (net: u_soc_top/u_d_tcm/ADDRARDADDR[14]) which is driven by a register (u_soc_top/gen_cv32e40p_core.u_core/core_i/id_stage_i/alu_operand_b_ex_o_reg[2]) that has an active asychronous set or reset. This may cause corruption of the memory contents and/or read values when the set/reset is asserted and is not analyzed by the default static timing analysis. It is suggested to eliminate the use of a set/reset to registers driving this RAMB pin or else use a synchronous reset in which the assertion of the reset is timed by default.
Related violations: <none>

REQP-1839#16 Warning
RAMB36 async control check  
The RAMB36E1 u_soc_top/u_d_tcm/mem_reg_0_0_0 has an input control pin u_soc_top/u_d_tcm/mem_reg_0_0_0/ADDRARDADDR[14] (net: u_soc_top/u_d_tcm/ADDRARDADDR[14]) which is driven by a register (u_soc_top/gen_cv32e40p_core.u_core/core_i/id_stage_i/alu_operand_b_ex_o_reg[3]) that has an active asychronous set or reset. This may cause corruption of the memory contents and/or read values when the set/reset is asserted and is not analyzed by the default static timing analysis. It is suggested to eliminate the use of a set/reset to registers driving this RAMB pin or else use a synchronous reset in which the assertion of the reset is timed by default.
Related violations: <none>

REQP-1839#17 Warning
RAMB36 async control check  
The RAMB36E1 u_soc_top/u_d_tcm/mem_reg_0_0_0 has an input control pin u_soc_top/u_d_tcm/mem_reg_0_0_0/ADDRARDADDR[14] (net: u_soc_top/u_d_tcm/ADDRARDADDR[14]) which is driven by a register (u_soc_top/gen_cv32e40p_core.u_core/core_i/id_stage_i/alu_operand_b_ex_o_reg[4]) that has an active asychronous set or reset. This may cause corruption of the memory contents and/or read values when the set/reset is asserted and is not analyzed by the default static timing analysis. It is suggested to eliminate the use of a set/reset to registers driving this RAMB pin or else use a synchronous reset in which the assertion of the reset is timed by default.
Related violations: <none>

REQP-1839#18 Warning
RAMB36 async control check  
The RAMB36E1 u_soc_top/u_d_tcm/mem_reg_0_0_0 has an input control pin u_soc_top/u_d_tcm/mem_reg_0_0_0/ADDRARDADDR[14] (net: u_soc_top/u_d_tcm/ADDRARDADDR[14]) which is driven by a register (u_soc_top/gen_cv32e40p_core.u_core/core_i/id_stage_i/alu_operand_b_ex_o_reg[5]) that has an active asychronous set or reset. This may cause corruption of the memory contents and/or read values when the set/reset is asserted and is not analyzed by the default static timing analysis. It is suggested to eliminate the use of a set/reset to registers driving this RAMB pin or else use a synchronous reset in which the assertion of the reset is timed by default.
Related violations: <none>

REQP-1839#19 Warning
RAMB36 async control check  
The RAMB36E1 u_soc_top/u_d_tcm/mem_reg_0_0_0 has an input control pin u_soc_top/u_d_tcm/mem_reg_0_0_0/ADDRARDADDR[14] (net: u_soc_top/u_d_tcm/ADDRARDADDR[14]) which is driven by a register (u_soc_top/gen_cv32e40p_core.u_core/core_i/id_stage_i/alu_operand_b_ex_o_reg[6]) that has an active asychronous set or reset. This may cause corruption of the memory contents and/or read values when the set/reset is asserted and is not analyzed by the default static timing analysis. It is suggested to eliminate the use of a set/reset to registers driving this RAMB pin or else use a synchronous reset in which the assertion of the reset is timed by default.
Related violations: <none>

REQP-1839#20 Warning
RAMB36 async control check  
The RAMB36E1 u_soc_top/u_d_tcm/mem_reg_0_0_0 has an input control pin u_soc_top/u_d_tcm/mem_reg_0_0_0/ADDRARDADDR[14] (net: u_soc_top/u_d_tcm/ADDRARDADDR[14]) which is driven by a register (u_soc_top/gen_cv32e40p_core.u_core/core_i/id_stage_i/alu_operand_b_ex_o_reg[7]) that has an active asychronous set or reset. This may cause corruption of the memory contents and/or read values when the set/reset is asserted and is not analyzed by the default static timing analysis. It is suggested to eliminate the use of a set/reset to registers driving this RAMB pin or else use a synchronous reset in which the assertion of the reset is timed by default.
Related violations: <none>


