Copyright 1986-2022 Xilinx, Inc. All Rights Reserved. Copyright 2022-2023 Advanced Micro Devices, Inc. All Rights Reserved.
---------------------------------------------------------------------------------------------------------------------------------------------------
| Tool Version : Vivado v.2023.2 (win64) Build 4029153 Fri Oct 13 20:14:34 MDT 2023
| Date         : Tue Oct  6 16:45:41 2026
| Host         : DESKTOP-5BKHJFE running 64-bit major release  (build 9200)
| Command      : report_timing -delay_type min -max_paths 20 -file E:/ResearchOnWork/RISC_V_CORE/Synthesis/fpga/ecg_artix7/reports/timing_hold.rpt
| Design       : ecg_arty_top
| Device       : 7a100t-csg324
| Speed File   : -1  PRODUCTION 1.23 2018-06-13
| Design State : Routed
---------------------------------------------------------------------------------------------------------------------------------------------------

Timing Report

Slack (MET) :             0.044ns  (arrival time - required time)
  Source:                 u_soc_top/u_obi_to_apb/wdata_q_reg[18]/C
                            (rising edge-triggered cell FDCE clocked by clk_50m_unbuf  {rise@0.000ns fall@10.000ns period=20.000ns})
  Destination:            u_soc_top/u_peripherals/gen_mamba.u_mamba/len_q_reg[18]/D
                            (rising edge-triggered cell FDCE clocked by clk_50m_unbuf  {rise@0.000ns fall@10.000ns period=20.000ns})
  Path Group:             clk_50m_unbuf
  Path Type:              Hold (Min at Fast Process Corner)
  Requirement:            0.000ns  (clk_50m_unbuf rise@0.000ns - clk_50m_unbuf rise@0.000ns)
  Data Path Delay:        0.388ns  (logic 0.141ns (36.347%)  route 0.247ns (63.653%))
  Logic Levels:           0  
  Clock Path Skew:        0.274ns (DCD - SCD - CPR)
    Destination Clock Delay (DCD):    -0.836ns
    Source Clock Delay      (SCD):    -0.601ns
    Clock Pessimism Removal (CPR):    -0.509ns

    Location             Delay type                Incr(ns)  Path(ns)    Netlist Resource(s)
  -------------------------------------------------------------------    -------------------
                         (clock clk_50m_unbuf rise edge)
                                                      0.000     0.000 r  
    E3                                                0.000     0.000 r  clk_100m_i (IN)
                         net (fo=0)                   0.000     0.000    clk_100m_i
    E3                   IBUF (Prop_ibuf_I_O)         0.250     0.250 r  clk_100m_i_IBUF_inst/O
                         net (fo=1, routed)           0.440     0.690    clk_100m_i_IBUF
    MMCME2_ADV_X1Y2      MMCME2_ADV (Prop_mmcme2_adv_CLKIN1_CLKOUT0)
                                                     -2.379    -1.689 r  u_mmcm/CLKOUT0
                         net (fo=1, routed)           0.499    -1.190    clk_50m_unbuf
    BUFGCTRL_X0Y16       BUFG (Prop_bufg_I_O)         0.026    -1.164 r  u_bufg_clk50/O
                         net (fo=7170, routed)        0.563    -0.601    u_soc_top/u_obi_to_apb/clk_50m
    SLICE_X44Y100        FDCE                                         r  u_soc_top/u_obi_to_apb/wdata_q_reg[18]/C
  -------------------------------------------------------------------    -------------------
    SLICE_X44Y100        FDCE (Prop_fdce_C_Q)         0.141    -0.460 r  u_soc_top/u_obi_to_apb/wdata_q_reg[18]/Q
                         net (fo=7, routed)           0.247    -0.213    u_soc_top/u_peripherals/gen_mamba.u_mamba/len_q_reg[31]_0[18]
    SLICE_X47Y96         FDCE                                         r  u_soc_top/u_peripherals/gen_mamba.u_mamba/len_q_reg[18]/D
  -------------------------------------------------------------------    -------------------

                         (clock clk_50m_unbuf rise edge)
                                                      0.000     0.000 r  
    E3                                                0.000     0.000 r  clk_100m_i (IN)
                         net (fo=0)                   0.000     0.000    clk_100m_i
    E3                   IBUF (Prop_ibuf_I_O)         0.438     0.438 r  clk_100m_i_IBUF_inst/O
                         net (fo=1, routed)           0.480     0.918    clk_100m_i_IBUF
    MMCME2_ADV_X1Y2      MMCME2_ADV (Prop_mmcme2_adv_CLKIN1_CLKOUT0)
                                                     -3.163    -2.245 r  u_mmcm/CLKOUT0
                         net (fo=1, routed)           0.544    -1.702    clk_50m_unbuf
    BUFGCTRL_X0Y16       BUFG (Prop_bufg_I_O)         0.029    -1.673 r  u_bufg_clk50/O
                         net (fo=7170, routed)        0.837    -0.836    u_soc_top/u_peripherals/gen_mamba.u_mamba/clk_50m
    SLICE_X47Y96         FDCE                                         r  u_soc_top/u_peripherals/gen_mamba.u_mamba/len_q_reg[18]/C
                         clock pessimism              0.509    -0.327    
    SLICE_X47Y96         FDCE (Hold_fdce_C_D)         0.070    -0.257    u_soc_top/u_peripherals/gen_mamba.u_mamba/len_q_reg[18]
  -------------------------------------------------------------------
                         required time                          0.257    
                         arrival time                          -0.213    
  -------------------------------------------------------------------
                         slack                                  0.044    

Slack (MET) :             0.052ns  (arrival time - required time)
  Source:                 u_soc_top/gen_cv32e40p_core.u_core/core_i/ex_stage_i/alu_i/alu_div_i/AReg_DP_reg[23]/C
                            (rising edge-triggered cell FDCE clocked by clk_50m_unbuf  {rise@0.000ns fall@10.000ns period=20.000ns})
  Destination:            u_soc_top/gen_cv32e40p_core.u_core/core_i/ex_stage_i/alu_i/alu_div_i/AReg_DP_reg[24]/D
                            (rising edge-triggered cell FDCE clocked by clk_50m_unbuf  {rise@0.000ns fall@10.000ns period=20.000ns})
  Path Group:             clk_50m_unbuf
  Path Type:              Hold (Min at Fast Process Corner)
  Requirement:            0.000ns  (clk_50m_unbuf rise@0.000ns - clk_50m_unbuf rise@0.000ns)
  Data Path Delay:        0.538ns  (logic 0.352ns (65.371%)  route 0.186ns (34.629%))
  Logic Levels:           3  (CARRY4=2 LUT2=1)
  Clock Path Skew:        0.352ns (DCD - SCD - CPR)
    Destination Clock Delay (DCD):    -0.751ns
    Source Clock Delay      (SCD):    -0.599ns
    Clock Pessimism Removal (CPR):    -0.504ns

    Location             Delay type                Incr(ns)  Path(ns)    Netlist Resource(s)
  -------------------------------------------------------------------    -------------------
                         (clock clk_50m_unbuf rise edge)
                                                      0.000     0.000 r  
    E3                                                0.000     0.000 r  clk_100m_i (IN)
                         net (fo=0)                   0.000     0.000    clk_100m_i
    E3                   IBUF (Prop_ibuf_I_O)         0.250     0.250 r  clk_100m_i_IBUF_inst/O
                         net (fo=1, routed)           0.440     0.690    clk_100m_i_IBUF
    MMCME2_ADV_X1Y2      MMCME2_ADV (Prop_mmcme2_adv_CLKIN1_CLKOUT0)
                                                     -2.379    -1.689 r  u_mmcm/CLKOUT0
                         net (fo=1, routed)           0.499    -1.190    clk_50m_unbuf
    BUFGCTRL_X0Y16       BUFG (Prop_bufg_I_O)         0.026    -1.164 r  u_bufg_clk50/O
                         net (fo=7170, routed)        0.565    -0.599    u_soc_top/gen_cv32e40p_core.u_core/core_i/ex_stage_i/alu_i/alu_div_i/clk_50m
    SLICE_X34Y149        FDCE                                         r  u_soc_top/gen_cv32e40p_core.u_core/core_i/ex_stage_i/alu_i/alu_div_i/AReg_DP_reg[23]/C
  -------------------------------------------------------------------    -------------------
    SLICE_X34Y149        FDCE (Prop_fdce_C_Q)         0.164    -0.435 r  u_soc_top/gen_cv32e40p_core.u_core/core_i/ex_stage_i/alu_i/alu_div_i/AReg_DP_reg[23]/Q
                         net (fo=8, routed)           0.186    -0.249    u_soc_top/gen_cv32e40p_core.u_core/core_i/ex_stage_i/alu_i/alu_div_i/Q[23]
    SLICE_X34Y149        LUT2 (Prop_lut2_I1_O)        0.044    -0.205 r  u_soc_top/gen_cv32e40p_core.u_core/core_i/ex_stage_i/alu_i/alu_div_i/AReg_DP[23]_i_2/O
                         net (fo=1, routed)           0.000    -0.205    u_soc_top/gen_cv32e40p_core.u_core/core_i/ex_stage_i/alu_i/alu_div_i/AddTmp_D[23]
    SLICE_X34Y149        CARRY4 (Prop_carry4_DI[3]_CO[3])
                                                      0.091    -0.114 r  u_soc_top/gen_cv32e40p_core.u_core/core_i/ex_stage_i/alu_i/alu_div_i/AReg_DP_reg[23]_i_1/CO[3]
                         net (fo=1, routed)           0.001    -0.114    u_soc_top/gen_cv32e40p_core.u_core/core_i/ex_stage_i/alu_i/alu_div_i/AReg_DP_reg[23]_i_1_n_0
    SLICE_X34Y150        CARRY4 (Prop_carry4_CI_O[0])
                                                      0.053    -0.061 r  u_soc_top/gen_cv32e40p_core.u_core/core_i/ex_stage_i/alu_i/alu_div_i/AReg_DP_reg[27]_i_1/O[0]
                         net (fo=1, routed)           0.000    -0.061    u_soc_top/gen_cv32e40p_core.u_core/core_i/ex_stage_i/alu_i/alu_div_i/AddOut_D[24]
    SLICE_X34Y150        FDCE                                         r  u_soc_top/gen_cv32e40p_core.u_core/core_i/ex_stage_i/alu_i/alu_div_i/AReg_DP_reg[24]/D
  -------------------------------------------------------------------    -------------------

                         (clock clk_50m_unbuf rise edge)
                                                      0.000     0.000 r  
    E3                                                0.000     0.000 r  clk_100m_i (IN)
                         net (fo=0)                   0.000     0.000    clk_100m_i
    E3                   IBUF (Prop_ibuf_I_O)         0.438     0.438 r  clk_100m_i_IBUF_inst/O
                         net (fo=1, routed)           0.480     0.918    clk_100m_i_IBUF
    MMCME2_ADV_X1Y2      MMCME2_ADV (Prop_mmcme2_adv_CLKIN1_CLKOUT0)
                                                     -3.163    -2.245 r  u_mmcm/CLKOUT0
                         net (fo=1, routed)           0.544    -1.702    clk_50m_unbuf
    BUFGCTRL_X0Y16       BUFG (Prop_bufg_I_O)         0.029    -1.673 r  u_bufg_clk50/O
                         net (fo=7170, routed)        0.922    -0.751    u_soc_top/gen_cv32e40p_core.u_core/core_i/ex_stage_i/alu_i/alu_div_i/clk_50m
    SLICE_X34Y150        FDCE                                         r  u_soc_top/gen_cv32e40p_core.u_core/core_i/ex_stage_i/alu_i/alu_div_i/AReg_DP_reg[24]/C
                         clock pessimism              0.504    -0.247    
    SLICE_X34Y150        FDCE (Hold_fdce_C_D)         0.134    -0.113    u_soc_top/gen_cv32e40p_core.u_core/core_i/ex_stage_i/alu_i/alu_div_i/AReg_DP_reg[24]
  -------------------------------------------------------------------
                         required time                          0.113    
                         arrival time                          -0.061    
  -------------------------------------------------------------------
                         slack                                  0.052    

Slack (MET) :             0.055ns  (arrival time - required time)
  Source:                 u_soc_top/u_peripherals/u_spi_master/u_spi_core/rx_ch1_shreg_q_reg[8]/C
                            (rising edge-triggered cell FDCE clocked by clk_50m_unbuf  {rise@0.000ns fall@10.000ns period=20.000ns})
  Destination:            u_soc_top/u_peripherals/u_spi_master/u_spi_core/rx_ch1_shreg_q_reg[9]/D
                            (rising edge-triggered cell FDCE clocked by clk_50m_unbuf  {rise@0.000ns fall@10.000ns period=20.000ns})
  Path Group:             clk_50m_unbuf
  Path Type:              Hold (Min at Fast Process Corner)
  Requirement:            0.000ns  (clk_50m_unbuf rise@0.000ns - clk_50m_unbuf rise@0.000ns)
  Data Path Delay:        0.339ns  (logic 0.148ns (43.721%)  route 0.191ns (56.279%))
  Logic Levels:           0  
  Clock Path Skew:        0.260ns (DCD - SCD - CPR)
    Destination Clock Delay (DCD):    -0.851ns
    Source Clock Delay      (SCD):    -0.607ns
    Clock Pessimism Removal (CPR):    -0.504ns

    Location             Delay type                Incr(ns)  Path(ns)    Netlist Resource(s)
  -------------------------------------------------------------------    -------------------
                         (clock clk_50m_unbuf rise edge)
                                                      0.000     0.000 r  
    E3                                                0.000     0.000 r  clk_100m_i (IN)
                         net (fo=0)                   0.000     0.000    clk_100m_i
    E3                   IBUF (Prop_ibuf_I_O)         0.250     0.250 r  clk_100m_i_IBUF_inst/O
                         net (fo=1, routed)           0.440     0.690    clk_100m_i_IBUF
    MMCME2_ADV_X1Y2      MMCME2_ADV (Prop_mmcme2_adv_CLKIN1_CLKOUT0)
                                                     -2.379    -1.689 r  u_mmcm/CLKOUT0
                         net (fo=1, routed)           0.499    -1.190    clk_50m_unbuf
    BUFGCTRL_X0Y16       BUFG (Prop_bufg_I_O)         0.026    -1.164 r  u_bufg_clk50/O
                         net (fo=7170, routed)        0.557    -0.607    u_soc_top/u_peripherals/u_spi_master/u_spi_core/clk_50m
    SLICE_X50Y80         FDCE                                         r  u_soc_top/u_peripherals/u_spi_master/u_spi_core/rx_ch1_shreg_q_reg[8]/C
  -------------------------------------------------------------------    -------------------
    SLICE_X50Y80         FDCE (Prop_fdce_C_Q)         0.148    -0.459 r  u_soc_top/u_peripherals/u_spi_master/u_spi_core/rx_ch1_shreg_q_reg[8]/Q
                         net (fo=2, routed)           0.191    -0.269    u_soc_top/u_peripherals/u_spi_master/u_spi_core/rx_ch1_shreg_q[8]
    SLICE_X53Y78         FDCE                                         r  u_soc_top/u_peripherals/u_spi_master/u_spi_core/rx_ch1_shreg_q_reg[9]/D
  -------------------------------------------------------------------    -------------------

                         (clock clk_50m_unbuf rise edge)
                                                      0.000     0.000 r  
    E3                                                0.000     0.000 r  clk_100m_i (IN)
                         net (fo=0)                   0.000     0.000    clk_100m_i
    E3                   IBUF (Prop_ibuf_I_O)         0.438     0.438 r  clk_100m_i_IBUF_inst/O
                         net (fo=1, routed)           0.480     0.918    clk_100m_i_IBUF
    MMCME2_ADV_X1Y2      MMCME2_ADV (Prop_mmcme2_adv_CLKIN1_CLKOUT0)
                                                     -3.163    -2.245 r  u_mmcm/CLKOUT0
                         net (fo=1, routed)           0.544    -1.702    clk_50m_unbuf
    BUFGCTRL_X0Y16       BUFG (Prop_bufg_I_O)         0.029    -1.673 r  u_bufg_clk50/O
                         net (fo=7170, routed)        0.822    -0.851    u_soc_top/u_peripherals/u_spi_master/u_spi_core/clk_50m
    SLICE_X53Y78         FDCE                                         r  u_soc_top/u_peripherals/u_spi_master/u_spi_core/rx_ch1_shreg_q_reg[9]/C
                         clock pessimism              0.504    -0.347    
    SLICE_X53Y78         FDCE (Hold_fdce_C_D)         0.024    -0.323    u_soc_top/u_peripherals/u_spi_master/u_spi_core/rx_ch1_shreg_q_reg[9]
  -------------------------------------------------------------------
                         required time                          0.323    
                         arrival time                          -0.269    
  -------------------------------------------------------------------
                         slack                                  0.055    

Slack (MET) :             0.065ns  (arrival time - required time)
  Source:                 u_soc_top/gen_cv32e40p_core.u_core/core_i/ex_stage_i/alu_i/alu_div_i/AReg_DP_reg[23]/C
                            (rising edge-triggered cell FDCE clocked by clk_50m_unbuf  {rise@0.000ns fall@10.000ns period=20.000ns})
  Destination:            u_soc_top/gen_cv32e40p_core.u_core/core_i/ex_stage_i/alu_i/alu_div_i/AReg_DP_reg[26]/D
                            (rising edge-triggered cell FDCE clocked by clk_50m_unbuf  {rise@0.000ns fall@10.000ns period=20.000ns})
  Path Group:             clk_50m_unbuf
  Path Type:              Hold (Min at Fast Process Corner)
  Requirement:            0.000ns  (clk_50m_unbuf rise@0.000ns - clk_50m_unbuf rise@0.000ns)
  Data Path Delay:        0.551ns  (logic 0.365ns (66.188%)  route 0.186ns (33.812%))
  Logic Levels:           3  (CARRY4=2 LUT2=1)
  Clock Path Skew:        0.352ns (DCD - SCD - CPR)
    Destination Clock Delay (DCD):    -0.751ns
    Source Clock Delay      (SCD):    -0.599ns
    Clock Pessimism Removal (CPR):    -0.504ns

    Location             Delay type                Incr(ns)  Path(ns)    Netlist Resource(s)
  -------------------------------------------------------------------    -------------------
                         (clock clk_50m_unbuf rise edge)
                                                      0.000     0.000 r  
    E3                                                0.000     0.000 r  clk_100m_i (IN)
                         net (fo=0)                   0.000     0.000    clk_100m_i
    E3                   IBUF (Prop_ibuf_I_O)         0.250     0.250 r  clk_100m_i_IBUF_inst/O
                         net (fo=1, routed)           0.440     0.690    clk_100m_i_IBUF
    MMCME2_ADV_X1Y2      MMCME2_ADV (Prop_mmcme2_adv_CLKIN1_CLKOUT0)
                                                     -2.379    -1.689 r  u_mmcm/CLKOUT0
                         net (fo=1, routed)           0.499    -1.190    clk_50m_unbuf
    BUFGCTRL_X0Y16       BUFG (Prop_bufg_I_O)         0.026    -1.164 r  u_bufg_clk50/O
                         net (fo=7170, routed)        0.565    -0.599    u_soc_top/gen_cv32e40p_core.u_core/core_i/ex_stage_i/alu_i/alu_div_i/clk_50m
    SLICE_X34Y149        FDCE                                         r  u_soc_top/gen_cv32e40p_core.u_core/core_i/ex_stage_i/alu_i/alu_div_i/AReg_DP_reg[23]/C
  -------------------------------------------------------------------    -------------------
    SLICE_X34Y149        FDCE (Prop_fdce_C_Q)         0.164    -0.435 r  u_soc_top/gen_cv32e40p_core.u_core/core_i/ex_stage_i/alu_i/alu_div_i/AReg_DP_reg[23]/Q
                         net (fo=8, routed)           0.186    -0.249    u_soc_top/gen_cv32e40p_core.u_core/core_i/ex_stage_i/alu_i/alu_div_i/Q[23]
    SLICE_X34Y149        LUT2 (Prop_lut2_I1_O)        0.044    -0.205 r  u_soc_top/gen_cv32e40p_core.u_core/core_i/ex_stage_i/alu_i/alu_div_i/AReg_DP[23]_i_2/O
                         net (fo=1, routed)           0.000    -0.205    u_soc_top/gen_cv32e40p_core.u_core/core_i/ex_stage_i/alu_i/alu_div_i/AddTmp_D[23]
    SLICE_X34Y149        CARRY4 (Prop_carry4_DI[3]_CO[3])
                                                      0.091    -0.114 r  u_soc_top/gen_cv32e40p_core.u_core/core_i/ex_stage_i/alu_i/alu_div_i/AReg_DP_reg[23]_i_1/CO[3]
                         net (fo=1, routed)           0.001    -0.114    u_soc_top/gen_cv32e40p_core.u_core/core_i/ex_stage_i/alu_i/alu_div_i/AReg_DP_reg[23]_i_1_n_0
    SLICE_X34Y150        CARRY4 (Prop_carry4_CI_O[2])
                                                      0.066    -0.048 r  u_soc_top/gen_cv32e40p_core.u_core/core_i/ex_stage_i/alu_i/alu_div_i/AReg_DP_reg[27]_i_1/O[2]
                         net (fo=1, routed)           0.000    -0.048    u_soc_top/gen_cv32e40p_core.u_core/core_i/ex_stage_i/alu_i/alu_div_i/AddOut_D[26]
    SLICE_X34Y150        FDCE                                         r  u_soc_top/gen_cv32e40p_core.u_core/core_i/ex_stage_i/alu_i/alu_div_i/AReg_DP_reg[26]/D
  -------------------------------------------------------------------    -------------------

                         (clock clk_50m_unbuf rise edge)
                                                      0.000     0.000 r  
    E3                                                0.000     0.000 r  clk_100m_i (IN)
                         net (fo=0)                   0.000     0.000    clk_100m_i
    E3                   IBUF (Prop_ibuf_I_O)         0.438     0.438 r  clk_100m_i_IBUF_inst/O
                         net (fo=1, routed)           0.480     0.918    clk_100m_i_IBUF
    MMCME2_ADV_X1Y2      MMCME2_ADV (Prop_mmcme2_adv_CLKIN1_CLKOUT0)
                                                     -3.163    -2.245 r  u_mmcm/CLKOUT0
                         net (fo=1, routed)           0.544    -1.702    clk_50m_unbuf
    BUFGCTRL_X0Y16       BUFG (Prop_bufg_I_O)         0.029    -1.673 r  u_bufg_clk50/O
                         net (fo=7170, routed)        0.922    -0.751    u_soc_top/gen_cv32e40p_core.u_core/core_i/ex_stage_i/alu_i/alu_div_i/clk_50m
    SLICE_X34Y150        FDCE                                         r  u_soc_top/gen_cv32e40p_core.u_core/core_i/ex_stage_i/alu_i/alu_div_i/AReg_DP_reg[26]/C
                         clock pessimism              0.504    -0.247    
    SLICE_X34Y150        FDCE (Hold_fdce_C_D)         0.134    -0.113    u_soc_top/gen_cv32e40p_core.u_core/core_i/ex_stage_i/alu_i/alu_div_i/AReg_DP_reg[26]
  -------------------------------------------------------------------
                         required time                          0.113    
                         arrival time                          -0.048    
  -------------------------------------------------------------------
                         slack                                  0.065    

Slack (MET) :             0.067ns  (arrival time - required time)
  Source:                 u_soc_top/u_peripherals/u_spi_master/u_spi_core/rx_ch1_shreg_q_reg[8]/C
                            (rising edge-triggered cell FDCE clocked by clk_50m_unbuf  {rise@0.000ns fall@10.000ns period=20.000ns})
  Destination:            u_soc_top/u_peripherals/u_spi_master/u_spi_core/rx_ch1_latch_q_reg[8]/D
                            (rising edge-triggered cell FDCE clocked by clk_50m_unbuf  {rise@0.000ns fall@10.000ns period=20.000ns})
  Path Group:             clk_50m_unbuf
  Path Type:              Hold (Min at Fast Process Corner)
  Requirement:            0.000ns  (clk_50m_unbuf rise@0.000ns - clk_50m_unbuf rise@0.000ns)
  Data Path Delay:        0.341ns  (logic 0.148ns (43.435%)  route 0.193ns (56.565%))
  Logic Levels:           0  
  Clock Path Skew:        0.262ns (DCD - SCD - CPR)
    Destination Clock Delay (DCD):    -0.849ns
    Source Clock Delay      (SCD):    -0.607ns
    Clock Pessimism Removal (CPR):    -0.504ns

    Location             Delay type                Incr(ns)  Path(ns)    Netlist Resource(s)
  -------------------------------------------------------------------    -------------------
                         (clock clk_50m_unbuf rise edge)
                                                      0.000     0.000 r  
    E3                                                0.000     0.000 r  clk_100m_i (IN)
                         net (fo=0)                   0.000     0.000    clk_100m_i
    E3                   IBUF (Prop_ibuf_I_O)         0.250     0.250 r  clk_100m_i_IBUF_inst/O
                         net (fo=1, routed)           0.440     0.690    clk_100m_i_IBUF
    MMCME2_ADV_X1Y2      MMCME2_ADV (Prop_mmcme2_adv_CLKIN1_CLKOUT0)
                                                     -2.379    -1.689 r  u_mmcm/CLKOUT0
                         net (fo=1, routed)           0.499    -1.190    clk_50m_unbuf
    BUFGCTRL_X0Y16       BUFG (Prop_bufg_I_O)         0.026    -1.164 r  u_bufg_clk50/O
                         net (fo=7170, routed)        0.557    -0.607    u_soc_top/u_peripherals/u_spi_master/u_spi_core/clk_50m
    SLICE_X50Y80         FDCE                                         r  u_soc_top/u_peripherals/u_spi_master/u_spi_core/rx_ch1_shreg_q_reg[8]/C
  -------------------------------------------------------------------    -------------------
    SLICE_X50Y80         FDCE (Prop_fdce_C_Q)         0.148    -0.459 r  u_soc_top/u_peripherals/u_spi_master/u_spi_core/rx_ch1_shreg_q_reg[8]/Q
                         net (fo=2, routed)           0.193    -0.267    u_soc_top/u_peripherals/u_spi_master/u_spi_core/rx_ch1_shreg_q[8]
    SLICE_X53Y80         FDCE                                         r  u_soc_top/u_peripherals/u_spi_master/u_spi_core/rx_ch1_latch_q_reg[8]/D
  -------------------------------------------------------------------    -------------------

                         (clock clk_50m_unbuf rise edge)
                                                      0.000     0.000 r  
    E3                                                0.000     0.000 r  clk_100m_i (IN)
                         net (fo=0)                   0.000     0.000    clk_100m_i
    E3                   IBUF (Prop_ibuf_I_O)         0.438     0.438 r  clk_100m_i_IBUF_inst/O
                         net (fo=1, routed)           0.480     0.918    clk_100m_i_IBUF
    MMCME2_ADV_X1Y2      MMCME2_ADV (Prop_mmcme2_adv_CLKIN1_CLKOUT0)
                                                     -3.163    -2.245 r  u_mmcm/CLKOUT0
                         net (fo=1, routed)           0.544    -1.702    clk_50m_unbuf
    BUFGCTRL_X0Y16       BUFG (Prop_bufg_I_O)         0.029    -1.673 r  u_bufg_clk50/O
                         net (fo=7170, routed)        0.824    -0.849    u_soc_top/u_peripherals/u_spi_master/u_spi_core/clk_50m
    SLICE_X53Y80         FDCE                                         r  u_soc_top/u_peripherals/u_spi_master/u_spi_core/rx_ch1_latch_q_reg[8]/C
                         clock pessimism              0.504    -0.345    
    SLICE_X53Y80         FDCE (Hold_fdce_C_D)         0.012    -0.333    u_soc_top/u_peripherals/u_spi_master/u_spi_core/rx_ch1_latch_q_reg[8]
  -------------------------------------------------------------------
                         required time                          0.333    
                         arrival time                          -0.267    
  -------------------------------------------------------------------
                         slack                                  0.067    

Slack (MET) :             0.088ns  (arrival time - required time)
  Source:                 u_soc_top/gen_cv32e40p_core.u_core/core_i/ex_stage_i/alu_i/alu_div_i/AReg_DP_reg[23]/C
                            (rising edge-triggered cell FDCE clocked by clk_50m_unbuf  {rise@0.000ns fall@10.000ns period=20.000ns})
  Destination:            u_soc_top/gen_cv32e40p_core.u_core/core_i/ex_stage_i/alu_i/alu_div_i/AReg_DP_reg[25]/D
                            (rising edge-triggered cell FDCE clocked by clk_50m_unbuf  {rise@0.000ns fall@10.000ns period=20.000ns})
  Path Group:             clk_50m_unbuf
  Path Type:              Hold (Min at Fast Process Corner)
  Requirement:            0.000ns  (clk_50m_unbuf rise@0.000ns - clk_50m_unbuf rise@0.000ns)
  Data Path Delay:        0.574ns  (logic 0.388ns (67.541%)  route 0.186ns (32.459%))
  Logic Levels:           3  (CARRY4=2 LUT2=1)
  Clock Path Skew:        0.352ns (DCD - SCD - CPR)
    Destination Clock Delay (DCD):    -0.751ns
    Source Clock Delay      (SCD):    -0.599ns
    Clock Pessimism Removal (CPR):    -0.504ns

    Location             Delay type                Incr(ns)  Path(ns)    Netlist Resource(s)
  -------------------------------------------------------------------    -------------------
                         (clock clk_50m_unbuf rise edge)
                                                      0.000     0.000 r  
    E3                                                0.000     0.000 r  clk_100m_i (IN)
                         net (fo=0)                   0.000     0.000    clk_100m_i
    E3                   IBUF (Prop_ibuf_I_O)         0.250     0.250 r  clk_100m_i_IBUF_inst/O
                         net (fo=1, routed)           0.440     0.690    clk_100m_i_IBUF
    MMCME2_ADV_X1Y2      MMCME2_ADV (Prop_mmcme2_adv_CLKIN1_CLKOUT0)
                                                     -2.379    -1.689 r  u_mmcm/CLKOUT0
                         net (fo=1, routed)           0.499    -1.190    clk_50m_unbuf
    BUFGCTRL_X0Y16       BUFG (Prop_bufg_I_O)         0.026    -1.164 r  u_bufg_clk50/O
                         net (fo=7170, routed)        0.565    -0.599    u_soc_top/gen_cv32e40p_core.u_core/core_i/ex_stage_i/alu_i/alu_div_i/clk_50m
    SLICE_X34Y149        FDCE                                         r  u_soc_top/gen_cv32e40p_core.u_core/core_i/ex_stage_i/alu_i/alu_div_i/AReg_DP_reg[23]/C
  -------------------------------------------------------------------    -------------------
    SLICE_X34Y149        FDCE (Prop_fdce_C_Q)         0.164    -0.435 r  u_soc_top/gen_cv32e40p_core.u_core/core_i/ex_stage_i/alu_i/alu_div_i/AReg_DP_reg[23]/Q
                         net (fo=8, routed)           0.186    -0.249    u_soc_top/gen_cv32e40p_core.u_core/core_i/ex_stage_i/alu_i/alu_div_i/Q[23]
    SLICE_X34Y149        LUT2 (Prop_lut2_I1_O)        0.044    -0.205 r  u_soc_top/gen_cv32e40p_core.u_core/core_i/ex_stage_i/alu_i/alu_div_i/AReg_DP[23]_i_2/O
                         net (fo=1, routed)           0.000    -0.205    u_soc_top/gen_cv32e40p_core.u_core/core_i/ex_stage_i/alu_i/alu_div_i/AddTmp_D[23]
    SLICE_X34Y149        CARRY4 (Prop_carry4_DI[3]_CO[3])
                                                      0.091    -0.114 r  u_soc_top/gen_cv32e40p_core.u_core/core_i/ex_stage_i/alu_i/alu_div_i/AReg_DP_reg[23]_i_1/CO[3]
                         net (fo=1, routed)           0.001    -0.114    u_soc_top/gen_cv32e40p_core.u_core/core_i/ex_stage_i/alu_i/alu_div_i/AReg_DP_reg[23]_i_1_n_0
    SLICE_X34Y150        CARRY4 (Prop_carry4_CI_O[1])
                                                      0.089    -0.025 r  u_soc_top/gen_cv32e40p_core.u_core/core_i/ex_stage_i/alu_i/alu_div_i/AReg_DP_reg[27]_i_1/O[1]
                         net (fo=1, routed)           0.000    -0.025    u_soc_top/gen_cv32e40p_core.u_core/core_i/ex_stage_i/alu_i/alu_div_i/AddOut_D[25]
    SLICE_X34Y150        FDCE                                         r  u_soc_top/gen_cv32e40p_core.u_core/core_i/ex_stage_i/alu_i/alu_div_i/AReg_DP_reg[25]/D
  -------------------------------------------------------------------    -------------------

                         (clock clk_50m_unbuf rise edge)
                                                      0.000     0.000 r  
    E3                                                0.000     0.000 r  clk_100m_i (IN)
                         net (fo=0)                   0.000     0.000    clk_100m_i
    E3                   IBUF (Prop_ibuf_I_O)         0.438     0.438 r  clk_100m_i_IBUF_inst/O
                         net (fo=1, routed)           0.480     0.918    clk_100m_i_IBUF
    MMCME2_ADV_X1Y2      MMCME2_ADV (Prop_mmcme2_adv_CLKIN1_CLKOUT0)
                                                     -3.163    -2.245 r  u_mmcm/CLKOUT0
                         net (fo=1, routed)           0.544    -1.702    clk_50m_unbuf
    BUFGCTRL_X0Y16       BUFG (Prop_bufg_I_O)         0.029    -1.673 r  u_bufg_clk50/O
                         net (fo=7170, routed)        0.922    -0.751    u_soc_top/gen_cv32e40p_core.u_core/core_i/ex_stage_i/alu_i/alu_div_i/clk_50m
    SLICE_X34Y150        FDCE                                         r  u_soc_top/gen_cv32e40p_core.u_core/core_i/ex_stage_i/alu_i/alu_div_i/AReg_DP_reg[25]/C
                         clock pessimism              0.504    -0.247    
    SLICE_X34Y150        FDCE (Hold_fdce_C_D)         0.134    -0.113    u_soc_top/gen_cv32e40p_core.u_core/core_i/ex_stage_i/alu_i/alu_div_i/AReg_DP_reg[25]
  -------------------------------------------------------------------
                         required time                          0.113    
                         arrival time                          -0.025    
  -------------------------------------------------------------------
                         slack                                  0.088    

Slack (MET) :             0.090ns  (arrival time - required time)
  Source:                 u_soc_top/gen_cv32e40p_core.u_core/core_i/ex_stage_i/alu_i/alu_div_i/AReg_DP_reg[23]/C
                            (rising edge-triggered cell FDCE clocked by clk_50m_unbuf  {rise@0.000ns fall@10.000ns period=20.000ns})
  Destination:            u_soc_top/gen_cv32e40p_core.u_core/core_i/ex_stage_i/alu_i/alu_div_i/AReg_DP_reg[27]/D
                            (rising edge-triggered cell FDCE clocked by clk_50m_unbuf  {rise@0.000ns fall@10.000ns period=20.000ns})
  Path Group:             clk_50m_unbuf
  Path Type:              Hold (Min at Fast Process Corner)
  Requirement:            0.000ns  (clk_50m_unbuf rise@0.000ns - clk_50m_unbuf rise@0.000ns)
  Data Path Delay:        0.576ns  (logic 0.390ns (67.654%)  route 0.186ns (32.346%))
  Logic Levels:           3  (CARRY4=2 LUT2=1)
  Clock Path Skew:        0.352ns (DCD - SCD - CPR)
    Destination Clock Delay (DCD):    -0.751ns
    Source Clock Delay      (SCD):    -0.599ns
    Clock Pessimism Removal (CPR):    -0.504ns

    Location             Delay type                Incr(ns)  Path(ns)    Netlist Resource(s)
  -------------------------------------------------------------------    -------------------
                         (clock clk_50m_unbuf rise edge)
                                                      0.000     0.000 r  
    E3                                                0.000     0.000 r  clk_100m_i (IN)
                         net (fo=0)                   0.000     0.000    clk_100m_i
    E3                   IBUF (Prop_ibuf_I_O)         0.250     0.250 r  clk_100m_i_IBUF_inst/O
                         net (fo=1, routed)           0.440     0.690    clk_100m_i_IBUF
    MMCME2_ADV_X1Y2      MMCME2_ADV (Prop_mmcme2_adv_CLKIN1_CLKOUT0)
                                                     -2.379    -1.689 r  u_mmcm/CLKOUT0
                         net (fo=1, routed)           0.499    -1.190    clk_50m_unbuf
    BUFGCTRL_X0Y16       BUFG (Prop_bufg_I_O)         0.026    -1.164 r  u_bufg_clk50/O
                         net (fo=7170, routed)        0.565    -0.599    u_soc_top/gen_cv32e40p_core.u_core/core_i/ex_stage_i/alu_i/alu_div_i/clk_50m
    SLICE_X34Y149        FDCE                                         r  u_soc_top/gen_cv32e40p_core.u_core/core_i/ex_stage_i/alu_i/alu_div_i/AReg_DP_reg[23]/C
  -------------------------------------------------------------------    -------------------
    SLICE_X34Y149        FDCE (Prop_fdce_C_Q)         0.164    -0.435 r  u_soc_top/gen_cv32e40p_core.u_core/core_i/ex_stage_i/alu_i/alu_div_i/AReg_DP_reg[23]/Q
                         net (fo=8, routed)           0.186    -0.249    u_soc_top/gen_cv32e40p_core.u_core/core_i/ex_stage_i/alu_i/alu_div_i/Q[23]
    SLICE_X34Y149        LUT2 (Prop_lut2_I1_O)        0.044    -0.205 r  u_soc_top/gen_cv32e40p_core.u_core/core_i/ex_stage_i/alu_i/alu_div_i/AReg_DP[23]_i_2/O
                         net (fo=1, routed)           0.000    -0.205    u_soc_top/gen_cv32e40p_core.u_core/core_i/ex_stage_i/alu_i/alu_div_i/AddTmp_D[23]
    SLICE_X34Y149        CARRY4 (Prop_carry4_DI[3]_CO[3])
                                                      0.091    -0.114 r  u_soc_top/gen_cv32e40p_core.u_core/core_i/ex_stage_i/alu_i/alu_div_i/AReg_DP_reg[23]_i_1/CO[3]
                         net (fo=1, routed)           0.001    -0.114    u_soc_top/gen_cv32e40p_core.u_core/core_i/ex_stage_i/alu_i/alu_div_i/AReg_DP_reg[23]_i_1_n_0
    SLICE_X34Y150        CARRY4 (Prop_carry4_CI_O[3])
                                                      0.091    -0.023 r  u_soc_top/gen_cv32e40p_core.u_core/core_i/ex_stage_i/alu_i/alu_div_i/AReg_DP_reg[27]_i_1/O[3]
                         net (fo=1, routed)           0.000    -0.023    u_soc_top/gen_cv32e40p_core.u_core/core_i/ex_stage_i/alu_i/alu_div_i/AddOut_D[27]
    SLICE_X34Y150        FDCE                                         r  u_soc_top/gen_cv32e40p_core.u_core/core_i/ex_stage_i/alu_i/alu_div_i/AReg_DP_reg[27]/D
  -------------------------------------------------------------------    -------------------

                         (clock clk_50m_unbuf rise edge)
                                                      0.000     0.000 r  
    E3                                                0.000     0.000 r  clk_100m_i (IN)
                         net (fo=0)                   0.000     0.000    clk_100m_i
    E3                   IBUF (Prop_ibuf_I_O)         0.438     0.438 r  clk_100m_i_IBUF_inst/O
                         net (fo=1, routed)           0.480     0.918    clk_100m_i_IBUF
    MMCME2_ADV_X1Y2      MMCME2_ADV (Prop_mmcme2_adv_CLKIN1_CLKOUT0)
                                                     -3.163    -2.245 r  u_mmcm/CLKOUT0
                         net (fo=1, routed)           0.544    -1.702    clk_50m_unbuf
    BUFGCTRL_X0Y16       BUFG (Prop_bufg_I_O)         0.029    -1.673 r  u_bufg_clk50/O
                         net (fo=7170, routed)        0.922    -0.751    u_soc_top/gen_cv32e40p_core.u_core/core_i/ex_stage_i/alu_i/alu_div_i/clk_50m
    SLICE_X34Y150        FDCE                                         r  u_soc_top/gen_cv32e40p_core.u_core/core_i/ex_stage_i/alu_i/alu_div_i/AReg_DP_reg[27]/C
                         clock pessimism              0.504    -0.247    
    SLICE_X34Y150        FDCE (Hold_fdce_C_D)         0.134    -0.113    u_soc_top/gen_cv32e40p_core.u_core/core_i/ex_stage_i/alu_i/alu_div_i/AReg_DP_reg[27]
  -------------------------------------------------------------------
                         required time                          0.113    
                         arrival time                          -0.023    
  -------------------------------------------------------------------
                         slack                                  0.090    

Slack (MET) :             0.092ns  (arrival time - required time)
  Source:                 u_soc_top/gen_cv32e40p_core.u_core/core_i/ex_stage_i/alu_i/alu_div_i/AReg_DP_reg[23]/C
                            (rising edge-triggered cell FDCE clocked by clk_50m_unbuf  {rise@0.000ns fall@10.000ns period=20.000ns})
  Destination:            u_soc_top/gen_cv32e40p_core.u_core/core_i/ex_stage_i/alu_i/alu_div_i/AReg_DP_reg[28]/D
                            (rising edge-triggered cell FDCE clocked by clk_50m_unbuf  {rise@0.000ns fall@10.000ns period=20.000ns})
  Path Group:             clk_50m_unbuf
  Path Type:              Hold (Min at Fast Process Corner)
  Requirement:            0.000ns  (clk_50m_unbuf rise@0.000ns - clk_50m_unbuf rise@0.000ns)
  Data Path Delay:        0.578ns  (logic 0.392ns (67.766%)  route 0.186ns (32.234%))
  Logic Levels:           4  (CARRY4=3 LUT2=1)
  Clock Path Skew:        0.352ns (DCD - SCD - CPR)
    Destination Clock Delay (DCD):    -0.751ns
    Source Clock Delay      (SCD):    -0.599ns
    Clock Pessimism Removal (CPR):    -0.504ns

    Location             Delay type                Incr(ns)  Path(ns)    Netlist Resource(s)
  -------------------------------------------------------------------    -------------------
                         (clock clk_50m_unbuf rise edge)
                                                      0.000     0.000 r  
    E3                                                0.000     0.000 r  clk_100m_i (IN)
                         net (fo=0)                   0.000     0.000    clk_100m_i
    E3                   IBUF (Prop_ibuf_I_O)         0.250     0.250 r  clk_100m_i_IBUF_inst/O
                         net (fo=1, routed)           0.440     0.690    clk_100m_i_IBUF
    MMCME2_ADV_X1Y2      MMCME2_ADV (Prop_mmcme2_adv_CLKIN1_CLKOUT0)
                                                     -2.379    -1.689 r  u_mmcm/CLKOUT0
                         net (fo=1, routed)           0.499    -1.190    clk_50m_unbuf
    BUFGCTRL_X0Y16       BUFG (Prop_bufg_I_O)         0.026    -1.164 r  u_bufg_clk50/O
                         net (fo=7170, routed)        0.565    -0.599    u_soc_top/gen_cv32e40p_core.u_core/core_i/ex_stage_i/alu_i/alu_div_i/clk_50m
    SLICE_X34Y149        FDCE                                         r  u_soc_top/gen_cv32e40p_core.u_core/core_i/ex_stage_i/alu_i/alu_div_i/AReg_DP_reg[23]/C
  -------------------------------------------------------------------    -------------------
    SLICE_X34Y149        FDCE (Prop_fdce_C_Q)         0.164    -0.435 r  u_soc_top/gen_cv32e40p_core.u_core/core_i/ex_stage_i/alu_i/alu_div_i/AReg_DP_reg[23]/Q
                         net (fo=8, routed)           0.186    -0.249    u_soc_top/gen_cv32e40p_core.u_core/core_i/ex_stage_i/alu_i/alu_div_i/Q[23]
    SLICE_X34Y149        LUT2 (Prop_lut2_I1_O)        0.044    -0.205 r  u_soc_top/gen_cv32e40p_core.u_core/core_i/ex_stage_i/alu_i/alu_div_i/AReg_DP[23]_i_2/O
                         net (fo=1, routed)           0.000    -0.205    u_soc_top/gen_cv32e40p_core.u_core/core_i/ex_stage_i/alu_i/alu_div_i/AddTmp_D[23]
    SLICE_X34Y149        CARRY4 (Prop_carry4_DI[3]_CO[3])
                                                      0.091    -0.114 r  u_soc_top/gen_cv32e40p_core.u_core/core_i/ex_stage_i/alu_i/alu_div_i/AReg_DP_reg[23]_i_1/CO[3]
                         net (fo=1, routed)           0.001    -0.114    u_soc_top/gen_cv32e40p_core.u_core/core_i/ex_stage_i/alu_i/alu_div_i/AReg_DP_reg[23]_i_1_n_0
    SLICE_X34Y150        CARRY4 (Prop_carry4_CI_CO[3])
                                                      0.040    -0.074 r  u_soc_top/gen_cv32e40p_core.u_core/core_i/ex_stage_i/alu_i/alu_div_i/AReg_DP_reg[27]_i_1/CO[3]
                         net (fo=1, routed)           0.000    -0.074    u_soc_top/gen_cv32e40p_core.u_core/core_i/ex_stage_i/alu_i/alu_div_i/AReg_DP_reg[27]_i_1_n_0
    SLICE_X34Y151        CARRY4 (Prop_carry4_CI_O[0])
                                                      0.053    -0.021 r  u_soc_top/gen_cv32e40p_core.u_core/core_i/ex_stage_i/alu_i/alu_div_i/AReg_DP_reg[31]_i_2/O[0]
                         net (fo=1, routed)           0.000    -0.021    u_soc_top/gen_cv32e40p_core.u_core/core_i/ex_stage_i/alu_i/alu_div_i/AddOut_D[28]
    SLICE_X34Y151        FDCE                                         r  u_soc_top/gen_cv32e40p_core.u_core/core_i/ex_stage_i/alu_i/alu_div_i/AReg_DP_reg[28]/D
  -------------------------------------------------------------------    -------------------

                         (clock clk_50m_unbuf rise edge)
                                                      0.000     0.000 r  
    E3                                                0.000     0.000 r  clk_100m_i (IN)
                         net (fo=0)                   0.000     0.000    clk_100m_i
    E3                   IBUF (Prop_ibuf_I_O)         0.438     0.438 r  clk_100m_i_IBUF_inst/O
                         net (fo=1, routed)           0.480     0.918    clk_100m_i_IBUF
    MMCME2_ADV_X1Y2      MMCME2_ADV (Prop_mmcme2_adv_CLKIN1_CLKOUT0)
                                                     -3.163    -2.245 r  u_mmcm/CLKOUT0
                         net (fo=1, routed)           0.544    -1.702    clk_50m_unbuf
    BUFGCTRL_X0Y16       BUFG (Prop_bufg_I_O)         0.029    -1.673 r  u_bufg_clk50/O
                         net (fo=7170, routed)        0.922    -0.751    u_soc_top/gen_cv32e40p_core.u_core/core_i/ex_stage_i/alu_i/alu_div_i/clk_50m
    SLICE_X34Y151        FDCE                                         r  u_soc_top/gen_cv32e40p_core.u_core/core_i/ex_stage_i/alu_i/alu_div_i/AReg_DP_reg[28]/C
                         clock pessimism              0.504    -0.247    
    SLICE_X34Y151        FDCE (Hold_fdce_C_D)         0.134    -0.113    u_soc_top/gen_cv32e40p_core.u_core/core_i/ex_stage_i/alu_i/alu_div_i/AReg_DP_reg[28]
  -------------------------------------------------------------------
                         required time                          0.113    
                         arrival time                          -0.021    
  -------------------------------------------------------------------
                         slack                                  0.092    

Slack (MET) :             0.093ns  (arrival time - required time)
  Source:                 u_soc_top/u_obi_to_apb/wdata_q_reg[28]/C
                            (rising edge-triggered cell FDCE clocked by clk_50m_unbuf  {rise@0.000ns fall@10.000ns period=20.000ns})
  Destination:            u_soc_top/u_peripherals/gen_mamba.u_mamba/dst_addr_q_reg[28]/D
                            (rising edge-triggered cell FDCE clocked by clk_50m_unbuf  {rise@0.000ns fall@10.000ns period=20.000ns})
  Path Group:             clk_50m_unbuf
  Path Type:              Hold (Min at Fast Process Corner)
  Requirement:            0.000ns  (clk_50m_unbuf rise@0.000ns - clk_50m_unbuf rise@0.000ns)
  Data Path Delay:        0.440ns  (logic 0.164ns (37.308%)  route 0.276ns (62.692%))
  Logic Levels:           0  
  Clock Path Skew:        0.277ns (DCD - SCD - CPR)
    Destination Clock Delay (DCD):    -0.836ns
    Source Clock Delay      (SCD):    -0.604ns
    Clock Pessimism Removal (CPR):    -0.509ns

    Location             Delay type                Incr(ns)  Path(ns)    Netlist Resource(s)
  -------------------------------------------------------------------    -------------------
                         (clock clk_50m_unbuf rise edge)
                                                      0.000     0.000 r  
    E3                                                0.000     0.000 r  clk_100m_i (IN)
                         net (fo=0)                   0.000     0.000    clk_100m_i
    E3                   IBUF (Prop_ibuf_I_O)         0.250     0.250 r  clk_100m_i_IBUF_inst/O
                         net (fo=1, routed)           0.440     0.690    clk_100m_i_IBUF
    MMCME2_ADV_X1Y2      MMCME2_ADV (Prop_mmcme2_adv_CLKIN1_CLKOUT0)
                                                     -2.379    -1.689 r  u_mmcm/CLKOUT0
                         net (fo=1, routed)           0.499    -1.190    clk_50m_unbuf
    BUFGCTRL_X0Y16       BUFG (Prop_bufg_I_O)         0.026    -1.164 r  u_bufg_clk50/O
                         net (fo=7170, routed)        0.560    -0.604    u_soc_top/u_obi_to_apb/clk_50m
    SLICE_X50Y100        FDCE                                         r  u_soc_top/u_obi_to_apb/wdata_q_reg[28]/C
  -------------------------------------------------------------------    -------------------
    SLICE_X50Y100        FDCE (Prop_fdce_C_Q)         0.164    -0.440 r  u_soc_top/u_obi_to_apb/wdata_q_reg[28]/Q
                         net (fo=6, routed)           0.276    -0.165    u_soc_top/u_peripherals/gen_mamba.u_mamba/len_q_reg[31]_0[28]
    SLICE_X49Y95         FDCE                                         r  u_soc_top/u_peripherals/gen_mamba.u_mamba/dst_addr_q_reg[28]/D
  -------------------------------------------------------------------    -------------------

                         (clock clk_50m_unbuf rise edge)
                                                      0.000     0.000 r  
    E3                                                0.000     0.000 r  clk_100m_i (IN)
                         net (fo=0)                   0.000     0.000    clk_100m_i
    E3                   IBUF (Prop_ibuf_I_O)         0.438     0.438 r  clk_100m_i_IBUF_inst/O
                         net (fo=1, routed)           0.480     0.918    clk_100m_i_IBUF
    MMCME2_ADV_X1Y2      MMCME2_ADV (Prop_mmcme2_adv_CLKIN1_CLKOUT0)
                                                     -3.163    -2.245 r  u_mmcm/CLKOUT0
                         net (fo=1, routed)           0.544    -1.702    clk_50m_unbuf
    BUFGCTRL_X0Y16       BUFG (Prop_bufg_I_O)         0.029    -1.673 r  u_bufg_clk50/O
                         net (fo=7170, routed)        0.837    -0.836    u_soc_top/u_peripherals/gen_mamba.u_mamba/clk_50m
    SLICE_X49Y95         FDCE                                         r  u_soc_top/u_peripherals/gen_mamba.u_mamba/dst_addr_q_reg[28]/C
                         clock pessimism              0.509    -0.327    
    SLICE_X49Y95         FDCE (Hold_fdce_C_D)         0.070    -0.257    u_soc_top/u_peripherals/gen_mamba.u_mamba/dst_addr_q_reg[28]
  -------------------------------------------------------------------
                         required time                          0.257    
                         arrival time                          -0.165    
  -------------------------------------------------------------------
                         slack                                  0.093    

Slack (MET) :             0.099ns  (arrival time - required time)
  Source:                 u_soc_top/u_obi_to_apb/wdata_q_reg[27]/C
                            (rising edge-triggered cell FDCE clocked by clk_50m_unbuf  {rise@0.000ns fall@10.000ns period=20.000ns})
  Destination:            u_soc_top/u_peripherals/gen_mamba.u_mamba/dst_addr_q_reg[27]/D
                            (rising edge-triggered cell FDCE clocked by clk_50m_unbuf  {rise@0.000ns fall@10.000ns period=20.000ns})
  Path Group:             clk_50m_unbuf
  Path Type:              Hold (Min at Fast Process Corner)
  Requirement:            0.000ns  (clk_50m_unbuf rise@0.000ns - clk_50m_unbuf rise@0.000ns)
  Data Path Delay:        0.445ns  (logic 0.164ns (36.817%)  route 0.281ns (63.183%))
  Logic Levels:           0  
  Clock Path Skew:        0.277ns (DCD - SCD - CPR)
    Destination Clock Delay (DCD):    -0.836ns
    Source Clock Delay      (SCD):    -0.604ns
    Clock Pessimism Removal (CPR):    -0.509ns

    Location             Delay type                Incr(ns)  Path(ns)    Netlist Resource(s)
  -------------------------------------------------------------------    -------------------
                         (clock clk_50m_unbuf rise edge)
                                                      0.000     0.000 r  
    E3                                                0.000     0.000 r  clk_100m_i (IN)
                         net (fo=0)                   0.000     0.000    clk_100m_i
    E3                   IBUF (Prop_ibuf_I_O)         0.250     0.250 r  clk_100m_i_IBUF_inst/O
                         net (fo=1, routed)           0.440     0.690    clk_100m_i_IBUF
    MMCME2_ADV_X1Y2      MMCME2_ADV (Prop_mmcme2_adv_CLKIN1_CLKOUT0)
                                                     -2.379    -1.689 r  u_mmcm/CLKOUT0
                         net (fo=1, routed)           0.499    -1.190    clk_50m_unbuf
    BUFGCTRL_X0Y16       BUFG (Prop_bufg_I_O)         0.026    -1.164 r  u_bufg_clk50/O
                         net (fo=7170, routed)        0.560    -0.604    u_soc_top/u_obi_to_apb/clk_50m
    SLICE_X50Y100        FDCE                                         r  u_soc_top/u_obi_to_apb/wdata_q_reg[27]/C
  -------------------------------------------------------------------    -------------------
    SLICE_X50Y100        FDCE (Prop_fdce_C_Q)         0.164    -0.440 r  u_soc_top/u_obi_to_apb/wdata_q_reg[27]/Q
                         net (fo=6, routed)           0.281    -0.159    u_soc_top/u_peripherals/gen_mamba.u_mamba/len_q_reg[31]_0[27]
    SLICE_X48Y95         FDCE                                         r  u_soc_top/u_peripherals/gen_mamba.u_mamba/dst_addr_q_reg[27]/D
  -------------------------------------------------------------------    -------------------

                         (clock clk_50m_unbuf rise edge)
                                                      0.000     0.000 r  
    E3                                                0.000     0.000 r  clk_100m_i (IN)
                         net (fo=0)                   0.000     0.000    clk_100m_i
    E3                   IBUF (Prop_ibuf_I_O)         0.438     0.438 r  clk_100m_i_IBUF_inst/O
                         net (fo=1, routed)           0.480     0.918    clk_100m_i_IBUF
    MMCME2_ADV_X1Y2      MMCME2_ADV (Prop_mmcme2_adv_CLKIN1_CLKOUT0)
                                                     -3.163    -2.245 r  u_mmcm/CLKOUT0
                         net (fo=1, routed)           0.544    -1.702    clk_50m_unbuf
    BUFGCTRL_X0Y16       BUFG (Prop_bufg_I_O)         0.029    -1.673 r  u_bufg_clk50/O
                         net (fo=7170, routed)        0.837    -0.836    u_soc_top/u_peripherals/gen_mamba.u_mamba/clk_50m
    SLICE_X48Y95         FDCE                                         r  u_soc_top/u_peripherals/gen_mamba.u_mamba/dst_addr_q_reg[27]/C
                         clock pessimism              0.509    -0.327    
    SLICE_X48Y95         FDCE (Hold_fdce_C_D)         0.070    -0.257    u_soc_top/u_peripherals/gen_mamba.u_mamba/dst_addr_q_reg[27]
  -------------------------------------------------------------------
                         required time                          0.257    
                         arrival time                          -0.159    
  -------------------------------------------------------------------
                         slack                                  0.099    

Slack (MET) :             0.099ns  (arrival time - required time)
  Source:                 u_soc_top/u_obi_to_apb/wdata_q_reg[28]/C
                            (rising edge-triggered cell FDCE clocked by clk_50m_unbuf  {rise@0.000ns fall@10.000ns period=20.000ns})
  Destination:            u_soc_top/u_peripherals/gen_mamba.u_mamba/len_q_reg[28]/D
                            (rising edge-triggered cell FDCE clocked by clk_50m_unbuf  {rise@0.000ns fall@10.000ns period=20.000ns})
  Path Group:             clk_50m_unbuf
  Path Type:              Hold (Min at Fast Process Corner)
  Requirement:            0.000ns  (clk_50m_unbuf rise@0.000ns - clk_50m_unbuf rise@0.000ns)
  Data Path Delay:        0.442ns  (logic 0.164ns (37.094%)  route 0.278ns (62.906%))
  Logic Levels:           0  
  Clock Path Skew:        0.277ns (DCD - SCD - CPR)
    Destination Clock Delay (DCD):    -0.836ns
    Source Clock Delay      (SCD):    -0.604ns
    Clock Pessimism Removal (CPR):    -0.509ns

    Location             Delay type                Incr(ns)  Path(ns)    Netlist Resource(s)
  -------------------------------------------------------------------    -------------------
                         (clock clk_50m_unbuf rise edge)
                                                      0.000     0.000 r  
    E3                                                0.000     0.000 r  clk_100m_i (IN)
                         net (fo=0)                   0.000     0.000    clk_100m_i
    E3                   IBUF (Prop_ibuf_I_O)         0.250     0.250 r  clk_100m_i_IBUF_inst/O
                         net (fo=1, routed)           0.440     0.690    clk_100m_i_IBUF
    MMCME2_ADV_X1Y2      MMCME2_ADV (Prop_mmcme2_adv_CLKIN1_CLKOUT0)
                                                     -2.379    -1.689 r  u_mmcm/CLKOUT0
                         net (fo=1, routed)           0.499    -1.190    clk_50m_unbuf
    BUFGCTRL_X0Y16       BUFG (Prop_bufg_I_O)         0.026    -1.164 r  u_bufg_clk50/O
                         net (fo=7170, routed)        0.560    -0.604    u_soc_top/u_obi_to_apb/clk_50m
    SLICE_X50Y100        FDCE                                         r  u_soc_top/u_obi_to_apb/wdata_q_reg[28]/C
  -------------------------------------------------------------------    -------------------
    SLICE_X50Y100        FDCE (Prop_fdce_C_Q)         0.164    -0.440 r  u_soc_top/u_obi_to_apb/wdata_q_reg[28]/Q
                         net (fo=6, routed)           0.278    -0.162    u_soc_top/u_peripherals/gen_mamba.u_mamba/len_q_reg[31]_0[28]
    SLICE_X49Y94         FDCE                                         r  u_soc_top/u_peripherals/gen_mamba.u_mamba/len_q_reg[28]/D
  -------------------------------------------------------------------    -------------------

                         (clock clk_50m_unbuf rise edge)
                                                      0.000     0.000 r  
    E3                                                0.000     0.000 r  clk_100m_i (IN)
                         net (fo=0)                   0.000     0.000    clk_100m_i
    E3                   IBUF (Prop_ibuf_I_O)         0.438     0.438 r  clk_100m_i_IBUF_inst/O
                         net (fo=1, routed)           0.480     0.918    clk_100m_i_IBUF
    MMCME2_ADV_X1Y2      MMCME2_ADV (Prop_mmcme2_adv_CLKIN1_CLKOUT0)
                                                     -3.163    -2.245 r  u_mmcm/CLKOUT0
                         net (fo=1, routed)           0.544    -1.702    clk_50m_unbuf
    BUFGCTRL_X0Y16       BUFG (Prop_bufg_I_O)         0.029    -1.673 r  u_bufg_clk50/O
                         net (fo=7170, routed)        0.837    -0.836    u_soc_top/u_peripherals/gen_mamba.u_mamba/clk_50m
    SLICE_X49Y94         FDCE                                         r  u_soc_top/u_peripherals/gen_mamba.u_mamba/len_q_reg[28]/C
                         clock pessimism              0.509    -0.327    
    SLICE_X49Y94         FDCE (Hold_fdce_C_D)         0.066    -0.261    u_soc_top/u_peripherals/gen_mamba.u_mamba/len_q_reg[28]
  -------------------------------------------------------------------
                         required time                          0.261    
                         arrival time                          -0.162    
  -------------------------------------------------------------------
                         slack                                  0.099    

Slack (MET) :             0.100ns  (arrival time - required time)
  Source:                 u_soc_top/u_obi_to_apb/wdata_q_reg[24]/C
                            (rising edge-triggered cell FDCE clocked by clk_50m_unbuf  {rise@0.000ns fall@10.000ns period=20.000ns})
  Destination:            u_soc_top/u_peripherals/u_timer/reload_q_reg[24]/D
                            (rising edge-triggered cell FDCE clocked by clk_50m_unbuf  {rise@0.000ns fall@10.000ns period=20.000ns})
  Path Group:             clk_50m_unbuf
  Path Type:              Hold (Min at Fast Process Corner)
  Requirement:            0.000ns  (clk_50m_unbuf rise@0.000ns - clk_50m_unbuf rise@0.000ns)
  Data Path Delay:        0.446ns  (logic 0.164ns (36.761%)  route 0.282ns (63.239%))
  Logic Levels:           0  
  Clock Path Skew:        0.276ns (DCD - SCD - CPR)
    Destination Clock Delay (DCD):    -0.836ns
    Source Clock Delay      (SCD):    -0.603ns
    Clock Pessimism Removal (CPR):    -0.509ns

    Location             Delay type                Incr(ns)  Path(ns)    Netlist Resource(s)
  -------------------------------------------------------------------    -------------------
                         (clock clk_50m_unbuf rise edge)
                                                      0.000     0.000 r  
    E3                                                0.000     0.000 r  clk_100m_i (IN)
                         net (fo=0)                   0.000     0.000    clk_100m_i
    E3                   IBUF (Prop_ibuf_I_O)         0.250     0.250 r  clk_100m_i_IBUF_inst/O
                         net (fo=1, routed)           0.440     0.690    clk_100m_i_IBUF
    MMCME2_ADV_X1Y2      MMCME2_ADV (Prop_mmcme2_adv_CLKIN1_CLKOUT0)
                                                     -2.379    -1.689 r  u_mmcm/CLKOUT0
                         net (fo=1, routed)           0.499    -1.190    clk_50m_unbuf
    BUFGCTRL_X0Y16       BUFG (Prop_bufg_I_O)         0.026    -1.164 r  u_bufg_clk50/O
                         net (fo=7170, routed)        0.561    -0.603    u_soc_top/u_obi_to_apb/clk_50m
    SLICE_X46Y100        FDCE                                         r  u_soc_top/u_obi_to_apb/wdata_q_reg[24]/C
  -------------------------------------------------------------------    -------------------
    SLICE_X46Y100        FDCE (Prop_fdce_C_Q)         0.164    -0.439 r  u_soc_top/u_obi_to_apb/wdata_q_reg[24]/Q
                         net (fo=6, routed)           0.282    -0.157    u_soc_top/u_peripherals/u_timer/reload_q_reg[31]_0[24]
    SLICE_X45Y92         FDCE                                         r  u_soc_top/u_peripherals/u_timer/reload_q_reg[24]/D
  -------------------------------------------------------------------    -------------------

                         (clock clk_50m_unbuf rise edge)
                                                      0.000     0.000 r  
    E3                                                0.000     0.000 r  clk_100m_i (IN)
                         net (fo=0)                   0.000     0.000    clk_100m_i
    E3                   IBUF (Prop_ibuf_I_O)         0.438     0.438 r  clk_100m_i_IBUF_inst/O
                         net (fo=1, routed)           0.480     0.918    clk_100m_i_IBUF
    MMCME2_ADV_X1Y2      MMCME2_ADV (Prop_mmcme2_adv_CLKIN1_CLKOUT0)
                                                     -3.163    -2.245 r  u_mmcm/CLKOUT0
                         net (fo=1, routed)           0.544    -1.702    clk_50m_unbuf
    BUFGCTRL_X0Y16       BUFG (Prop_bufg_I_O)         0.029    -1.673 r  u_bufg_clk50/O
                         net (fo=7170, routed)        0.837    -0.836    u_soc_top/u_peripherals/u_timer/clk_50m
    SLICE_X45Y92         FDCE                                         r  u_soc_top/u_peripherals/u_timer/reload_q_reg[24]/C
                         clock pessimism              0.509    -0.327    
    SLICE_X45Y92         FDCE (Hold_fdce_C_D)         0.070    -0.257    u_soc_top/u_peripherals/u_timer/reload_q_reg[24]
  -------------------------------------------------------------------
                         required time                          0.257    
                         arrival time                          -0.157    
  -------------------------------------------------------------------
                         slack                                  0.100    

Slack (MET) :             0.103ns  (arrival time - required time)
  Source:                 u_soc_top/u_obi_to_apb/wdata_q_reg[31]/C
                            (rising edge-triggered cell FDCE clocked by clk_50m_unbuf  {rise@0.000ns fall@10.000ns period=20.000ns})
  Destination:            u_soc_top/u_peripherals/gen_mamba.u_mamba/src_addr_q_reg[31]/D
                            (rising edge-triggered cell FDCE clocked by clk_50m_unbuf  {rise@0.000ns fall@10.000ns period=20.000ns})
  Path Group:             clk_50m_unbuf
  Path Type:              Hold (Min at Fast Process Corner)
  Requirement:            0.000ns  (clk_50m_unbuf rise@0.000ns - clk_50m_unbuf rise@0.000ns)
  Data Path Delay:        0.451ns  (logic 0.164ns (36.353%)  route 0.287ns (63.647%))
  Logic Levels:           0  
  Clock Path Skew:        0.276ns (DCD - SCD - CPR)
    Destination Clock Delay (DCD):    -0.837ns
    Source Clock Delay      (SCD):    -0.604ns
    Clock Pessimism Removal (CPR):    -0.509ns

    Location             Delay type                Incr(ns)  Path(ns)    Netlist Resource(s)
  -------------------------------------------------------------------    -------------------
                         (clock clk_50m_unbuf rise edge)
                                                      0.000     0.000 r  
    E3                                                0.000     0.000 r  clk_100m_i (IN)
                         net (fo=0)                   0.000     0.000    clk_100m_i
    E3                   IBUF (Prop_ibuf_I_O)         0.250     0.250 r  clk_100m_i_IBUF_inst/O
                         net (fo=1, routed)           0.440     0.690    clk_100m_i_IBUF
    MMCME2_ADV_X1Y2      MMCME2_ADV (Prop_mmcme2_adv_CLKIN1_CLKOUT0)
                                                     -2.379    -1.689 r  u_mmcm/CLKOUT0
                         net (fo=1, routed)           0.499    -1.190    clk_50m_unbuf
    BUFGCTRL_X0Y16       BUFG (Prop_bufg_I_O)         0.026    -1.164 r  u_bufg_clk50/O
                         net (fo=7170, routed)        0.560    -0.604    u_soc_top/u_obi_to_apb/clk_50m
    SLICE_X50Y100        FDCE                                         r  u_soc_top/u_obi_to_apb/wdata_q_reg[31]/C
  -------------------------------------------------------------------    -------------------
    SLICE_X50Y100        FDCE (Prop_fdce_C_Q)         0.164    -0.440 r  u_soc_top/u_obi_to_apb/wdata_q_reg[31]/Q
                         net (fo=6, routed)           0.287    -0.153    u_soc_top/u_peripherals/gen_mamba.u_mamba/len_q_reg[31]_0[31]
    SLICE_X49Y92         FDCE                                         r  u_soc_top/u_peripherals/gen_mamba.u_mamba/src_addr_q_reg[31]/D
  -------------------------------------------------------------------    -------------------

                         (clock clk_50m_unbuf rise edge)
                                                      0.000     0.000 r  
    E3                                                0.000     0.000 r  clk_100m_i (IN)
                         net (fo=0)                   0.000     0.000    clk_100m_i
    E3                   IBUF (Prop_ibuf_I_O)         0.438     0.438 r  clk_100m_i_IBUF_inst/O
                         net (fo=1, routed)           0.480     0.918    clk_100m_i_IBUF
    MMCME2_ADV_X1Y2      MMCME2_ADV (Prop_mmcme2_adv_CLKIN1_CLKOUT0)
                                                     -3.163    -2.245 r  u_mmcm/CLKOUT0
                         net (fo=1, routed)           0.544    -1.702    clk_50m_unbuf
    BUFGCTRL_X0Y16       BUFG (Prop_bufg_I_O)         0.029    -1.673 r  u_bufg_clk50/O
                         net (fo=7170, routed)        0.836    -0.837    u_soc_top/u_peripherals/gen_mamba.u_mamba/clk_50m
    SLICE_X49Y92         FDCE                                         r  u_soc_top/u_peripherals/gen_mamba.u_mamba/src_addr_q_reg[31]/C
                         clock pessimism              0.509    -0.328    
    SLICE_X49Y92         FDCE (Hold_fdce_C_D)         0.072    -0.256    u_soc_top/u_peripherals/gen_mamba.u_mamba/src_addr_q_reg[31]
  -------------------------------------------------------------------
                         required time                          0.256    
                         arrival time                          -0.153    
  -------------------------------------------------------------------
                         slack                                  0.103    

Slack (MET) :             0.103ns  (arrival time - required time)
  Source:                 u_soc_top/u_peripherals/u_spi_master/u_spi_core/rx_ch2_shreg_q_reg[18]/C
                            (rising edge-triggered cell FDCE clocked by clk_50m_unbuf  {rise@0.000ns fall@10.000ns period=20.000ns})
  Destination:            u_soc_top/u_peripherals/u_spi_master/u_spi_core/rx_ch2_shreg_q_reg[19]/D
                            (rising edge-triggered cell FDCE clocked by clk_50m_unbuf  {rise@0.000ns fall@10.000ns period=20.000ns})
  Path Group:             clk_50m_unbuf
  Path Type:              Hold (Min at Fast Process Corner)
  Requirement:            0.000ns  (clk_50m_unbuf rise@0.000ns - clk_50m_unbuf rise@0.000ns)
  Data Path Delay:        0.362ns  (logic 0.128ns (35.315%)  route 0.234ns (64.685%))
  Logic Levels:           0  
  Clock Path Skew:        0.267ns (DCD - SCD - CPR)
    Destination Clock Delay (DCD):    -0.847ns
    Source Clock Delay      (SCD):    -0.610ns
    Clock Pessimism Removal (CPR):    -0.504ns

    Location             Delay type                Incr(ns)  Path(ns)    Netlist Resource(s)
  -------------------------------------------------------------------    -------------------
                         (clock clk_50m_unbuf rise edge)
                                                      0.000     0.000 r  
    E3                                                0.000     0.000 r  clk_100m_i (IN)
                         net (fo=0)                   0.000     0.000    clk_100m_i
    E3                   IBUF (Prop_ibuf_I_O)         0.250     0.250 r  clk_100m_i_IBUF_inst/O
                         net (fo=1, routed)           0.440     0.690    clk_100m_i_IBUF
    MMCME2_ADV_X1Y2      MMCME2_ADV (Prop_mmcme2_adv_CLKIN1_CLKOUT0)
                                                     -2.379    -1.689 r  u_mmcm/CLKOUT0
                         net (fo=1, routed)           0.499    -1.190    clk_50m_unbuf
    BUFGCTRL_X0Y16       BUFG (Prop_bufg_I_O)         0.026    -1.164 r  u_bufg_clk50/O
                         net (fo=7170, routed)        0.554    -0.610    u_soc_top/u_peripherals/u_spi_master/u_spi_core/clk_50m
    SLICE_X55Y78         FDCE                                         r  u_soc_top/u_peripherals/u_spi_master/u_spi_core/rx_ch2_shreg_q_reg[18]/C
  -------------------------------------------------------------------    -------------------
    SLICE_X55Y78         FDCE (Prop_fdce_C_Q)         0.128    -0.482 r  u_soc_top/u_peripherals/u_spi_master/u_spi_core/rx_ch2_shreg_q_reg[18]/Q
                         net (fo=2, routed)           0.234    -0.248    u_soc_top/u_peripherals/u_spi_master/u_spi_core/rx_ch2_shreg_q[18]
    SLICE_X51Y81         FDCE                                         r  u_soc_top/u_peripherals/u_spi_master/u_spi_core/rx_ch2_shreg_q_reg[19]/D
  -------------------------------------------------------------------    -------------------

                         (clock clk_50m_unbuf rise edge)
                                                      0.000     0.000 r  
    E3                                                0.000     0.000 r  clk_100m_i (IN)
                         net (fo=0)                   0.000     0.000    clk_100m_i
    E3                   IBUF (Prop_ibuf_I_O)         0.438     0.438 r  clk_100m_i_IBUF_inst/O
                         net (fo=1, routed)           0.480     0.918    clk_100m_i_IBUF
    MMCME2_ADV_X1Y2      MMCME2_ADV (Prop_mmcme2_adv_CLKIN1_CLKOUT0)
                                                     -3.163    -2.245 r  u_mmcm/CLKOUT0
                         net (fo=1, routed)           0.544    -1.702    clk_50m_unbuf
    BUFGCTRL_X0Y16       BUFG (Prop_bufg_I_O)         0.029    -1.673 r  u_bufg_clk50/O
                         net (fo=7170, routed)        0.826    -0.847    u_soc_top/u_peripherals/u_spi_master/u_spi_core/clk_50m
    SLICE_X51Y81         FDCE                                         r  u_soc_top/u_peripherals/u_spi_master/u_spi_core/rx_ch2_shreg_q_reg[19]/C
                         clock pessimism              0.504    -0.343    
    SLICE_X51Y81         FDCE (Hold_fdce_C_D)        -0.008    -0.351    u_soc_top/u_peripherals/u_spi_master/u_spi_core/rx_ch2_shreg_q_reg[19]
  -------------------------------------------------------------------
                         required time                          0.351    
                         arrival time                          -0.248    
  -------------------------------------------------------------------
                         slack                                  0.103    

Slack (MET) :             0.105ns  (arrival time - required time)
  Source:                 u_soc_top/u_obi_to_apb/wdata_q_reg[27]/C
                            (rising edge-triggered cell FDCE clocked by clk_50m_unbuf  {rise@0.000ns fall@10.000ns period=20.000ns})
  Destination:            u_soc_top/u_peripherals/gen_mamba.u_mamba/len_q_reg[27]/D
                            (rising edge-triggered cell FDCE clocked by clk_50m_unbuf  {rise@0.000ns fall@10.000ns period=20.000ns})
  Path Group:             clk_50m_unbuf
  Path Type:              Hold (Min at Fast Process Corner)
  Requirement:            0.000ns  (clk_50m_unbuf rise@0.000ns - clk_50m_unbuf rise@0.000ns)
  Data Path Delay:        0.448ns  (logic 0.164ns (36.615%)  route 0.284ns (63.385%))
  Logic Levels:           0  
  Clock Path Skew:        0.277ns (DCD - SCD - CPR)
    Destination Clock Delay (DCD):    -0.836ns
    Source Clock Delay      (SCD):    -0.604ns
    Clock Pessimism Removal (CPR):    -0.509ns

    Location             Delay type                Incr(ns)  Path(ns)    Netlist Resource(s)
  -------------------------------------------------------------------    -------------------
                         (clock clk_50m_unbuf rise edge)
                                                      0.000     0.000 r  
    E3                                                0.000     0.000 r  clk_100m_i (IN)
                         net (fo=0)                   0.000     0.000    clk_100m_i
    E3                   IBUF (Prop_ibuf_I_O)         0.250     0.250 r  clk_100m_i_IBUF_inst/O
                         net (fo=1, routed)           0.440     0.690    clk_100m_i_IBUF
    MMCME2_ADV_X1Y2      MMCME2_ADV (Prop_mmcme2_adv_CLKIN1_CLKOUT0)
                                                     -2.379    -1.689 r  u_mmcm/CLKOUT0
                         net (fo=1, routed)           0.499    -1.190    clk_50m_unbuf
    BUFGCTRL_X0Y16       BUFG (Prop_bufg_I_O)         0.026    -1.164 r  u_bufg_clk50/O
                         net (fo=7170, routed)        0.560    -0.604    u_soc_top/u_obi_to_apb/clk_50m
    SLICE_X50Y100        FDCE                                         r  u_soc_top/u_obi_to_apb/wdata_q_reg[27]/C
  -------------------------------------------------------------------    -------------------
    SLICE_X50Y100        FDCE (Prop_fdce_C_Q)         0.164    -0.440 r  u_soc_top/u_obi_to_apb/wdata_q_reg[27]/Q
                         net (fo=6, routed)           0.284    -0.156    u_soc_top/u_peripherals/gen_mamba.u_mamba/len_q_reg[31]_0[27]
    SLICE_X47Y96         FDCE                                         r  u_soc_top/u_peripherals/gen_mamba.u_mamba/len_q_reg[27]/D
  -------------------------------------------------------------------    -------------------

                         (clock clk_50m_unbuf rise edge)
                                                      0.000     0.000 r  
    E3                                                0.000     0.000 r  clk_100m_i (IN)
                         net (fo=0)                   0.000     0.000    clk_100m_i
    E3                   IBUF (Prop_ibuf_I_O)         0.438     0.438 r  clk_100m_i_IBUF_inst/O
                         net (fo=1, routed)           0.480     0.918    clk_100m_i_IBUF
    MMCME2_ADV_X1Y2      MMCME2_ADV (Prop_mmcme2_adv_CLKIN1_CLKOUT0)
                                                     -3.163    -2.245 r  u_mmcm/CLKOUT0
                         net (fo=1, routed)           0.544    -1.702    clk_50m_unbuf
    BUFGCTRL_X0Y16       BUFG (Prop_bufg_I_O)         0.029    -1.673 r  u_bufg_clk50/O
                         net (fo=7170, routed)        0.837    -0.836    u_soc_top/u_peripherals/gen_mamba.u_mamba/clk_50m
    SLICE_X47Y96         FDCE                                         r  u_soc_top/u_peripherals/gen_mamba.u_mamba/len_q_reg[27]/C
                         clock pessimism              0.509    -0.327    
    SLICE_X47Y96         FDCE (Hold_fdce_C_D)         0.066    -0.261    u_soc_top/u_peripherals/gen_mamba.u_mamba/len_q_reg[27]
  -------------------------------------------------------------------
                         required time                          0.261    
                         arrival time                          -0.156    
  -------------------------------------------------------------------
                         slack                                  0.105    

Slack (MET) :             0.105ns  (arrival time - required time)
  Source:                 u_soc_top/gen_cv32e40p_core.u_core/core_i/ex_stage_i/alu_i/alu_div_i/AReg_DP_reg[23]/C
                            (rising edge-triggered cell FDCE clocked by clk_50m_unbuf  {rise@0.000ns fall@10.000ns period=20.000ns})
  Destination:            u_soc_top/gen_cv32e40p_core.u_core/core_i/ex_stage_i/alu_i/alu_div_i/AReg_DP_reg[30]/D
                            (rising edge-triggered cell FDCE clocked by clk_50m_unbuf  {rise@0.000ns fall@10.000ns period=20.000ns})
  Path Group:             clk_50m_unbuf
  Path Type:              Hold (Min at Fast Process Corner)
  Requirement:            0.000ns  (clk_50m_unbuf rise@0.000ns - clk_50m_unbuf rise@0.000ns)
  Data Path Delay:        0.591ns  (logic 0.405ns (68.474%)  route 0.186ns (31.526%))
  Logic Levels:           4  (CARRY4=3 LUT2=1)
  Clock Path Skew:        0.352ns (DCD - SCD - CPR)
    Destination Clock Delay (DCD):    -0.751ns
    Source Clock Delay      (SCD):    -0.599ns
    Clock Pessimism Removal (CPR):    -0.504ns

    Location             Delay type                Incr(ns)  Path(ns)    Netlist Resource(s)
  -------------------------------------------------------------------    -------------------
                         (clock clk_50m_unbuf rise edge)
                                                      0.000     0.000 r  
    E3                                                0.000     0.000 r  clk_100m_i (IN)
                         net (fo=0)                   0.000     0.000    clk_100m_i
    E3                   IBUF (Prop_ibuf_I_O)         0.250     0.250 r  clk_100m_i_IBUF_inst/O
                         net (fo=1, routed)           0.440     0.690    clk_100m_i_IBUF
    MMCME2_ADV_X1Y2      MMCME2_ADV (Prop_mmcme2_adv_CLKIN1_CLKOUT0)
                                                     -2.379    -1.689 r  u_mmcm/CLKOUT0
                         net (fo=1, routed)           0.499    -1.190    clk_50m_unbuf
    BUFGCTRL_X0Y16       BUFG (Prop_bufg_I_O)         0.026    -1.164 r  u_bufg_clk50/O
                         net (fo=7170, routed)        0.565    -0.599    u_soc_top/gen_cv32e40p_core.u_core/core_i/ex_stage_i/alu_i/alu_div_i/clk_50m
    SLICE_X34Y149        FDCE                                         r  u_soc_top/gen_cv32e40p_core.u_core/core_i/ex_stage_i/alu_i/alu_div_i/AReg_DP_reg[23]/C
  -------------------------------------------------------------------    -------------------
    SLICE_X34Y149        FDCE (Prop_fdce_C_Q)         0.164    -0.435 r  u_soc_top/gen_cv32e40p_core.u_core/core_i/ex_stage_i/alu_i/alu_div_i/AReg_DP_reg[23]/Q
                         net (fo=8, routed)           0.186    -0.249    u_soc_top/gen_cv32e40p_core.u_core/core_i/ex_stage_i/alu_i/alu_div_i/Q[23]
    SLICE_X34Y149        LUT2 (Prop_lut2_I1_O)        0.044    -0.205 r  u_soc_top/gen_cv32e40p_core.u_core/core_i/ex_stage_i/alu_i/alu_div_i/AReg_DP[23]_i_2/O
                         net (fo=1, routed)           0.000    -0.205    u_soc_top/gen_cv32e40p_core.u_core/core_i/ex_stage_i/alu_i/alu_div_i/AddTmp_D[23]
    SLICE_X34Y149        CARRY4 (Prop_carry4_DI[3]_CO[3])
                                                      0.091    -0.114 r  u_soc_top/gen_cv32e40p_core.u_core/core_i/ex_stage_i/alu_i/alu_div_i/AReg_DP_reg[23]_i_1/CO[3]
                         net (fo=1, routed)           0.001    -0.114    u_soc_top/gen_cv32e40p_core.u_core/core_i/ex_stage_i/alu_i/alu_div_i/AReg_DP_reg[23]_i_1_n_0
    SLICE_X34Y150        CARRY4 (Prop_carry4_CI_CO[3])
                                                      0.040    -0.074 r  u_soc_top/gen_cv32e40p_core.u_core/core_i/ex_stage_i/alu_i/alu_div_i/AReg_DP_reg[27]_i_1/CO[3]
                         net (fo=1, routed)           0.000    -0.074    u_soc_top/gen_cv32e40p_core.u_core/core_i/ex_stage_i/alu_i/alu_div_i/AReg_DP_reg[27]_i_1_n_0
    SLICE_X34Y151        CARRY4 (Prop_carry4_CI_O[2])
                                                      0.066    -0.008 r  u_soc_top/gen_cv32e40p_core.u_core/core_i/ex_stage_i/alu_i/alu_div_i/AReg_DP_reg[31]_i_2/O[2]
                         net (fo=1, routed)           0.000    -0.008    u_soc_top/gen_cv32e40p_core.u_core/core_i/ex_stage_i/alu_i/alu_div_i/AddOut_D[30]
    SLICE_X34Y151        FDCE                                         r  u_soc_top/gen_cv32e40p_core.u_core/core_i/ex_stage_i/alu_i/alu_div_i/AReg_DP_reg[30]/D
  -------------------------------------------------------------------    -------------------

                         (clock clk_50m_unbuf rise edge)
                                                      0.000     0.000 r  
    E3                                                0.000     0.000 r  clk_100m_i (IN)
                         net (fo=0)                   0.000     0.000    clk_100m_i
    E3                   IBUF (Prop_ibuf_I_O)         0.438     0.438 r  clk_100m_i_IBUF_inst/O
                         net (fo=1, routed)           0.480     0.918    clk_100m_i_IBUF
    MMCME2_ADV_X1Y2      MMCME2_ADV (Prop_mmcme2_adv_CLKIN1_CLKOUT0)
                                                     -3.163    -2.245 r  u_mmcm/CLKOUT0
                         net (fo=1, routed)           0.544    -1.702    clk_50m_unbuf
    BUFGCTRL_X0Y16       BUFG (Prop_bufg_I_O)         0.029    -1.673 r  u_bufg_clk50/O
                         net (fo=7170, routed)        0.922    -0.751    u_soc_top/gen_cv32e40p_core.u_core/core_i/ex_stage_i/alu_i/alu_div_i/clk_50m
    SLICE_X34Y151        FDCE                                         r  u_soc_top/gen_cv32e40p_core.u_core/core_i/ex_stage_i/alu_i/alu_div_i/AReg_DP_reg[30]/C
                         clock pessimism              0.504    -0.247    
    SLICE_X34Y151        FDCE (Hold_fdce_C_D)         0.134    -0.113    u_soc_top/gen_cv32e40p_core.u_core/core_i/ex_stage_i/alu_i/alu_div_i/AReg_DP_reg[30]
  -------------------------------------------------------------------
                         required time                          0.113    
                         arrival time                          -0.008    
  -------------------------------------------------------------------
                         slack                                  0.105    

Slack (MET) :             0.112ns  (arrival time - required time)
  Source:                 u_soc_top/u_obi_to_apb/wdata_q_reg[31]/C
                            (rising edge-triggered cell FDCE clocked by clk_50m_unbuf  {rise@0.000ns fall@10.000ns period=20.000ns})
  Destination:            u_soc_top/u_peripherals/gen_mamba.u_mamba/len_q_reg[31]/D
                            (rising edge-triggered cell FDCE clocked by clk_50m_unbuf  {rise@0.000ns fall@10.000ns period=20.000ns})
  Path Group:             clk_50m_unbuf
  Path Type:              Hold (Min at Fast Process Corner)
  Requirement:            0.000ns  (clk_50m_unbuf rise@0.000ns - clk_50m_unbuf rise@0.000ns)
  Data Path Delay:        0.446ns  (logic 0.164ns (36.774%)  route 0.282ns (63.226%))
  Logic Levels:           0  
  Clock Path Skew:        0.275ns (DCD - SCD - CPR)
    Destination Clock Delay (DCD):    -0.838ns
    Source Clock Delay      (SCD):    -0.604ns
    Clock Pessimism Removal (CPR):    -0.509ns

    Location             Delay type                Incr(ns)  Path(ns)    Netlist Resource(s)
  -------------------------------------------------------------------    -------------------
                         (clock clk_50m_unbuf rise edge)
                                                      0.000     0.000 r  
    E3                                                0.000     0.000 r  clk_100m_i (IN)
                         net (fo=0)                   0.000     0.000    clk_100m_i
    E3                   IBUF (Prop_ibuf_I_O)         0.250     0.250 r  clk_100m_i_IBUF_inst/O
                         net (fo=1, routed)           0.440     0.690    clk_100m_i_IBUF
    MMCME2_ADV_X1Y2      MMCME2_ADV (Prop_mmcme2_adv_CLKIN1_CLKOUT0)
                                                     -2.379    -1.689 r  u_mmcm/CLKOUT0
                         net (fo=1, routed)           0.499    -1.190    clk_50m_unbuf
    BUFGCTRL_X0Y16       BUFG (Prop_bufg_I_O)         0.026    -1.164 r  u_bufg_clk50/O
                         net (fo=7170, routed)        0.560    -0.604    u_soc_top/u_obi_to_apb/clk_50m
    SLICE_X50Y100        FDCE                                         r  u_soc_top/u_obi_to_apb/wdata_q_reg[31]/C
  -------------------------------------------------------------------    -------------------
    SLICE_X50Y100        FDCE (Prop_fdce_C_Q)         0.164    -0.440 r  u_soc_top/u_obi_to_apb/wdata_q_reg[31]/Q
                         net (fo=6, routed)           0.282    -0.158    u_soc_top/u_peripherals/gen_mamba.u_mamba/len_q_reg[31]_0[31]
    SLICE_X50Y93         FDCE                                         r  u_soc_top/u_peripherals/gen_mamba.u_mamba/len_q_reg[31]/D
  -------------------------------------------------------------------    -------------------

                         (clock clk_50m_unbuf rise edge)
                                                      0.000     0.000 r  
    E3                                                0.000     0.000 r  clk_100m_i (IN)
                         net (fo=0)                   0.000     0.000    clk_100m_i
    E3                   IBUF (Prop_ibuf_I_O)         0.438     0.438 r  clk_100m_i_IBUF_inst/O
                         net (fo=1, routed)           0.480     0.918    clk_100m_i_IBUF
    MMCME2_ADV_X1Y2      MMCME2_ADV (Prop_mmcme2_adv_CLKIN1_CLKOUT0)
                                                     -3.163    -2.245 r  u_mmcm/CLKOUT0
                         net (fo=1, routed)           0.544    -1.702    clk_50m_unbuf
    BUFGCTRL_X0Y16       BUFG (Prop_bufg_I_O)         0.029    -1.673 r  u_bufg_clk50/O
                         net (fo=7170, routed)        0.835    -0.838    u_soc_top/u_peripherals/gen_mamba.u_mamba/clk_50m
    SLICE_X50Y93         FDCE                                         r  u_soc_top/u_peripherals/gen_mamba.u_mamba/len_q_reg[31]/C
                         clock pessimism              0.509    -0.329    
    SLICE_X50Y93         FDCE (Hold_fdce_C_D)         0.059    -0.270    u_soc_top/u_peripherals/gen_mamba.u_mamba/len_q_reg[31]
  -------------------------------------------------------------------
                         required time                          0.270    
                         arrival time                          -0.158    
  -------------------------------------------------------------------
                         slack                                  0.112    

Slack (MET) :             0.112ns  (arrival time - required time)
  Source:                 u_soc_top/u_obi_to_apb/wdata_q_reg[30]/C
                            (rising edge-triggered cell FDCE clocked by clk_50m_unbuf  {rise@0.000ns fall@10.000ns period=20.000ns})
  Destination:            u_soc_top/u_peripherals/gen_mamba.u_mamba/src_addr_q_reg[30]/D
                            (rising edge-triggered cell FDCE clocked by clk_50m_unbuf  {rise@0.000ns fall@10.000ns period=20.000ns})
  Path Group:             clk_50m_unbuf
  Path Type:              Hold (Min at Fast Process Corner)
  Requirement:            0.000ns  (clk_50m_unbuf rise@0.000ns - clk_50m_unbuf rise@0.000ns)
  Data Path Delay:        0.458ns  (logic 0.141ns (30.786%)  route 0.317ns (69.214%))
  Logic Levels:           0  
  Clock Path Skew:        0.274ns (DCD - SCD - CPR)
    Destination Clock Delay (DCD):    -0.836ns
    Source Clock Delay      (SCD):    -0.601ns
    Clock Pessimism Removal (CPR):    -0.509ns

    Location             Delay type                Incr(ns)  Path(ns)    Netlist Resource(s)
  -------------------------------------------------------------------    -------------------
                         (clock clk_50m_unbuf rise edge)
                                                      0.000     0.000 r  
    E3                                                0.000     0.000 r  clk_100m_i (IN)
                         net (fo=0)                   0.000     0.000    clk_100m_i
    E3                   IBUF (Prop_ibuf_I_O)         0.250     0.250 r  clk_100m_i_IBUF_inst/O
                         net (fo=1, routed)           0.440     0.690    clk_100m_i_IBUF
    MMCME2_ADV_X1Y2      MMCME2_ADV (Prop_mmcme2_adv_CLKIN1_CLKOUT0)
                                                     -2.379    -1.689 r  u_mmcm/CLKOUT0
                         net (fo=1, routed)           0.499    -1.190    clk_50m_unbuf
    BUFGCTRL_X0Y16       BUFG (Prop_bufg_I_O)         0.026    -1.164 r  u_bufg_clk50/O
                         net (fo=7170, routed)        0.563    -0.601    u_soc_top/u_obi_to_apb/clk_50m
    SLICE_X44Y100        FDCE                                         r  u_soc_top/u_obi_to_apb/wdata_q_reg[30]/C
  -------------------------------------------------------------------    -------------------
    SLICE_X44Y100        FDCE (Prop_fdce_C_Q)         0.141    -0.460 r  u_soc_top/u_obi_to_apb/wdata_q_reg[30]/Q
                         net (fo=6, routed)           0.317    -0.143    u_soc_top/u_peripherals/gen_mamba.u_mamba/len_q_reg[31]_0[30]
    SLICE_X47Y95         FDCE                                         r  u_soc_top/u_peripherals/gen_mamba.u_mamba/src_addr_q_reg[30]/D
  -------------------------------------------------------------------    -------------------

                         (clock clk_50m_unbuf rise edge)
                                                      0.000     0.000 r  
    E3                                                0.000     0.000 r  clk_100m_i (IN)
                         net (fo=0)                   0.000     0.000    clk_100m_i
    E3                   IBUF (Prop_ibuf_I_O)         0.438     0.438 r  clk_100m_i_IBUF_inst/O
                         net (fo=1, routed)           0.480     0.918    clk_100m_i_IBUF
    MMCME2_ADV_X1Y2      MMCME2_ADV (Prop_mmcme2_adv_CLKIN1_CLKOUT0)
                                                     -3.163    -2.245 r  u_mmcm/CLKOUT0
                         net (fo=1, routed)           0.544    -1.702    clk_50m_unbuf
    BUFGCTRL_X0Y16       BUFG (Prop_bufg_I_O)         0.029    -1.673 r  u_bufg_clk50/O
                         net (fo=7170, routed)        0.837    -0.836    u_soc_top/u_peripherals/gen_mamba.u_mamba/clk_50m
    SLICE_X47Y95         FDCE                                         r  u_soc_top/u_peripherals/gen_mamba.u_mamba/src_addr_q_reg[30]/C
                         clock pessimism              0.509    -0.327    
    SLICE_X47Y95         FDCE (Hold_fdce_C_D)         0.072    -0.255    u_soc_top/u_peripherals/gen_mamba.u_mamba/src_addr_q_reg[30]
  -------------------------------------------------------------------
                         required time                          0.255    
                         arrival time                          -0.143    
  -------------------------------------------------------------------
                         slack                                  0.112    

Slack (MET) :             0.113ns  (arrival time - required time)
  Source:                 u_soc_top/u_peripherals/u_spi_master/u_spi_core/rx_ch2_shreg_q_reg[18]/C
                            (rising edge-triggered cell FDCE clocked by clk_50m_unbuf  {rise@0.000ns fall@10.000ns period=20.000ns})
  Destination:            u_soc_top/u_peripherals/u_spi_master/u_spi_core/rx_ch2_latch_q_reg[18]/D
                            (rising edge-triggered cell FDCE clocked by clk_50m_unbuf  {rise@0.000ns fall@10.000ns period=20.000ns})
  Path Group:             clk_50m_unbuf
  Path Type:              Hold (Min at Fast Process Corner)
  Requirement:            0.000ns  (clk_50m_unbuf rise@0.000ns - clk_50m_unbuf rise@0.000ns)
  Data Path Delay:        0.372ns  (logic 0.128ns (34.439%)  route 0.244ns (65.561%))
  Logic Levels:           0  
  Clock Path Skew:        0.267ns (DCD - SCD - CPR)
    Destination Clock Delay (DCD):    -0.847ns
    Source Clock Delay      (SCD):    -0.610ns
    Clock Pessimism Removal (CPR):    -0.504ns

    Location             Delay type                Incr(ns)  Path(ns)    Netlist Resource(s)
  -------------------------------------------------------------------    -------------------
                         (clock clk_50m_unbuf rise edge)
                                                      0.000     0.000 r  
    E3                                                0.000     0.000 r  clk_100m_i (IN)
                         net (fo=0)                   0.000     0.000    clk_100m_i
    E3                   IBUF (Prop_ibuf_I_O)         0.250     0.250 r  clk_100m_i_IBUF_inst/O
                         net (fo=1, routed)           0.440     0.690    clk_100m_i_IBUF
    MMCME2_ADV_X1Y2      MMCME2_ADV (Prop_mmcme2_adv_CLKIN1_CLKOUT0)
                                                     -2.379    -1.689 r  u_mmcm/CLKOUT0
                         net (fo=1, routed)           0.499    -1.190    clk_50m_unbuf
    BUFGCTRL_X0Y16       BUFG (Prop_bufg_I_O)         0.026    -1.164 r  u_bufg_clk50/O
                         net (fo=7170, routed)        0.554    -0.610    u_soc_top/u_peripherals/u_spi_master/u_spi_core/clk_50m
    SLICE_X55Y78         FDCE                                         r  u_soc_top/u_peripherals/u_spi_master/u_spi_core/rx_ch2_shreg_q_reg[18]/C
  -------------------------------------------------------------------    -------------------
    SLICE_X55Y78         FDCE (Prop_fdce_C_Q)         0.128    -0.482 r  u_soc_top/u_peripherals/u_spi_master/u_spi_core/rx_ch2_shreg_q_reg[18]/Q
                         net (fo=2, routed)           0.244    -0.239    u_soc_top/u_peripherals/u_spi_master/u_spi_core/rx_ch2_shreg_q[18]
    SLICE_X48Y79         FDCE                                         r  u_soc_top/u_peripherals/u_spi_master/u_spi_core/rx_ch2_latch_q_reg[18]/D
  -------------------------------------------------------------------    -------------------

                         (clock clk_50m_unbuf rise edge)
                                                      0.000     0.000 r  
    E3                                                0.000     0.000 r  clk_100m_i (IN)
                         net (fo=0)                   0.000     0.000    clk_100m_i
    E3                   IBUF (Prop_ibuf_I_O)         0.438     0.438 r  clk_100m_i_IBUF_inst/O
                         net (fo=1, routed)           0.480     0.918    clk_100m_i_IBUF
    MMCME2_ADV_X1Y2      MMCME2_ADV (Prop_mmcme2_adv_CLKIN1_CLKOUT0)
                                                     -3.163    -2.245 r  u_mmcm/CLKOUT0
                         net (fo=1, routed)           0.544    -1.702    clk_50m_unbuf
    BUFGCTRL_X0Y16       BUFG (Prop_bufg_I_O)         0.029    -1.673 r  u_bufg_clk50/O
                         net (fo=7170, routed)        0.826    -0.847    u_soc_top/u_peripherals/u_spi_master/u_spi_core/clk_50m
    SLICE_X48Y79         FDCE                                         r  u_soc_top/u_peripherals/u_spi_master/u_spi_core/rx_ch2_latch_q_reg[18]/C
                         clock pessimism              0.504    -0.343    
    SLICE_X48Y79         FDCE (Hold_fdce_C_D)        -0.008    -0.351    u_soc_top/u_peripherals/u_spi_master/u_spi_core/rx_ch2_latch_q_reg[18]
  -------------------------------------------------------------------
                         required time                          0.351    
                         arrival time                          -0.239    
  -------------------------------------------------------------------
                         slack                                  0.113    

Slack (MET) :             0.114ns  (arrival time - required time)
  Source:                 u_soc_top/u_obi_to_apb/wdata_q_reg[31]/C
                            (rising edge-triggered cell FDCE clocked by clk_50m_unbuf  {rise@0.000ns fall@10.000ns period=20.000ns})
  Destination:            u_soc_top/u_peripherals/gen_mamba.u_mamba/dst_addr_q_reg[31]/D
                            (rising edge-triggered cell FDCE clocked by clk_50m_unbuf  {rise@0.000ns fall@10.000ns period=20.000ns})
  Path Group:             clk_50m_unbuf
  Path Type:              Hold (Min at Fast Process Corner)
  Requirement:            0.000ns  (clk_50m_unbuf rise@0.000ns - clk_50m_unbuf rise@0.000ns)
  Data Path Delay:        0.457ns  (logic 0.164ns (35.907%)  route 0.293ns (64.093%))
  Logic Levels:           0  
  Clock Path Skew:        0.277ns (DCD - SCD - CPR)
    Destination Clock Delay (DCD):    -0.836ns
    Source Clock Delay      (SCD):    -0.604ns
    Clock Pessimism Removal (CPR):    -0.509ns

    Location             Delay type                Incr(ns)  Path(ns)    Netlist Resource(s)
  -------------------------------------------------------------------    -------------------
                         (clock clk_50m_unbuf rise edge)
                                                      0.000     0.000 r  
    E3                                                0.000     0.000 r  clk_100m_i (IN)
                         net (fo=0)                   0.000     0.000    clk_100m_i
    E3                   IBUF (Prop_ibuf_I_O)         0.250     0.250 r  clk_100m_i_IBUF_inst/O
                         net (fo=1, routed)           0.440     0.690    clk_100m_i_IBUF
    MMCME2_ADV_X1Y2      MMCME2_ADV (Prop_mmcme2_adv_CLKIN1_CLKOUT0)
                                                     -2.379    -1.689 r  u_mmcm/CLKOUT0
                         net (fo=1, routed)           0.499    -1.190    clk_50m_unbuf
    BUFGCTRL_X0Y16       BUFG (Prop_bufg_I_O)         0.026    -1.164 r  u_bufg_clk50/O
                         net (fo=7170, routed)        0.560    -0.604    u_soc_top/u_obi_to_apb/clk_50m
    SLICE_X50Y100        FDCE                                         r  u_soc_top/u_obi_to_apb/wdata_q_reg[31]/C
  -------------------------------------------------------------------    -------------------
    SLICE_X50Y100        FDCE (Prop_fdce_C_Q)         0.164    -0.440 r  u_soc_top/u_obi_to_apb/wdata_q_reg[31]/Q
                         net (fo=6, routed)           0.293    -0.147    u_soc_top/u_peripherals/gen_mamba.u_mamba/len_q_reg[31]_0[31]
    SLICE_X49Y93         FDCE                                         r  u_soc_top/u_peripherals/gen_mamba.u_mamba/dst_addr_q_reg[31]/D
  -------------------------------------------------------------------    -------------------

                         (clock clk_50m_unbuf rise edge)
                                                      0.000     0.000 r  
    E3                                                0.000     0.000 r  clk_100m_i (IN)
                         net (fo=0)                   0.000     0.000    clk_100m_i
    E3                   IBUF (Prop_ibuf_I_O)         0.438     0.438 r  clk_100m_i_IBUF_inst/O
                         net (fo=1, routed)           0.480     0.918    clk_100m_i_IBUF
    MMCME2_ADV_X1Y2      MMCME2_ADV (Prop_mmcme2_adv_CLKIN1_CLKOUT0)
                                                     -3.163    -2.245 r  u_mmcm/CLKOUT0
                         net (fo=1, routed)           0.544    -1.702    clk_50m_unbuf
    BUFGCTRL_X0Y16       BUFG (Prop_bufg_I_O)         0.029    -1.673 r  u_bufg_clk50/O
                         net (fo=7170, routed)        0.837    -0.836    u_soc_top/u_peripherals/gen_mamba.u_mamba/clk_50m
    SLICE_X49Y93         FDCE                                         r  u_soc_top/u_peripherals/gen_mamba.u_mamba/dst_addr_q_reg[31]/C
                         clock pessimism              0.509    -0.327    
    SLICE_X49Y93         FDCE (Hold_fdce_C_D)         0.066    -0.261    u_soc_top/u_peripherals/gen_mamba.u_mamba/dst_addr_q_reg[31]
  -------------------------------------------------------------------
                         required time                          0.261    
                         arrival time                          -0.147    
  -------------------------------------------------------------------
                         slack                                  0.114    




